Methods  : entropy-sublinear-ae-is,autoencoder-is,sublinear-ae-is,no-is,biois
Datasets : agnews,medline
Steps    : 2,3,4,5

=================================================
Step 2: Generating summary (read_selection_ci.py)
=================================================
agnews:
    - no-is: time=0.195 ±0.065 (n=5)  reduction=0.0000 ±0.0000 (n=5)
    - biois: time=45.699 ±2.577 (n=5)  reduction=0.2928 ±0.0001 (n=5)
    - sublinear-ae-is: time=75.117 ±8.280 (n=5)  reduction=0.2500 ±0.0000 (n=5)
    - autoencoder-is: time=76.585 ±2.640 (n=5)  reduction=0.2500 ±0.0000 (n=5)
    - entropy-sublinear-ae-is: time=102.038 ±40.397 (n=5)  reduction=0.2088 ±0.0151 (n=5)

medline:
    - no-is: time=1.353 ±0.362 (n=5)  reduction=0.0000 ±0.0000 (n=5)
    - entropy-sublinear-ae-is: time=446.614 ±6.038 (n=5)  reduction=0.0976 ±0.0081 (n=5)
    - sublinear-ae-is: time=462.728 ±42.710 (n=5)  reduction=0.2500 ±0.0000 (n=5)
    - autoencoder-is: time=515.444 ±27.747 (n=5)  reduction=0.2500 ±0.0000 (n=5)
    - biois: time=583.675 ±21.219 (n=5)  reduction=0.3284 ±0.0001 (n=5)

Wrote: /app/results/jina-v5/instance_selection/selection_summary.json
Wrote: /app/results/jina-v5/instance_selection/selection_summary.csv

=================================================
Step 3: Running atcBench
=================================================
Running with 1 concurrent processes...
Methods  : entropy-sublinear-ae-is autoencoder-is sublinear-ae-is no-is biois
Datasets : agnews medline
xargs: warning: options --max-args and --replace/-I/-i are mutually exclusive, ignoring previous --max-args value
[RUN] Iniciando agnews_entropy-sublinear-ae-is (Acompanhe os detalhes em /app/results/jina-v5/classificacao/logs_modernbert/agnews/entropy-sublinear-ae-is.log)
[DONE] Finalizado agnews_entropy-sublinear-ae-is
[RUN] Iniciando agnews_autoencoder-is (Acompanhe os detalhes em /app/results/jina-v5/classificacao/logs_modernbert/agnews/autoencoder-is.log)
[DONE] Finalizado agnews_autoencoder-is
[RUN] Iniciando agnews_sublinear-ae-is (Acompanhe os detalhes em /app/results/jina-v5/classificacao/logs_modernbert/agnews/sublinear-ae-is.log)
[DONE] Finalizado agnews_sublinear-ae-is
[RUN] Iniciando agnews_no-is (Acompanhe os detalhes em /app/results/jina-v5/classificacao/logs_modernbert/agnews/no-is.log)
[DONE] Finalizado agnews_no-is
[RUN] Iniciando agnews_biois (Acompanhe os detalhes em /app/results/jina-v5/classificacao/logs_modernbert/agnews/biois.log)
[DONE] Finalizado agnews_biois
[RUN] Iniciando medline_entropy-sublinear-ae-is (Acompanhe os detalhes em /app/results/jina-v5/classificacao/logs_modernbert/medline/entropy-sublinear-ae-is.log)
[DONE] Finalizado medline_entropy-sublinear-ae-is
[RUN] Iniciando medline_autoencoder-is (Acompanhe os detalhes em /app/results/jina-v5/classificacao/logs_modernbert/medline/autoencoder-is.log)
[DONE] Finalizado medline_autoencoder-is
[RUN] Iniciando medline_sublinear-ae-is (Acompanhe os detalhes em /app/results/jina-v5/classificacao/logs_modernbert/medline/sublinear-ae-is.log)
[DONE] Finalizado medline_sublinear-ae-is
[RUN] Iniciando medline_no-is (Acompanhe os detalhes em /app/results/jina-v5/classificacao/logs_modernbert/medline/no-is.log)
