═══════════════════════════════════════════════════════════════════
  Exp 3: Sensitivity Analysis
  Datasets:    sst2,ohsumed,reuters90,books,trec,20ng
  Input Rep:   jina-v5
  Results Dir: /app/results/exp3-sensitivity
═══════════════════════════════════════════════════════════════════

▶ Varying K (n_clusters): 50, 100, 200, sqrt(N)

───────────────────────────────────────────────────────────────
  Running: esae-K50 → /app/results/exp3-sensitivity/K_50
───────────────────────────────────────────────────────────────
Methods  : esae-K50
Datasets : sst2,ohsumed,reuters90,books,trec,20ng
Steps    : All (1, 2, 3, 4, 5)
=================================================
Step 1: Running unsupervised selection
=================================================
Methods  : esae-K50
Datasets : sst2 ohsumed reuters90 books trec 20ng
Dataset: sst2
  Iniciando sst2 e esae-K50 (Log: /app/results/exp3-sensitivity/K_50/instance_selection/logs/sst2_esae-K50.log)
Dataset: ohsumed
  Iniciando ohsumed e esae-K50 (Log: /app/results/exp3-sensitivity/K_50/instance_selection/logs/ohsumed_esae-K50.log)
Dataset: reuters90
  Iniciando reuters90 e esae-K50 (Log: /app/results/exp3-sensitivity/K_50/instance_selection/logs/reuters90_esae-K50.log)
Dataset: books
  Iniciando books e esae-K50 (Log: /app/results/exp3-sensitivity/K_50/instance_selection/logs/books_esae-K50.log)
Dataset: trec
  Iniciando trec e esae-K50 (Log: /app/results/exp3-sensitivity/K_50/instance_selection/logs/trec_esae-K50.log)
Dataset: 20ng
  Iniciando 20ng e esae-K50 (Log: /app/results/exp3-sensitivity/K_50/instance_selection/logs/20ng_esae-K50.log)

=================================================
All runs completed successfully.
=================================================

=================================================
Step 2: Generating summary (read_selection_ci.py)
=================================================
20ng:
    - esae-K50: time=10.872 ±0.491 (n=10)  reduction=0.1751 ±0.0198 (n=10)

books:
    - esae-K50: time=18.812 ±0.431 (n=10)  reduction=0.1427 ±0.0145 (n=10)

ohsumed:
    - esae-K50: time=10.968 ±0.735 (n=10)  reduction=0.1111 ±0.0120 (n=10)

reuters90:
    - esae-K50: time=8.037 ±0.806 (n=10)  reduction=0.2374 ±0.0200 (n=10)

sst2:
    - esae-K50: time=6.320 ±0.511 (n=10)  reduction=0.2242 ±0.0252 (n=10)

trec:
    - esae-K50: time=4.416 ±0.873 (n=10)  reduction=0.1345 ±0.0158 (n=10)

Wrote: /app/results/exp3-sensitivity/K_50/instance_selection/selection_summary.json
Wrote: /app/results/exp3-sensitivity/K_50/instance_selection/selection_summary.csv

=================================================
Step 3: Running atcBench
=================================================
Running with 1 concurrent processes...
Methods  : esae-K50
Datasets : sst2 ohsumed reuters90 books trec 20ng
xargs: warning: options --max-args and --replace/-I/-i are mutually exclusive, ignoring previous --max-args value
[RUN] Iniciando sst2_esae-K50 (Acompanhe os detalhes em /app/results/exp3-sensitivity/K_50/classificacao/logs_modernbert/sst2/esae-K50.log)
[DONE] Finalizado sst2_esae-K50
[RUN] Iniciando ohsumed_esae-K50 (Acompanhe os detalhes em /app/results/exp3-sensitivity/K_50/classificacao/logs_modernbert/ohsumed/esae-K50.log)
[DONE] Finalizado ohsumed_esae-K50
[RUN] Iniciando reuters90_esae-K50 (Acompanhe os detalhes em /app/results/exp3-sensitivity/K_50/classificacao/logs_modernbert/reuters90/esae-K50.log)
[DONE] Finalizado reuters90_esae-K50
[RUN] Iniciando books_esae-K50 (Acompanhe os detalhes em /app/results/exp3-sensitivity/K_50/classificacao/logs_modernbert/books/esae-K50.log)
[DONE] Finalizado books_esae-K50
[RUN] Iniciando trec_esae-K50 (Acompanhe os detalhes em /app/results/exp3-sensitivity/K_50/classificacao/logs_modernbert/trec/esae-K50.log)
[DONE] Finalizado trec_esae-K50
[RUN] Iniciando 20ng_esae-K50 (Acompanhe os detalhes em /app/results/exp3-sensitivity/K_50/classificacao/logs_modernbert/20ng/esae-K50.log)
[DONE] Finalizado 20ng_esae-K50
All runs finished.

=================================================
Step 4: Generating results CSV (Metrics)
=================================================
Loaded selection CSV with 6 entries from: /app/results/exp3-sensitivity/K_50/instance_selection/selection_summary.csv
Processing: dataset=20ng, method=esae-K50, model=modernbert, reduction=0.17509248095466337
Processing: dataset=books, method=esae-K50, model=modernbert, reduction=0.14265784758821656
Processing: dataset=ohsumed, method=esae-K50, model=modernbert, reduction=0.11114756191058452
Processing: dataset=reuters90, method=esae-K50, model=modernbert, reduction=0.23740952327939085
Processing: dataset=sst2, method=esae-K50, model=modernbert, reduction=0.22417509716834225
Processing: dataset=trec, method=esae-K50, model=modernbert, reduction=0.13452167935332146
Wrote CSV to: /app/results/exp3-sensitivity/K_50/classificacao/results/results_modernbert.csv

=================================================
Step 5: Generating results CSV (Times)
=================================================
Loaded selection CSV with 6 entries from: /app/results/exp3-sensitivity/K_50/instance_selection/selection_summary.csv
Processing: dataset=20ng, method=esae-K50, model=modernbert, IS_time=10.87
Processing: dataset=books, method=esae-K50, model=modernbert, IS_time=18.81
Processing: dataset=ohsumed, method=esae-K50, model=modernbert, IS_time=10.97
Processing: dataset=reuters90, method=esae-K50, model=modernbert, IS_time=8.04
Processing: dataset=sst2, method=esae-K50, model=modernbert, IS_time=6.32
Processing: dataset=trec, method=esae-K50, model=modernbert, IS_time=4.42
Wrote CSV to: /app/results/exp3-sensitivity/K_50/classificacao/results/times_modernbert.csv

=================================================
Pipeline execution completed successfully!
=================================================

───────────────────────────────────────────────────────────────
  Running: esae-K100 → /app/results/exp3-sensitivity/K_100
───────────────────────────────────────────────────────────────
Methods  : esae-K100
Datasets : sst2,ohsumed,reuters90,books,trec,20ng
Steps    : All (1, 2, 3, 4, 5)
=================================================
Step 1: Running unsupervised selection
=================================================
Methods  : esae-K100
Datasets : sst2 ohsumed reuters90 books trec 20ng
Dataset: sst2
  Iniciando sst2 e esae-K100 (Log: /app/results/exp3-sensitivity/K_100/instance_selection/logs/sst2_esae-K100.log)
Dataset: ohsumed
  Iniciando ohsumed e esae-K100 (Log: /app/results/exp3-sensitivity/K_100/instance_selection/logs/ohsumed_esae-K100.log)
Dataset: reuters90
  Iniciando reuters90 e esae-K100 (Log: /app/results/exp3-sensitivity/K_100/instance_selection/logs/reuters90_esae-K100.log)
Dataset: books
  Iniciando books e esae-K100 (Log: /app/results/exp3-sensitivity/K_100/instance_selection/logs/books_esae-K100.log)
Dataset: trec
  Iniciando trec e esae-K100 (Log: /app/results/exp3-sensitivity/K_100/instance_selection/logs/trec_esae-K100.log)
Dataset: 20ng
  Iniciando 20ng e esae-K100 (Log: /app/results/exp3-sensitivity/K_100/instance_selection/logs/20ng_esae-K100.log)

=================================================
All runs completed successfully.
=================================================

=================================================
Step 2: Generating summary (read_selection_ci.py)
=================================================
20ng:
    - esae-K100: time=11.318 ±0.603 (n=10)  reduction=0.2067 ±0.0123 (n=10)

books:
    - esae-K100: time=19.377 ±0.475 (n=10)  reduction=0.1576 ±0.0135 (n=10)

ohsumed:
    - esae-K100: time=10.975 ±0.444 (n=10)  reduction=0.1152 ±0.0060 (n=10)

reuters90:
    - esae-K100: time=7.939 ±0.829 (n=10)  reduction=0.2320 ±0.0127 (n=10)

sst2:
    - esae-K100: time=6.338 ±0.320 (n=10)  reduction=0.2392 ±0.0157 (n=10)

trec:
    - esae-K100: time=4.199 ±0.429 (n=10)  reduction=0.1592 ±0.0120 (n=10)

Wrote: /app/results/exp3-sensitivity/K_100/instance_selection/selection_summary.json
Wrote: /app/results/exp3-sensitivity/K_100/instance_selection/selection_summary.csv

=================================================
Step 3: Running atcBench
=================================================
Running with 1 concurrent processes...
Methods  : esae-K100
Datasets : sst2 ohsumed reuters90 books trec 20ng
xargs: warning: options --max-args and --replace/-I/-i are mutually exclusive, ignoring previous --max-args value
[RUN] Iniciando sst2_esae-K100 (Acompanhe os detalhes em /app/results/exp3-sensitivity/K_100/classificacao/logs_modernbert/sst2/esae-K100.log)
[DONE] Finalizado sst2_esae-K100
[RUN] Iniciando ohsumed_esae-K100 (Acompanhe os detalhes em /app/results/exp3-sensitivity/K_100/classificacao/logs_modernbert/ohsumed/esae-K100.log)
[DONE] Finalizado ohsumed_esae-K100
[RUN] Iniciando reuters90_esae-K100 (Acompanhe os detalhes em /app/results/exp3-sensitivity/K_100/classificacao/logs_modernbert/reuters90/esae-K100.log)
[DONE] Finalizado reuters90_esae-K100
[RUN] Iniciando books_esae-K100 (Acompanhe os detalhes em /app/results/exp3-sensitivity/K_100/classificacao/logs_modernbert/books/esae-K100.log)
[DONE] Finalizado books_esae-K100
[RUN] Iniciando trec_esae-K100 (Acompanhe os detalhes em /app/results/exp3-sensitivity/K_100/classificacao/logs_modernbert/trec/esae-K100.log)
[DONE] Finalizado trec_esae-K100
[RUN] Iniciando 20ng_esae-K100 (Acompanhe os detalhes em /app/results/exp3-sensitivity/K_100/classificacao/logs_modernbert/20ng/esae-K100.log)
[DONE] Finalizado 20ng_esae-K100
All runs finished.

=================================================
Step 4: Generating results CSV (Metrics)
=================================================
Loaded selection CSV with 6 entries from: /app/results/exp3-sensitivity/K_100/instance_selection/selection_summary.csv
Processing: dataset=20ng, method=esae-K100, model=modernbert, reduction=0.20670713616755373
Processing: dataset=books, method=esae-K100, model=modernbert, reduction=0.15760085379571562
Processing: dataset=ohsumed, method=esae-K100, model=modernbert, reduction=0.11520903304257746
Processing: dataset=reuters90, method=esae-K100, model=modernbert, reduction=0.23196534371528152
Processing: dataset=sst2, method=esae-K100, model=modernbert, reduction=0.2392240109387967
Processing: dataset=trec, method=esae-K100, model=modernbert, reduction=0.1591995418110328
Wrote CSV to: /app/results/exp3-sensitivity/K_100/classificacao/results/results_modernbert.csv

=================================================
Step 5: Generating results CSV (Times)
=================================================
Loaded selection CSV with 6 entries from: /app/results/exp3-sensitivity/K_100/instance_selection/selection_summary.csv
Processing: dataset=20ng, method=esae-K100, model=modernbert, IS_time=11.32
Processing: dataset=books, method=esae-K100, model=modernbert, IS_time=19.38
Processing: dataset=ohsumed, method=esae-K100, model=modernbert, IS_time=10.98
Processing: dataset=reuters90, method=esae-K100, model=modernbert, IS_time=7.94
Processing: dataset=sst2, method=esae-K100, model=modernbert, IS_time=6.34
Processing: dataset=trec, method=esae-K100, model=modernbert, IS_time=4.20
Wrote CSV to: /app/results/exp3-sensitivity/K_100/classificacao/results/times_modernbert.csv

=================================================
Pipeline execution completed successfully!
=================================================

───────────────────────────────────────────────────────────────
  Running: esae-K200 → /app/results/exp3-sensitivity/K_200
───────────────────────────────────────────────────────────────
Methods  : esae-K200
Datasets : sst2,ohsumed,reuters90,books,trec,20ng
Steps    : All (1, 2, 3, 4, 5)
=================================================
Step 1: Running unsupervised selection
=================================================
Methods  : esae-K200
Datasets : sst2 ohsumed reuters90 books trec 20ng
Dataset: sst2
  Iniciando sst2 e esae-K200 (Log: /app/results/exp3-sensitivity/K_200/instance_selection/logs/sst2_esae-K200.log)
Dataset: ohsumed
  Iniciando ohsumed e esae-K200 (Log: /app/results/exp3-sensitivity/K_200/instance_selection/logs/ohsumed_esae-K200.log)
Dataset: reuters90
  Iniciando reuters90 e esae-K200 (Log: /app/results/exp3-sensitivity/K_200/instance_selection/logs/reuters90_esae-K200.log)
Dataset: books
  Iniciando books e esae-K200 (Log: /app/results/exp3-sensitivity/K_200/instance_selection/logs/books_esae-K200.log)
Dataset: trec
  Iniciando trec e esae-K200 (Log: /app/results/exp3-sensitivity/K_200/instance_selection/logs/trec_esae-K200.log)
Dataset: 20ng
  Iniciando 20ng e esae-K200 (Log: /app/results/exp3-sensitivity/K_200/instance_selection/logs/20ng_esae-K200.log)

=================================================
All runs completed successfully.
=================================================

=================================================
Step 2: Generating summary (read_selection_ci.py)
=================================================
20ng:
    - esae-K200: time=11.670 ±0.606 (n=10)  reduction=0.2247 ±0.0069 (n=10)

books:
    - esae-K200: time=19.289 ±0.540 (n=10)  reduction=0.1863 ±0.0080 (n=10)

ohsumed:
    - esae-K200: time=11.168 ±0.447 (n=10)  reduction=0.1390 ±0.0072 (n=10)

reuters90:
    - esae-K200: time=8.052 ±0.785 (n=10)  reduction=0.2423 ±0.0059 (n=10)

sst2:
    - esae-K200: time=6.745 ±0.884 (n=10)  reduction=0.2985 ±0.0080 (n=10)

trec:
    - esae-K200: time=4.587 ±0.718 (n=10)  reduction=0.2393 ±0.0104 (n=10)

Wrote: /app/results/exp3-sensitivity/K_200/instance_selection/selection_summary.json
Wrote: /app/results/exp3-sensitivity/K_200/instance_selection/selection_summary.csv

=================================================
Step 3: Running atcBench
=================================================
Running with 1 concurrent processes...
Methods  : esae-K200
Datasets : sst2 ohsumed reuters90 books trec 20ng
xargs: warning: options --max-args and --replace/-I/-i are mutually exclusive, ignoring previous --max-args value
[RUN] Iniciando sst2_esae-K200 (Acompanhe os detalhes em /app/results/exp3-sensitivity/K_200/classificacao/logs_modernbert/sst2/esae-K200.log)
[DONE] Finalizado sst2_esae-K200
[RUN] Iniciando ohsumed_esae-K200 (Acompanhe os detalhes em /app/results/exp3-sensitivity/K_200/classificacao/logs_modernbert/ohsumed/esae-K200.log)
[DONE] Finalizado ohsumed_esae-K200
[RUN] Iniciando reuters90_esae-K200 (Acompanhe os detalhes em /app/results/exp3-sensitivity/K_200/classificacao/logs_modernbert/reuters90/esae-K200.log)
[DONE] Finalizado reuters90_esae-K200
[RUN] Iniciando books_esae-K200 (Acompanhe os detalhes em /app/results/exp3-sensitivity/K_200/classificacao/logs_modernbert/books/esae-K200.log)
[DONE] Finalizado books_esae-K200
[RUN] Iniciando trec_esae-K200 (Acompanhe os detalhes em /app/results/exp3-sensitivity/K_200/classificacao/logs_modernbert/trec/esae-K200.log)
[DONE] Finalizado trec_esae-K200
[RUN] Iniciando 20ng_esae-K200 (Acompanhe os detalhes em /app/results/exp3-sensitivity/K_200/classificacao/logs_modernbert/20ng/esae-K200.log)
[DONE] Finalizado 20ng_esae-K200
All runs finished.

=================================================
Step 4: Generating results CSV (Metrics)
=================================================
Loaded selection CSV with 6 entries from: /app/results/exp3-sensitivity/K_200/instance_selection/selection_summary.csv
Processing: dataset=20ng, method=esae-K200, model=modernbert, reduction=0.22468768222588711
Processing: dataset=books, method=esae-K200, model=modernbert, reduction=0.1863163333933142
Processing: dataset=ohsumed, method=esae-K200, model=modernbert, reduction=0.13904383590108438
Processing: dataset=reuters90, method=esae-K200, model=modernbert, reduction=0.24226558673055637
Processing: dataset=sst2, method=esae-K200, model=modernbert, reduction=0.29854270600011873
Processing: dataset=trec, method=esae-K200, model=modernbert, reduction=0.23934044962632908
Wrote CSV to: /app/results/exp3-sensitivity/K_200/classificacao/results/results_modernbert.csv

=================================================
Step 5: Generating results CSV (Times)
=================================================
Loaded selection CSV with 6 entries from: /app/results/exp3-sensitivity/K_200/instance_selection/selection_summary.csv
Processing: dataset=20ng, method=esae-K200, model=modernbert, IS_time=11.67
Processing: dataset=books, method=esae-K200, model=modernbert, IS_time=19.29
Processing: dataset=ohsumed, method=esae-K200, model=modernbert, IS_time=11.17
Processing: dataset=reuters90, method=esae-K200, model=modernbert, IS_time=8.05
Processing: dataset=sst2, method=esae-K200, model=modernbert, IS_time=6.74
Processing: dataset=trec, method=esae-K200, model=modernbert, IS_time=4.59
Wrote CSV to: /app/results/exp3-sensitivity/K_200/classificacao/results/times_modernbert.csv

=================================================
Pipeline execution completed successfully!
=================================================

───────────────────────────────────────────────────────────────
  Running: esae-KsqrtN → /app/results/exp3-sensitivity/K_sqrtN
───────────────────────────────────────────────────────────────
Methods  : esae-KsqrtN
Datasets : sst2,ohsumed,reuters90,books,trec,20ng
Steps    : All (1, 2, 3, 4, 5)
=================================================
Step 1: Running unsupervised selection
=================================================
Methods  : esae-KsqrtN
Datasets : sst2 ohsumed reuters90 books trec 20ng
Dataset: sst2
  Iniciando sst2 e esae-KsqrtN (Log: /app/results/exp3-sensitivity/K_sqrtN/instance_selection/logs/sst2_esae-KsqrtN.log)
Dataset: ohsumed
  Iniciando ohsumed e esae-KsqrtN (Log: /app/results/exp3-sensitivity/K_sqrtN/instance_selection/logs/ohsumed_esae-KsqrtN.log)
Dataset: reuters90
  Iniciando reuters90 e esae-KsqrtN (Log: /app/results/exp3-sensitivity/K_sqrtN/instance_selection/logs/reuters90_esae-KsqrtN.log)
Dataset: books
  Iniciando books e esae-KsqrtN (Log: /app/results/exp3-sensitivity/K_sqrtN/instance_selection/logs/books_esae-KsqrtN.log)
Dataset: trec
  Iniciando trec e esae-KsqrtN (Log: /app/results/exp3-sensitivity/K_sqrtN/instance_selection/logs/trec_esae-KsqrtN.log)
Dataset: 20ng
  Iniciando 20ng e esae-KsqrtN (Log: /app/results/exp3-sensitivity/K_sqrtN/instance_selection/logs/20ng_esae-KsqrtN.log)

=================================================
All runs completed successfully.
=================================================

=================================================
Step 2: Generating summary (read_selection_ci.py)
=================================================
20ng:
    - esae-KsqrtN: time=11.606 ±0.825 (n=10)  reduction=0.2183 ±0.0126 (n=10)

books:
    - esae-KsqrtN: time=19.617 ±0.950 (n=10)  reduction=0.1808 ±0.0045 (n=10)

ohsumed:
    - esae-KsqrtN: time=11.002 ±0.389 (n=10)  reduction=0.1202 ±0.0091 (n=10)

reuters90:
    - esae-KsqrtN: time=8.245 ±1.277 (n=10)  reduction=0.2310 ±0.0120 (n=10)

sst2:
    - esae-KsqrtN: time=6.227 ±0.358 (n=10)  reduction=0.2328 ±0.0228 (n=10)

trec:
    - esae-KsqrtN: time=4.173 ±0.535 (n=10)  reduction=0.1400 ±0.0107 (n=10)

Wrote: /app/results/exp3-sensitivity/K_sqrtN/instance_selection/selection_summary.json
Wrote: /app/results/exp3-sensitivity/K_sqrtN/instance_selection/selection_summary.csv

=================================================
Step 3: Running atcBench
=================================================
Running with 1 concurrent processes...
Methods  : esae-KsqrtN
Datasets : sst2 ohsumed reuters90 books trec 20ng
xargs: warning: options --max-args and --replace/-I/-i are mutually exclusive, ignoring previous --max-args value
[RUN] Iniciando sst2_esae-KsqrtN (Acompanhe os detalhes em /app/results/exp3-sensitivity/K_sqrtN/classificacao/logs_modernbert/sst2/esae-KsqrtN.log)
[DONE] Finalizado sst2_esae-KsqrtN
[RUN] Iniciando ohsumed_esae-KsqrtN (Acompanhe os detalhes em /app/results/exp3-sensitivity/K_sqrtN/classificacao/logs_modernbert/ohsumed/esae-KsqrtN.log)
[DONE] Finalizado ohsumed_esae-KsqrtN
[RUN] Iniciando reuters90_esae-KsqrtN (Acompanhe os detalhes em /app/results/exp3-sensitivity/K_sqrtN/classificacao/logs_modernbert/reuters90/esae-KsqrtN.log)
[DONE] Finalizado reuters90_esae-KsqrtN
[RUN] Iniciando books_esae-KsqrtN (Acompanhe os detalhes em /app/results/exp3-sensitivity/K_sqrtN/classificacao/logs_modernbert/books/esae-KsqrtN.log)
[DONE] Finalizado books_esae-KsqrtN
[RUN] Iniciando trec_esae-KsqrtN (Acompanhe os detalhes em /app/results/exp3-sensitivity/K_sqrtN/classificacao/logs_modernbert/trec/esae-KsqrtN.log)
[DONE] Finalizado trec_esae-KsqrtN
[RUN] Iniciando 20ng_esae-KsqrtN (Acompanhe os detalhes em /app/results/exp3-sensitivity/K_sqrtN/classificacao/logs_modernbert/20ng/esae-KsqrtN.log)
[DONE] Finalizado 20ng_esae-KsqrtN
All runs finished.

=================================================
Step 4: Generating results CSV (Metrics)
=================================================
Loaded selection CSV with 6 entries from: /app/results/exp3-sensitivity/K_sqrtN/instance_selection/selection_summary.csv
Processing: dataset=20ng, method=esae-KsqrtN, model=modernbert, reduction=0.21826036512467462
Processing: dataset=books, method=esae-KsqrtN, model=modernbert, reduction=0.18082931066133529
Processing: dataset=ohsumed, method=esae-KsqrtN, model=modernbert, reduction=0.12016297154234226
Processing: dataset=reuters90, method=esae-KsqrtN, model=modernbert, reduction=0.2309710427207498
Processing: dataset=sst2, method=esae-KsqrtN, model=modernbert, reduction=0.2327863788017954
Processing: dataset=trec, method=esae-KsqrtN, model=modernbert, reduction=0.13995297380198
Wrote CSV to: /app/results/exp3-sensitivity/K_sqrtN/classificacao/results/results_modernbert.csv

=================================================
Step 5: Generating results CSV (Times)
=================================================
Loaded selection CSV with 6 entries from: /app/results/exp3-sensitivity/K_sqrtN/instance_selection/selection_summary.csv
Processing: dataset=20ng, method=esae-KsqrtN, model=modernbert, IS_time=11.61
Processing: dataset=books, method=esae-KsqrtN, model=modernbert, IS_time=19.62
Processing: dataset=ohsumed, method=esae-KsqrtN, model=modernbert, IS_time=11.00
Processing: dataset=reuters90, method=esae-KsqrtN, model=modernbert, IS_time=8.24
Processing: dataset=sst2, method=esae-KsqrtN, model=modernbert, IS_time=6.23
Processing: dataset=trec, method=esae-KsqrtN, model=modernbert, IS_time=4.17
Wrote CSV to: /app/results/exp3-sensitivity/K_sqrtN/classificacao/results/times_modernbert.csv

=================================================
Pipeline execution completed successfully!
=================================================

▶ Varying α (alpha): 5, 10, 15, 20, 25

───────────────────────────────────────────────────────────────
  Running: esae-alpha5 → /app/results/exp3-sensitivity/alpha_5
───────────────────────────────────────────────────────────────
Methods  : esae-alpha5
Datasets : sst2,ohsumed,reuters90,books,trec,20ng
Steps    : All (1, 2, 3, 4, 5)
=================================================
Step 1: Running unsupervised selection
=================================================
Methods  : esae-alpha5
Datasets : sst2 ohsumed reuters90 books trec 20ng
Dataset: sst2
  Iniciando sst2 e esae-alpha5 (Log: /app/results/exp3-sensitivity/alpha_5/instance_selection/logs/sst2_esae-alpha5.log)
Dataset: ohsumed
  Iniciando ohsumed e esae-alpha5 (Log: /app/results/exp3-sensitivity/alpha_5/instance_selection/logs/ohsumed_esae-alpha5.log)
Dataset: reuters90
  Iniciando reuters90 e esae-alpha5 (Log: /app/results/exp3-sensitivity/alpha_5/instance_selection/logs/reuters90_esae-alpha5.log)
Dataset: books
  Iniciando books e esae-alpha5 (Log: /app/results/exp3-sensitivity/alpha_5/instance_selection/logs/books_esae-alpha5.log)
Dataset: trec
  Iniciando trec e esae-alpha5 (Log: /app/results/exp3-sensitivity/alpha_5/instance_selection/logs/trec_esae-alpha5.log)
Dataset: 20ng
  Iniciando 20ng e esae-alpha5 (Log: /app/results/exp3-sensitivity/alpha_5/instance_selection/logs/20ng_esae-alpha5.log)

=================================================
All runs completed successfully.
=================================================

=================================================
Step 2: Generating summary (read_selection_ci.py)
=================================================
20ng:
    - esae-alpha5: time=11.640 ±0.856 (n=10)  reduction=0.0903 ±0.0035 (n=10)

books:
    - esae-alpha5: time=19.390 ±0.422 (n=10)  reduction=0.0720 ±0.0037 (n=10)

ohsumed:
    - esae-alpha5: time=11.331 ±0.671 (n=10)  reduction=0.0526 ±0.0019 (n=10)

reuters90:
    - esae-alpha5: time=8.066 ±0.740 (n=10)  reduction=0.0992 ±0.0030 (n=10)

sst2:
    - esae-alpha5: time=6.661 ±0.866 (n=10)  reduction=0.1307 ±0.0051 (n=10)

trec:
    - esae-alpha5: time=4.361 ±0.310 (n=10)  reduction=0.0976 ±0.0055 (n=10)

Wrote: /app/results/exp3-sensitivity/alpha_5/instance_selection/selection_summary.json
Wrote: /app/results/exp3-sensitivity/alpha_5/instance_selection/selection_summary.csv

=================================================
Step 3: Running atcBench
=================================================
Running with 1 concurrent processes...
Methods  : esae-alpha5
Datasets : sst2 ohsumed reuters90 books trec 20ng
xargs: warning: options --max-args and --replace/-I/-i are mutually exclusive, ignoring previous --max-args value
[RUN] Iniciando sst2_esae-alpha5 (Acompanhe os detalhes em /app/results/exp3-sensitivity/alpha_5/classificacao/logs_modernbert/sst2/esae-alpha5.log)
[DONE] Finalizado sst2_esae-alpha5
[RUN] Iniciando ohsumed_esae-alpha5 (Acompanhe os detalhes em /app/results/exp3-sensitivity/alpha_5/classificacao/logs_modernbert/ohsumed/esae-alpha5.log)
[DONE] Finalizado ohsumed_esae-alpha5
[RUN] Iniciando reuters90_esae-alpha5 (Acompanhe os detalhes em /app/results/exp3-sensitivity/alpha_5/classificacao/logs_modernbert/reuters90/esae-alpha5.log)
[DONE] Finalizado reuters90_esae-alpha5
[RUN] Iniciando books_esae-alpha5 (Acompanhe os detalhes em /app/results/exp3-sensitivity/alpha_5/classificacao/logs_modernbert/books/esae-alpha5.log)
[DONE] Finalizado books_esae-alpha5
[RUN] Iniciando trec_esae-alpha5 (Acompanhe os detalhes em /app/results/exp3-sensitivity/alpha_5/classificacao/logs_modernbert/trec/esae-alpha5.log)
[DONE] Finalizado trec_esae-alpha5
[RUN] Iniciando 20ng_esae-alpha5 (Acompanhe os detalhes em /app/results/exp3-sensitivity/alpha_5/classificacao/logs_modernbert/20ng/esae-alpha5.log)
[DONE] Finalizado 20ng_esae-alpha5
All runs finished.

=================================================
Step 4: Generating results CSV (Metrics)
=================================================
Loaded selection CSV with 6 entries from: /app/results/exp3-sensitivity/alpha_5/instance_selection/selection_summary.csv
Processing: dataset=20ng, method=esae-alpha5, model=modernbert, reduction=0.09025250687535538
Processing: dataset=books, method=esae-alpha5, model=modernbert, reduction=0.07203997792468184
Processing: dataset=ohsumed, method=esae-alpha5, model=modernbert, reduction=0.052647597486084496
Processing: dataset=reuters90, method=esae-alpha5, model=modernbert, reduction=0.09917240527184117
Processing: dataset=sst2, method=esae-alpha5, model=modernbert, reduction=0.13073745065562611
Processing: dataset=trec, method=esae-alpha5, model=modernbert, reduction=0.09759547334505968
Wrote CSV to: /app/results/exp3-sensitivity/alpha_5/classificacao/results/results_modernbert.csv

=================================================
Step 5: Generating results CSV (Times)
=================================================
Loaded selection CSV with 6 entries from: /app/results/exp3-sensitivity/alpha_5/instance_selection/selection_summary.csv
Processing: dataset=20ng, method=esae-alpha5, model=modernbert, IS_time=11.64
Processing: dataset=books, method=esae-alpha5, model=modernbert, IS_time=19.39
Processing: dataset=ohsumed, method=esae-alpha5, model=modernbert, IS_time=11.33
Processing: dataset=reuters90, method=esae-alpha5, model=modernbert, IS_time=8.07
Processing: dataset=sst2, method=esae-alpha5, model=modernbert, IS_time=6.66
Processing: dataset=trec, method=esae-alpha5, model=modernbert, IS_time=4.36
Wrote CSV to: /app/results/exp3-sensitivity/alpha_5/classificacao/results/times_modernbert.csv

=================================================
Pipeline execution completed successfully!
=================================================

───────────────────────────────────────────────────────────────
  Running: esae-alpha10 → /app/results/exp3-sensitivity/alpha_10
───────────────────────────────────────────────────────────────
Methods  : esae-alpha10
Datasets : sst2,ohsumed,reuters90,books,trec,20ng
Steps    : All (1, 2, 3, 4, 5)
=================================================
Step 1: Running unsupervised selection
=================================================
Methods  : esae-alpha10
Datasets : sst2 ohsumed reuters90 books trec 20ng
Dataset: sst2
  Iniciando sst2 e esae-alpha10 (Log: /app/results/exp3-sensitivity/alpha_10/instance_selection/logs/sst2_esae-alpha10.log)
Dataset: ohsumed
  Iniciando ohsumed e esae-alpha10 (Log: /app/results/exp3-sensitivity/alpha_10/instance_selection/logs/ohsumed_esae-alpha10.log)
Dataset: reuters90
  Iniciando reuters90 e esae-alpha10 (Log: /app/results/exp3-sensitivity/alpha_10/instance_selection/logs/reuters90_esae-alpha10.log)
Dataset: books
  Iniciando books e esae-alpha10 (Log: /app/results/exp3-sensitivity/alpha_10/instance_selection/logs/books_esae-alpha10.log)
Dataset: trec
  Iniciando trec e esae-alpha10 (Log: /app/results/exp3-sensitivity/alpha_10/instance_selection/logs/trec_esae-alpha10.log)
Dataset: 20ng
  Iniciando 20ng e esae-alpha10 (Log: /app/results/exp3-sensitivity/alpha_10/instance_selection/logs/20ng_esae-alpha10.log)

=================================================
All runs completed successfully.
=================================================

=================================================
Step 2: Generating summary (read_selection_ci.py)
=================================================
20ng:
    - esae-alpha10: time=11.659 ±0.494 (n=10)  reduction=0.1641 ±0.0056 (n=10)

books:
    - esae-alpha10: time=19.791 ±0.990 (n=10)  reduction=0.1336 ±0.0063 (n=10)

ohsumed:
    - esae-alpha10: time=11.509 ±0.397 (n=10)  reduction=0.0977 ±0.0053 (n=10)

reuters90:
    - esae-alpha10: time=8.395 ±1.153 (n=10)  reduction=0.1786 ±0.0049 (n=10)

sst2:
    - esae-alpha10: time=6.315 ±0.358 (n=10)  reduction=0.2273 ±0.0073 (n=10)

trec:
    - esae-alpha10: time=4.374 ±0.350 (n=10)  reduction=0.1761 ±0.0088 (n=10)

Wrote: /app/results/exp3-sensitivity/alpha_10/instance_selection/selection_summary.json
Wrote: /app/results/exp3-sensitivity/alpha_10/instance_selection/selection_summary.csv

=================================================
Step 3: Running atcBench
=================================================
Running with 1 concurrent processes...
Methods  : esae-alpha10
Datasets : sst2 ohsumed reuters90 books trec 20ng
xargs: warning: options --max-args and --replace/-I/-i are mutually exclusive, ignoring previous --max-args value
[RUN] Iniciando sst2_esae-alpha10 (Acompanhe os detalhes em /app/results/exp3-sensitivity/alpha_10/classificacao/logs_modernbert/sst2/esae-alpha10.log)
[DONE] Finalizado sst2_esae-alpha10
[RUN] Iniciando ohsumed_esae-alpha10 (Acompanhe os detalhes em /app/results/exp3-sensitivity/alpha_10/classificacao/logs_modernbert/ohsumed/esae-alpha10.log)
[DONE] Finalizado ohsumed_esae-alpha10
[RUN] Iniciando reuters90_esae-alpha10 (Acompanhe os detalhes em /app/results/exp3-sensitivity/alpha_10/classificacao/logs_modernbert/reuters90/esae-alpha10.log)
[DONE] Finalizado reuters90_esae-alpha10
[RUN] Iniciando books_esae-alpha10 (Acompanhe os detalhes em /app/results/exp3-sensitivity/alpha_10/classificacao/logs_modernbert/books/esae-alpha10.log)
[DONE] Finalizado books_esae-alpha10
[RUN] Iniciando trec_esae-alpha10 (Acompanhe os detalhes em /app/results/exp3-sensitivity/alpha_10/classificacao/logs_modernbert/trec/esae-alpha10.log)
[DONE] Finalizado trec_esae-alpha10
[RUN] Iniciando 20ng_esae-alpha10 (Acompanhe os detalhes em /app/results/exp3-sensitivity/alpha_10/classificacao/logs_modernbert/20ng/esae-alpha10.log)
[DONE] Finalizado 20ng_esae-alpha10
All runs finished.

=================================================
Step 4: Generating results CSV (Metrics)
=================================================
Loaded selection CSV with 6 entries from: /app/results/exp3-sensitivity/alpha_10/instance_selection/selection_summary.csv
Processing: dataset=20ng, method=esae-alpha10, model=modernbert, reduction=0.1641264603414984
Processing: dataset=books, method=esae-alpha10, model=modernbert, reduction=0.13363166233974197
Processing: dataset=ohsumed, method=esae-alpha10, model=modernbert, reduction=0.09767005870385051
Processing: dataset=reuters90, method=esae-alpha10, model=modernbert, reduction=0.17860200163048062
Processing: dataset=sst2, method=esae-alpha10, model=modernbert, reduction=0.22733125061824927
Processing: dataset=trec, method=esae-alpha10, model=modernbert, reduction=0.17605643394702625
Wrote CSV to: /app/results/exp3-sensitivity/alpha_10/classificacao/results/results_modernbert.csv

=================================================
Step 5: Generating results CSV (Times)
=================================================
Loaded selection CSV with 6 entries from: /app/results/exp3-sensitivity/alpha_10/instance_selection/selection_summary.csv
Processing: dataset=20ng, method=esae-alpha10, model=modernbert, IS_time=11.66
Processing: dataset=books, method=esae-alpha10, model=modernbert, IS_time=19.79
Processing: dataset=ohsumed, method=esae-alpha10, model=modernbert, IS_time=11.51
Processing: dataset=reuters90, method=esae-alpha10, model=modernbert, IS_time=8.40
Processing: dataset=sst2, method=esae-alpha10, model=modernbert, IS_time=6.31
Processing: dataset=trec, method=esae-alpha10, model=modernbert, IS_time=4.37
Wrote CSV to: /app/results/exp3-sensitivity/alpha_10/classificacao/results/times_modernbert.csv

=================================================
Pipeline execution completed successfully!
=================================================

───────────────────────────────────────────────────────────────
  Running: esae-alpha15 → /app/results/exp3-sensitivity/alpha_15
───────────────────────────────────────────────────────────────
Methods  : esae-alpha15
Datasets : sst2,ohsumed,reuters90,books,trec,20ng
Steps    : All (1, 2, 3, 4, 5)
=================================================
Step 1: Running unsupervised selection
=================================================
Methods  : esae-alpha15
Datasets : sst2 ohsumed reuters90 books trec 20ng
Dataset: sst2
  Iniciando sst2 e esae-alpha15 (Log: /app/results/exp3-sensitivity/alpha_15/instance_selection/logs/sst2_esae-alpha15.log)
Dataset: ohsumed
  Iniciando ohsumed e esae-alpha15 (Log: /app/results/exp3-sensitivity/alpha_15/instance_selection/logs/ohsumed_esae-alpha15.log)
Dataset: reuters90
  Iniciando reuters90 e esae-alpha15 (Log: /app/results/exp3-sensitivity/alpha_15/instance_selection/logs/reuters90_esae-alpha15.log)
Dataset: books
  Iniciando books e esae-alpha15 (Log: /app/results/exp3-sensitivity/alpha_15/instance_selection/logs/books_esae-alpha15.log)
Dataset: trec
  Iniciando trec e esae-alpha15 (Log: /app/results/exp3-sensitivity/alpha_15/instance_selection/logs/trec_esae-alpha15.log)
Dataset: 20ng
  Iniciando 20ng e esae-alpha15 (Log: /app/results/exp3-sensitivity/alpha_15/instance_selection/logs/20ng_esae-alpha15.log)

=================================================
All runs completed successfully.
=================================================

=================================================
Step 2: Generating summary (read_selection_ci.py)
=================================================
20ng:
    - esae-alpha15: time=11.616 ±0.943 (n=10)  reduction=0.2247 ±0.0069 (n=10)

books:
    - esae-alpha15: time=19.540 ±1.082 (n=10)  reduction=0.1863 ±0.0080 (n=10)

ohsumed:
    - esae-alpha15: time=11.282 ±0.327 (n=10)  reduction=0.1390 ±0.0072 (n=10)

reuters90:
    - esae-alpha15: time=8.090 ±0.792 (n=10)  reduction=0.2423 ±0.0059 (n=10)

sst2:
    - esae-alpha15: time=6.411 ±0.244 (n=10)  reduction=0.2985 ±0.0080 (n=10)

trec:
    - esae-alpha15: time=4.524 ±0.352 (n=10)  reduction=0.2393 ±0.0104 (n=10)

Wrote: /app/results/exp3-sensitivity/alpha_15/instance_selection/selection_summary.json
Wrote: /app/results/exp3-sensitivity/alpha_15/instance_selection/selection_summary.csv

=================================================
Step 3: Running atcBench
=================================================
Running with 1 concurrent processes...
Methods  : esae-alpha15
Datasets : sst2 ohsumed reuters90 books trec 20ng
xargs: warning: options --max-args and --replace/-I/-i are mutually exclusive, ignoring previous --max-args value
[RUN] Iniciando sst2_esae-alpha15 (Acompanhe os detalhes em /app/results/exp3-sensitivity/alpha_15/classificacao/logs_modernbert/sst2/esae-alpha15.log)
[DONE] Finalizado sst2_esae-alpha15
[RUN] Iniciando ohsumed_esae-alpha15 (Acompanhe os detalhes em /app/results/exp3-sensitivity/alpha_15/classificacao/logs_modernbert/ohsumed/esae-alpha15.log)
[DONE] Finalizado ohsumed_esae-alpha15
[RUN] Iniciando reuters90_esae-alpha15 (Acompanhe os detalhes em /app/results/exp3-sensitivity/alpha_15/classificacao/logs_modernbert/reuters90/esae-alpha15.log)
[DONE] Finalizado reuters90_esae-alpha15
[RUN] Iniciando books_esae-alpha15 (Acompanhe os detalhes em /app/results/exp3-sensitivity/alpha_15/classificacao/logs_modernbert/books/esae-alpha15.log)
[DONE] Finalizado books_esae-alpha15
[RUN] Iniciando trec_esae-alpha15 (Acompanhe os detalhes em /app/results/exp3-sensitivity/alpha_15/classificacao/logs_modernbert/trec/esae-alpha15.log)
[DONE] Finalizado trec_esae-alpha15
[RUN] Iniciando 20ng_esae-alpha15 (Acompanhe os detalhes em /app/results/exp3-sensitivity/alpha_15/classificacao/logs_modernbert/20ng/esae-alpha15.log)
[DONE] Finalizado 20ng_esae-alpha15
All runs finished.

=================================================
Step 4: Generating results CSV (Metrics)
=================================================
Loaded selection CSV with 6 entries from: /app/results/exp3-sensitivity/alpha_15/instance_selection/selection_summary.csv
Processing: dataset=20ng, method=esae-alpha15, model=modernbert, reduction=0.22468768222588711
Processing: dataset=books, method=esae-alpha15, model=modernbert, reduction=0.1863163333933142
Processing: dataset=ohsumed, method=esae-alpha15, model=modernbert, reduction=0.13904383590108438
Processing: dataset=reuters90, method=esae-alpha15, model=modernbert, reduction=0.24226558673055637
Processing: dataset=sst2, method=esae-alpha15, model=modernbert, reduction=0.29854270600011873
Processing: dataset=trec, method=esae-alpha15, model=modernbert, reduction=0.23934044962632908
Wrote CSV to: /app/results/exp3-sensitivity/alpha_15/classificacao/results/results_modernbert.csv

=================================================
Step 5: Generating results CSV (Times)
=================================================
Loaded selection CSV with 6 entries from: /app/results/exp3-sensitivity/alpha_15/instance_selection/selection_summary.csv
Processing: dataset=20ng, method=esae-alpha15, model=modernbert, IS_time=11.62
Processing: dataset=books, method=esae-alpha15, model=modernbert, IS_time=19.54
Processing: dataset=ohsumed, method=esae-alpha15, model=modernbert, IS_time=11.28
Processing: dataset=reuters90, method=esae-alpha15, model=modernbert, IS_time=8.09
Processing: dataset=sst2, method=esae-alpha15, model=modernbert, IS_time=6.41
Processing: dataset=trec, method=esae-alpha15, model=modernbert, IS_time=4.52
Wrote CSV to: /app/results/exp3-sensitivity/alpha_15/classificacao/results/times_modernbert.csv

=================================================
Pipeline execution completed successfully!
=================================================

───────────────────────────────────────────────────────────────
  Running: esae-alpha20 → /app/results/exp3-sensitivity/alpha_20
───────────────────────────────────────────────────────────────
Methods  : esae-alpha20
Datasets : sst2,ohsumed,reuters90,books,trec,20ng
Steps    : All (1, 2, 3, 4, 5)
=================================================
Step 1: Running unsupervised selection
=================================================
Methods  : esae-alpha20
Datasets : sst2 ohsumed reuters90 books trec 20ng
Dataset: sst2
  Iniciando sst2 e esae-alpha20 (Log: /app/results/exp3-sensitivity/alpha_20/instance_selection/logs/sst2_esae-alpha20.log)
Dataset: ohsumed
  Iniciando ohsumed e esae-alpha20 (Log: /app/results/exp3-sensitivity/alpha_20/instance_selection/logs/ohsumed_esae-alpha20.log)
Dataset: reuters90
  Iniciando reuters90 e esae-alpha20 (Log: /app/results/exp3-sensitivity/alpha_20/instance_selection/logs/reuters90_esae-alpha20.log)
Dataset: books
  Iniciando books e esae-alpha20 (Log: /app/results/exp3-sensitivity/alpha_20/instance_selection/logs/books_esae-alpha20.log)
Dataset: trec
  Iniciando trec e esae-alpha20 (Log: /app/results/exp3-sensitivity/alpha_20/instance_selection/logs/trec_esae-alpha20.log)
Dataset: 20ng
  Iniciando 20ng e esae-alpha20 (Log: /app/results/exp3-sensitivity/alpha_20/instance_selection/logs/20ng_esae-alpha20.log)

=================================================
All runs completed successfully.
=================================================

=================================================
Step 2: Generating summary (read_selection_ci.py)
=================================================
20ng:
    - esae-alpha20: time=13.868 ±1.674 (n=10)  reduction=0.2743 ±0.0075 (n=10)

books:
    - esae-alpha20: time=19.431 ±0.820 (n=10)  reduction=0.2314 ±0.0092 (n=10)

ohsumed:
    - esae-alpha20: time=11.140 ±0.341 (n=10)  reduction=0.1762 ±0.0086 (n=10)

reuters90:
    - esae-alpha20: time=8.561 ±1.208 (n=10)  reduction=0.2932 ±0.0064 (n=10)

sst2:
    - esae-alpha20: time=6.435 ±0.345 (n=10)  reduction=0.3511 ±0.0078 (n=10)

trec:
    - esae-alpha20: time=4.681 ±0.387 (n=10)  reduction=0.2896 ±0.0111 (n=10)

Wrote: /app/results/exp3-sensitivity/alpha_20/instance_selection/selection_summary.json
Wrote: /app/results/exp3-sensitivity/alpha_20/instance_selection/selection_summary.csv

=================================================
Step 3: Running atcBench
=================================================
Running with 1 concurrent processes...
Methods  : esae-alpha20
Datasets : sst2 ohsumed reuters90 books trec 20ng
xargs: warning: options --max-args and --replace/-I/-i are mutually exclusive, ignoring previous --max-args value
[RUN] Iniciando sst2_esae-alpha20 (Acompanhe os detalhes em /app/results/exp3-sensitivity/alpha_20/classificacao/logs_modernbert/sst2/esae-alpha20.log)
[DONE] Finalizado sst2_esae-alpha20
[RUN] Iniciando ohsumed_esae-alpha20 (Acompanhe os detalhes em /app/results/exp3-sensitivity/alpha_20/classificacao/logs_modernbert/ohsumed/esae-alpha20.log)
[DONE] Finalizado ohsumed_esae-alpha20
[RUN] Iniciando reuters90_esae-alpha20 (Acompanhe os detalhes em /app/results/exp3-sensitivity/alpha_20/classificacao/logs_modernbert/reuters90/esae-alpha20.log)
[DONE] Finalizado reuters90_esae-alpha20
[RUN] Iniciando books_esae-alpha20 (Acompanhe os detalhes em /app/results/exp3-sensitivity/alpha_20/classificacao/logs_modernbert/books/esae-alpha20.log)
[DONE] Finalizado books_esae-alpha20
[RUN] Iniciando trec_esae-alpha20 (Acompanhe os detalhes em /app/results/exp3-sensitivity/alpha_20/classificacao/logs_modernbert/trec/esae-alpha20.log)
[DONE] Finalizado trec_esae-alpha20
[RUN] Iniciando 20ng_esae-alpha20 (Acompanhe os detalhes em /app/results/exp3-sensitivity/alpha_20/classificacao/logs_modernbert/20ng/esae-alpha20.log)
[DONE] Finalizado 20ng_esae-alpha20
All runs finished.

=================================================
Step 4: Generating results CSV (Metrics)
=================================================
Loaded selection CSV with 6 entries from: /app/results/exp3-sensitivity/alpha_20/instance_selection/selection_summary.csv
Processing: dataset=20ng, method=esae-alpha20, model=modernbert, reduction=0.27428863988189905
Processing: dataset=books, method=esae-alpha20, model=modernbert, reduction=0.2314070563807691
Processing: dataset=ohsumed, method=esae-alpha20, model=modernbert, reduction=0.17615577472042418
Processing: dataset=reuters90, method=esae-alpha20, model=modernbert, reduction=0.29323143863476064
Processing: dataset=sst2, method=esae-alpha20, model=modernbert, reduction=0.35107572832635203
Processing: dataset=trec, method=esae-alpha20, model=modernbert, reduction=0.2895943209717855
Wrote CSV to: /app/results/exp3-sensitivity/alpha_20/classificacao/results/results_modernbert.csv

=================================================
Step 5: Generating results CSV (Times)
=================================================
Loaded selection CSV with 6 entries from: /app/results/exp3-sensitivity/alpha_20/instance_selection/selection_summary.csv
Processing: dataset=20ng, method=esae-alpha20, model=modernbert, IS_time=13.87
Processing: dataset=books, method=esae-alpha20, model=modernbert, IS_time=19.43
Processing: dataset=ohsumed, method=esae-alpha20, model=modernbert, IS_time=11.14
Processing: dataset=reuters90, method=esae-alpha20, model=modernbert, IS_time=8.56
Processing: dataset=sst2, method=esae-alpha20, model=modernbert, IS_time=6.44
Processing: dataset=trec, method=esae-alpha20, model=modernbert, IS_time=4.68
Wrote CSV to: /app/results/exp3-sensitivity/alpha_20/classificacao/results/times_modernbert.csv

=================================================
Pipeline execution completed successfully!
=================================================

───────────────────────────────────────────────────────────────
  Running: esae-alpha25 → /app/results/exp3-sensitivity/alpha_25
───────────────────────────────────────────────────────────────
Methods  : esae-alpha25
Datasets : sst2,ohsumed,reuters90,books,trec,20ng
Steps    : All (1, 2, 3, 4, 5)
=================================================
Step 1: Running unsupervised selection
=================================================
Methods  : esae-alpha25
Datasets : sst2 ohsumed reuters90 books trec 20ng
Dataset: sst2
  Iniciando sst2 e esae-alpha25 (Log: /app/results/exp3-sensitivity/alpha_25/instance_selection/logs/sst2_esae-alpha25.log)
Dataset: ohsumed
  Iniciando ohsumed e esae-alpha25 (Log: /app/results/exp3-sensitivity/alpha_25/instance_selection/logs/ohsumed_esae-alpha25.log)
Dataset: reuters90
  Iniciando reuters90 e esae-alpha25 (Log: /app/results/exp3-sensitivity/alpha_25/instance_selection/logs/reuters90_esae-alpha25.log)
Dataset: books
  Iniciando books e esae-alpha25 (Log: /app/results/exp3-sensitivity/alpha_25/instance_selection/logs/books_esae-alpha25.log)
Dataset: trec
  Iniciando trec e esae-alpha25 (Log: /app/results/exp3-sensitivity/alpha_25/instance_selection/logs/trec_esae-alpha25.log)
Dataset: 20ng
  Iniciando 20ng e esae-alpha25 (Log: /app/results/exp3-sensitivity/alpha_25/instance_selection/logs/20ng_esae-alpha25.log)

=================================================
All runs completed successfully.
=================================================

=================================================
Step 2: Generating summary (read_selection_ci.py)
=================================================
20ng:
    - esae-alpha25: time=11.424 ±0.349 (n=10)  reduction=0.3149 ±0.0077 (n=10)

books:
    - esae-alpha25: time=19.514 ±0.480 (n=10)  reduction=0.2700 ±0.0098 (n=10)

ohsumed:
    - esae-alpha25: time=11.305 ±0.453 (n=10)  reduction=0.2094 ±0.0097 (n=10)

reuters90:
    - esae-alpha25: time=8.217 ±0.819 (n=10)  reduction=0.3342 ±0.0063 (n=10)

sst2:
    - esae-alpha25: time=6.676 ±0.701 (n=10)  reduction=0.3899 ±0.0071 (n=10)

trec:
    - esae-alpha25: time=4.404 ±0.317 (n=10)  reduction=0.3308 ±0.0112 (n=10)

Wrote: /app/results/exp3-sensitivity/alpha_25/instance_selection/selection_summary.json
Wrote: /app/results/exp3-sensitivity/alpha_25/instance_selection/selection_summary.csv

=================================================
Step 3: Running atcBench
=================================================
Running with 1 concurrent processes...
Methods  : esae-alpha25
Datasets : sst2 ohsumed reuters90 books trec 20ng
xargs: warning: options --max-args and --replace/-I/-i are mutually exclusive, ignoring previous --max-args value
[RUN] Iniciando sst2_esae-alpha25 (Acompanhe os detalhes em /app/results/exp3-sensitivity/alpha_25/classificacao/logs_modernbert/sst2/esae-alpha25.log)
[DONE] Finalizado sst2_esae-alpha25
[RUN] Iniciando ohsumed_esae-alpha25 (Acompanhe os detalhes em /app/results/exp3-sensitivity/alpha_25/classificacao/logs_modernbert/ohsumed/esae-alpha25.log)
[DONE] Finalizado ohsumed_esae-alpha25
[RUN] Iniciando reuters90_esae-alpha25 (Acompanhe os detalhes em /app/results/exp3-sensitivity/alpha_25/classificacao/logs_modernbert/reuters90/esae-alpha25.log)
[DONE] Finalizado reuters90_esae-alpha25
[RUN] Iniciando books_esae-alpha25 (Acompanhe os detalhes em /app/results/exp3-sensitivity/alpha_25/classificacao/logs_modernbert/books/esae-alpha25.log)
[DONE] Finalizado books_esae-alpha25
[RUN] Iniciando trec_esae-alpha25 (Acompanhe os detalhes em /app/results/exp3-sensitivity/alpha_25/classificacao/logs_modernbert/trec/esae-alpha25.log)
[DONE] Finalizado trec_esae-alpha25
[RUN] Iniciando 20ng_esae-alpha25 (Acompanhe os detalhes em /app/results/exp3-sensitivity/alpha_25/classificacao/logs_modernbert/20ng/esae-alpha25.log)
[DONE] Finalizado 20ng_esae-alpha25
All runs finished.

=================================================
Step 4: Generating results CSV (Metrics)
=================================================
Loaded selection CSV with 6 entries from: /app/results/exp3-sensitivity/alpha_25/instance_selection/selection_summary.csv
Processing: dataset=20ng, method=esae-alpha25, model=modernbert, reduction=0.3149162217204399
Processing: dataset=books, method=esae-alpha25, model=modernbert, reduction=0.2699688358809663
Processing: dataset=ohsumed, method=esae-alpha25, model=modernbert, reduction=0.20938227810522736
Processing: dataset=reuters90, method=esae-alpha25, model=modernbert, reduction=0.334184212558963
Processing: dataset=sst2, method=esae-alpha25, model=modernbert, reduction=0.38993512651403933
Processing: dataset=trec, method=esae-alpha25, model=modernbert, reduction=0.3308316138119172
Wrote CSV to: /app/results/exp3-sensitivity/alpha_25/classificacao/results/results_modernbert.csv

=================================================
Step 5: Generating results CSV (Times)
=================================================
Loaded selection CSV with 6 entries from: /app/results/exp3-sensitivity/alpha_25/instance_selection/selection_summary.csv
Processing: dataset=20ng, method=esae-alpha25, model=modernbert, IS_time=11.42
Processing: dataset=books, method=esae-alpha25, model=modernbert, IS_time=19.51
Processing: dataset=ohsumed, method=esae-alpha25, model=modernbert, IS_time=11.30
Processing: dataset=reuters90, method=esae-alpha25, model=modernbert, IS_time=8.22
Processing: dataset=sst2, method=esae-alpha25, model=modernbert, IS_time=6.68
Processing: dataset=trec, method=esae-alpha25, model=modernbert, IS_time=4.40
Wrote CSV to: /app/results/exp3-sensitivity/alpha_25/classificacao/results/times_modernbert.csv

=================================================
Pipeline execution completed successfully!
=================================================

▶ Varying γ (gamma): 0.3, 0.5, 0.7

───────────────────────────────────────────────────────────────
  Running: esae-gamma03 → /app/results/exp3-sensitivity/gamma_03
───────────────────────────────────────────────────────────────
Methods  : esae-gamma03
Datasets : sst2,ohsumed,reuters90,books,trec,20ng
Steps    : All (1, 2, 3, 4, 5)
=================================================
Step 1: Running unsupervised selection
=================================================
Methods  : esae-gamma03
Datasets : sst2 ohsumed reuters90 books trec 20ng
Dataset: sst2
  Iniciando sst2 e esae-gamma03 (Log: /app/results/exp3-sensitivity/gamma_03/instance_selection/logs/sst2_esae-gamma03.log)
Dataset: ohsumed
  Iniciando ohsumed e esae-gamma03 (Log: /app/results/exp3-sensitivity/gamma_03/instance_selection/logs/ohsumed_esae-gamma03.log)
Dataset: reuters90
  Iniciando reuters90 e esae-gamma03 (Log: /app/results/exp3-sensitivity/gamma_03/instance_selection/logs/reuters90_esae-gamma03.log)
Dataset: books
  Iniciando books e esae-gamma03 (Log: /app/results/exp3-sensitivity/gamma_03/instance_selection/logs/books_esae-gamma03.log)
Dataset: trec
  Iniciando trec e esae-gamma03 (Log: /app/results/exp3-sensitivity/gamma_03/instance_selection/logs/trec_esae-gamma03.log)
Dataset: 20ng
  Iniciando 20ng e esae-gamma03 (Log: /app/results/exp3-sensitivity/gamma_03/instance_selection/logs/20ng_esae-gamma03.log)

=================================================
All runs completed successfully.
=================================================

=================================================
Step 2: Generating summary (read_selection_ci.py)
=================================================
20ng:
    - esae-gamma03: time=11.706 ±0.342 (n=10)  reduction=0.2247 ±0.0069 (n=10)

books:
    - esae-gamma03: time=19.548 ±0.427 (n=10)  reduction=0.1863 ±0.0080 (n=10)

ohsumed:
    - esae-gamma03: time=11.126 ±0.337 (n=10)  reduction=0.1390 ±0.0072 (n=10)

reuters90:
    - esae-gamma03: time=8.068 ±0.678 (n=10)  reduction=0.2423 ±0.0059 (n=10)

sst2:
    - esae-gamma03: time=6.422 ±0.324 (n=10)  reduction=0.2985 ±0.0081 (n=10)

trec:
    - esae-gamma03: time=4.548 ±0.299 (n=10)  reduction=0.2392 ±0.0105 (n=10)

Wrote: /app/results/exp3-sensitivity/gamma_03/instance_selection/selection_summary.json
Wrote: /app/results/exp3-sensitivity/gamma_03/instance_selection/selection_summary.csv

=================================================
Step 3: Running atcBench
=================================================
Running with 1 concurrent processes...
Methods  : esae-gamma03
Datasets : sst2 ohsumed reuters90 books trec 20ng
xargs: warning: options --max-args and --replace/-I/-i are mutually exclusive, ignoring previous --max-args value
[RUN] Iniciando sst2_esae-gamma03 (Acompanhe os detalhes em /app/results/exp3-sensitivity/gamma_03/classificacao/logs_modernbert/sst2/esae-gamma03.log)
[DONE] Finalizado sst2_esae-gamma03
[RUN] Iniciando ohsumed_esae-gamma03 (Acompanhe os detalhes em /app/results/exp3-sensitivity/gamma_03/classificacao/logs_modernbert/ohsumed/esae-gamma03.log)
[DONE] Finalizado ohsumed_esae-gamma03
[RUN] Iniciando reuters90_esae-gamma03 (Acompanhe os detalhes em /app/results/exp3-sensitivity/gamma_03/classificacao/logs_modernbert/reuters90/esae-gamma03.log)
[DONE] Finalizado reuters90_esae-gamma03
[RUN] Iniciando books_esae-gamma03 (Acompanhe os detalhes em /app/results/exp3-sensitivity/gamma_03/classificacao/logs_modernbert/books/esae-gamma03.log)
[DONE] Finalizado books_esae-gamma03
[RUN] Iniciando trec_esae-gamma03 (Acompanhe os detalhes em /app/results/exp3-sensitivity/gamma_03/classificacao/logs_modernbert/trec/esae-gamma03.log)
[DONE] Finalizado trec_esae-gamma03
[RUN] Iniciando 20ng_esae-gamma03 (Acompanhe os detalhes em /app/results/exp3-sensitivity/gamma_03/classificacao/logs_modernbert/20ng/esae-gamma03.log)
[DONE] Finalizado 20ng_esae-gamma03
All runs finished.

=================================================
Step 4: Generating results CSV (Metrics)
=================================================
Loaded selection CSV with 6 entries from: /app/results/exp3-sensitivity/gamma_03/instance_selection/selection_summary.csv
Processing: dataset=20ng, method=esae-gamma03, model=modernbert, reduction=0.22468768848158507
Processing: dataset=books, method=esae-gamma03, model=modernbert, reduction=0.18632294835304744
Processing: dataset=ohsumed, method=esae-gamma03, model=modernbert, reduction=0.1390377649928765
Processing: dataset=reuters90, method=esae-gamma03, model=modernbert, reduction=0.24225717551688253
Processing: dataset=sst2, method=esae-gamma03, model=modernbert, reduction=0.2985195912936182
Processing: dataset=trec, method=esae-gamma03, model=modernbert, reduction=0.2392097690192824
Wrote CSV to: /app/results/exp3-sensitivity/gamma_03/classificacao/results/results_modernbert.csv

=================================================
Step 5: Generating results CSV (Times)
=================================================
Loaded selection CSV with 6 entries from: /app/results/exp3-sensitivity/gamma_03/instance_selection/selection_summary.csv
Processing: dataset=20ng, method=esae-gamma03, model=modernbert, IS_time=11.71
Processing: dataset=books, method=esae-gamma03, model=modernbert, IS_time=19.55
Processing: dataset=ohsumed, method=esae-gamma03, model=modernbert, IS_time=11.13
Processing: dataset=reuters90, method=esae-gamma03, model=modernbert, IS_time=8.07
Processing: dataset=sst2, method=esae-gamma03, model=modernbert, IS_time=6.42
Processing: dataset=trec, method=esae-gamma03, model=modernbert, IS_time=4.55
Wrote CSV to: /app/results/exp3-sensitivity/gamma_03/classificacao/results/times_modernbert.csv

=================================================
Pipeline execution completed successfully!
=================================================

───────────────────────────────────────────────────────────────
  Running: esae-gamma05 → /app/results/exp3-sensitivity/gamma_05
───────────────────────────────────────────────────────────────
Methods  : esae-gamma05
Datasets : sst2,ohsumed,reuters90,books,trec,20ng
Steps    : All (1, 2, 3, 4, 5)
=================================================
Step 1: Running unsupervised selection
=================================================
Methods  : esae-gamma05
Datasets : sst2 ohsumed reuters90 books trec 20ng
Dataset: sst2
  Iniciando sst2 e esae-gamma05 (Log: /app/results/exp3-sensitivity/gamma_05/instance_selection/logs/sst2_esae-gamma05.log)
Dataset: ohsumed
  Iniciando ohsumed e esae-gamma05 (Log: /app/results/exp3-sensitivity/gamma_05/instance_selection/logs/ohsumed_esae-gamma05.log)
Dataset: reuters90
  Iniciando reuters90 e esae-gamma05 (Log: /app/results/exp3-sensitivity/gamma_05/instance_selection/logs/reuters90_esae-gamma05.log)
Dataset: books
  Iniciando books e esae-gamma05 (Log: /app/results/exp3-sensitivity/gamma_05/instance_selection/logs/books_esae-gamma05.log)
Dataset: trec
  Iniciando trec e esae-gamma05 (Log: /app/results/exp3-sensitivity/gamma_05/instance_selection/logs/trec_esae-gamma05.log)
Dataset: 20ng
  Iniciando 20ng e esae-gamma05 (Log: /app/results/exp3-sensitivity/gamma_05/instance_selection/logs/20ng_esae-gamma05.log)

=================================================
All runs completed successfully.
=================================================

=================================================
Step 2: Generating summary (read_selection_ci.py)
=================================================
20ng:
    - esae-gamma05: time=11.480 ±0.512 (n=10)  reduction=0.2247 ±0.0069 (n=10)

books:
    - esae-gamma05: time=19.548 ±0.560 (n=10)  reduction=0.1863 ±0.0080 (n=10)

ohsumed:
    - esae-gamma05: time=11.263 ±0.312 (n=10)  reduction=0.1390 ±0.0072 (n=10)

reuters90:
    - esae-gamma05: time=8.346 ±0.745 (n=10)  reduction=0.2423 ±0.0059 (n=10)

sst2:
    - esae-gamma05: time=6.650 ±0.558 (n=10)  reduction=0.2985 ±0.0080 (n=10)

trec:
    - esae-gamma05: time=4.712 ±0.742 (n=10)  reduction=0.2393 ±0.0104 (n=10)

Wrote: /app/results/exp3-sensitivity/gamma_05/instance_selection/selection_summary.json
Wrote: /app/results/exp3-sensitivity/gamma_05/instance_selection/selection_summary.csv

=================================================
Step 3: Running atcBench
=================================================
Running with 1 concurrent processes...
Methods  : esae-gamma05
Datasets : sst2 ohsumed reuters90 books trec 20ng
xargs: warning: options --max-args and --replace/-I/-i are mutually exclusive, ignoring previous --max-args value
[RUN] Iniciando sst2_esae-gamma05 (Acompanhe os detalhes em /app/results/exp3-sensitivity/gamma_05/classificacao/logs_modernbert/sst2/esae-gamma05.log)
[DONE] Finalizado sst2_esae-gamma05
[RUN] Iniciando ohsumed_esae-gamma05 (Acompanhe os detalhes em /app/results/exp3-sensitivity/gamma_05/classificacao/logs_modernbert/ohsumed/esae-gamma05.log)
[DONE] Finalizado ohsumed_esae-gamma05
[RUN] Iniciando reuters90_esae-gamma05 (Acompanhe os detalhes em /app/results/exp3-sensitivity/gamma_05/classificacao/logs_modernbert/reuters90/esae-gamma05.log)
[DONE] Finalizado reuters90_esae-gamma05
[RUN] Iniciando books_esae-gamma05 (Acompanhe os detalhes em /app/results/exp3-sensitivity/gamma_05/classificacao/logs_modernbert/books/esae-gamma05.log)
[DONE] Finalizado books_esae-gamma05
[RUN] Iniciando trec_esae-gamma05 (Acompanhe os detalhes em /app/results/exp3-sensitivity/gamma_05/classificacao/logs_modernbert/trec/esae-gamma05.log)
[DONE] Finalizado trec_esae-gamma05
[RUN] Iniciando 20ng_esae-gamma05 (Acompanhe os detalhes em /app/results/exp3-sensitivity/gamma_05/classificacao/logs_modernbert/20ng/esae-gamma05.log)
[DONE] Finalizado 20ng_esae-gamma05
All runs finished.

=================================================
Step 4: Generating results CSV (Metrics)
=================================================
Loaded selection CSV with 6 entries from: /app/results/exp3-sensitivity/gamma_05/instance_selection/selection_summary.csv
Processing: dataset=20ng, method=esae-gamma05, model=modernbert, reduction=0.22468768222588711
Processing: dataset=books, method=esae-gamma05, model=modernbert, reduction=0.1863163333933142
Processing: dataset=ohsumed, method=esae-gamma05, model=modernbert, reduction=0.13904383590108438
Processing: dataset=reuters90, method=esae-gamma05, model=modernbert, reduction=0.24226558673055637
Processing: dataset=sst2, method=esae-gamma05, model=modernbert, reduction=0.29854270600011873
Processing: dataset=trec, method=esae-gamma05, model=modernbert, reduction=0.23934044962632908
Wrote CSV to: /app/results/exp3-sensitivity/gamma_05/classificacao/results/results_modernbert.csv

=================================================
Step 5: Generating results CSV (Times)
=================================================
Loaded selection CSV with 6 entries from: /app/results/exp3-sensitivity/gamma_05/instance_selection/selection_summary.csv
Processing: dataset=20ng, method=esae-gamma05, model=modernbert, IS_time=11.48
Processing: dataset=books, method=esae-gamma05, model=modernbert, IS_time=19.55
Processing: dataset=ohsumed, method=esae-gamma05, model=modernbert, IS_time=11.26
Processing: dataset=reuters90, method=esae-gamma05, model=modernbert, IS_time=8.35
Processing: dataset=sst2, method=esae-gamma05, model=modernbert, IS_time=6.65
Processing: dataset=trec, method=esae-gamma05, model=modernbert, IS_time=4.71
Wrote CSV to: /app/results/exp3-sensitivity/gamma_05/classificacao/results/times_modernbert.csv

=================================================
Pipeline execution completed successfully!
=================================================

───────────────────────────────────────────────────────────────
  Running: esae-gamma07 → /app/results/exp3-sensitivity/gamma_07
───────────────────────────────────────────────────────────────
Methods  : esae-gamma07
Datasets : sst2,ohsumed,reuters90,books,trec,20ng
Steps    : All (1, 2, 3, 4, 5)
=================================================
Step 1: Running unsupervised selection
=================================================
Methods  : esae-gamma07
Datasets : sst2 ohsumed reuters90 books trec 20ng
Dataset: sst2
  Iniciando sst2 e esae-gamma07 (Log: /app/results/exp3-sensitivity/gamma_07/instance_selection/logs/sst2_esae-gamma07.log)
Dataset: ohsumed
  Iniciando ohsumed e esae-gamma07 (Log: /app/results/exp3-sensitivity/gamma_07/instance_selection/logs/ohsumed_esae-gamma07.log)
Dataset: reuters90
  Iniciando reuters90 e esae-gamma07 (Log: /app/results/exp3-sensitivity/gamma_07/instance_selection/logs/reuters90_esae-gamma07.log)
Dataset: books
  Iniciando books e esae-gamma07 (Log: /app/results/exp3-sensitivity/gamma_07/instance_selection/logs/books_esae-gamma07.log)
Dataset: trec
  Iniciando trec e esae-gamma07 (Log: /app/results/exp3-sensitivity/gamma_07/instance_selection/logs/trec_esae-gamma07.log)
Dataset: 20ng
  Iniciando 20ng e esae-gamma07 (Log: /app/results/exp3-sensitivity/gamma_07/instance_selection/logs/20ng_esae-gamma07.log)

=================================================
All runs completed successfully.
=================================================

=================================================
Step 2: Generating summary (read_selection_ci.py)
=================================================
20ng:
    - esae-gamma07: time=11.563 ±0.593 (n=10)  reduction=0.2247 ±0.0069 (n=10)

books:
    - esae-gamma07: time=19.608 ±0.340 (n=10)  reduction=0.1863 ±0.0080 (n=10)

ohsumed:
    - esae-gamma07: time=10.920 ±0.547 (n=10)  reduction=0.1391 ±0.0072 (n=10)

reuters90:
    - esae-gamma07: time=7.968 ±1.098 (n=10)  reduction=0.2423 ±0.0059 (n=10)

sst2:
    - esae-gamma07: time=6.638 ±0.699 (n=10)  reduction=0.2985 ±0.0080 (n=10)

trec:
    - esae-gamma07: time=4.477 ±0.952 (n=10)  reduction=0.2391 ±0.0104 (n=10)

Wrote: /app/results/exp3-sensitivity/gamma_07/instance_selection/selection_summary.json
Wrote: /app/results/exp3-sensitivity/gamma_07/instance_selection/selection_summary.csv

=================================================
Step 3: Running atcBench
=================================================
Running with 1 concurrent processes...
Methods  : esae-gamma07
Datasets : sst2 ohsumed reuters90 books trec 20ng
xargs: warning: options --max-args and --replace/-I/-i are mutually exclusive, ignoring previous --max-args value
[RUN] Iniciando sst2_esae-gamma07 (Acompanhe os detalhes em /app/results/exp3-sensitivity/gamma_07/classificacao/logs_modernbert/sst2/esae-gamma07.log)
[DONE] Finalizado sst2_esae-gamma07
[RUN] Iniciando ohsumed_esae-gamma07 (Acompanhe os detalhes em /app/results/exp3-sensitivity/gamma_07/classificacao/logs_modernbert/ohsumed/esae-gamma07.log)
[DONE] Finalizado ohsumed_esae-gamma07
[RUN] Iniciando reuters90_esae-gamma07 (Acompanhe os detalhes em /app/results/exp3-sensitivity/gamma_07/classificacao/logs_modernbert/reuters90/esae-gamma07.log)
