═══════════════════════════════════════════════════════════════════
  Exp 4: SAE-IS at Fixed Reduction Rates
  Datasets:    sst2,ohsumed,reuters90,books,trec,20ng
  Input Rep:   jina-v5
  Rates:       10 15 20 25 30 35 40
  Results Dir: /app/results/exp4-fixed-rates
═══════════════════════════════════════════════════════════════════

───────────────────────────────────────────────────────────────
  Running SAE-IS at 10% reduction → /app/results/exp4-fixed-rates/rate_10
───────────────────────────────────────────────────────────────
Methods  : sae-rate-10
Datasets : sst2,ohsumed,reuters90,books,trec,20ng
Steps    : All (1, 2, 3, 4, 5)
=================================================
Step 1: Running unsupervised selection
=================================================
Methods  : sae-rate-10
Datasets : sst2 ohsumed reuters90 books trec 20ng
Dataset: sst2
  Iniciando sst2 e sae-rate-10 (Log: /app/results/exp4-fixed-rates/rate_10/instance_selection/logs/sst2_sae-rate-10.log)
Dataset: ohsumed
  Iniciando ohsumed e sae-rate-10 (Log: /app/results/exp4-fixed-rates/rate_10/instance_selection/logs/ohsumed_sae-rate-10.log)
Dataset: reuters90
  Iniciando reuters90 e sae-rate-10 (Log: /app/results/exp4-fixed-rates/rate_10/instance_selection/logs/reuters90_sae-rate-10.log)
Dataset: books
  Iniciando books e sae-rate-10 (Log: /app/results/exp4-fixed-rates/rate_10/instance_selection/logs/books_sae-rate-10.log)
Dataset: trec
  Iniciando trec e sae-rate-10 (Log: /app/results/exp4-fixed-rates/rate_10/instance_selection/logs/trec_sae-rate-10.log)
Dataset: 20ng
  Iniciando 20ng e sae-rate-10 (Log: /app/results/exp4-fixed-rates/rate_10/instance_selection/logs/20ng_sae-rate-10.log)

=================================================
All runs completed successfully.
=================================================

=================================================
Step 2: Generating summary (read_selection_ci.py)
=================================================
20ng:
    - sae-rate-10: time=14.272 ±1.359 (n=10)  reduction=0.1000 ±0.0000 (n=10)

books:
    - sae-rate-10: time=25.890 ±2.893 (n=10)  reduction=0.1000 ±0.0000 (n=10)

ohsumed:
    - sae-rate-10: time=16.299 ±0.993 (n=10)  reduction=0.1000 ±0.0000 (n=10)

reuters90:
    - sae-rate-10: time=9.644 ±1.313 (n=10)  reduction=0.1000 ±0.0000 (n=10)

sst2:
    - sae-rate-10: time=7.506 ±0.984 (n=10)  reduction=0.1001 ±0.0000 (n=10)

trec:
    - sae-rate-10: time=5.279 ±0.529 (n=10)  reduction=0.1000 ±0.0001 (n=10)

Wrote: /app/results/exp4-fixed-rates/rate_10/instance_selection/selection_summary.json
Wrote: /app/results/exp4-fixed-rates/rate_10/instance_selection/selection_summary.csv

=================================================
Step 3: Running atcBench
=================================================
Running with 1 concurrent processes...
Methods  : sae-rate-10
Datasets : sst2 ohsumed reuters90 books trec 20ng
xargs: warning: options --max-args and --replace/-I/-i are mutually exclusive, ignoring previous --max-args value
[RUN] Iniciando sst2_sae-rate-10 (Acompanhe os detalhes em /app/results/exp4-fixed-rates/rate_10/classificacao/logs_modernbert/sst2/sae-rate-10.log)
[DONE] Finalizado sst2_sae-rate-10
[RUN] Iniciando ohsumed_sae-rate-10 (Acompanhe os detalhes em /app/results/exp4-fixed-rates/rate_10/classificacao/logs_modernbert/ohsumed/sae-rate-10.log)
[DONE] Finalizado ohsumed_sae-rate-10
[RUN] Iniciando reuters90_sae-rate-10 (Acompanhe os detalhes em /app/results/exp4-fixed-rates/rate_10/classificacao/logs_modernbert/reuters90/sae-rate-10.log)
[DONE] Finalizado reuters90_sae-rate-10
[RUN] Iniciando books_sae-rate-10 (Acompanhe os detalhes em /app/results/exp4-fixed-rates/rate_10/classificacao/logs_modernbert/books/sae-rate-10.log)
[DONE] Finalizado books_sae-rate-10
[RUN] Iniciando trec_sae-rate-10 (Acompanhe os detalhes em /app/results/exp4-fixed-rates/rate_10/classificacao/logs_modernbert/trec/sae-rate-10.log)
[DONE] Finalizado trec_sae-rate-10
[RUN] Iniciando 20ng_sae-rate-10 (Acompanhe os detalhes em /app/results/exp4-fixed-rates/rate_10/classificacao/logs_modernbert/20ng/sae-rate-10.log)
[DONE] Finalizado 20ng_sae-rate-10
All runs finished.

=================================================
Step 4: Generating results CSV (Metrics)
=================================================
Loaded selection CSV with 6 entries from: /app/results/exp4-fixed-rates/rate_10/instance_selection/selection_summary.csv
Processing: dataset=20ng, method=sae-rate-10, model=modernbert, reduction=0.10000943521276484
Processing: dataset=books, method=sae-rate-10, model=modernbert, reduction=0.10001786035846148
Processing: dataset=ohsumed, method=sae-rate-10, model=modernbert, reduction=0.1000437112025436
Processing: dataset=reuters90, method=sae-rate-10, model=modernbert, reduction=0.10001413167034444
Processing: dataset=sst2, method=sae-rate-10, model=modernbert, reduction=0.10008437716253638
Processing: dataset=trec, method=sae-rate-10, model=modernbert, reduction=0.10002239990029309
Wrote CSV to: /app/results/exp4-fixed-rates/rate_10/classificacao/results/results_modernbert.csv

=================================================
Step 5: Generating results CSV (Times)
=================================================
Loaded selection CSV with 6 entries from: /app/results/exp4-fixed-rates/rate_10/instance_selection/selection_summary.csv
Processing: dataset=20ng, method=sae-rate-10, model=modernbert, IS_time=14.27
Processing: dataset=books, method=sae-rate-10, model=modernbert, IS_time=25.89
Processing: dataset=ohsumed, method=sae-rate-10, model=modernbert, IS_time=16.30
Processing: dataset=reuters90, method=sae-rate-10, model=modernbert, IS_time=9.64
Processing: dataset=sst2, method=sae-rate-10, model=modernbert, IS_time=7.51
Processing: dataset=trec, method=sae-rate-10, model=modernbert, IS_time=5.28
Wrote CSV to: /app/results/exp4-fixed-rates/rate_10/classificacao/results/times_modernbert.csv

=================================================
Pipeline execution completed successfully!
=================================================

───────────────────────────────────────────────────────────────
  Running SAE-IS at 15% reduction → /app/results/exp4-fixed-rates/rate_15
───────────────────────────────────────────────────────────────
Methods  : sae-rate-15
Datasets : sst2,ohsumed,reuters90,books,trec,20ng
Steps    : All (1, 2, 3, 4, 5)
=================================================
Step 1: Running unsupervised selection
=================================================
Methods  : sae-rate-15
Datasets : sst2 ohsumed reuters90 books trec 20ng
Dataset: sst2
  Iniciando sst2 e sae-rate-15 (Log: /app/results/exp4-fixed-rates/rate_15/instance_selection/logs/sst2_sae-rate-15.log)
Dataset: ohsumed
  Iniciando ohsumed e sae-rate-15 (Log: /app/results/exp4-fixed-rates/rate_15/instance_selection/logs/ohsumed_sae-rate-15.log)
Dataset: reuters90
  Iniciando reuters90 e sae-rate-15 (Log: /app/results/exp4-fixed-rates/rate_15/instance_selection/logs/reuters90_sae-rate-15.log)
Dataset: books
  Iniciando books e sae-rate-15 (Log: /app/results/exp4-fixed-rates/rate_15/instance_selection/logs/books_sae-rate-15.log)
Dataset: trec
  Iniciando trec e sae-rate-15 (Log: /app/results/exp4-fixed-rates/rate_15/instance_selection/logs/trec_sae-rate-15.log)
Dataset: 20ng
  Iniciando 20ng e sae-rate-15 (Log: /app/results/exp4-fixed-rates/rate_15/instance_selection/logs/20ng_sae-rate-15.log)

=================================================
All runs completed successfully.
=================================================

=================================================
Step 2: Generating summary (read_selection_ci.py)
=================================================
20ng:
    - sae-rate-15: time=11.431 ±0.428 (n=10)  reduction=0.1500 ±0.0000 (n=10)

books:
    - sae-rate-15: time=19.658 ±0.544 (n=10)  reduction=0.1500 ±0.0000 (n=10)

ohsumed:
    - sae-rate-15: time=10.985 ±0.372 (n=10)  reduction=0.1500 ±0.0000 (n=10)

reuters90:
    - sae-rate-15: time=8.051 ±0.785 (n=10)  reduction=0.1500 ±0.0000 (n=10)

sst2:
    - sae-rate-15: time=6.337 ±0.431 (n=10)  reduction=0.1500 ±0.0000 (n=10)

trec:
    - sae-rate-15: time=4.319 ±0.398 (n=10)  reduction=0.1500 ±0.0001 (n=10)

Wrote: /app/results/exp4-fixed-rates/rate_15/instance_selection/selection_summary.json
Wrote: /app/results/exp4-fixed-rates/rate_15/instance_selection/selection_summary.csv

=================================================
Step 3: Running atcBench
=================================================
Running with 1 concurrent processes...
Methods  : sae-rate-15
Datasets : sst2 ohsumed reuters90 books trec 20ng
xargs: warning: options --max-args and --replace/-I/-i are mutually exclusive, ignoring previous --max-args value
[RUN] Iniciando sst2_sae-rate-15 (Acompanhe os detalhes em /app/results/exp4-fixed-rates/rate_15/classificacao/logs_modernbert/sst2/sae-rate-15.log)
[DONE] Finalizado sst2_sae-rate-15
[RUN] Iniciando ohsumed_sae-rate-15 (Acompanhe os detalhes em /app/results/exp4-fixed-rates/rate_15/classificacao/logs_modernbert/ohsumed/sae-rate-15.log)
[DONE] Finalizado ohsumed_sae-rate-15
[RUN] Iniciando reuters90_sae-rate-15 (Acompanhe os detalhes em /app/results/exp4-fixed-rates/rate_15/classificacao/logs_modernbert/reuters90/sae-rate-15.log)
[DONE] Finalizado reuters90_sae-rate-15
[RUN] Iniciando books_sae-rate-15 (Acompanhe os detalhes em /app/results/exp4-fixed-rates/rate_15/classificacao/logs_modernbert/books/sae-rate-15.log)
[DONE] Finalizado books_sae-rate-15
[RUN] Iniciando trec_sae-rate-15 (Acompanhe os detalhes em /app/results/exp4-fixed-rates/rate_15/classificacao/logs_modernbert/trec/sae-rate-15.log)
[DONE] Finalizado trec_sae-rate-15
[RUN] Iniciando 20ng_sae-rate-15 (Acompanhe os detalhes em /app/results/exp4-fixed-rates/rate_15/classificacao/logs_modernbert/20ng/sae-rate-15.log)
[DONE] Finalizado 20ng_sae-rate-15
All runs finished.

=================================================
Step 4: Generating results CSV (Metrics)
=================================================
Loaded selection CSV with 6 entries from: /app/results/exp4-fixed-rates/rate_15/instance_selection/selection_summary.csv
Processing: dataset=20ng, method=sae-rate-15, model=modernbert, reduction=0.15001119966944126
Processing: dataset=books, method=sae-rate-15, model=modernbert, reduction=0.1500201756873532
Processing: dataset=ohsumed, method=sae-rate-15, model=modernbert, reduction=0.14997753716047474
Processing: dataset=reuters90, method=sae-rate-15, model=modernbert, reduction=0.1500379451805366
Processing: dataset=sst2, method=sae-rate-15, model=modernbert, reduction=0.1500052011763717
Processing: dataset=trec, method=sae-rate-15, model=modernbert, reduction=0.15001493442862235
Wrote CSV to: /app/results/exp4-fixed-rates/rate_15/classificacao/results/results_modernbert.csv

=================================================
Step 5: Generating results CSV (Times)
=================================================
Loaded selection CSV with 6 entries from: /app/results/exp4-fixed-rates/rate_15/instance_selection/selection_summary.csv
Processing: dataset=20ng, method=sae-rate-15, model=modernbert, IS_time=11.43
Processing: dataset=books, method=sae-rate-15, model=modernbert, IS_time=19.66
Processing: dataset=ohsumed, method=sae-rate-15, model=modernbert, IS_time=10.99
Processing: dataset=reuters90, method=sae-rate-15, model=modernbert, IS_time=8.05
Processing: dataset=sst2, method=sae-rate-15, model=modernbert, IS_time=6.34
Processing: dataset=trec, method=sae-rate-15, model=modernbert, IS_time=4.32
Wrote CSV to: /app/results/exp4-fixed-rates/rate_15/classificacao/results/times_modernbert.csv

=================================================
Pipeline execution completed successfully!
=================================================

───────────────────────────────────────────────────────────────
  Running SAE-IS at 20% reduction → /app/results/exp4-fixed-rates/rate_20
───────────────────────────────────────────────────────────────
Methods  : sae-rate-20
Datasets : sst2,ohsumed,reuters90,books,trec,20ng
Steps    : All (1, 2, 3, 4, 5)
=================================================
Step 1: Running unsupervised selection
=================================================
Methods  : sae-rate-20
Datasets : sst2 ohsumed reuters90 books trec 20ng
Dataset: sst2
  Iniciando sst2 e sae-rate-20 (Log: /app/results/exp4-fixed-rates/rate_20/instance_selection/logs/sst2_sae-rate-20.log)
Dataset: ohsumed
  Iniciando ohsumed e sae-rate-20 (Log: /app/results/exp4-fixed-rates/rate_20/instance_selection/logs/ohsumed_sae-rate-20.log)
Dataset: reuters90
  Iniciando reuters90 e sae-rate-20 (Log: /app/results/exp4-fixed-rates/rate_20/instance_selection/logs/reuters90_sae-rate-20.log)
Dataset: books
  Iniciando books e sae-rate-20 (Log: /app/results/exp4-fixed-rates/rate_20/instance_selection/logs/books_sae-rate-20.log)
Dataset: trec
  Iniciando trec e sae-rate-20 (Log: /app/results/exp4-fixed-rates/rate_20/instance_selection/logs/trec_sae-rate-20.log)
Dataset: 20ng
  Iniciando 20ng e sae-rate-20 (Log: /app/results/exp4-fixed-rates/rate_20/instance_selection/logs/20ng_sae-rate-20.log)

=================================================
All runs completed successfully.
=================================================

=================================================
Step 2: Generating summary (read_selection_ci.py)
=================================================
20ng:
    - sae-rate-20: time=11.035 ±0.457 (n=10)  reduction=0.2000 ±0.0000 (n=10)

books:
    - sae-rate-20: time=19.521 ±0.945 (n=10)  reduction=0.2000 ±0.0000 (n=10)

ohsumed:
    - sae-rate-20: time=10.936 ±0.381 (n=10)  reduction=0.2000 ±0.0000 (n=10)

reuters90:
    - sae-rate-20: time=7.594 ±0.800 (n=10)  reduction=0.2000 ±0.0001 (n=10)

sst2:
    - sae-rate-20: time=6.116 ±0.676 (n=10)  reduction=0.2001 ±0.0000 (n=10)

trec:
    - sae-rate-20: time=3.874 ±0.406 (n=10)  reduction=0.2001 ±0.0000 (n=10)

Wrote: /app/results/exp4-fixed-rates/rate_20/instance_selection/selection_summary.json
Wrote: /app/results/exp4-fixed-rates/rate_20/instance_selection/selection_summary.csv

=================================================
Step 3: Running atcBench
=================================================
Running with 1 concurrent processes...
Methods  : sae-rate-20
Datasets : sst2 ohsumed reuters90 books trec 20ng
xargs: warning: options --max-args and --replace/-I/-i are mutually exclusive, ignoring previous --max-args value
[RUN] Iniciando sst2_sae-rate-20 (Acompanhe os detalhes em /app/results/exp4-fixed-rates/rate_20/classificacao/logs_modernbert/sst2/sae-rate-20.log)
[DONE] Finalizado sst2_sae-rate-20
[RUN] Iniciando ohsumed_sae-rate-20 (Acompanhe os detalhes em /app/results/exp4-fixed-rates/rate_20/classificacao/logs_modernbert/ohsumed/sae-rate-20.log)
[DONE] Finalizado ohsumed_sae-rate-20
[RUN] Iniciando reuters90_sae-rate-20 (Acompanhe os detalhes em /app/results/exp4-fixed-rates/rate_20/classificacao/logs_modernbert/reuters90/sae-rate-20.log)
[DONE] Finalizado reuters90_sae-rate-20
[RUN] Iniciando books_sae-rate-20 (Acompanhe os detalhes em /app/results/exp4-fixed-rates/rate_20/classificacao/logs_modernbert/books/sae-rate-20.log)
[DONE] Finalizado books_sae-rate-20
[RUN] Iniciando trec_sae-rate-20 (Acompanhe os detalhes em /app/results/exp4-fixed-rates/rate_20/classificacao/logs_modernbert/trec/sae-rate-20.log)
[DONE] Finalizado trec_sae-rate-20
[RUN] Iniciando 20ng_sae-rate-20 (Acompanhe os detalhes em /app/results/exp4-fixed-rates/rate_20/classificacao/logs_modernbert/20ng/sae-rate-20.log)
[DONE] Finalizado 20ng_sae-rate-20
All runs finished.

=================================================
Step 4: Generating results CSV (Metrics)
=================================================
Loaded selection CSV with 6 entries from: /app/results/exp4-fixed-rates/rate_20/instance_selection/selection_summary.csv
Processing: dataset=20ng, method=sae-rate-20, model=modernbert, reduction=0.20000707797487083
Processing: dataset=books, method=sae-rate-20, model=modernbert, reduction=0.19999272364274825
Processing: dataset=ohsumed, method=sae-rate-20, model=modernbert, reduction=0.20002064130905572
Processing: dataset=reuters90, method=sae-rate-20, model=modernbert, reduction=0.20001170018239614
Processing: dataset=sst2, method=sae-rate-20, model=modernbert, reduction=0.200064728125573
Processing: dataset=trec, method=sae-rate-20, model=modernbert, reduction=0.20011947542897882
Wrote CSV to: /app/results/exp4-fixed-rates/rate_20/classificacao/results/results_modernbert.csv

=================================================
Step 5: Generating results CSV (Times)
=================================================
Loaded selection CSV with 6 entries from: /app/results/exp4-fixed-rates/rate_20/instance_selection/selection_summary.csv
Processing: dataset=20ng, method=sae-rate-20, model=modernbert, IS_time=11.03
Processing: dataset=books, method=sae-rate-20, model=modernbert, IS_time=19.52
Processing: dataset=ohsumed, method=sae-rate-20, model=modernbert, IS_time=10.94
Processing: dataset=reuters90, method=sae-rate-20, model=modernbert, IS_time=7.59
Processing: dataset=sst2, method=sae-rate-20, model=modernbert, IS_time=6.12
Processing: dataset=trec, method=sae-rate-20, model=modernbert, IS_time=3.87
Wrote CSV to: /app/results/exp4-fixed-rates/rate_20/classificacao/results/times_modernbert.csv

=================================================
Pipeline execution completed successfully!
=================================================

───────────────────────────────────────────────────────────────
  Running SAE-IS at 25% reduction → /app/results/exp4-fixed-rates/rate_25
───────────────────────────────────────────────────────────────
Methods  : sae-rate-25
Datasets : sst2,ohsumed,reuters90,books,trec,20ng
Steps    : All (1, 2, 3, 4, 5)
=================================================
Step 1: Running unsupervised selection
=================================================
Methods  : sae-rate-25
Datasets : sst2 ohsumed reuters90 books trec 20ng
Dataset: sst2
  Iniciando sst2 e sae-rate-25 (Log: /app/results/exp4-fixed-rates/rate_25/instance_selection/logs/sst2_sae-rate-25.log)
Dataset: ohsumed
  Iniciando ohsumed e sae-rate-25 (Log: /app/results/exp4-fixed-rates/rate_25/instance_selection/logs/ohsumed_sae-rate-25.log)
Dataset: reuters90
  Iniciando reuters90 e sae-rate-25 (Log: /app/results/exp4-fixed-rates/rate_25/instance_selection/logs/reuters90_sae-rate-25.log)
Dataset: books
  Iniciando books e sae-rate-25 (Log: /app/results/exp4-fixed-rates/rate_25/instance_selection/logs/books_sae-rate-25.log)
Dataset: trec
  Iniciando trec e sae-rate-25 (Log: /app/results/exp4-fixed-rates/rate_25/instance_selection/logs/trec_sae-rate-25.log)
Dataset: 20ng
  Iniciando 20ng e sae-rate-25 (Log: /app/results/exp4-fixed-rates/rate_25/instance_selection/logs/20ng_sae-rate-25.log)

=================================================
All runs completed successfully.
=================================================

=================================================
Step 2: Generating summary (read_selection_ci.py)
=================================================
20ng:
    - sae-rate-25: time=16.769 ±1.442 (n=10)  reduction=0.2500 ±0.0000 (n=10)

books:
    - sae-rate-25: time=30.103 ±1.609 (n=10)  reduction=0.2500 ±0.0000 (n=10)

ohsumed:
    - sae-rate-25: time=16.638 ±1.320 (n=10)  reduction=0.2500 ±0.0000 (n=10)

reuters90:
    - sae-rate-25: time=12.368 ±1.250 (n=10)  reduction=0.2500 ±0.0000 (n=10)

sst2:
    - sae-rate-25: time=8.257 ±0.738 (n=10)  reduction=0.2500 ±0.0000 (n=10)

trec:
    - sae-rate-25: time=5.879 ±0.309 (n=10)  reduction=0.2500 ±0.0001 (n=10)

Wrote: /app/results/exp4-fixed-rates/rate_25/instance_selection/selection_summary.json
Wrote: /app/results/exp4-fixed-rates/rate_25/instance_selection/selection_summary.csv

=================================================
Step 3: Running atcBench
=================================================
Running with 1 concurrent processes...
Methods  : sae-rate-25
Datasets : sst2 ohsumed reuters90 books trec 20ng
xargs: warning: options --max-args and --replace/-I/-i are mutually exclusive, ignoring previous --max-args value
[RUN] Iniciando sst2_sae-rate-25 (Acompanhe os detalhes em /app/results/exp4-fixed-rates/rate_25/classificacao/logs_modernbert/sst2/sae-rate-25.log)
[DONE] Finalizado sst2_sae-rate-25
[RUN] Iniciando ohsumed_sae-rate-25 (Acompanhe os detalhes em /app/results/exp4-fixed-rates/rate_25/classificacao/logs_modernbert/ohsumed/sae-rate-25.log)
[DONE] Finalizado ohsumed_sae-rate-25
[RUN] Iniciando reuters90_sae-rate-25 (Acompanhe os detalhes em /app/results/exp4-fixed-rates/rate_25/classificacao/logs_modernbert/reuters90/sae-rate-25.log)
[DONE] Finalizado reuters90_sae-rate-25
[RUN] Iniciando books_sae-rate-25 (Acompanhe os detalhes em /app/results/exp4-fixed-rates/rate_25/classificacao/logs_modernbert/books/sae-rate-25.log)
[DONE] Finalizado books_sae-rate-25
[RUN] Iniciando trec_sae-rate-25 (Acompanhe os detalhes em /app/results/exp4-fixed-rates/rate_25/classificacao/logs_modernbert/trec/sae-rate-25.log)
[DONE] Finalizado trec_sae-rate-25
[RUN] Iniciando 20ng_sae-rate-25 (Acompanhe os detalhes em /app/results/exp4-fixed-rates/rate_25/classificacao/logs_modernbert/20ng/sae-rate-25.log)
[DONE] Finalizado 20ng_sae-rate-25
All runs finished.

=================================================
Step 4: Generating results CSV (Metrics)
=================================================
Loaded selection CSV with 6 entries from: /app/results/exp4-fixed-rates/rate_25/instance_selection/selection_summary.csv
Processing: dataset=20ng, method=sae-rate-25, model=modernbert, reduction=0.2500029507211008
Processing: dataset=books, method=sae-rate-25, model=modernbert, reduction=0.25000826878171223
Processing: dataset=ohsumed, method=sae-rate-25, model=modernbert, reduction=0.2499787520055633
Processing: dataset=reuters90, method=sae-rate-25, model=modernbert, reduction=0.25000207314403383
Processing: dataset=sst2, method=sae-rate-25, model=modernbert, reduction=0.24995087673957506
Processing: dataset=trec, method=sae-rate-25, model=modernbert, reduction=0.25003732735835366
Wrote CSV to: /app/results/exp4-fixed-rates/rate_25/classificacao/results/results_modernbert.csv

=================================================
Step 5: Generating results CSV (Times)
=================================================
Loaded selection CSV with 6 entries from: /app/results/exp4-fixed-rates/rate_25/instance_selection/selection_summary.csv
Processing: dataset=20ng, method=sae-rate-25, model=modernbert, IS_time=16.77
Processing: dataset=books, method=sae-rate-25, model=modernbert, IS_time=30.10
Processing: dataset=ohsumed, method=sae-rate-25, model=modernbert, IS_time=16.64
Processing: dataset=reuters90, method=sae-rate-25, model=modernbert, IS_time=12.37
Processing: dataset=sst2, method=sae-rate-25, model=modernbert, IS_time=8.26
Processing: dataset=trec, method=sae-rate-25, model=modernbert, IS_time=5.88
Wrote CSV to: /app/results/exp4-fixed-rates/rate_25/classificacao/results/times_modernbert.csv

=================================================
Pipeline execution completed successfully!
=================================================

───────────────────────────────────────────────────────────────
  Running SAE-IS at 30% reduction → /app/results/exp4-fixed-rates/rate_30
───────────────────────────────────────────────────────────────
Methods  : sae-rate-30
Datasets : sst2,ohsumed,reuters90,books,trec,20ng
Steps    : All (1, 2, 3, 4, 5)
=================================================
Step 1: Running unsupervised selection
=================================================
Methods  : sae-rate-30
Datasets : sst2 ohsumed reuters90 books trec 20ng
Dataset: sst2
  Iniciando sst2 e sae-rate-30 (Log: /app/results/exp4-fixed-rates/rate_30/instance_selection/logs/sst2_sae-rate-30.log)
Dataset: ohsumed
  Iniciando ohsumed e sae-rate-30 (Log: /app/results/exp4-fixed-rates/rate_30/instance_selection/logs/ohsumed_sae-rate-30.log)
Dataset: reuters90
  Iniciando reuters90 e sae-rate-30 (Log: /app/results/exp4-fixed-rates/rate_30/instance_selection/logs/reuters90_sae-rate-30.log)
Dataset: books
  Iniciando books e sae-rate-30 (Log: /app/results/exp4-fixed-rates/rate_30/instance_selection/logs/books_sae-rate-30.log)
Dataset: trec
  Iniciando trec e sae-rate-30 (Log: /app/results/exp4-fixed-rates/rate_30/instance_selection/logs/trec_sae-rate-30.log)
Dataset: 20ng
  Iniciando 20ng e sae-rate-30 (Log: /app/results/exp4-fixed-rates/rate_30/instance_selection/logs/20ng_sae-rate-30.log)

=================================================
All runs completed successfully.
=================================================

=================================================
Step 2: Generating summary (read_selection_ci.py)
=================================================
20ng:
    - sae-rate-30: time=11.679 ±0.985 (n=10)  reduction=0.3000 ±0.0000 (n=10)

books:
    - sae-rate-30: time=19.484 ±0.480 (n=10)  reduction=0.3000 ±0.0000 (n=10)

ohsumed:
    - sae-rate-30: time=11.215 ±0.302 (n=10)  reduction=0.3000 ±0.0000 (n=10)

reuters90:
    - sae-rate-30: time=8.022 ±0.748 (n=10)  reduction=0.3000 ±0.0000 (n=10)

sst2:
    - sae-rate-30: time=6.210 ±0.341 (n=10)  reduction=0.3000 ±0.0001 (n=10)

trec:
    - sae-rate-30: time=4.223 ±0.370 (n=10)  reduction=0.3000 ±0.0002 (n=10)

Wrote: /app/results/exp4-fixed-rates/rate_30/instance_selection/selection_summary.json
Wrote: /app/results/exp4-fixed-rates/rate_30/instance_selection/selection_summary.csv

=================================================
Step 3: Running atcBench
=================================================
Running with 1 concurrent processes...
Methods  : sae-rate-30
Datasets : sst2 ohsumed reuters90 books trec 20ng
xargs: warning: options --max-args and --replace/-I/-i are mutually exclusive, ignoring previous --max-args value
[RUN] Iniciando sst2_sae-rate-30 (Acompanhe os detalhes em /app/results/exp4-fixed-rates/rate_30/classificacao/logs_modernbert/sst2/sae-rate-30.log)
[DONE] Finalizado sst2_sae-rate-30
[RUN] Iniciando ohsumed_sae-rate-30 (Acompanhe os detalhes em /app/results/exp4-fixed-rates/rate_30/classificacao/logs_modernbert/ohsumed/sae-rate-30.log)
[DONE] Finalizado ohsumed_sae-rate-30
[RUN] Iniciando reuters90_sae-rate-30 (Acompanhe os detalhes em /app/results/exp4-fixed-rates/rate_30/classificacao/logs_modernbert/reuters90/sae-rate-30.log)
[DONE] Finalizado reuters90_sae-rate-30
[RUN] Iniciando books_sae-rate-30 (Acompanhe os detalhes em /app/results/exp4-fixed-rates/rate_30/classificacao/logs_modernbert/books/sae-rate-30.log)
[DONE] Finalizado books_sae-rate-30
[RUN] Iniciando trec_sae-rate-30 (Acompanhe os detalhes em /app/results/exp4-fixed-rates/rate_30/classificacao/logs_modernbert/trec/sae-rate-30.log)
[DONE] Finalizado trec_sae-rate-30
[RUN] Iniciando 20ng_sae-rate-30 (Acompanhe os detalhes em /app/results/exp4-fixed-rates/rate_30/classificacao/logs_modernbert/20ng/sae-rate-30.log)
[DONE] Finalizado 20ng_sae-rate-30
All runs finished.

=================================================
Step 4: Generating results CSV (Metrics)
=================================================
Loaded selection CSV with 6 entries from: /app/results/exp4-fixed-rates/rate_30/instance_selection/selection_summary.csv
Processing: dataset=20ng, method=sae-rate-30, model=modernbert, reduction=0.3000106166146929
Processing: dataset=books, method=sae-rate-30, model=modernbert, reduction=0.3000105838918155
Processing: dataset=ohsumed, method=sae-rate-30, model=modernbert, reduction=0.29997935942810755
Processing: dataset=reuters90, method=sae-rate-30, model=modernbert, reduction=0.3000091315575433
Processing: dataset=sst2, method=sae-rate-30, model=modernbert, reduction=0.3000219630460761
Processing: dataset=trec, method=sae-rate-30, model=modernbert, reduction=0.30002986537196386
Wrote CSV to: /app/results/exp4-fixed-rates/rate_30/classificacao/results/results_modernbert.csv

=================================================
Step 5: Generating results CSV (Times)
=================================================
Loaded selection CSV with 6 entries from: /app/results/exp4-fixed-rates/rate_30/instance_selection/selection_summary.csv
Processing: dataset=20ng, method=sae-rate-30, model=modernbert, IS_time=11.68
Processing: dataset=books, method=sae-rate-30, model=modernbert, IS_time=19.48
Processing: dataset=ohsumed, method=sae-rate-30, model=modernbert, IS_time=11.22
Processing: dataset=reuters90, method=sae-rate-30, model=modernbert, IS_time=8.02
Processing: dataset=sst2, method=sae-rate-30, model=modernbert, IS_time=6.21
Processing: dataset=trec, method=sae-rate-30, model=modernbert, IS_time=4.22
Wrote CSV to: /app/results/exp4-fixed-rates/rate_30/classificacao/results/times_modernbert.csv

=================================================
Pipeline execution completed successfully!
=================================================

───────────────────────────────────────────────────────────────
  Running SAE-IS at 35% reduction → /app/results/exp4-fixed-rates/rate_35
───────────────────────────────────────────────────────────────
Methods  : sae-rate-35
Datasets : sst2,ohsumed,reuters90,books,trec,20ng
Steps    : All (1, 2, 3, 4, 5)
=================================================
Step 1: Running unsupervised selection
=================================================
Methods  : sae-rate-35
Datasets : sst2 ohsumed reuters90 books trec 20ng
Dataset: sst2
  Iniciando sst2 e sae-rate-35 (Log: /app/results/exp4-fixed-rates/rate_35/instance_selection/logs/sst2_sae-rate-35.log)
Dataset: ohsumed
  Iniciando ohsumed e sae-rate-35 (Log: /app/results/exp4-fixed-rates/rate_35/instance_selection/logs/ohsumed_sae-rate-35.log)
Dataset: reuters90
  Iniciando reuters90 e sae-rate-35 (Log: /app/results/exp4-fixed-rates/rate_35/instance_selection/logs/reuters90_sae-rate-35.log)
Dataset: books
  Iniciando books e sae-rate-35 (Log: /app/results/exp4-fixed-rates/rate_35/instance_selection/logs/books_sae-rate-35.log)
Dataset: trec
  Iniciando trec e sae-rate-35 (Log: /app/results/exp4-fixed-rates/rate_35/instance_selection/logs/trec_sae-rate-35.log)
Dataset: 20ng
  Iniciando 20ng e sae-rate-35 (Log: /app/results/exp4-fixed-rates/rate_35/instance_selection/logs/20ng_sae-rate-35.log)

=================================================
All runs completed successfully.
=================================================

=================================================
Step 2: Generating summary (read_selection_ci.py)
=================================================
20ng:
    - sae-rate-35: time=11.338 ±0.339 (n=10)  reduction=0.3500 ±0.0000 (n=10)

books:
    - sae-rate-35: time=19.458 ±0.980 (n=10)  reduction=0.3500 ±0.0000 (n=10)

ohsumed:
    - sae-rate-35: time=11.028 ±0.368 (n=10)  reduction=0.3500 ±0.0001 (n=10)

reuters90:
    - sae-rate-35: time=8.115 ±0.800 (n=10)  reduction=0.3500 ±0.0000 (n=10)

sst2:
    - sae-rate-35: time=6.288 ±0.360 (n=10)  reduction=0.3501 ±0.0000 (n=10)

trec:
    - sae-rate-35: time=4.350 ±0.431 (n=10)  reduction=0.3499 ±0.0001 (n=10)

Wrote: /app/results/exp4-fixed-rates/rate_35/instance_selection/selection_summary.json
Wrote: /app/results/exp4-fixed-rates/rate_35/instance_selection/selection_summary.csv

=================================================
Step 3: Running atcBench
=================================================
Running with 1 concurrent processes...
Methods  : sae-rate-35
Datasets : sst2 ohsumed reuters90 books trec 20ng
xargs: warning: options --max-args and --replace/-I/-i are mutually exclusive, ignoring previous --max-args value
[RUN] Iniciando sst2_sae-rate-35 (Acompanhe os detalhes em /app/results/exp4-fixed-rates/rate_35/classificacao/logs_modernbert/sst2/sae-rate-35.log)
[DONE] Finalizado sst2_sae-rate-35
[RUN] Iniciando ohsumed_sae-rate-35 (Acompanhe os detalhes em /app/results/exp4-fixed-rates/rate_35/classificacao/logs_modernbert/ohsumed/sae-rate-35.log)
[DONE] Finalizado ohsumed_sae-rate-35
[RUN] Iniciando reuters90_sae-rate-35 (Acompanhe os detalhes em /app/results/exp4-fixed-rates/rate_35/classificacao/logs_modernbert/reuters90/sae-rate-35.log)
[DONE] Finalizado reuters90_sae-rate-35
[RUN] Iniciando books_sae-rate-35 (Acompanhe os detalhes em /app/results/exp4-fixed-rates/rate_35/classificacao/logs_modernbert/books/sae-rate-35.log)
[DONE] Finalizado books_sae-rate-35
[RUN] Iniciando trec_sae-rate-35 (Acompanhe os detalhes em /app/results/exp4-fixed-rates/rate_35/classificacao/logs_modernbert/trec/sae-rate-35.log)
[DONE] Finalizado trec_sae-rate-35
[RUN] Iniciando 20ng_sae-rate-35 (Acompanhe os detalhes em /app/results/exp4-fixed-rates/rate_35/classificacao/logs_modernbert/20ng/sae-rate-35.log)
[DONE] Finalizado 20ng_sae-rate-35
All runs finished.

=================================================
Step 4: Generating results CSV (Metrics)
=================================================
Loaded selection CSV with 6 entries from: /app/results/exp4-fixed-rates/rate_35/instance_selection/selection_summary.csv
Processing: dataset=20ng, method=sae-rate-35, model=modernbert, reduction=0.3500123890601578
Processing: dataset=books, method=sae-rate-35, model=modernbert, reduction=0.35000959157674927
Processing: dataset=ohsumed, method=sae-rate-35, model=modernbert, reduction=0.3499617530202833
Processing: dataset=reuters90, method=sae-rate-35, model=modernbert, reduction=0.3500079401739865
Processing: dataset=sst2, method=sae-rate-35, model=modernbert, reduction=0.35005836860861195
Processing: dataset=trec, method=sae-rate-35, model=modernbert, reduction=0.3499290675632854
Wrote CSV to: /app/results/exp4-fixed-rates/rate_35/classificacao/results/results_modernbert.csv

=================================================
Step 5: Generating results CSV (Times)
=================================================
Loaded selection CSV with 6 entries from: /app/results/exp4-fixed-rates/rate_35/instance_selection/selection_summary.csv
Processing: dataset=20ng, method=sae-rate-35, model=modernbert, IS_time=11.34
Processing: dataset=books, method=sae-rate-35, model=modernbert, IS_time=19.46
Processing: dataset=ohsumed, method=sae-rate-35, model=modernbert, IS_time=11.03
Processing: dataset=reuters90, method=sae-rate-35, model=modernbert, IS_time=8.11
Processing: dataset=sst2, method=sae-rate-35, model=modernbert, IS_time=6.29
Processing: dataset=trec, method=sae-rate-35, model=modernbert, IS_time=4.35
Wrote CSV to: /app/results/exp4-fixed-rates/rate_35/classificacao/results/times_modernbert.csv

=================================================
Pipeline execution completed successfully!
=================================================

───────────────────────────────────────────────────────────────
  Running SAE-IS at 40% reduction → /app/results/exp4-fixed-rates/rate_40
───────────────────────────────────────────────────────────────
Methods  : sae-rate-40
Datasets : sst2,ohsumed,reuters90,books,trec,20ng
Steps    : All (1, 2, 3, 4, 5)
=================================================
Step 1: Running unsupervised selection
=================================================
Methods  : sae-rate-40
Datasets : sst2 ohsumed reuters90 books trec 20ng
Dataset: sst2
  Iniciando sst2 e sae-rate-40 (Log: /app/results/exp4-fixed-rates/rate_40/instance_selection/logs/sst2_sae-rate-40.log)
Dataset: ohsumed
  Iniciando ohsumed e sae-rate-40 (Log: /app/results/exp4-fixed-rates/rate_40/instance_selection/logs/ohsumed_sae-rate-40.log)
Dataset: reuters90
  Iniciando reuters90 e sae-rate-40 (Log: /app/results/exp4-fixed-rates/rate_40/instance_selection/logs/reuters90_sae-rate-40.log)
Dataset: books
  Iniciando books e sae-rate-40 (Log: /app/results/exp4-fixed-rates/rate_40/instance_selection/logs/books_sae-rate-40.log)
Dataset: trec
  Iniciando trec e sae-rate-40 (Log: /app/results/exp4-fixed-rates/rate_40/instance_selection/logs/trec_sae-rate-40.log)
Dataset: 20ng
  Iniciando 20ng e sae-rate-40 (Log: /app/results/exp4-fixed-rates/rate_40/instance_selection/logs/20ng_sae-rate-40.log)

=================================================
All runs completed successfully.
=================================================

=================================================
Step 2: Generating summary (read_selection_ci.py)
=================================================
20ng:
    - sae-rate-40: time=11.502 ±0.973 (n=10)  reduction=0.4000 ±0.0000 (n=10)

books:
    - sae-rate-40: time=20.000 ±0.796 (n=10)  reduction=0.4000 ±0.0000 (n=10)

ohsumed:
    - sae-rate-40: time=10.891 ±1.072 (n=10)  reduction=0.4000 ±0.0000 (n=10)

reuters90:
    - sae-rate-40: time=7.558 ±0.795 (n=10)  reduction=0.4000 ±0.0000 (n=10)

sst2:
    - sae-rate-40: time=6.178 ±0.540 (n=10)  reduction=0.4000 ±0.0001 (n=10)

trec:
    - sae-rate-40: time=4.236 ±1.023 (n=10)  reduction=0.4000 ±0.0001 (n=10)

Wrote: /app/results/exp4-fixed-rates/rate_40/instance_selection/selection_summary.json
Wrote: /app/results/exp4-fixed-rates/rate_40/instance_selection/selection_summary.csv

=================================================
Step 3: Running atcBench
=================================================
Running with 1 concurrent processes...
Methods  : sae-rate-40
Datasets : sst2 ohsumed reuters90 books trec 20ng
xargs: warning: options --max-args and --replace/-I/-i are mutually exclusive, ignoring previous --max-args value
[RUN] Iniciando sst2_sae-rate-40 (Acompanhe os detalhes em /app/results/exp4-fixed-rates/rate_40/classificacao/logs_modernbert/sst2/sae-rate-40.log)
[DONE] Finalizado sst2_sae-rate-40
[RUN] Iniciando ohsumed_sae-rate-40 (Acompanhe os detalhes em /app/results/exp4-fixed-rates/rate_40/classificacao/logs_modernbert/ohsumed/sae-rate-40.log)
[DONE] Finalizado ohsumed_sae-rate-40
[RUN] Iniciando reuters90_sae-rate-40 (Acompanhe os detalhes em /app/results/exp4-fixed-rates/rate_40/classificacao/logs_modernbert/reuters90/sae-rate-40.log)
[DONE] Finalizado reuters90_sae-rate-40
[RUN] Iniciando books_sae-rate-40 (Acompanhe os detalhes em /app/results/exp4-fixed-rates/rate_40/classificacao/logs_modernbert/books/sae-rate-40.log)
[DONE] Finalizado books_sae-rate-40
[RUN] Iniciando trec_sae-rate-40 (Acompanhe os detalhes em /app/results/exp4-fixed-rates/rate_40/classificacao/logs_modernbert/trec/sae-rate-40.log)
[DONE] Finalizado trec_sae-rate-40
[RUN] Iniciando 20ng_sae-rate-40 (Acompanhe os detalhes em /app/results/exp4-fixed-rates/rate_40/classificacao/logs_modernbert/20ng/sae-rate-40.log)
[DONE] Finalizado 20ng_sae-rate-40
All runs finished.

=================================================
Step 4: Generating results CSV (Metrics)
=================================================
Loaded selection CSV with 6 entries from: /app/results/exp4-fixed-rates/rate_40/instance_selection/selection_summary.csv
Processing: dataset=20ng, method=sae-rate-40, model=modernbert, reduction=0.4000082541606841
Processing: dataset=books, method=sae-rate-40, model=modernbert, reduction=0.39999867698617453
Processing: dataset=ohsumed, method=sae-rate-40, model=modernbert, reduction=0.3999805735360328
Processing: dataset=reuters90, method=sae-rate-40, model=modernbert, reduction=0.3999983417232422
Processing: dataset=sst2, method=sae-rate-40, model=modernbert, reduction=0.4000023100010138
Processing: dataset=trec, method=sae-rate-40, model=modernbert, reduction=0.40003360507836094
Wrote CSV to: /app/results/exp4-fixed-rates/rate_40/classificacao/results/results_modernbert.csv

=================================================
Step 5: Generating results CSV (Times)
=================================================
Loaded selection CSV with 6 entries from: /app/results/exp4-fixed-rates/rate_40/instance_selection/selection_summary.csv
Processing: dataset=20ng, method=sae-rate-40, model=modernbert, IS_time=11.50
Processing: dataset=books, method=sae-rate-40, model=modernbert, IS_time=20.00
Processing: dataset=ohsumed, method=sae-rate-40, model=modernbert, IS_time=10.89
Processing: dataset=reuters90, method=sae-rate-40, model=modernbert, IS_time=7.56
Processing: dataset=sst2, method=sae-rate-40, model=modernbert, IS_time=6.18
Processing: dataset=trec, method=sae-rate-40, model=modernbert, IS_time=4.24
Wrote CSV to: /app/results/exp4-fixed-rates/rate_40/classificacao/results/times_modernbert.csv

=================================================
Pipeline execution completed successfully!
=================================================

═══════════════════════════════════════════════════════════════════
  Exp 4: Fixed Rates COMPLETE
  Results in: /app/results/exp4-fixed-rates
═══════════════════════════════════════════════════════════════════
