Methods  : adaptive-cluster-is,no-is,biois,perplexity-is,autoencoder-is,gmm-is,adaptive-perplexity
Datasets : ohsumed,mpqa,trec,sst2,twitter,vader_movie,movie_review,sst1,pang_movie,subj,yelp_reviews,wos5736,acm,reuters90
Steps    : 1,2,3,4,5
=================================================
Step 1: Running unsupervised selection
=================================================
Methods  : adaptive-cluster-is no-is biois perplexity-is autoencoder-is gmm-is adaptive-perplexity
Datasets : ohsumed mpqa trec sst2 twitter vader_movie movie_review sst1 pang_movie subj yelp_reviews wos5736 acm reuters90
Dataset: ohsumed
  Method: adaptive-cluster-is
Namespace(dataset='ohsumed', method='adaptive-cluster-is', folds=10, save=True, inputrep='jina-v5', out='/data/bernardolemos/results/jina-v5/instance_selection', datain='/data/bernardolemos/datasets', overwrite=1, inputdir='/data/bernardolemos/datasets/ohsumed/jina-v5/', splitdir='/data/bernardolemos/datasets/ohsumed/splits/', outputdir='/data/bernardolemos/results/jina-v5/instance_selection/selection/ohsumed/', filename='/data/bernardolemos/results/jina-v5/instance_selection/selection/ohsumed//saida_adaptive-cluster-is', start_time='20-06-2026 03:29:04')
Criando saida /data/bernardolemos/results/jina-v5/instance_selection/selection/ohsumed/
/data/bernardolemos/datasets/ohsumed/splits//split_10.pkl
Fold 0
[AdaptiveClusterIS] Step 1 — scoring via 'autoencoder' …
[AE-IS] Using GPU: NVIDIA A100-SXM4-80GB
[AE-IS] Architecture: 256 → 160 → 64 → 160 → 256
[AE-IS] Training autoencoder on 16471 instances (256 features) for up to 50 epochs …
  Epoch   1/50 — loss: 0.758675 (best: 0.758675)
  Epoch  10/50 — loss: 0.230345 (best: 0.230345)
  Epoch  20/50 — loss: 0.198258 (best: 0.198258)
  Epoch  30/50 — loss: 0.185266 (best: 0.185266)
  Epoch  40/50 — loss: 0.178628 (best: 0.178628)
  Epoch  50/50 — loss: 0.174728 (best: 0.174728)
[AE-IS] Training finished — best loss: 0.174728
[AE-IS] Reconstruction error stats — min: 0.021633, median: 0.096025, max: 1.396419
[AE-IS] Removed 0 redundant + 0 noisy = 0 total instances
[AE-IS] Kept 16471 / 16471 (reduction = 0.00%)
[AdaptiveClusterIS] Step 1.5 — Local Normalization (KNN) …
[AdaptiveClusterIS] Step 2 — clustering into 30 groups …
[AdaptiveClusterIS] Cluster sizes: min=242, median=540, max=1735
[AdaptiveClusterIS] Removal rates: min=0.246, median=0.385, max=0.577
[AdaptiveClusterIS] Step 3 — applying cluster selection …
[AdaptiveClusterIS] Done — removed 6654 / 16471 (reduction = 40.40%)
[16.347533464431763]
Fold 1
[AdaptiveClusterIS] Step 1 — scoring via 'autoencoder' …
[AE-IS] Using GPU: NVIDIA A100-SXM4-80GB
[AE-IS] Architecture: 256 → 160 → 64 → 160 → 256
[AE-IS] Training autoencoder on 16471 instances (256 features) for up to 50 epochs …
  Epoch   1/50 — loss: 0.757922 (best: 0.757922)
  Epoch  10/50 — loss: 0.229961 (best: 0.229961)
  Epoch  20/50 — loss: 0.197406 (best: 0.197406)
  Epoch  30/50 — loss: 0.185926 (best: 0.185926)
  Epoch  40/50 — loss: 0.179272 (best: 0.179272)
  Epoch  50/50 — loss: 0.174298 (best: 0.174298)
[AE-IS] Training finished — best loss: 0.174298
[AE-IS] Reconstruction error stats — min: 0.024692, median: 0.096371, max: 1.382498
[AE-IS] Removed 0 redundant + 0 noisy = 0 total instances
[AE-IS] Kept 16471 / 16471 (reduction = 0.00%)
[AdaptiveClusterIS] Step 1.5 — Local Normalization (KNN) …
[AdaptiveClusterIS] Step 2 — clustering into 30 groups …
[AdaptiveClusterIS] Cluster sizes: min=258, median=538, max=1144
[AdaptiveClusterIS] Removal rates: min=0.256, median=0.385, max=0.516
[AdaptiveClusterIS] Step 3 — applying cluster selection …
[AdaptiveClusterIS] Done — removed 6556 / 16471 (reduction = 39.80%)
[16.347533464431763, 13.704519510269165]
Fold 2
[AdaptiveClusterIS] Step 1 — scoring via 'autoencoder' …
[AE-IS] Using GPU: NVIDIA A100-SXM4-80GB
[AE-IS] Architecture: 256 → 160 → 64 → 160 → 256
[AE-IS] Training autoencoder on 16472 instances (256 features) for up to 50 epochs …
  Epoch   1/50 — loss: 0.757498 (best: 0.757498)
  Epoch  10/50 — loss: 0.231222 (best: 0.231222)
  Epoch  20/50 — loss: 0.198628 (best: 0.198628)
  Epoch  30/50 — loss: 0.186614 (best: 0.186614)
  Epoch  40/50 — loss: 0.179418 (best: 0.179418)
  Epoch  50/50 — loss: 0.174255 (best: 0.174255)
[AE-IS] Training finished — best loss: 0.174255
[AE-IS] Reconstruction error stats — min: 0.024104, median: 0.095935, max: 1.348144
[AE-IS] Removed 0 redundant + 0 noisy = 0 total instances
[AE-IS] Kept 16472 / 16472 (reduction = 0.00%)
[AdaptiveClusterIS] Step 1.5 — Local Normalization (KNN) …
[AdaptiveClusterIS] Step 2 — clustering into 30 groups …
[AdaptiveClusterIS] Cluster sizes: min=227, median=519, max=950
[AdaptiveClusterIS] Removal rates: min=0.242, median=0.385, max=0.492
[AdaptiveClusterIS] Step 3 — applying cluster selection …
[AdaptiveClusterIS] Done — removed 6601 / 16472 (reduction = 40.07%)
[16.347533464431763, 13.704519510269165, 12.946059226989746]
Fold 3
[AdaptiveClusterIS] Step 1 — scoring via 'autoencoder' …
[AE-IS] Using GPU: NVIDIA A100-SXM4-80GB
[AE-IS] Architecture: 256 → 160 → 64 → 160 → 256
[AE-IS] Training autoencoder on 16472 instances (256 features) for up to 50 epochs …
  Epoch   1/50 — loss: 0.759357 (best: 0.759357)
  Epoch  10/50 — loss: 0.230015 (best: 0.230015)
  Epoch  20/50 — loss: 0.198852 (best: 0.198852)
  Epoch  30/50 — loss: 0.186689 (best: 0.186689)
  Epoch  40/50 — loss: 0.179163 (best: 0.179163)
  Epoch  50/50 — loss: 0.174287 (best: 0.174287)
[AE-IS] Training finished — best loss: 0.174287
[AE-IS] Reconstruction error stats — min: 0.026246, median: 0.096146, max: 1.392807
[AE-IS] Removed 0 redundant + 0 noisy = 0 total instances
[AE-IS] Kept 16472 / 16472 (reduction = 0.00%)
[AdaptiveClusterIS] Step 1.5 — Local Normalization (KNN) …
[AdaptiveClusterIS] Step 2 — clustering into 30 groups …
[AdaptiveClusterIS] Cluster sizes: min=263, median=516, max=888
[AdaptiveClusterIS] Removal rates: min=0.266, median=0.385, max=0.482
[AdaptiveClusterIS] Step 3 — applying cluster selection …
[AdaptiveClusterIS] Done — removed 6635 / 16472 (reduction = 40.28%)
[16.347533464431763, 13.704519510269165, 12.946059226989746, 12.933584213256836]
Fold 4
[AdaptiveClusterIS] Step 1 — scoring via 'autoencoder' …
[AE-IS] Using GPU: NVIDIA A100-SXM4-80GB
[AE-IS] Architecture: 256 → 160 → 64 → 160 → 256
[AE-IS] Training autoencoder on 16472 instances (256 features) for up to 50 epochs …
  Epoch   1/50 — loss: 0.759745 (best: 0.759745)
  Epoch  10/50 — loss: 0.230196 (best: 0.230196)
  Epoch  20/50 — loss: 0.197432 (best: 0.197432)
  Epoch  30/50 — loss: 0.185646 (best: 0.185646)
  Epoch  40/50 — loss: 0.178347 (best: 0.178347)
  Epoch  50/50 — loss: 0.173811 (best: 0.173811)
[AE-IS] Training finished — best loss: 0.173811
[AE-IS] Reconstruction error stats — min: 0.021653, median: 0.096006, max: 1.359632
[AE-IS] Removed 0 redundant + 0 noisy = 0 total instances
[AE-IS] Kept 16472 / 16472 (reduction = 0.00%)
[AdaptiveClusterIS] Step 1.5 — Local Normalization (KNN) …
[AdaptiveClusterIS] Step 2 — clustering into 30 groups …
[AdaptiveClusterIS] Cluster sizes: min=317, median=498, max=1083
[AdaptiveClusterIS] Removal rates: min=0.304, median=0.385, max=0.520
[AdaptiveClusterIS] Step 3 — applying cluster selection …
[AdaptiveClusterIS] Done — removed 6752 / 16472 (reduction = 40.99%)
[16.347533464431763, 13.704519510269165, 12.946059226989746, 12.933584213256836, 13.428631067276001]
Fold 5
[AdaptiveClusterIS] Step 1 — scoring via 'autoencoder' …
[AE-IS] Using GPU: NVIDIA A100-SXM4-80GB
[AE-IS] Architecture: 256 → 160 → 64 → 160 → 256
[AE-IS] Training autoencoder on 16472 instances (256 features) for up to 50 epochs …
  Epoch   1/50 — loss: 0.756802 (best: 0.756802)
  Epoch  10/50 — loss: 0.230327 (best: 0.230327)
  Epoch  20/50 — loss: 0.199028 (best: 0.199028)
  Epoch  30/50 — loss: 0.186321 (best: 0.186321)
  Epoch  40/50 — loss: 0.178055 (best: 0.178055)
  Epoch  50/50 — loss: 0.174013 (best: 0.174013)
[AE-IS] Training finished — best loss: 0.174013
[AE-IS] Reconstruction error stats — min: 0.024592, median: 0.096085, max: 0.988422
[AE-IS] Removed 0 redundant + 0 noisy = 0 total instances
[AE-IS] Kept 16472 / 16472 (reduction = 0.00%)
[AdaptiveClusterIS] Step 1.5 — Local Normalization (KNN) …
[AdaptiveClusterIS] Step 2 — clustering into 30 groups …
[AdaptiveClusterIS] Cluster sizes: min=326, median=483, max=1361
[AdaptiveClusterIS] Removal rates: min=0.314, median=0.385, max=0.559
[AdaptiveClusterIS] Step 3 — applying cluster selection …
[AdaptiveClusterIS] Done — removed 6872 / 16472 (reduction = 41.72%)
[16.347533464431763, 13.704519510269165, 12.946059226989746, 12.933584213256836, 13.428631067276001, 13.17143988609314]
Fold 6
[AdaptiveClusterIS] Step 1 — scoring via 'autoencoder' …
[AE-IS] Using GPU: NVIDIA A100-SXM4-80GB
[AE-IS] Architecture: 256 → 160 → 64 → 160 → 256
[AE-IS] Training autoencoder on 16472 instances (256 features) for up to 50 epochs …
  Epoch   1/50 — loss: 0.757731 (best: 0.757731)
  Epoch  10/50 — loss: 0.229482 (best: 0.229482)
  Epoch  20/50 — loss: 0.197323 (best: 0.197323)
  Epoch  30/50 — loss: 0.186250 (best: 0.186250)
  Epoch  40/50 — loss: 0.178476 (best: 0.178476)
  Epoch  50/50 — loss: 0.174479 (best: 0.174347)
[AE-IS] Training finished — best loss: 0.174347
[AE-IS] Reconstruction error stats — min: 0.023578, median: 0.096799, max: 1.368359
[AE-IS] Removed 0 redundant + 0 noisy = 0 total instances
[AE-IS] Kept 16472 / 16472 (reduction = 0.00%)
[AdaptiveClusterIS] Step 1.5 — Local Normalization (KNN) …
[AdaptiveClusterIS] Step 2 — clustering into 30 groups …
[AdaptiveClusterIS] Cluster sizes: min=168, median=520, max=1022
[AdaptiveClusterIS] Removal rates: min=0.198, median=0.385, max=0.504
[AdaptiveClusterIS] Step 3 — applying cluster selection …
[AdaptiveClusterIS] Done — removed 6695 / 16472 (reduction = 40.64%)
[16.347533464431763, 13.704519510269165, 12.946059226989746, 12.933584213256836, 13.428631067276001, 13.17143988609314, 13.324028491973877]
Fold 7
[AdaptiveClusterIS] Step 1 — scoring via 'autoencoder' …
[AE-IS] Using GPU: NVIDIA A100-SXM4-80GB
[AE-IS] Architecture: 256 → 160 → 64 → 160 → 256
[AE-IS] Training autoencoder on 16472 instances (256 features) for up to 50 epochs …
  Epoch   1/50 — loss: 0.758361 (best: 0.758361)
  Epoch  10/50 — loss: 0.230266 (best: 0.230266)
  Epoch  20/50 — loss: 0.197791 (best: 0.197791)
  Epoch  30/50 — loss: 0.186345 (best: 0.186345)
  Epoch  40/50 — loss: 0.178501 (best: 0.178501)
  Epoch  50/50 — loss: 0.173694 (best: 0.173694)
[AE-IS] Training finished — best loss: 0.173694
[AE-IS] Reconstruction error stats — min: 0.024026, median: 0.096017, max: 1.345087
[AE-IS] Removed 0 redundant + 0 noisy = 0 total instances
[AE-IS] Kept 16472 / 16472 (reduction = 0.00%)
[AdaptiveClusterIS] Step 1.5 — Local Normalization (KNN) …
[AdaptiveClusterIS] Step 2 — clustering into 30 groups …
[AdaptiveClusterIS] Cluster sizes: min=282, median=530, max=1390
[AdaptiveClusterIS] Removal rates: min=0.273, median=0.385, max=0.548
[AdaptiveClusterIS] Step 3 — applying cluster selection …
[AdaptiveClusterIS] Done — removed 6605 / 16472 (reduction = 40.10%)
[16.347533464431763, 13.704519510269165, 12.946059226989746, 12.933584213256836, 13.428631067276001, 13.17143988609314, 13.324028491973877, 12.961377620697021]
Fold 8
[AdaptiveClusterIS] Step 1 — scoring via 'autoencoder' …
[AE-IS] Using GPU: NVIDIA A100-SXM4-80GB
[AE-IS] Architecture: 256 → 160 → 64 → 160 → 256
[AE-IS] Training autoencoder on 16472 instances (256 features) for up to 50 epochs …
  Epoch   1/50 — loss: 0.758872 (best: 0.758872)
  Epoch  10/50 — loss: 0.229925 (best: 0.229925)
  Epoch  20/50 — loss: 0.197921 (best: 0.197921)
  Epoch  30/50 — loss: 0.186300 (best: 0.186300)
  Epoch  40/50 — loss: 0.179356 (best: 0.179287)
  Epoch  50/50 — loss: 0.175003 (best: 0.174217)
[AE-IS] Training finished — best loss: 0.174217
[AE-IS] Reconstruction error stats — min: 0.022432, median: 0.096595, max: 1.385583
[AE-IS] Removed 0 redundant + 0 noisy = 0 total instances
[AE-IS] Kept 16472 / 16472 (reduction = 0.00%)
[AdaptiveClusterIS] Step 1.5 — Local Normalization (KNN) …
[AdaptiveClusterIS] Step 2 — clustering into 30 groups …
[AdaptiveClusterIS] Cluster sizes: min=320, median=511, max=1144
[AdaptiveClusterIS] Removal rates: min=0.301, median=0.385, max=0.525
[AdaptiveClusterIS] Step 3 — applying cluster selection …
[AdaptiveClusterIS] Done — removed 6694 / 16472 (reduction = 40.64%)
[16.347533464431763, 13.704519510269165, 12.946059226989746, 12.933584213256836, 13.428631067276001, 13.17143988609314, 13.324028491973877, 12.961377620697021, 13.72830581665039]
Fold 9
[AdaptiveClusterIS] Step 1 — scoring via 'autoencoder' …
[AE-IS] Using GPU: NVIDIA A100-SXM4-80GB
[AE-IS] Architecture: 256 → 160 → 64 → 160 → 256
[AE-IS] Training autoencoder on 16472 instances (256 features) for up to 50 epochs …
  Epoch   1/50 — loss: 0.758850 (best: 0.758850)
  Epoch  10/50 — loss: 0.229457 (best: 0.229457)
  Epoch  20/50 — loss: 0.197847 (best: 0.197847)
  Epoch  30/50 — loss: 0.186768 (best: 0.186768)
  Epoch  40/50 — loss: 0.179405 (best: 0.179405)
  Epoch  50/50 — loss: 0.174791 (best: 0.174791)
[AE-IS] Training finished — best loss: 0.174791
[AE-IS] Reconstruction error stats — min: 0.025456, median: 0.096558, max: 1.310012
[AE-IS] Removed 0 redundant + 0 noisy = 0 total instances
[AE-IS] Kept 16472 / 16472 (reduction = 0.00%)
[AdaptiveClusterIS] Step 1.5 — Local Normalization (KNN) …
[AdaptiveClusterIS] Step 2 — clustering into 30 groups …
[AdaptiveClusterIS] Cluster sizes: min=244, median=520, max=908
[AdaptiveClusterIS] Removal rates: min=0.253, median=0.385, max=0.484
[AdaptiveClusterIS] Step 3 — applying cluster selection …
[AdaptiveClusterIS] Done — removed 6648 / 16472 (reduction = 40.36%)
[16.347533464431763, 13.704519510269165, 12.946059226989746, 12.933584213256836, 13.428631067276001, 13.17143988609314, 13.324028491973877, 12.961377620697021, 13.72830581665039, 13.158278942108154]
END
  Method: no-is
Namespace(dataset='ohsumed', method='no-is', folds=10, save=True, inputrep='jina-v5', out='/data/bernardolemos/results/jina-v5/instance_selection', datain='/data/bernardolemos/datasets', overwrite=1, inputdir='/data/bernardolemos/datasets/ohsumed/jina-v5/', splitdir='/data/bernardolemos/datasets/ohsumed/splits/', outputdir='/data/bernardolemos/results/jina-v5/instance_selection/selection/ohsumed/', filename='/data/bernardolemos/results/jina-v5/instance_selection/selection/ohsumed//saida_no-is', start_time='20-06-2026 03:31:51')
/data/bernardolemos/datasets/ohsumed/splits//split_10.pkl
Fold 0
[0.030489206314086914]
Fold 1
[0.030489206314086914, 0.027161359786987305]
Fold 2
[0.030489206314086914, 0.027161359786987305, 0.028072595596313477]
Fold 3
[0.030489206314086914, 0.027161359786987305, 0.028072595596313477, 0.034670114517211914]
Fold 4
[0.030489206314086914, 0.027161359786987305, 0.028072595596313477, 0.034670114517211914, 0.027977705001831055]
Fold 5
[0.030489206314086914, 0.027161359786987305, 0.028072595596313477, 0.034670114517211914, 0.027977705001831055, 0.026506423950195312]
Fold 6
[0.030489206314086914, 0.027161359786987305, 0.028072595596313477, 0.034670114517211914, 0.027977705001831055, 0.026506423950195312, 0.02766275405883789]
Fold 7
[0.030489206314086914, 0.027161359786987305, 0.028072595596313477, 0.034670114517211914, 0.027977705001831055, 0.026506423950195312, 0.02766275405883789, 0.026797771453857422]
Fold 8
[0.030489206314086914, 0.027161359786987305, 0.028072595596313477, 0.034670114517211914, 0.027977705001831055, 0.026506423950195312, 0.02766275405883789, 0.026797771453857422, 0.028257369995117188]
Fold 9
[0.030489206314086914, 0.027161359786987305, 0.028072595596313477, 0.034670114517211914, 0.027977705001831055, 0.026506423950195312, 0.02766275405883789, 0.026797771453857422, 0.028257369995117188, 0.027059555053710938]
END
  Method: biois
Namespace(dataset='ohsumed', method='biois', folds=10, save=True, inputrep='jina-v5', out='/data/bernardolemos/results/jina-v5/instance_selection', datain='/data/bernardolemos/datasets', overwrite=1, inputdir='/data/bernardolemos/datasets/ohsumed/jina-v5/', splitdir='/data/bernardolemos/datasets/ohsumed/splits/', outputdir='/data/bernardolemos/results/jina-v5/instance_selection/selection/ohsumed/', filename='/data/bernardolemos/results/jina-v5/instance_selection/selection/ohsumed//saida_biois', start_time='20-06-2026 03:32:29')
/data/bernardolemos/datasets/ohsumed/splits//split_10.pkl
Fold 0
fitting_alpha_by_lr_default
LogisticRegression()
LogisticRegression()
LogisticRegression()
LogisticRegression()
LogisticRegression()
Micro: 0.7184748952704754
Macro: 0.6436196437522241
identifyNoiseByLowerNNEntropy
[23.727481842041016]
Fold 1
fitting_alpha_by_lr_default
LogisticRegression()
LogisticRegression()
LogisticRegression()
LogisticRegression()
LogisticRegression()
Micro: 0.719628437860482
Macro: 0.6435512613492619
identifyNoiseByLowerNNEntropy
[23.727481842041016, 24.327942609786987]
Fold 2
fitting_alpha_by_lr_default
LogisticRegression()
LogisticRegression()
LogisticRegression()
LogisticRegression()
LogisticRegression()
Micro: 0.7201918406993686
Macro: 0.644500811741934
identifyNoiseByLowerNNEntropy
[23.727481842041016, 24.327942609786987, 24.469860553741455]
Fold 3
fitting_alpha_by_lr_default
LogisticRegression()
LogisticRegression()
LogisticRegression()
LogisticRegression()
LogisticRegression()
Micro: 0.7191597863040311
Macro: 0.6451410159832797
identifyNoiseByLowerNNEntropy
[23.727481842041016, 24.327942609786987, 24.469860553741455, 23.675305128097534]
Fold 4
fitting_alpha_by_lr_default
LogisticRegression()
LogisticRegression()
LogisticRegression()
LogisticRegression()
LogisticRegression()
Micro: 0.7197061680427392
Macro: 0.6425989247947309
identifyNoiseByLowerNNEntropy
[23.727481842041016, 24.327942609786987, 24.469860553741455, 23.675305128097534, 25.0195472240448]
Fold 5
fitting_alpha_by_lr_default
LogisticRegression()
LogisticRegression()
LogisticRegression()
LogisticRegression()
LogisticRegression()
Micro: 0.7186741136474016
Macro: 0.6403779484471187
identifyNoiseByLowerNNEntropy
[23.727481842041016, 24.327942609786987, 24.469860553741455, 23.675305128097534, 25.0195472240448, 23.69430661201477]
Fold 6
fitting_alpha_by_lr_default
LogisticRegression()
LogisticRegression()
LogisticRegression()
LogisticRegression()
LogisticRegression()
Micro: 0.7187348227294803
Macro: 0.6424099195249198
identifyNoiseByLowerNNEntropy
[23.727481842041016, 24.327942609786987, 24.469860553741455, 23.675305128097534, 25.0195472240448, 23.69430661201477, 24.784703016281128]
Fold 7
fitting_alpha_by_lr_default
LogisticRegression()
LogisticRegression()
LogisticRegression()
LogisticRegression()
LogisticRegression()
Micro: 0.7172170956775133
Macro: 0.639175105385372
identifyNoiseByLowerNNEntropy
[23.727481842041016, 24.327942609786987, 24.469860553741455, 23.675305128097534, 25.0195472240448, 23.69430661201477, 24.784703016281128, 24.735236167907715]
Fold 8
fitting_alpha_by_lr_default
LogisticRegression()
LogisticRegression()
LogisticRegression()
LogisticRegression()
LogisticRegression()
Micro: 0.7183098591549296
Macro: 0.6398053322146939
identifyNoiseByLowerNNEntropy
[23.727481842041016, 24.327942609786987, 24.469860553741455, 23.675305128097534, 25.0195472240448, 23.69430661201477, 24.784703016281128, 24.735236167907715, 24.57252335548401]
Fold 9
fitting_alpha_by_lr_default
LogisticRegression()
LogisticRegression()
LogisticRegression()
LogisticRegression()
LogisticRegression()
Micro: 0.7209203496843127
Macro: 0.6447465554692813
identifyNoiseByLowerNNEntropy
[23.727481842041016, 24.327942609786987, 24.469860553741455, 23.675305128097534, 25.0195472240448, 23.69430661201477, 24.784703016281128, 24.735236167907715, 24.57252335548401, 24.387367963790894]
END
  Method: perplexity-is
Namespace(dataset='ohsumed', method='perplexity-is', folds=10, save=True, inputrep='jina-v5', out='/data/bernardolemos/results/jina-v5/instance_selection', datain='/data/bernardolemos/datasets', overwrite=1, inputdir='/data/bernardolemos/datasets/ohsumed/jina-v5/', splitdir='/data/bernardolemos/datasets/ohsumed/splits/', outputdir='/data/bernardolemos/results/jina-v5/instance_selection/selection/ohsumed/', filename='/data/bernardolemos/results/jina-v5/instance_selection/selection/ohsumed//saida_perplexity-is', start_time='20-06-2026 03:37:10')
/data/bernardolemos/datasets/ohsumed/splits//split_10.pkl
Fold 0
[PerplexityIS] Fitting LDA with 10 topics on 16471 instances …
Traceback (most recent call last):
  File "/app/unsupervised-is/scripts/run_generateSplit.py", line 155, in <module>
    main()
  File "/app/unsupervised-is/scripts/run_generateSplit.py", line 112, in main
    idxs_docs = get_selection(X_train, y_train, f, args, info)
                ^^^^^^^^^^^^^^^^^^^^^^^^^^^^^^^^^^^^^^^^^^^^^^
  File "/app/unsupervised-is/scripts/run_generateSplit.py", line 69, in get_selection
    selector.fit(X, y)
  File "/app/unsupervised-is/src/main/python/iSel/base.py", line 36, in fit
    self.select_data(X, y)
  File "/app/unsupervised-is/src/main/python/iSel/perplexity_is.py", line 355, in select_data
    topic_distributions = self._fit_topic_model(X)
                          ^^^^^^^^^^^^^^^^^^^^^^^^
  File "/app/unsupervised-is/src/main/python/iSel/perplexity_is.py", line 227, in _fit_topic_model
    topic_dist = self.lda_model_.fit_transform(X_nn)
                 ^^^^^^^^^^^^^^^^^^^^^^^^^^^^^^^^^^^
  File "/app/venv/lib/python3.12/site-packages/sklearn/utils/_set_output.py", line 319, in wrapped
    data_to_wrap = f(self, X, *args, **kwargs)
                   ^^^^^^^^^^^^^^^^^^^^^^^^^^^
  File "/app/venv/lib/python3.12/site-packages/sklearn/decomposition/_lda.py", line 775, in fit_transform
    return self.fit(X, y).transform(X, normalize=normalize)
           ^^^^^^^^^^^^^^
  File "/app/venv/lib/python3.12/site-packages/sklearn/base.py", line 1403, in wrapper
    return fit_method(estimator, *args, **kwargs)
           ^^^^^^^^^^^^^^^^^^^^^^^^^^^^^^^^^^^^^^
  File "/app/venv/lib/python3.12/site-packages/sklearn/decomposition/_lda.py", line 644, in fit
    X = self._check_non_neg_array(
        ^^^^^^^^^^^^^^^^^^^^^^^^^^
  File "/app/venv/lib/python3.12/site-packages/sklearn/decomposition/_lda.py", line 572, in _check_non_neg_array
    check_non_negative(X, whom)
  File "/app/venv/lib/python3.12/site-packages/sklearn/utils/validation.py", line 1788, in check_non_negative
    raise ValueError(f"Negative values in data passed to {whom}.")
ValueError: Negative values in data passed to LatentDirichletAllocation.fit.
