Methods  : adaptive-v2-perplexity
Datasets : trec,ohsumed
Steps    : All (1, 2, 3, 4, 5)
=================================================
Step 1: Running unsupervised selection
=================================================
Methods  : adaptive-v2-perplexity
Datasets : trec ohsumed
Dataset: trec
  Method: adaptive-v2-perplexity
Namespace(dataset='trec', method='adaptive-v2-perplexity', folds=10, save=True, inputrep='jina-v5', out='/app/unsupervised-is/resources/outsel', datain='/app/unsupervised-is/resources/datasets', overwrite=1, inputdir='/app/unsupervised-is/resources/datasets/trec/jina-v5/', splitdir='/app/unsupervised-is/resources/datasets/trec/splits/', outputdir='/app/unsupervised-is/resources/outsel/selection/trec/', filename='/app/unsupervised-is/resources/outsel/selection/trec//saida_adaptive-v2-perplexity', start_time='17-06-2026 23:45:33')
/app/unsupervised-is/resources/datasets/trec/splits//split_10.pkl
Fold 0
[AdaptiveV2-IS] Step 1 — scoring via 'autoencoder' …
[AE-IS] Using GPU: NVIDIA A100-SXM4-80GB
[AE-IS] Architecture: 512 → 20 → 10 → 20 → 512
[AE-IS] Training autoencoder on 5356 instances (512 features) for up to 50 epochs …
  Epoch   1/50 — loss: 1.281714 (best: 1.281714)
  Epoch  10/50 — loss: 0.894889 (best: 0.894889)
  Epoch  20/50 — loss: 0.821140 (best: 0.821140)
  Epoch  30/50 — loss: 0.776451 (best: 0.776451)
  Epoch  40/50 — loss: 0.753014 (best: 0.753014)
  Epoch  50/50 — loss: 0.743311 (best: 0.743311)
[AE-IS] Training finished — best loss: 0.743311
[AE-IS] Reconstruction error stats — min: 0.272464, median: 0.714815, max: 1.159769
[AE-IS] Removed 0 redundant + 0 noisy = 0 total instances
[AE-IS] Kept 5356 / 5356 (reduction = 0.00%)
[AdaptiveV2-IS] Score stats — min: 0.2725, p25: 0.6042, median: 0.7148, p75: 0.8174, max: 1.1598
[AdaptiveV2-IS] Step 2 — estimating params via quartile density …
[AdaptiveV2-IS] Quartile widths: Q1_frac=0.374, Q2_frac=0.125, total_range=0.8873
[AdaptiveV2-IS] Params: beta_q1=0.626, beta_q2=0.400, theta=0.258, imbalance_proxy=0.141
[AdaptiveV2-IS] Step 3 — applying quartile selection …
[AdaptiveV2-IS] Q1 (1339 instances): removing 838 (beta_q1=0.626, weighted)
[AdaptiveV2-IS] Q2 (1339 instances): removing 535 (beta_q2=0.400, weighted)
[AdaptiveV2-IS] Q4 (1339 instances): removing 345 (theta=0.258, weighted)
[AdaptiveV2-IS] Done — removed 1718 / 5356 (reduction = 32.08%)
[4.251109600067139]
Fold 1
[AdaptiveV2-IS] Step 1 — scoring via 'autoencoder' …
[AE-IS] Using GPU: NVIDIA A100-SXM4-80GB
[AE-IS] Architecture: 512 → 20 → 10 → 20 → 512
[AE-IS] Training autoencoder on 5356 instances (512 features) for up to 50 epochs …
  Epoch   1/50 — loss: 1.282986 (best: 1.282986)
  Epoch  10/50 — loss: 0.894922 (best: 0.894922)
  Epoch  20/50 — loss: 0.821127 (best: 0.821127)
  Epoch  30/50 — loss: 0.775322 (best: 0.775322)
  Epoch  40/50 — loss: 0.754734 (best: 0.754734)
  Epoch  50/50 — loss: 0.744049 (best: 0.744049)
[AE-IS] Training finished — best loss: 0.744049
[AE-IS] Reconstruction error stats — min: 0.256610, median: 0.717023, max: 1.162724
[AE-IS] Removed 0 redundant + 0 noisy = 0 total instances
[AE-IS] Kept 5356 / 5356 (reduction = 0.00%)
[AdaptiveV2-IS] Score stats — min: 0.2566, p25: 0.6054, median: 0.7170, p75: 0.8206, max: 1.1627
[AdaptiveV2-IS] Step 2 — estimating params via quartile density …
[AdaptiveV2-IS] Quartile widths: Q1_frac=0.385, Q2_frac=0.123, total_range=0.9061
[AdaptiveV2-IS] Params: beta_q1=0.615, beta_q2=0.400, theta=0.258, imbalance_proxy=0.141
[AdaptiveV2-IS] Step 3 — applying quartile selection …
[AdaptiveV2-IS] Q1 (1339 instances): removing 823 (beta_q1=0.615, weighted)
[AdaptiveV2-IS] Q2 (1339 instances): removing 535 (beta_q2=0.400, weighted)
[AdaptiveV2-IS] Q4 (1339 instances): removing 345 (theta=0.258, weighted)
[AdaptiveV2-IS] Done — removed 1703 / 5356 (reduction = 31.80%)
[4.251109600067139, 2.3165791034698486]
Fold 2
[AdaptiveV2-IS] Step 1 — scoring via 'autoencoder' …
[AE-IS] Using GPU: NVIDIA A100-SXM4-80GB
[AE-IS] Architecture: 512 → 20 → 10 → 20 → 512
[AE-IS] Training autoencoder on 5357 instances (512 features) for up to 50 epochs …
  Epoch   1/50 — loss: 1.283703 (best: 1.283703)
  Epoch  10/50 — loss: 0.893890 (best: 0.893890)
  Epoch  20/50 — loss: 0.819602 (best: 0.819602)
  Epoch  30/50 — loss: 0.775891 (best: 0.775891)
  Epoch  40/50 — loss: 0.753723 (best: 0.753723)
  Epoch  50/50 — loss: 0.742816 (best: 0.742816)
[AE-IS] Training finished — best loss: 0.742816
[AE-IS] Reconstruction error stats — min: 0.267601, median: 0.718488, max: 1.166547
[AE-IS] Removed 0 redundant + 0 noisy = 0 total instances
[AE-IS] Kept 5357 / 5357 (reduction = 0.00%)
[AdaptiveV2-IS] Score stats — min: 0.2676, p25: 0.6021, median: 0.7185, p75: 0.8191, max: 1.1665
[AdaptiveV2-IS] Step 2 — estimating params via quartile density …
[AdaptiveV2-IS] Quartile widths: Q1_frac=0.372, Q2_frac=0.129, total_range=0.8989
[AdaptiveV2-IS] Params: beta_q1=0.628, beta_q2=0.400, theta=0.258, imbalance_proxy=0.141
[AdaptiveV2-IS] Step 3 — applying quartile selection …
[AdaptiveV2-IS] Q1 (1340 instances): removing 841 (beta_q1=0.628, weighted)
[AdaptiveV2-IS] Q2 (1339 instances): removing 535 (beta_q2=0.400, weighted)
[AdaptiveV2-IS] Q4 (1339 instances): removing 344 (theta=0.258, weighted)
[AdaptiveV2-IS] Done — removed 1720 / 5357 (reduction = 32.11%)
[4.251109600067139, 2.3165791034698486, 2.308148145675659]
Fold 3
[AdaptiveV2-IS] Step 1 — scoring via 'autoencoder' …
[AE-IS] Using GPU: NVIDIA A100-SXM4-80GB
[AE-IS] Architecture: 512 → 20 → 10 → 20 → 512
[AE-IS] Training autoencoder on 5357 instances (512 features) for up to 50 epochs …
  Epoch   1/50 — loss: 1.283009 (best: 1.283009)
  Epoch  10/50 — loss: 0.894819 (best: 0.894819)
  Epoch  20/50 — loss: 0.819854 (best: 0.819854)
  Epoch  30/50 — loss: 0.775706 (best: 0.775706)
  Epoch  40/50 — loss: 0.752582 (best: 0.752582)
  Epoch  50/50 — loss: 0.742858 (best: 0.742858)
[AE-IS] Training finished — best loss: 0.742858
[AE-IS] Reconstruction error stats — min: 0.265160, median: 0.715356, max: 1.161917
[AE-IS] Removed 0 redundant + 0 noisy = 0 total instances
[AE-IS] Kept 5357 / 5357 (reduction = 0.00%)
[AdaptiveV2-IS] Score stats — min: 0.2652, p25: 0.6043, median: 0.7154, p75: 0.8170, max: 1.1619
[AdaptiveV2-IS] Step 2 — estimating params via quartile density …
[AdaptiveV2-IS] Quartile widths: Q1_frac=0.378, Q2_frac=0.124, total_range=0.8968
[AdaptiveV2-IS] Params: beta_q1=0.622, beta_q2=0.400, theta=0.258, imbalance_proxy=0.141
[AdaptiveV2-IS] Step 3 — applying quartile selection …
[AdaptiveV2-IS] Q1 (1340 instances): removing 833 (beta_q1=0.622, weighted)
[AdaptiveV2-IS] Q2 (1339 instances): removing 535 (beta_q2=0.400, weighted)
[AdaptiveV2-IS] Q4 (1339 instances): removing 344 (theta=0.258, weighted)
[AdaptiveV2-IS] Done — removed 1712 / 5357 (reduction = 31.96%)
[4.251109600067139, 2.3165791034698486, 2.308148145675659, 2.344559907913208]
Fold 4
[AdaptiveV2-IS] Step 1 — scoring via 'autoencoder' …
[AE-IS] Using GPU: NVIDIA A100-SXM4-80GB
[AE-IS] Architecture: 512 → 20 → 10 → 20 → 512
[AE-IS] Training autoencoder on 5357 instances (512 features) for up to 50 epochs …
  Epoch   1/50 — loss: 1.283197 (best: 1.283197)
  Epoch  10/50 — loss: 0.896053 (best: 0.896053)
  Epoch  20/50 — loss: 0.820581 (best: 0.820581)
  Epoch  30/50 — loss: 0.775535 (best: 0.775535)
  Epoch  40/50 — loss: 0.754108 (best: 0.754108)
  Epoch  50/50 — loss: 0.743670 (best: 0.743670)
[AE-IS] Training finished — best loss: 0.743670
[AE-IS] Reconstruction error stats — min: 0.273340, median: 0.716300, max: 1.154565
[AE-IS] Removed 0 redundant + 0 noisy = 0 total instances
[AE-IS] Kept 5357 / 5357 (reduction = 0.00%)
[AdaptiveV2-IS] Score stats — min: 0.2733, p25: 0.6048, median: 0.7163, p75: 0.8200, max: 1.1546
[AdaptiveV2-IS] Step 2 — estimating params via quartile density …
[AdaptiveV2-IS] Quartile widths: Q1_frac=0.376, Q2_frac=0.127, total_range=0.8812
[AdaptiveV2-IS] Params: beta_q1=0.624, beta_q2=0.400, theta=0.258, imbalance_proxy=0.140
[AdaptiveV2-IS] Step 3 — applying quartile selection …
[AdaptiveV2-IS] Q1 (1340 instances): removing 836 (beta_q1=0.624, weighted)
[AdaptiveV2-IS] Q2 (1339 instances): removing 535 (beta_q2=0.400, weighted)
[AdaptiveV2-IS] Q4 (1339 instances): removing 345 (theta=0.258, weighted)
[AdaptiveV2-IS] Done — removed 1716 / 5357 (reduction = 32.03%)
[4.251109600067139, 2.3165791034698486, 2.308148145675659, 2.344559907913208, 2.2980597019195557]
Fold 5
[AdaptiveV2-IS] Step 1 — scoring via 'autoencoder' …
[AE-IS] Using GPU: NVIDIA A100-SXM4-80GB
[AE-IS] Architecture: 512 → 20 → 10 → 20 → 512
[AE-IS] Training autoencoder on 5357 instances (512 features) for up to 50 epochs …
  Epoch   1/50 — loss: 1.283977 (best: 1.283977)
  Epoch  10/50 — loss: 0.895101 (best: 0.895101)
  Epoch  20/50 — loss: 0.820542 (best: 0.820542)
  Epoch  30/50 — loss: 0.776561 (best: 0.776561)
  Epoch  40/50 — loss: 0.753692 (best: 0.753692)
  Epoch  50/50 — loss: 0.743784 (best: 0.743341)
[AE-IS] Training finished — best loss: 0.743341
[AE-IS] Reconstruction error stats — min: 0.277961, median: 0.715448, max: 1.174455
[AE-IS] Removed 0 redundant + 0 noisy = 0 total instances
[AE-IS] Kept 5357 / 5357 (reduction = 0.00%)
[AdaptiveV2-IS] Score stats — min: 0.2780, p25: 0.6039, median: 0.7154, p75: 0.8215, max: 1.1745
[AdaptiveV2-IS] Step 2 — estimating params via quartile density …
[AdaptiveV2-IS] Quartile widths: Q1_frac=0.364, Q2_frac=0.124, total_range=0.8965
[AdaptiveV2-IS] Params: beta_q1=0.636, beta_q2=0.400, theta=0.257, imbalance_proxy=0.142
[AdaptiveV2-IS] Step 3 — applying quartile selection …
[AdaptiveV2-IS] Q1 (1340 instances): removing 852 (beta_q1=0.636, weighted)
[AdaptiveV2-IS] Q2 (1339 instances): removing 535 (beta_q2=0.400, weighted)
[AdaptiveV2-IS] Q4 (1339 instances): removing 344 (theta=0.257, weighted)
[AdaptiveV2-IS] Done — removed 1731 / 5357 (reduction = 32.31%)
[4.251109600067139, 2.3165791034698486, 2.308148145675659, 2.344559907913208, 2.2980597019195557, 2.2899906635284424]
Fold 6
[AdaptiveV2-IS] Step 1 — scoring via 'autoencoder' …
[AE-IS] Using GPU: NVIDIA A100-SXM4-80GB
[AE-IS] Architecture: 512 → 20 → 10 → 20 → 512
[AE-IS] Training autoencoder on 5357 instances (512 features) for up to 50 epochs …
  Epoch   1/50 — loss: 1.283572 (best: 1.283572)
  Epoch  10/50 — loss: 0.896141 (best: 0.896141)
  Epoch  20/50 — loss: 0.821132 (best: 0.821132)
  Epoch  30/50 — loss: 0.776329 (best: 0.776329)
  Epoch  40/50 — loss: 0.753169 (best: 0.753169)
  Epoch  50/50 — loss: 0.744083 (best: 0.743836)
[AE-IS] Training finished — best loss: 0.743836
[AE-IS] Reconstruction error stats — min: 0.285290, median: 0.715806, max: 1.166183
[AE-IS] Removed 0 redundant + 0 noisy = 0 total instances
[AE-IS] Kept 5357 / 5357 (reduction = 0.00%)
[AdaptiveV2-IS] Score stats — min: 0.2853, p25: 0.6027, median: 0.7158, p75: 0.8201, max: 1.1662
[AdaptiveV2-IS] Step 2 — estimating params via quartile density …
[AdaptiveV2-IS] Quartile widths: Q1_frac=0.360, Q2_frac=0.128, total_range=0.8809
[AdaptiveV2-IS] Params: beta_q1=0.640, beta_q2=0.400, theta=0.258, imbalance_proxy=0.141
[AdaptiveV2-IS] Step 3 — applying quartile selection …
[AdaptiveV2-IS] Q1 (1340 instances): removing 857 (beta_q1=0.640, weighted)
[AdaptiveV2-IS] Q2 (1339 instances): removing 535 (beta_q2=0.400, weighted)
[AdaptiveV2-IS] Q4 (1339 instances): removing 344 (theta=0.258, weighted)
[AdaptiveV2-IS] Done — removed 1736 / 5357 (reduction = 32.41%)
[4.251109600067139, 2.3165791034698486, 2.308148145675659, 2.344559907913208, 2.2980597019195557, 2.2899906635284424, 2.287407875061035]
Fold 7
[AdaptiveV2-IS] Step 1 — scoring via 'autoencoder' …
[AE-IS] Using GPU: NVIDIA A100-SXM4-80GB
[AE-IS] Architecture: 512 → 20 → 10 → 20 → 512
[AE-IS] Training autoencoder on 5357 instances (512 features) for up to 50 epochs …
  Epoch   1/50 — loss: 1.282955 (best: 1.282955)
  Epoch  10/50 — loss: 0.897610 (best: 0.897610)
  Epoch  20/50 — loss: 0.821294 (best: 0.821294)
  Epoch  30/50 — loss: 0.777139 (best: 0.777139)
  Epoch  40/50 — loss: 0.752153 (best: 0.752153)
  Epoch  50/50 — loss: 0.743223 (best: 0.742951)
[AE-IS] Training finished — best loss: 0.742951
[AE-IS] Reconstruction error stats — min: 0.263151, median: 0.713825, max: 1.160976
[AE-IS] Removed 0 redundant + 0 noisy = 0 total instances
[AE-IS] Kept 5357 / 5357 (reduction = 0.00%)
[AdaptiveV2-IS] Score stats — min: 0.2632, p25: 0.6060, median: 0.7138, p75: 0.8168, max: 1.1610
[AdaptiveV2-IS] Step 2 — estimating params via quartile density …
[AdaptiveV2-IS] Quartile widths: Q1_frac=0.382, Q2_frac=0.120, total_range=0.8978
[AdaptiveV2-IS] Params: beta_q1=0.618, beta_q2=0.400, theta=0.258, imbalance_proxy=0.141
[AdaptiveV2-IS] Step 3 — applying quartile selection …
[AdaptiveV2-IS] Q1 (1340 instances): removing 828 (beta_q1=0.618, weighted)
[AdaptiveV2-IS] Q2 (1339 instances): removing 535 (beta_q2=0.400, weighted)
[AdaptiveV2-IS] Q4 (1339 instances): removing 344 (theta=0.258, weighted)
[AdaptiveV2-IS] Done — removed 1707 / 5357 (reduction = 31.86%)
[4.251109600067139, 2.3165791034698486, 2.308148145675659, 2.344559907913208, 2.2980597019195557, 2.2899906635284424, 2.287407875061035, 2.2861368656158447]
Fold 8
[AdaptiveV2-IS] Step 1 — scoring via 'autoencoder' …
[AE-IS] Using GPU: NVIDIA A100-SXM4-80GB
[AE-IS] Architecture: 512 → 20 → 10 → 20 → 512
[AE-IS] Training autoencoder on 5357 instances (512 features) for up to 50 epochs …
  Epoch   1/50 — loss: 1.281585 (best: 1.281585)
  Epoch  10/50 — loss: 0.895435 (best: 0.895435)
  Epoch  20/50 — loss: 0.819586 (best: 0.819586)
  Epoch  30/50 — loss: 0.776176 (best: 0.776176)
  Epoch  40/50 — loss: 0.753582 (best: 0.753582)
  Epoch  50/50 — loss: 0.743973 (best: 0.743973)
[AE-IS] Training finished — best loss: 0.743973
[AE-IS] Reconstruction error stats — min: 0.267508, median: 0.718620, max: 1.161729
[AE-IS] Removed 0 redundant + 0 noisy = 0 total instances
[AE-IS] Kept 5357 / 5357 (reduction = 0.00%)
[AdaptiveV2-IS] Score stats — min: 0.2675, p25: 0.6043, median: 0.7186, p75: 0.8224, max: 1.1617
[AdaptiveV2-IS] Step 2 — estimating params via quartile density …
[AdaptiveV2-IS] Quartile widths: Q1_frac=0.377, Q2_frac=0.128, total_range=0.8942
[AdaptiveV2-IS] Params: beta_q1=0.623, beta_q2=0.400, theta=0.258, imbalance_proxy=0.140
[AdaptiveV2-IS] Step 3 — applying quartile selection …
[AdaptiveV2-IS] Q1 (1340 instances): removing 835 (beta_q1=0.623, weighted)
[AdaptiveV2-IS] Q2 (1339 instances): removing 535 (beta_q2=0.400, weighted)
[AdaptiveV2-IS] Q4 (1339 instances): removing 345 (theta=0.258, weighted)
[AdaptiveV2-IS] Done — removed 1715 / 5357 (reduction = 32.01%)
[4.251109600067139, 2.3165791034698486, 2.308148145675659, 2.344559907913208, 2.2980597019195557, 2.2899906635284424, 2.287407875061035, 2.2861368656158447, 2.2864632606506348]
Fold 9
[AdaptiveV2-IS] Step 1 — scoring via 'autoencoder' …
[AE-IS] Using GPU: NVIDIA A100-SXM4-80GB
[AE-IS] Architecture: 512 → 20 → 10 → 20 → 512
[AE-IS] Training autoencoder on 5357 instances (512 features) for up to 50 epochs …
  Epoch   1/50 — loss: 1.283241 (best: 1.283241)
  Epoch  10/50 — loss: 0.895688 (best: 0.895688)
  Epoch  20/50 — loss: 0.820870 (best: 0.820870)
  Epoch  30/50 — loss: 0.776432 (best: 0.776432)
  Epoch  40/50 — loss: 0.752438 (best: 0.752438)
  Epoch  50/50 — loss: 0.743433 (best: 0.742181)
[AE-IS] Training finished — best loss: 0.742181
[AE-IS] Reconstruction error stats — min: 0.293371, median: 0.714683, max: 1.165962
[AE-IS] Removed 0 redundant + 0 noisy = 0 total instances
[AE-IS] Kept 5357 / 5357 (reduction = 0.00%)
[AdaptiveV2-IS] Score stats — min: 0.2934, p25: 0.6052, median: 0.7147, p75: 0.8165, max: 1.1660
[AdaptiveV2-IS] Step 2 — estimating params via quartile density …
[AdaptiveV2-IS] Quartile widths: Q1_frac=0.357, Q2_frac=0.125, total_range=0.8726
[AdaptiveV2-IS] Params: beta_q1=0.643, beta_q2=0.400, theta=0.257, imbalance_proxy=0.142
[AdaptiveV2-IS] Step 3 — applying quartile selection …
[AdaptiveV2-IS] Q1 (1340 instances): removing 861 (beta_q1=0.643, weighted)
[AdaptiveV2-IS] Q2 (1339 instances): removing 535 (beta_q2=0.400, weighted)
[AdaptiveV2-IS] Q4 (1339 instances): removing 344 (theta=0.257, weighted)
[AdaptiveV2-IS] Done — removed 1740 / 5357 (reduction = 32.48%)
[4.251109600067139, 2.3165791034698486, 2.308148145675659, 2.344559907913208, 2.2980597019195557, 2.2899906635284424, 2.287407875061035, 2.2861368656158447, 2.2864632606506348, 2.2912185192108154]
END
Dataset: ohsumed
  Method: adaptive-v2-perplexity
Namespace(dataset='ohsumed', method='adaptive-v2-perplexity', folds=10, save=True, inputrep='jina-v5', out='/app/unsupervised-is/resources/outsel', datain='/app/unsupervised-is/resources/datasets', overwrite=1, inputdir='/app/unsupervised-is/resources/datasets/ohsumed/jina-v5/', splitdir='/app/unsupervised-is/resources/datasets/ohsumed/splits/', outputdir='/app/unsupervised-is/resources/outsel/selection/ohsumed/', filename='/app/unsupervised-is/resources/outsel/selection/ohsumed//saida_adaptive-v2-perplexity', start_time='17-06-2026 23:46:20')
/app/unsupervised-is/resources/datasets/ohsumed/splits//split_10.pkl
Fold 0
[AdaptiveV2-IS] Step 1 — scoring via 'autoencoder' …
[AE-IS] Using GPU: NVIDIA A100-SXM4-80GB
[AE-IS] Architecture: 256 → 20 → 10 → 20 → 256
[AE-IS] Training autoencoder on 16471 instances (256 features) for up to 50 epochs …
  Epoch   1/50 — loss: 1.133220 (best: 1.133220)
  Epoch  10/50 — loss: 0.558535 (best: 0.558535)
  Epoch  20/50 — loss: 0.526014 (best: 0.526014)
  Epoch  30/50 — loss: 0.519495 (best: 0.519495)
  Epoch  40/50 — loss: 0.518276 (best: 0.517979)
  Epoch  50/50 — loss: 0.518748 (best: 0.517116)
[AE-IS] Training finished — best loss: 0.517116
[AE-IS] Reconstruction error stats — min: 0.089207, median: 0.437009, max: 2.206761
[AE-IS] Removed 0 redundant + 0 noisy = 0 total instances
[AE-IS] Kept 16471 / 16471 (reduction = 0.00%)
[AdaptiveV2-IS] Score stats — min: 0.0892, p25: 0.3400, median: 0.4370, p75: 0.5572, max: 2.2068
[AdaptiveV2-IS] Step 2 — estimating params via quartile density …
[AdaptiveV2-IS] Quartile widths: Q1_frac=0.118, Q2_frac=0.046, total_range=2.1176
[AdaptiveV2-IS] Params: beta_q1=0.700, beta_q2=0.400, theta=0.187, imbalance_proxy=0.377
[AdaptiveV2-IS] Step 3 — applying quartile selection …
[AdaptiveV2-IS] Q1 (4118 instances): removing 2882 (beta_q1=0.700, weighted)
[AdaptiveV2-IS] Q2 (4118 instances): removing 1647 (beta_q2=0.400, weighted)
[AdaptiveV2-IS] Q4 (4118 instances): removing 770 (theta=0.187, weighted)
[AdaptiveV2-IS] Done — removed 5299 / 16471 (reduction = 32.17%)
[8.416016340255737]
Fold 1
[AdaptiveV2-IS] Step 1 — scoring via 'autoencoder' …
[AE-IS] Using GPU: NVIDIA A100-SXM4-80GB
[AE-IS] Architecture: 256 → 20 → 10 → 20 → 256
[AE-IS] Training autoencoder on 16471 instances (256 features) for up to 50 epochs …
  Epoch   1/50 — loss: 1.131441 (best: 1.131441)
  Epoch  10/50 — loss: 0.556158 (best: 0.556158)
  Epoch  20/50 — loss: 0.529079 (best: 0.529079)
  Epoch  30/50 — loss: 0.520429 (best: 0.520371)
  Epoch  40/50 — loss: 0.517851 (best: 0.517737)
  Epoch  50/50 — loss: 0.518479 (best: 0.516815)
[AE-IS] Training finished — best loss: 0.516815
[AE-IS] Reconstruction error stats — min: 0.091471, median: 0.437195, max: 2.201192
[AE-IS] Removed 0 redundant + 0 noisy = 0 total instances
[AE-IS] Kept 16471 / 16471 (reduction = 0.00%)
[AdaptiveV2-IS] Score stats — min: 0.0915, p25: 0.3406, median: 0.4372, p75: 0.5578, max: 2.2012
[AdaptiveV2-IS] Step 2 — estimating params via quartile density …
[AdaptiveV2-IS] Quartile widths: Q1_frac=0.118, Q2_frac=0.046, total_range=2.1097
[AdaptiveV2-IS] Params: beta_q1=0.700, beta_q2=0.400, theta=0.187, imbalance_proxy=0.375
[AdaptiveV2-IS] Step 3 — applying quartile selection …
[AdaptiveV2-IS] Q1 (4118 instances): removing 2882 (beta_q1=0.700, weighted)
[AdaptiveV2-IS] Q2 (4118 instances): removing 1647 (beta_q2=0.400, weighted)
[AdaptiveV2-IS] Q4 (4118 instances): removing 771 (theta=0.187, weighted)
[AdaptiveV2-IS] Done — removed 5300 / 16471 (reduction = 32.18%)
[8.416016340255737, 6.3717734813690186]
Fold 2
[AdaptiveV2-IS] Step 1 — scoring via 'autoencoder' …
[AE-IS] Using GPU: NVIDIA A100-SXM4-80GB
[AE-IS] Architecture: 256 → 20 → 10 → 20 → 256
[AE-IS] Training autoencoder on 16472 instances (256 features) for up to 50 epochs …
  Epoch   1/50 — loss: 1.133248 (best: 1.133248)
  Epoch  10/50 — loss: 0.559887 (best: 0.559887)
  Epoch  20/50 — loss: 0.525263 (best: 0.525263)
  Epoch  30/50 — loss: 0.519853 (best: 0.519853)
  Epoch  40/50 — loss: 0.518091 (best: 0.518091)
  Epoch  50/50 — loss: 0.518018 (best: 0.517528)
[AE-IS] Training finished — best loss: 0.517528
[AE-IS] Reconstruction error stats — min: 0.089821, median: 0.437606, max: 2.208383
[AE-IS] Removed 0 redundant + 0 noisy = 0 total instances
[AE-IS] Kept 16472 / 16472 (reduction = 0.00%)
[AdaptiveV2-IS] Score stats — min: 0.0898, p25: 0.3409, median: 0.4376, p75: 0.5573, max: 2.2084
[AdaptiveV2-IS] Step 2 — estimating params via quartile density …
[AdaptiveV2-IS] Quartile widths: Q1_frac=0.118, Q2_frac=0.046, total_range=2.1186
[AdaptiveV2-IS] Params: beta_q1=0.700, beta_q2=0.400, theta=0.187, imbalance_proxy=0.377
[AdaptiveV2-IS] Step 3 — applying quartile selection …
[AdaptiveV2-IS] Q1 (4118 instances): removing 2882 (beta_q1=0.700, weighted)
[AdaptiveV2-IS] Q2 (4118 instances): removing 1647 (beta_q2=0.400, weighted)
[AdaptiveV2-IS] Q4 (4118 instances): removing 769 (theta=0.187, weighted)
[AdaptiveV2-IS] Done — removed 5298 / 16472 (reduction = 32.16%)
[8.416016340255737, 6.3717734813690186, 6.494877338409424]
Fold 3
[AdaptiveV2-IS] Step 1 — scoring via 'autoencoder' …
[AE-IS] Using GPU: NVIDIA A100-SXM4-80GB
[AE-IS] Architecture: 256 → 20 → 10 → 20 → 256
[AE-IS] Training autoencoder on 16472 instances (256 features) for up to 50 epochs …
  Epoch   1/50 — loss: 1.131799 (best: 1.131799)
  Epoch  10/50 — loss: 0.560339 (best: 0.560339)
  Epoch  20/50 — loss: 0.524292 (best: 0.524292)
  Epoch  30/50 — loss: 0.520041 (best: 0.519537)
  Epoch  40/50 — loss: 0.518628 (best: 0.517117)
  Early stopping at epoch 47 (no improvement for 10 epochs)
[AE-IS] Training finished — best loss: 0.517117
[AE-IS] Reconstruction error stats — min: 0.091502, median: 0.436439, max: 2.203659
[AE-IS] Removed 0 redundant + 0 noisy = 0 total instances
[AE-IS] Kept 16472 / 16472 (reduction = 0.00%)
[AdaptiveV2-IS] Score stats — min: 0.0915, p25: 0.3411, median: 0.4364, p75: 0.5568, max: 2.2037
[AdaptiveV2-IS] Step 2 — estimating params via quartile density …
[AdaptiveV2-IS] Quartile widths: Q1_frac=0.118, Q2_frac=0.045, total_range=2.1122
[AdaptiveV2-IS] Params: beta_q1=0.700, beta_q2=0.400, theta=0.187, imbalance_proxy=0.376
[AdaptiveV2-IS] Step 3 — applying quartile selection …
[AdaptiveV2-IS] Q1 (4118 instances): removing 2882 (beta_q1=0.700, weighted)
[AdaptiveV2-IS] Q2 (4118 instances): removing 1647 (beta_q2=0.400, weighted)
[AdaptiveV2-IS] Q4 (4118 instances): removing 770 (theta=0.187, weighted)
[AdaptiveV2-IS] Done — removed 5299 / 16472 (reduction = 32.17%)
[8.416016340255737, 6.3717734813690186, 6.494877338409424, 5.95349907875061]
Fold 4
[AdaptiveV2-IS] Step 1 — scoring via 'autoencoder' …
[AE-IS] Using GPU: NVIDIA A100-SXM4-80GB
[AE-IS] Architecture: 256 → 20 → 10 → 20 → 256
[AE-IS] Training autoencoder on 16472 instances (256 features) for up to 50 epochs …
  Epoch   1/50 — loss: 1.132176 (best: 1.132176)
  Epoch  10/50 — loss: 0.558588 (best: 0.558588)
  Epoch  20/50 — loss: 0.528790 (best: 0.528790)
  Epoch  30/50 — loss: 0.519815 (best: 0.519815)
  Epoch  40/50 — loss: 0.517924 (best: 0.517291)
  Epoch  50/50 — loss: 0.517666 (best: 0.516315)
[AE-IS] Training finished — best loss: 0.516315
[AE-IS] Reconstruction error stats — min: 0.111397, median: 0.436108, max: 2.206847
[AE-IS] Removed 0 redundant + 0 noisy = 0 total instances
[AE-IS] Kept 16472 / 16472 (reduction = 0.00%)
[AdaptiveV2-IS] Score stats — min: 0.1114, p25: 0.3401, median: 0.4361, p75: 0.5564, max: 2.2068
[AdaptiveV2-IS] Step 2 — estimating params via quartile density …
[AdaptiveV2-IS] Quartile widths: Q1_frac=0.109, Q2_frac=0.046, total_range=2.0954
[AdaptiveV2-IS] Params: beta_q1=0.700, beta_q2=0.400, theta=0.187, imbalance_proxy=0.377
[AdaptiveV2-IS] Step 3 — applying quartile selection …
[AdaptiveV2-IS] Q1 (4118 instances): removing 2882 (beta_q1=0.700, weighted)
[AdaptiveV2-IS] Q2 (4118 instances): removing 1647 (beta_q2=0.400, weighted)
[AdaptiveV2-IS] Q4 (4118 instances): removing 769 (theta=0.187, weighted)
[AdaptiveV2-IS] Done — removed 5298 / 16472 (reduction = 32.16%)
[8.416016340255737, 6.3717734813690186, 6.494877338409424, 5.95349907875061, 6.473047256469727]
Fold 5
[AdaptiveV2-IS] Step 1 — scoring via 'autoencoder' …
[AE-IS] Using GPU: NVIDIA A100-SXM4-80GB
[AE-IS] Architecture: 256 → 20 → 10 → 20 → 256
[AE-IS] Training autoencoder on 16472 instances (256 features) for up to 50 epochs …
  Epoch   1/50 — loss: 1.131894 (best: 1.131894)
  Epoch  10/50 — loss: 0.561312 (best: 0.561312)
  Epoch  20/50 — loss: 0.525594 (best: 0.525594)
  Epoch  30/50 — loss: 0.520420 (best: 0.519258)
  Epoch  40/50 — loss: 0.518239 (best: 0.517606)
  Epoch  50/50 — loss: 0.517606 (best: 0.516943)
[AE-IS] Training finished — best loss: 0.516943
[AE-IS] Reconstruction error stats — min: 0.092604, median: 0.437091, max: 2.065472
[AE-IS] Removed 0 redundant + 0 noisy = 0 total instances
[AE-IS] Kept 16472 / 16472 (reduction = 0.00%)
[AdaptiveV2-IS] Score stats — min: 0.0926, p25: 0.3408, median: 0.4371, p75: 0.5577, max: 2.0655
[AdaptiveV2-IS] Step 2 — estimating params via quartile density …
[AdaptiveV2-IS] Quartile widths: Q1_frac=0.126, Q2_frac=0.049, total_range=1.9729
[AdaptiveV2-IS] Params: beta_q1=0.700, beta_q2=0.400, theta=0.194, imbalance_proxy=0.354
[AdaptiveV2-IS] Step 3 — applying quartile selection …
[AdaptiveV2-IS] Q1 (4118 instances): removing 2882 (beta_q1=0.700, weighted)
[AdaptiveV2-IS] Q2 (4118 instances): removing 1647 (beta_q2=0.400, weighted)
[AdaptiveV2-IS] Q4 (4118 instances): removing 797 (theta=0.194, weighted)
[AdaptiveV2-IS] Done — removed 5326 / 16472 (reduction = 32.33%)
[8.416016340255737, 6.3717734813690186, 6.494877338409424, 5.95349907875061, 6.473047256469727, 6.489083290100098]
Fold 6
[AdaptiveV2-IS] Step 1 — scoring via 'autoencoder' …
[AE-IS] Using GPU: NVIDIA A100-SXM4-80GB
[AE-IS] Architecture: 256 → 20 → 10 → 20 → 256
[AE-IS] Training autoencoder on 16472 instances (256 features) for up to 50 epochs …
  Epoch   1/50 — loss: 1.131267 (best: 1.131267)
  Epoch  10/50 — loss: 0.559309 (best: 0.559309)
  Epoch  20/50 — loss: 0.527638 (best: 0.527638)
  Epoch  30/50 — loss: 0.520512 (best: 0.520512)
  Epoch  40/50 — loss: 0.517665 (best: 0.517665)
  Epoch  50/50 — loss: 0.516341 (best: 0.516341)
[AE-IS] Training finished — best loss: 0.516341
[AE-IS] Reconstruction error stats — min: 0.092140, median: 0.437116, max: 2.209976
[AE-IS] Removed 0 redundant + 0 noisy = 0 total instances
[AE-IS] Kept 16472 / 16472 (reduction = 0.00%)
[AdaptiveV2-IS] Score stats — min: 0.0921, p25: 0.3410, median: 0.4371, p75: 0.5573, max: 2.2100
[AdaptiveV2-IS] Step 2 — estimating params via quartile density …
[AdaptiveV2-IS] Quartile widths: Q1_frac=0.117, Q2_frac=0.045, total_range=2.1178
[AdaptiveV2-IS] Params: beta_q1=0.700, beta_q2=0.400, theta=0.187, imbalance_proxy=0.377
[AdaptiveV2-IS] Step 3 — applying quartile selection …
[AdaptiveV2-IS] Q1 (4118 instances): removing 2882 (beta_q1=0.700, weighted)
[AdaptiveV2-IS] Q2 (4118 instances): removing 1647 (beta_q2=0.400, weighted)
[AdaptiveV2-IS] Q4 (4118 instances): removing 769 (theta=0.187, weighted)
[AdaptiveV2-IS] Done — removed 5298 / 16472 (reduction = 32.16%)
[8.416016340255737, 6.3717734813690186, 6.494877338409424, 5.95349907875061, 6.473047256469727, 6.489083290100098, 6.532136678695679]
Fold 7
[AdaptiveV2-IS] Step 1 — scoring via 'autoencoder' …
[AE-IS] Using GPU: NVIDIA A100-SXM4-80GB
[AE-IS] Architecture: 256 → 20 → 10 → 20 → 256
[AE-IS] Training autoencoder on 16472 instances (256 features) for up to 50 epochs …
  Epoch   1/50 — loss: 1.129933 (best: 1.129933)
  Epoch  10/50 — loss: 0.560418 (best: 0.560418)
  Epoch  20/50 — loss: 0.526381 (best: 0.526381)
  Epoch  30/50 — loss: 0.519763 (best: 0.519763)
  Epoch  40/50 — loss: 0.519138 (best: 0.517973)
  Epoch  50/50 — loss: 0.516566 (best: 0.516234)
[AE-IS] Training finished — best loss: 0.516234
[AE-IS] Reconstruction error stats — min: 0.093433, median: 0.436715, max: 2.206297
[AE-IS] Removed 0 redundant + 0 noisy = 0 total instances
[AE-IS] Kept 16472 / 16472 (reduction = 0.00%)
[AdaptiveV2-IS] Score stats — min: 0.0934, p25: 0.3405, median: 0.4367, p75: 0.5566, max: 2.2063
[AdaptiveV2-IS] Step 2 — estimating params via quartile density …
[AdaptiveV2-IS] Quartile widths: Q1_frac=0.117, Q2_frac=0.046, total_range=2.1129
[AdaptiveV2-IS] Params: beta_q1=0.700, beta_q2=0.400, theta=0.187, imbalance_proxy=0.377
[AdaptiveV2-IS] Step 3 — applying quartile selection …
[AdaptiveV2-IS] Q1 (4118 instances): removing 2882 (beta_q1=0.700, weighted)
[AdaptiveV2-IS] Q2 (4118 instances): removing 1647 (beta_q2=0.400, weighted)
[AdaptiveV2-IS] Q4 (4118 instances): removing 769 (theta=0.187, weighted)
[AdaptiveV2-IS] Done — removed 5298 / 16472 (reduction = 32.16%)
[8.416016340255737, 6.3717734813690186, 6.494877338409424, 5.95349907875061, 6.473047256469727, 6.489083290100098, 6.532136678695679, 6.511151552200317]
Fold 8
[AdaptiveV2-IS] Step 1 — scoring via 'autoencoder' …
[AE-IS] Using GPU: NVIDIA A100-SXM4-80GB
[AE-IS] Architecture: 256 → 20 → 10 → 20 → 256
[AE-IS] Training autoencoder on 16472 instances (256 features) for up to 50 epochs …
  Epoch   1/50 — loss: 1.131565 (best: 1.131565)
  Epoch  10/50 — loss: 0.556935 (best: 0.556935)
  Epoch  20/50 — loss: 0.526274 (best: 0.526274)
  Epoch  30/50 — loss: 0.519459 (best: 0.519459)
  Epoch  40/50 — loss: 0.517019 (best: 0.517019)
  Epoch  50/50 — loss: 0.517428 (best: 0.516172)
[AE-IS] Training finished — best loss: 0.516172
[AE-IS] Reconstruction error stats — min: 0.095241, median: 0.436786, max: 2.218526
[AE-IS] Removed 0 redundant + 0 noisy = 0 total instances
[AE-IS] Kept 16472 / 16472 (reduction = 0.00%)
[AdaptiveV2-IS] Score stats — min: 0.0952, p25: 0.3401, median: 0.4368, p75: 0.5575, max: 2.2185
[AdaptiveV2-IS] Step 2 — estimating params via quartile density …
[AdaptiveV2-IS] Quartile widths: Q1_frac=0.115, Q2_frac=0.046, total_range=2.1233
[AdaptiveV2-IS] Params: beta_q1=0.700, beta_q2=0.400, theta=0.187, imbalance_proxy=0.378
[AdaptiveV2-IS] Step 3 — applying quartile selection …
[AdaptiveV2-IS] Q1 (4118 instances): removing 2882 (beta_q1=0.700, weighted)
[AdaptiveV2-IS] Q2 (4118 instances): removing 1647 (beta_q2=0.400, weighted)
[AdaptiveV2-IS] Q4 (4118 instances): removing 768 (theta=0.187, weighted)
[AdaptiveV2-IS] Done — removed 5297 / 16472 (reduction = 32.16%)
[8.416016340255737, 6.3717734813690186, 6.494877338409424, 5.95349907875061, 6.473047256469727, 6.489083290100098, 6.532136678695679, 6.511151552200317, 6.593890428543091]
Fold 9
[AdaptiveV2-IS] Step 1 — scoring via 'autoencoder' …
[AE-IS] Using GPU: NVIDIA A100-SXM4-80GB
[AE-IS] Architecture: 256 → 20 → 10 → 20 → 256
[AE-IS] Training autoencoder on 16472 instances (256 features) for up to 50 epochs …
  Epoch   1/50 — loss: 1.132311 (best: 1.132311)
  Epoch  10/50 — loss: 0.559050 (best: 0.559050)
  Epoch  20/50 — loss: 0.529353 (best: 0.529353)
  Epoch  30/50 — loss: 0.524586 (best: 0.524586)
  Epoch  40/50 — loss: 0.523159 (best: 0.523089)
  Epoch  50/50 — loss: 0.519003 (best: 0.519003)
[AE-IS] Training finished — best loss: 0.519003
[AE-IS] Reconstruction error stats — min: 0.094573, median: 0.439661, max: 2.223377
[AE-IS] Removed 0 redundant + 0 noisy = 0 total instances
[AE-IS] Kept 16472 / 16472 (reduction = 0.00%)
[AdaptiveV2-IS] Score stats — min: 0.0946, p25: 0.3441, median: 0.4397, p75: 0.5589, max: 2.2234
[AdaptiveV2-IS] Step 2 — estimating params via quartile density …
[AdaptiveV2-IS] Quartile widths: Q1_frac=0.117, Q2_frac=0.045, total_range=2.1288
[AdaptiveV2-IS] Params: beta_q1=0.700, beta_q2=0.400, theta=0.187, imbalance_proxy=0.378
[AdaptiveV2-IS] Step 3 — applying quartile selection …
[AdaptiveV2-IS] Q1 (4118 instances): removing 2882 (beta_q1=0.700, weighted)
[AdaptiveV2-IS] Q2 (4118 instances): removing 1647 (beta_q2=0.400, weighted)
[AdaptiveV2-IS] Q4 (4118 instances): removing 768 (theta=0.187, weighted)
[AdaptiveV2-IS] Done — removed 5297 / 16472 (reduction = 32.16%)
[8.416016340255737, 6.3717734813690186, 6.494877338409424, 5.95349907875061, 6.473047256469727, 6.489083290100098, 6.532136678695679, 6.511151552200317, 6.593890428543091, 6.594265460968018]
END

=================================================
Step 2: Generating summary (read_selection_ci.py)
=================================================
20ng:
    - no-is: time=0.012 ±0.002 (n=10)  reduction=0.0000 ±0.0000 (n=10)
    - perplexity-is: time=15.961 ±0.875 (n=10)  reduction=0.3000 ±0.0000 (n=10)
    - adaptive-v2-perplexity: time=18.978 ±2.892 (n=10)  reduction=0.3831 ±0.0005 (n=10)
    - adaptive-perplexity: time=22.315 ±2.236 (n=10)  reduction=0.3901 ±0.0445 (n=10)
    - biois: time=230.814 ±13.034 (n=10)  reduction=0.3195 ±0.0004 (n=10)

acm:
    - no-is: time=0.012 ±0.002 (n=10)  reduction=0.0000 ±0.0000 (n=10)
    - adaptive-v2-perplexity: time=12.809 ±1.032 (n=10)  reduction=0.3820 ±0.0002 (n=10)
    - perplexity-is: time=12.819 ±1.197 (n=10)  reduction=0.3000 ±0.0000 (n=10)
    - adaptive-perplexity: time=17.195 ±1.095 (n=10)  reduction=0.3181 ±0.0092 (n=10)
    - biois: time=401.582 ±12.987 (n=10)  reduction=0.3715 ±0.0003 (n=10)

agnews:
    - no-is: time=0.053 ±0.003 (n=5)  reduction=0.0000 ±0.0000 (n=5)
    - perplexity-is: time=43.430 ±2.103 (n=5)  reduction=0.3000 ±0.0000 (n=5)
    - adaptive-v2-perplexity: time=44.308 ±4.109 (n=5)  reduction=0.3835 ±0.0001 (n=5)
    - adaptive-perplexity: time=55.134 ±2.969 (n=5)  reduction=0.1860 ±0.0143 (n=5)
    - biois: time=403.812 ±61.927 (n=5)  reduction=0.2925 ±0.0001 (n=5)

books:
    - no-is: time=0.019 ±0.002 (n=10)  reduction=0.0000 ±0.0000 (n=10)
    - perplexity-is: time=16.853 ±1.360 (n=10)  reduction=0.3000 ±0.0000 (n=10)
    - adaptive-v2-perplexity: time=17.144 ±1.301 (n=10)  reduction=0.3840 ±0.0006 (n=10)
    - adaptive-perplexity: time=20.022 ±0.880 (n=10)  reduction=0.3820 ±0.0202 (n=10)
    - biois: time=324.804 ±20.219 (n=10)  reduction=0.3463 ±0.0003 (n=10)

dblp:
    - no-is: time=0.023 ±0.002 (n=10)  reduction=0.0000 ±0.0000 (n=10)
    - perplexity-is: time=19.185 ±1.464 (n=10)  reduction=0.3000 ±0.0000 (n=10)
    - adaptive-v2-perplexity: time=21.400 ±1.910 (n=10)  reduction=0.3835 ±0.0003 (n=10)
    - adaptive-perplexity: time=25.321 ±2.803 (n=10)  reduction=0.2832 ±0.0180 (n=10)
    - biois: time=381.584 ±31.438 (n=10)  reduction=0.3493 ±0.0003 (n=10)

medline:
    - no-is: time=0.384 ±0.029 (n=5)  reduction=0.0000 ±0.0000 (n=5)
    - adaptive-v2-perplexity: time=304.529 ±8.971 (n=5)  reduction=0.3783 ±0.0003 (n=5)
    - adaptive-perplexity: time=331.214 ±22.424 (n=5)  reduction=0.1220 ±0.0063 (n=5)
    - perplexity-is: time=334.614 ±6.453 (n=5)  reduction=0.3000 ±0.0000 (n=5)
    - biois: time=531.578 ±39.661 (n=5)  reduction=0.3199 ±0.0003 (n=5)

movie_review:
    - no-is: time=0.005 ±0.000 (n=10)  reduction=0.0000 ±0.0000 (n=10)
    - biois: time=0.595 ±0.009 (n=10)  reduction=0.3728 ±0.0008 (n=10)
    - perplexity-is: time=5.388 ±0.684 (n=10)  reduction=0.2998 ±0.0000 (n=10)
    - adaptive-v2-perplexity: time=5.511 ±0.675 (n=10)  reduction=0.3863 ±0.0001 (n=10)
    - adaptive-perplexity: time=5.631 ±0.814 (n=10)  reduction=0.3767 ±0.0029 (n=10)
    - autoencoder-is: time=8.749 ±0.708 (n=10)  reduction=0.2998 ±0.0000 (n=10)
    - gmm-is: time=18.689 ±4.944 (n=10)  reduction=0.2998 ±0.0000 (n=10)

mpqa:
    - no-is: time=0.005 ±0.000 (n=10)  reduction=0.0000 ±0.0000 (n=10)
    - biois: time=0.533 ±0.008 (n=10)  reduction=0.3467 ±0.0006 (n=10)
    - adaptive-v2-perplexity: time=3.606 ±0.668 (n=10)  reduction=0.3670 ±0.0021 (n=10)
    - perplexity-is: time=3.667 ±0.644 (n=10)  reduction=0.2996 ±0.0001 (n=10)
    - adaptive-perplexity: time=3.734 ±0.805 (n=10)  reduction=0.0858 ±0.0012 (n=10)
    - autoencoder-is: time=6.803 ±0.345 (n=10)  reduction=0.2998 ±0.0001 (n=10)
    - gmm-is: time=11.579 ±5.387 (n=10)  reduction=0.2998 ±0.0000 (n=10)

ohsumed:
    - no-is: time=0.011 ±0.002 (n=10)  reduction=0.0000 ±0.0000 (n=10)
    - adaptive-v2-perplexity: time=6.643 ±0.465 (n=10)  reduction=0.3218 ±0.0004 (n=10)
    - perplexity-is: time=10.502 ±1.144 (n=10)  reduction=0.3000 ±0.0000 (n=10)
    - adaptive-perplexity: time=13.026 ±0.611 (n=10)  reduction=0.2978 ±0.0181 (n=10)
    - autoencoder-is: time=24.837 ±1.217 (n=10)  reduction=0.3000 ±0.0000 (n=10)
    - gmm-is: time=57.495 ±14.229 (n=10)  reduction=0.3000 ±0.0000 (n=10)
    - biois: time=347.913 ±8.905 (n=10)  reduction=0.3980 ±0.0007 (n=10)

pang_movie:
    - no-is: time=0.005 ±0.000 (n=10)  reduction=0.0000 ±0.0000 (n=10)
    - biois: time=1.592 ±0.092 (n=10)  reduction=0.3709 ±0.0011 (n=10)
    - perplexity-is: time=5.593 ±0.841 (n=10)  reduction=0.2998 ±0.0000 (n=10)
    - adaptive-v2-perplexity: time=5.730 ±0.688 (n=10)  reduction=0.3852 ±0.0002 (n=10)
    - adaptive-perplexity: time=5.845 ±0.673 (n=10)  reduction=0.1663 ±0.0056 (n=10)
    - autoencoder-is: time=11.485 ±1.384 (n=10)  reduction=0.2998 ±0.0000 (n=10)
    - gmm-is: time=36.091 ±8.203 (n=10)  reduction=0.2998 ±0.0000 (n=10)

reuters90:
    - no-is: time=0.008 ±0.001 (n=10)  reduction=0.0000 ±0.0000 (n=10)
    - perplexity-is: time=8.050 ±0.897 (n=10)  reduction=0.2999 ±0.0000 (n=10)
    - adaptive-v2-perplexity: time=8.059 ±0.841 (n=10)  reduction=0.3819 ±0.0004 (n=10)
    - adaptive-perplexity: time=10.443 ±0.410 (n=10)  reduction=0.2991 ±0.0371 (n=10)
    - autoencoder-is: time=30.497 ±1.411 (n=10)  reduction=0.3000 ±0.0000 (n=10)
    - gmm-is: time=57.289 ±8.505 (n=10)  reduction=0.3000 ±0.0000 (n=10)
    - biois: time=291.699 ±3.711 (n=10)  reduction=0.4042 ±0.0007 (n=10)

sst1:
    - no-is: time=0.005 ±0.000 (n=10)  reduction=0.0000 ±0.0000 (n=10)
    - perplexity-is: time=5.764 ±0.695 (n=10)  reduction=0.2999 ±0.0000 (n=10)
    - adaptive-v2-perplexity: time=5.856 ±0.715 (n=10)  reduction=0.3853 ±0.0001 (n=10)
    - autoencoder-is: time=9.271 ±0.675 (n=10)  reduction=0.2999 ±0.0000 (n=10)
    - adaptive-perplexity: time=9.567 ±1.604 (n=10)  reduction=0.3631 ±0.0055 (n=10)
    - gmm-is: time=22.653 ±4.760 (n=10)  reduction=0.2999 ±0.0000 (n=10)
    - biois: time=195.003 ±46.409 (n=10)  reduction=0.5540 ±0.0012 (n=10)

sst2:
    - no-is: time=0.004 ±0.000 (n=10)  reduction=0.0000 ±0.0000 (n=10)
    - biois: time=0.541 ±0.004 (n=10)  reduction=0.3593 ±0.0014 (n=10)
    - adaptive-v2-perplexity: time=5.110 ±0.681 (n=10)  reduction=0.3857 ±0.0001 (n=10)
    - perplexity-is: time=5.232 ±0.658 (n=10)  reduction=0.2999 ±0.0000 (n=10)
    - adaptive-perplexity: time=5.383 ±0.721 (n=10)  reduction=0.3752 ±0.0059 (n=10)
    - autoencoder-is: time=7.780 ±0.438 (n=10)  reduction=0.2999 ±0.0000 (n=10)
    - gmm-is: time=14.423 ±5.300 (n=10)  reduction=0.2999 ±0.0000 (n=10)

subj:
    - no-is: time=0.005 ±0.000 (n=10)  reduction=0.0000 ±0.0000 (n=10)
    - adaptive-v2-perplexity: time=5.425 ±0.638 (n=10)  reduction=0.3869 ±0.0001 (n=10)
    - perplexity-is: time=5.463 ±0.725 (n=10)  reduction=0.3000 ±0.0000 (n=10)
    - adaptive-perplexity: time=5.618 ±0.665 (n=10)  reduction=0.4124 ±0.0038 (n=10)
    - biois: time=5.776 ±8.193 (n=10)  reduction=0.3074 ±0.0007 (n=10)
    - autoencoder-is: time=8.973 ±0.606 (n=10)  reduction=0.3000 ±0.0000 (n=10)
    - gmm-is: time=18.894 ±4.951 (n=10)  reduction=0.3000 ±0.0000 (n=10)

trec:
    - no-is: time=0.003 ±0.000 (n=10)  reduction=0.0000 ±0.0000 (n=10)
    - adaptive-v2-perplexity: time=2.496 ±0.441 (n=10)  reduction=0.3210 ±0.0016 (n=10)
    - perplexity-is: time=2.911 ±0.613 (n=10)  reduction=0.2998 ±0.0000 (n=10)
    - adaptive-perplexity: time=2.993 ±0.648 (n=10)  reduction=0.4117 ±0.0049 (n=10)
    - autoencoder-is: time=4.149 ±0.925 (n=10)  reduction=0.2998 ±0.0000 (n=10)
    - gmm-is: time=6.510 ±2.484 (n=10)  reduction=0.2998 ±0.0000 (n=10)
    - biois: time=138.907 ±68.851 (n=10)  reduction=0.4218 ±0.0012 (n=10)

twitter:
    - no-is: time=0.004 ±0.000 (n=10)  reduction=0.0000 ±0.0000 (n=10)
    - adaptive-v2-perplexity: time=4.377 ±0.644 (n=10)  reduction=0.3843 ±0.0002 (n=10)
    - perplexity-is: time=4.468 ±0.836 (n=10)  reduction=0.2999 ±0.0000 (n=10)
    - adaptive-perplexity: time=4.496 ±0.751 (n=10)  reduction=0.2729 ±0.0183 (n=10)
    - autoencoder-is: time=6.171 ±0.508 (n=10)  reduction=0.2999 ±0.0000 (n=10)
    - gmm-is: time=11.598 ±4.048 (n=10)  reduction=0.2999 ±0.0000 (n=10)
    - biois: time=157.686 ±39.457 (n=10)  reduction=0.3648 ±0.0003 (n=10)

vader_movie:
    - no-is: time=0.005 ±0.000 (n=10)  reduction=0.0000 ±0.0000 (n=10)
    - biois: time=1.682 ±0.028 (n=10)  reduction=0.3659 ±0.0007 (n=10)
    - adaptive-v2-perplexity: time=5.846 ±0.723 (n=10)  reduction=0.3853 ±0.0001 (n=10)
    - perplexity-is: time=5.900 ±0.907 (n=10)  reduction=0.2999 ±0.0000 (n=10)
    - adaptive-perplexity: time=6.013 ±0.766 (n=10)  reduction=0.1669 ±0.0117 (n=10)
    - autoencoder-is: time=10.694 ±0.850 (n=10)  reduction=0.2999 ±0.0000 (n=10)
    - gmm-is: time=32.721 ±7.542 (n=10)  reduction=0.2999 ±0.0000 (n=10)

webkb:
    - no-is: time=0.005 ±0.000 (n=10)  reduction=0.0000 ±0.0000 (n=10)
    - perplexity-is: time=6.151 ±0.853 (n=10)  reduction=0.2999 ±0.0000 (n=10)
    - adaptive-v2-perplexity: time=6.166 ±0.838 (n=10)  reduction=0.3829 ±0.0003 (n=10)
    - adaptive-perplexity: time=6.330 ±0.948 (n=10)  reduction=0.3736 ±0.0390 (n=10)
    - autoencoder-is: time=9.824 ±1.251 (n=10)  reduction=0.2999 ±0.0000 (n=10)
    - gmm-is: time=34.278 ±8.511 (n=10)  reduction=0.2999 ±0.0000 (n=10)
    - biois: time=231.868 ±12.878 (n=10)  reduction=0.3652 ±0.0008 (n=10)

wos11967:
    - no-is: time=0.008 ±0.002 (n=10)  reduction=0.0000 ±0.0000 (n=10)
    - perplexity-is: time=7.759 ±0.737 (n=10)  reduction=0.2999 ±0.0000 (n=10)
    - adaptive-v2-perplexity: time=8.058 ±0.748 (n=10)  reduction=0.3837 ±0.0006 (n=10)
    - adaptive-perplexity: time=10.107 ±0.666 (n=10)  reduction=0.3272 ±0.0374 (n=10)
    - autoencoder-is: time=14.081 ±1.108 (n=10)  reduction=0.2999 ±0.0000 (n=10)
    - gmm-is: time=45.489 ±8.621 (n=10)  reduction=0.2999 ±0.0000 (n=10)
    - biois: time=127.862 ±4.855 (n=10)  reduction=0.3291 ±0.0003 (n=10)

wos5736:
    - no-is: time=0.004 ±0.001 (n=10)  reduction=0.0000 ±0.0000 (n=10)
    - adaptive-v2-perplexity: time=4.990 ±0.729 (n=10)  reduction=0.3830 ±0.0015 (n=10)
    - adaptive-perplexity: time=5.015 ±0.710 (n=10)  reduction=0.2774 ±0.0339 (n=10)
    - perplexity-is: time=5.443 ±0.846 (n=10)  reduction=0.2999 ±0.0000 (n=10)
    - autoencoder-is: time=7.095 ±1.133 (n=10)  reduction=0.2999 ±0.0000 (n=10)
    - gmm-is: time=24.179 ±9.349 (n=10)  reduction=0.2999 ±0.0000 (n=10)
    - biois: time=114.228 ±30.310 (n=10)  reduction=0.3070 ±0.0005 (n=10)

yelp_2013:
    - no-is: time=0.172 ±0.025 (n=5)  reduction=0.0000 ±0.0000 (n=5)
    - adaptive-perplexity: time=178.913 ±4.381 (n=5)  reduction=0.3180 ±0.0063 (n=5)
    - adaptive-v2-perplexity: time=179.351 ±3.808 (n=5)  reduction=0.3828 ±0.0004 (n=5)
    - perplexity-is: time=182.560 ±8.975 (n=5)  reduction=0.3000 ±0.0000 (n=5)
    - biois: time=456.709 ±42.360 (n=5)  reduction=0.4465 ±0.0004 (n=5)

yelp_reviews:
    - no-is: time=0.004 ±0.001 (n=10)  reduction=0.0000 ±0.0000 (n=10)
    - perplexity-is: time=4.732 ±0.730 (n=10)  reduction=0.3000 ±0.0000 (n=10)
    - adaptive-v2-perplexity: time=4.733 ±0.770 (n=10)  reduction=0.3843 ±0.0001 (n=10)
    - adaptive-perplexity: time=4.982 ±0.638 (n=10)  reduction=0.4287 ±0.0014 (n=10)
    - autoencoder-is: time=5.947 ±0.756 (n=10)  reduction=0.3000 ±0.0000 (n=10)
    - biois: time=24.524 ±20.905 (n=10)  reduction=0.2836 ±0.0007 (n=10)
    - gmm-is: time=32.626 ±9.943 (n=10)  reduction=0.3000 ±0.0000 (n=10)

Wrote: /app/unsupervised-is/resources/outsel/selection_summary.json
Wrote: /app/unsupervised-is/resources/outsel/selection_summary.csv

=================================================
Step 3: Running atcBench
=================================================
Running with 1 concurrent processes...
Methods  : adaptive-v2-perplexity
Datasets : trec ohsumed
xargs: warning: options --max-args and --replace/-I/-i are mutually exclusive, ignoring previous --max-args value
[RUN] Iniciando trec_adaptive-v2-perplexity (Acompanhe os detalhes em logs/run_trec_adaptive-v2-perplexity.log)
[DONE] Finalizado trec_adaptive-v2-perplexity
[RUN] Iniciando ohsumed_adaptive-v2-perplexity (Acompanhe os detalhes em logs/run_ohsumed_adaptive-v2-perplexity.log)
[DONE] Finalizado ohsumed_adaptive-v2-perplexity
All runs finished.

=================================================
Step 4: Generating results CSV (Metrics)
=================================================
Loaded selection CSV with 140 entries from: /app/unsupervised-is/resources/outsel/selection_summary.csv
Processing: dataset=20ng, method=adaptive-perplexity, model=roberta, reduction=0.3900763844596542
Processing: dataset=20ng, method=adaptive-v2-perplexity, model=roberta, reduction=0.38311096805421946
Processing: dataset=20ng, method=biois, model=roberta, reduction=0.31948428902193715
Processing: dataset=20ng, method=no-is, model=roberta, reduction=0.0
Processing: dataset=20ng, method=perplexity-is, model=roberta, reduction=0.299951656431839
Processing: dataset=acm, method=adaptive-perplexity, model=roberta, reduction=0.31812854708830723
Processing: dataset=acm, method=adaptive-v2-perplexity, model=roberta, reduction=0.38203620852365733
Processing: dataset=acm, method=biois, model=roberta, reduction=0.37149504125884236
Processing: dataset=acm, method=no-is, model=roberta, reduction=0.0
Processing: dataset=acm, method=perplexity-is, model=roberta, reduction=0.299951357075815
Processing: dataset=agnews, method=adaptive-perplexity, model=roberta, reduction=0.18601097178683385
Processing: dataset=agnews, method=adaptive-v2-perplexity, model=roberta, reduction=0.38345807210031346
Processing: dataset=agnews, method=biois, model=roberta, reduction=0.29253722570532914
Processing: dataset=agnews, method=no-is, model=roberta, reduction=0.0
Processing: dataset=agnews, method=perplexity-is, model=roberta, reduction=0.2999902037617555
Processing: dataset=books, method=adaptive-perplexity, model=roberta, reduction=0.3819928806453481
Processing: dataset=books, method=adaptive-v2-perplexity, model=roberta, reduction=0.38404344661882617
Processing: dataset=books, method=biois, model=roberta, reduction=0.34632506830384324
Processing: dataset=books, method=no-is, model=roberta, reduction=0.0
Processing: dataset=books, method=perplexity-is, model=roberta, reduction=0.29998412416227677
Processing: dataset=dblp, method=adaptive-perplexity, model=roberta, reduction=0.2832097159675644
Processing: dataset=dblp, method=adaptive-v2-perplexity, model=roberta, reduction=0.3834685498036888
Processing: dataset=dblp, method=biois, model=roberta, reduction=0.34926796398573945
Processing: dataset=dblp, method=no-is, model=roberta, reduction=0.0
Processing: dataset=dblp, method=perplexity-is, model=roberta, reduction=0.29998368074202386
Processing: dataset=medline, method=adaptive-perplexity, model=roberta, reduction=0.12201134347775972
Processing: dataset=movie_review, method=adaptive-perplexity, model=roberta, reduction=0.37673774746773286
Processing: dataset=movie_review, method=adaptive-v2-perplexity, model=roberta, reduction=0.3863044257410537
Processing: dataset=movie_review, method=autoencoder-is, model=roberta, reduction=0.2998186711894243
Processing: dataset=movie_review, method=biois, model=roberta, reduction=0.3727672486429881
Processing: dataset=movie_review, method=gmm-is, model=roberta, reduction=0.2998186711894243
Processing: dataset=movie_review, method=no-is, model=roberta, reduction=0.0
Processing: dataset=movie_review, method=perplexity-is, model=roberta, reduction=0.2998186711894243
Processing: dataset=mpqa, method=adaptive-perplexity, model=roberta, reduction=0.08580048392954212
Processing: dataset=mpqa, method=adaptive-v2-perplexity, model=roberta, reduction=0.36699360939508585
Processing: dataset=mpqa, method=autoencoder-is, model=roberta, reduction=0.2997883798742644
Processing: dataset=mpqa, method=biois, model=roberta, reduction=0.34671149715139626
Processing: dataset=mpqa, method=gmm-is, model=roberta, reduction=0.2997883809717596
Processing: dataset=mpqa, method=no-is, model=roberta, reduction=0.0
Processing: dataset=mpqa, method=perplexity-is, model=roberta, reduction=0.29963123611874326
Processing: dataset=ohsumed, method=adaptive-perplexity, model=roberta, reduction=0.29780596433798656
Processing: dataset=ohsumed, method=adaptive-v2-perplexity, model=roberta, reduction=0.3218227506958895
Processing: dataset=ohsumed, method=autoencoder-is, model=roberta, reduction=0.29995507432094953
Processing: dataset=ohsumed, method=biois, model=roberta, reduction=0.39798322851805207
Processing: dataset=ohsumed, method=gmm-is, model=roberta, reduction=0.29995507432094953
Processing: dataset=ohsumed, method=no-is, model=roberta, reduction=0.0
Processing: dataset=ohsumed, method=perplexity-is, model=roberta, reduction=0.29995507432094953
Processing: dataset=pang_movie, method=adaptive-perplexity, model=roberta, reduction=0.16631216337013469
Processing: dataset=pang_movie, method=adaptive-v2-perplexity, model=roberta, reduction=0.3852206177735616
Processing: dataset=pang_movie, method=autoencoder-is, model=roberta, reduction=0.299818671840805
Processing: dataset=pang_movie, method=biois, model=roberta, reduction=0.3708601396784481
Processing: dataset=pang_movie, method=gmm-is, model=roberta, reduction=0.299818671840805
Processing: dataset=pang_movie, method=no-is, model=roberta, reduction=0.0
Processing: dataset=pang_movie, method=perplexity-is, model=roberta, reduction=0.299818671840805
Processing: dataset=reuters90, method=adaptive-perplexity, model=roberta, reduction=0.299123574866918
Processing: dataset=reuters90, method=adaptive-v2-perplexity, model=roberta, reduction=0.3818899860974089
Processing: dataset=reuters90, method=autoencoder-is, model=roberta, reduction=0.2999507820719703
Processing: dataset=reuters90, method=biois, model=roberta, reduction=0.40416609843338325
Processing: dataset=reuters90, method=gmm-is, model=roberta, reduction=0.2999507820719703
Processing: dataset=reuters90, method=no-is, model=roberta, reduction=0.0
Processing: dataset=reuters90, method=perplexity-is, model=roberta, reduction=0.29993413205532027
Processing: dataset=sst1, method=adaptive-perplexity, model=roberta, reduction=0.3631005128944819
Processing: dataset=sst1, method=adaptive-v2-perplexity, model=roberta, reduction=0.3853320207104415
Processing: dataset=sst1, method=autoencoder-is, model=roberta, reduction=0.29992033432002585
Processing: dataset=sst1, method=biois, model=roberta, reduction=0.5540465509697401
Processing: dataset=sst1, method=gmm-is, model=roberta, reduction=0.29992033432002585
Processing: dataset=sst1, method=no-is, model=roberta, reduction=0.0
Processing: dataset=sst1, method=perplexity-is, model=roberta, reduction=0.29992033432002585
Processing: dataset=sst2, method=adaptive-perplexity, model=roberta, reduction=0.37520971442402046
Processing: dataset=sst2, method=adaptive-v2-perplexity, model=roberta, reduction=0.38565830994073197
Processing: dataset=sst2, method=autoencoder-is, model=roberta, reduction=0.2999410528891098
Processing: dataset=sst2, method=biois, model=roberta, reduction=0.35933974292481025
Processing: dataset=sst2, method=gmm-is, model=roberta, reduction=0.2999410528891098
Processing: dataset=sst2, method=no-is, model=roberta, reduction=0.0
Processing: dataset=sst2, method=perplexity-is, model=roberta, reduction=0.2999410528891098
Processing: dataset=subj, method=adaptive-perplexity, model=roberta, reduction=0.4124333333333333
Processing: dataset=subj, method=adaptive-v2-perplexity, model=roberta, reduction=0.3869222222222222
Processing: dataset=subj, method=autoencoder-is, model=roberta, reduction=0.3
Processing: dataset=subj, method=biois, model=roberta, reduction=0.30741111111111113
Processing: dataset=subj, method=gmm-is, model=roberta, reduction=0.3
Processing: dataset=subj, method=no-is, model=roberta, reduction=0.0
Processing: dataset=subj, method=perplexity-is, model=roberta, reduction=0.3
Processing: dataset=trec, method=adaptive-perplexity, model=roberta, reduction=0.41173833542705773
Processing: dataset=trec, method=adaptive-v2-perplexity, model=roberta, reduction=0.3210498174897808
Processing: dataset=trec, method=autoencoder-is, model=roberta, reduction=0.2998058559131903
Processing: dataset=trec, method=biois, model=roberta, reduction=0.4218002890831383
Processing: dataset=trec, method=gmm-is, model=roberta, reduction=0.2998058559131903
Processing: dataset=trec, method=no-is, model=roberta, reduction=0.0
Processing: dataset=trec, method=perplexity-is, model=roberta, reduction=0.2998058559131903
Processing: dataset=twitter, method=adaptive-perplexity, model=roberta, reduction=0.2729262796737729
Processing: dataset=twitter, method=adaptive-v2-perplexity, model=roberta, reduction=0.3843234387094663
Processing: dataset=twitter, method=autoencoder-is, model=roberta, reduction=0.29985866588116056
Processing: dataset=twitter, method=biois, model=roberta, reduction=0.3647912682338563
Processing: dataset=twitter, method=gmm-is, model=roberta, reduction=0.29985866588116056
Processing: dataset=twitter, method=no-is, model=roberta, reduction=0.0
Processing: dataset=twitter, method=perplexity-is, model=roberta, reduction=0.29985866588116056
Processing: dataset=vader_movie, method=adaptive-perplexity, model=roberta, reduction=0.1669187499670468
Processing: dataset=vader_movie, method=adaptive-v2-perplexity, model=roberta, reduction=0.38529313512946145
Processing: dataset=vader_movie, method=autoencoder-is, model=roberta, reduction=0.299899064683082
Processing: dataset=vader_movie, method=biois, model=roberta, reduction=0.3659265174539452
Processing: dataset=vader_movie, method=gmm-is, model=roberta, reduction=0.299899064683082
Processing: dataset=vader_movie, method=no-is, model=roberta, reduction=0.0
Processing: dataset=vader_movie, method=perplexity-is, model=roberta, reduction=0.299899064683082
Processing: dataset=webkb, method=adaptive-perplexity, model=roberta, reduction=0.3735723228382148
Processing: dataset=webkb, method=adaptive-v2-perplexity, model=roberta, reduction=0.3829328570377477
Processing: dataset=webkb, method=autoencoder-is, model=roberta, reduction=0.2998604117436791
Processing: dataset=webkb, method=biois, model=roberta, reduction=0.3652205626640052
Processing: dataset=webkb, method=gmm-is, model=roberta, reduction=0.2998604117436791
Processing: dataset=webkb, method=no-is, model=roberta, reduction=0.0
Processing: dataset=webkb, method=perplexity-is, model=roberta, reduction=0.2998604117436791
Processing: dataset=wos11967, method=adaptive-perplexity, model=roberta, reduction=0.3271974524599092
Processing: dataset=wos11967, method=adaptive-v2-perplexity, model=roberta, reduction=0.38370334662687827
Processing: dataset=wos11967, method=autoencoder-is, model=roberta, reduction=0.2998987963053238
Processing: dataset=wos11967, method=biois, model=roberta, reduction=0.3291366161087834
Processing: dataset=wos11967, method=gmm-is, model=roberta, reduction=0.2998987963053238
Processing: dataset=wos11967, method=no-is, model=roberta, reduction=0.0
Processing: dataset=wos11967, method=perplexity-is, model=roberta, reduction=0.2998987963053238
Processing: dataset=wos5736, method=adaptive-perplexity, model=roberta, reduction=0.2773899058083465
Processing: dataset=wos5736, method=adaptive-v2-perplexity, model=roberta, reduction=0.38301944370214464
Processing: dataset=wos5736, method=autoencoder-is, model=roberta, reduction=0.2998605326863431
Processing: dataset=wos5736, method=biois, model=roberta, reduction=0.30698900463262613
Processing: dataset=wos5736, method=gmm-is, model=roberta, reduction=0.2998605326863431
Processing: dataset=wos5736, method=no-is, model=roberta, reduction=0.0
Processing: dataset=wos5736, method=perplexity-is, model=roberta, reduction=0.2998605326863431
Processing: dataset=yelp_reviews, method=adaptive-perplexity, model=roberta, reduction=0.4286888888888889
Processing: dataset=yelp_reviews, method=adaptive-v2-perplexity, model=roberta, reduction=0.3842888888888889
Processing: dataset=yelp_reviews, method=autoencoder-is, model=roberta, reduction=0.3
Processing: dataset=yelp_reviews, method=biois, model=roberta, reduction=0.28355555555555556
Processing: dataset=yelp_reviews, method=gmm-is, model=roberta, reduction=0.3
Processing: dataset=yelp_reviews, method=no-is, model=roberta, reduction=0.0
Processing: dataset=yelp_reviews, method=perplexity-is, model=roberta, reduction=0.3
Wrote CSV to: resources/results/results_from_outputs.csv

=================================================
Step 5: Generating results CSV (Times)
=================================================
Loaded selection CSV with 140 entries from: /app/unsupervised-is/resources/outsel/selection_summary.csv
Processing: dataset=20ng, method=adaptive-perplexity, model=roberta, IS_time=22.32
Processing: dataset=20ng, method=adaptive-v2-perplexity, model=roberta, IS_time=18.98
Processing: dataset=20ng, method=biois, model=roberta, IS_time=230.81
Processing: dataset=20ng, method=no-is, model=roberta, IS_time=0.01
Processing: dataset=20ng, method=perplexity-is, model=roberta, IS_time=15.96
Processing: dataset=acm, method=adaptive-perplexity, model=roberta, IS_time=17.20
Processing: dataset=acm, method=adaptive-v2-perplexity, model=roberta, IS_time=12.81
Processing: dataset=acm, method=biois, model=roberta, IS_time=401.58
Processing: dataset=acm, method=no-is, model=roberta, IS_time=0.01
Processing: dataset=acm, method=perplexity-is, model=roberta, IS_time=12.82
Processing: dataset=agnews, method=adaptive-perplexity, model=roberta, IS_time=55.13
Processing: dataset=agnews, method=adaptive-v2-perplexity, model=roberta, IS_time=44.31
Processing: dataset=agnews, method=biois, model=roberta, IS_time=403.81
Processing: dataset=agnews, method=no-is, model=roberta, IS_time=0.05
Processing: dataset=agnews, method=perplexity-is, model=roberta, IS_time=43.43
Processing: dataset=books, method=adaptive-perplexity, model=roberta, IS_time=20.02
Processing: dataset=books, method=adaptive-v2-perplexity, model=roberta, IS_time=17.14
Processing: dataset=books, method=biois, model=roberta, IS_time=324.80
Processing: dataset=books, method=no-is, model=roberta, IS_time=0.02
Processing: dataset=books, method=perplexity-is, model=roberta, IS_time=16.85
Processing: dataset=dblp, method=adaptive-perplexity, model=roberta, IS_time=25.32
Processing: dataset=dblp, method=adaptive-v2-perplexity, model=roberta, IS_time=21.40
Processing: dataset=dblp, method=biois, model=roberta, IS_time=381.58
Processing: dataset=dblp, method=no-is, model=roberta, IS_time=0.02
Processing: dataset=dblp, method=perplexity-is, model=roberta, IS_time=19.18
Processing: dataset=medline, method=adaptive-perplexity, model=roberta, IS_time=331.21
Processing: dataset=movie_review, method=adaptive-perplexity, model=roberta, IS_time=5.63
Processing: dataset=movie_review, method=adaptive-v2-perplexity, model=roberta, IS_time=5.51
Processing: dataset=movie_review, method=autoencoder-is, model=roberta, IS_time=8.75
Processing: dataset=movie_review, method=biois, model=roberta, IS_time=0.59
Processing: dataset=movie_review, method=gmm-is, model=roberta, IS_time=18.69
Processing: dataset=movie_review, method=no-is, model=roberta, IS_time=0.00
Processing: dataset=movie_review, method=perplexity-is, model=roberta, IS_time=5.39
Processing: dataset=mpqa, method=adaptive-perplexity, model=roberta, IS_time=3.73
Processing: dataset=mpqa, method=adaptive-v2-perplexity, model=roberta, IS_time=3.61
Processing: dataset=mpqa, method=autoencoder-is, model=roberta, IS_time=6.80
Processing: dataset=mpqa, method=biois, model=roberta, IS_time=0.53
Processing: dataset=mpqa, method=gmm-is, model=roberta, IS_time=11.58
Processing: dataset=mpqa, method=no-is, model=roberta, IS_time=0.00
Processing: dataset=mpqa, method=perplexity-is, model=roberta, IS_time=3.67
Processing: dataset=ohsumed, method=adaptive-perplexity, model=roberta, IS_time=13.03
Processing: dataset=ohsumed, method=adaptive-v2-perplexity, model=roberta, IS_time=6.64
Processing: dataset=ohsumed, method=autoencoder-is, model=roberta, IS_time=24.84
Processing: dataset=ohsumed, method=biois, model=roberta, IS_time=347.91
Processing: dataset=ohsumed, method=gmm-is, model=roberta, IS_time=57.49
Processing: dataset=ohsumed, method=no-is, model=roberta, IS_time=0.01
Processing: dataset=ohsumed, method=perplexity-is, model=roberta, IS_time=10.50
Processing: dataset=pang_movie, method=adaptive-perplexity, model=roberta, IS_time=5.85
Processing: dataset=pang_movie, method=adaptive-v2-perplexity, model=roberta, IS_time=5.73
Processing: dataset=pang_movie, method=autoencoder-is, model=roberta, IS_time=11.48
Processing: dataset=pang_movie, method=biois, model=roberta, IS_time=1.59
Processing: dataset=pang_movie, method=gmm-is, model=roberta, IS_time=36.09
Processing: dataset=pang_movie, method=no-is, model=roberta, IS_time=0.00
Processing: dataset=pang_movie, method=perplexity-is, model=roberta, IS_time=5.59
Processing: dataset=reuters90, method=adaptive-perplexity, model=roberta, IS_time=10.44
Processing: dataset=reuters90, method=adaptive-v2-perplexity, model=roberta, IS_time=8.06
Processing: dataset=reuters90, method=autoencoder-is, model=roberta, IS_time=30.50
Processing: dataset=reuters90, method=biois, model=roberta, IS_time=291.70
Processing: dataset=reuters90, method=gmm-is, model=roberta, IS_time=57.29
Processing: dataset=reuters90, method=no-is, model=roberta, IS_time=0.01
Processing: dataset=reuters90, method=perplexity-is, model=roberta, IS_time=8.05
Processing: dataset=sst1, method=adaptive-perplexity, model=roberta, IS_time=9.57
Processing: dataset=sst1, method=adaptive-v2-perplexity, model=roberta, IS_time=5.86
Processing: dataset=sst1, method=autoencoder-is, model=roberta, IS_time=9.27
Processing: dataset=sst1, method=biois, model=roberta, IS_time=195.00
Processing: dataset=sst1, method=gmm-is, model=roberta, IS_time=22.65
Processing: dataset=sst1, method=no-is, model=roberta, IS_time=0.01
Processing: dataset=sst1, method=perplexity-is, model=roberta, IS_time=5.76
Processing: dataset=sst2, method=adaptive-perplexity, model=roberta, IS_time=5.38
Processing: dataset=sst2, method=adaptive-v2-perplexity, model=roberta, IS_time=5.11
Processing: dataset=sst2, method=autoencoder-is, model=roberta, IS_time=7.78
Processing: dataset=sst2, method=biois, model=roberta, IS_time=0.54
Processing: dataset=sst2, method=gmm-is, model=roberta, IS_time=14.42
Processing: dataset=sst2, method=no-is, model=roberta, IS_time=0.00
Processing: dataset=sst2, method=perplexity-is, model=roberta, IS_time=5.23
Processing: dataset=subj, method=adaptive-perplexity, model=roberta, IS_time=5.62
Processing: dataset=subj, method=adaptive-v2-perplexity, model=roberta, IS_time=5.43
Processing: dataset=subj, method=autoencoder-is, model=roberta, IS_time=8.97
Processing: dataset=subj, method=biois, model=roberta, IS_time=5.78
Processing: dataset=subj, method=gmm-is, model=roberta, IS_time=18.89
Processing: dataset=subj, method=no-is, model=roberta, IS_time=0.00
Processing: dataset=subj, method=perplexity-is, model=roberta, IS_time=5.46
Processing: dataset=trec, method=adaptive-perplexity, model=roberta, IS_time=2.99
Processing: dataset=trec, method=adaptive-v2-perplexity, model=roberta, IS_time=2.50
Processing: dataset=trec, method=autoencoder-is, model=roberta, IS_time=4.15
Processing: dataset=trec, method=biois, model=roberta, IS_time=138.91
Processing: dataset=trec, method=gmm-is, model=roberta, IS_time=6.51
Processing: dataset=trec, method=no-is, model=roberta, IS_time=0.00
Processing: dataset=trec, method=perplexity-is, model=roberta, IS_time=2.91
Processing: dataset=twitter, method=adaptive-perplexity, model=roberta, IS_time=4.50
Processing: dataset=twitter, method=adaptive-v2-perplexity, model=roberta, IS_time=4.38
Processing: dataset=twitter, method=autoencoder-is, model=roberta, IS_time=6.17
Processing: dataset=twitter, method=biois, model=roberta, IS_time=157.69
Processing: dataset=twitter, method=gmm-is, model=roberta, IS_time=11.60
Processing: dataset=twitter, method=no-is, model=roberta, IS_time=0.00
Processing: dataset=twitter, method=perplexity-is, model=roberta, IS_time=4.47
Processing: dataset=vader_movie, method=adaptive-perplexity, model=roberta, IS_time=6.01
Processing: dataset=vader_movie, method=adaptive-v2-perplexity, model=roberta, IS_time=5.85
Processing: dataset=vader_movie, method=autoencoder-is, model=roberta, IS_time=10.69
Processing: dataset=vader_movie, method=biois, model=roberta, IS_time=1.68
Processing: dataset=vader_movie, method=gmm-is, model=roberta, IS_time=32.72
Processing: dataset=vader_movie, method=no-is, model=roberta, IS_time=0.00
Processing: dataset=vader_movie, method=perplexity-is, model=roberta, IS_time=5.90
Processing: dataset=webkb, method=adaptive-perplexity, model=roberta, IS_time=6.33
Processing: dataset=webkb, method=adaptive-v2-perplexity, model=roberta, IS_time=6.17
Processing: dataset=webkb, method=autoencoder-is, model=roberta, IS_time=9.82
Processing: dataset=webkb, method=biois, model=roberta, IS_time=231.87
Processing: dataset=webkb, method=gmm-is, model=roberta, IS_time=34.28
Processing: dataset=webkb, method=no-is, model=roberta, IS_time=0.00
Processing: dataset=webkb, method=perplexity-is, model=roberta, IS_time=6.15
Processing: dataset=wos11967, method=adaptive-perplexity, model=roberta, IS_time=10.11
Processing: dataset=wos11967, method=adaptive-v2-perplexity, model=roberta, IS_time=8.06
Processing: dataset=wos11967, method=autoencoder-is, model=roberta, IS_time=14.08
Processing: dataset=wos11967, method=biois, model=roberta, IS_time=127.86
Processing: dataset=wos11967, method=gmm-is, model=roberta, IS_time=45.49
Processing: dataset=wos11967, method=no-is, model=roberta, IS_time=0.01
Processing: dataset=wos11967, method=perplexity-is, model=roberta, IS_time=7.76
Processing: dataset=wos5736, method=adaptive-perplexity, model=roberta, IS_time=5.02
Processing: dataset=wos5736, method=adaptive-v2-perplexity, model=roberta, IS_time=4.99
Processing: dataset=wos5736, method=autoencoder-is, model=roberta, IS_time=7.10
Processing: dataset=wos5736, method=biois, model=roberta, IS_time=114.23
Processing: dataset=wos5736, method=gmm-is, model=roberta, IS_time=24.18
Processing: dataset=wos5736, method=no-is, model=roberta, IS_time=0.00
Processing: dataset=wos5736, method=perplexity-is, model=roberta, IS_time=5.44
Processing: dataset=yelp_reviews, method=adaptive-perplexity, model=roberta, IS_time=4.98
Processing: dataset=yelp_reviews, method=adaptive-v2-perplexity, model=roberta, IS_time=4.73
Processing: dataset=yelp_reviews, method=autoencoder-is, model=roberta, IS_time=5.95
Processing: dataset=yelp_reviews, method=biois, model=roberta, IS_time=24.52
Processing: dataset=yelp_reviews, method=gmm-is, model=roberta, IS_time=32.63
Processing: dataset=yelp_reviews, method=no-is, model=roberta, IS_time=0.00
Processing: dataset=yelp_reviews, method=perplexity-is, model=roberta, IS_time=4.73
Wrote CSV to: resources/results/times_from_outputs.csv

=================================================
Pipeline execution completed successfully!
=================================================
