Methods  : no-is,biois,perplexity-is,autoencoder-is,gmm-is,adaptive-perplexity,adaptive-v2-perplexity
Datasets : mpqa,trec,sst2,twitter,vader_movie,movie_review,sst1,pang_movie,subj,yelp_reviews,wos5736,reuters90,webkb,wos11967,ohsumed
Steps    : 2,3,4,5

=================================================
Step 2: Generating summary (read_selection_ci.py)
=================================================
20ng:
    - no-is: time=0.010 ±0.001 (n=10)  reduction=0.0000 ±0.0000 (n=10)
    - perplexity-is: time=16.459 ±1.420 (n=10)  reduction=0.3000 ±0.0000 (n=10)
    - biois: time=228.568 ±11.796 (n=10)  reduction=0.3195 ±0.0004 (n=10)

movie_review:
    - no-is: time=0.005 ±0.000 (n=10)  reduction=0.0000 ±0.0000 (n=10)
    - biois: time=0.582 ±0.008 (n=10)  reduction=0.3728 ±0.0008 (n=10)
    - adaptive-v2-perplexity: time=5.351 ±0.820 (n=10)  reduction=0.3863 ±0.0001 (n=10)
    - perplexity-is: time=5.451 ±0.794 (n=10)  reduction=0.2998 ±0.0000 (n=10)
    - adaptive-perplexity: time=5.636 ±0.690 (n=10)  reduction=0.3767 ±0.0029 (n=10)
    - autoencoder-is: time=8.864 ±0.965 (n=10)  reduction=0.2998 ±0.0000 (n=10)
    - gmm-is: time=21.891 ±5.425 (n=10)  reduction=0.2998 ±0.0000 (n=10)

mpqa:
    - no-is: time=0.005 ±0.000 (n=10)  reduction=0.0000 ±0.0000 (n=10)
    - biois: time=0.529 ±0.005 (n=10)  reduction=0.3467 ±0.0006 (n=10)
    - adaptive-perplexity: time=3.662 ±0.616 (n=10)  reduction=0.0858 ±0.0012 (n=10)
    - perplexity-is: time=3.665 ±0.641 (n=10)  reduction=0.2996 ±0.0001 (n=10)
    - adaptive-v2-perplexity: time=3.722 ±0.722 (n=10)  reduction=0.3670 ±0.0021 (n=10)
    - autoencoder-is: time=6.809 ±0.500 (n=10)  reduction=0.2998 ±0.0001 (n=10)
    - gmm-is: time=10.338 ±4.450 (n=10)  reduction=0.2998 ±0.0000 (n=10)

ohsumed:
    - no-is: time=0.010 ±0.001 (n=10)  reduction=0.0000 ±0.0000 (n=10)
    - perplexity-is: time=10.414 ±0.912 (n=10)  reduction=0.3000 ±0.0000 (n=10)
    - adaptive-v2-perplexity: time=10.606 ±0.990 (n=10)  reduction=0.3834 ±0.0005 (n=10)
    - adaptive-perplexity: time=13.301 ±0.590 (n=10)  reduction=0.2978 ±0.0181 (n=10)
    - autoencoder-is: time=32.874 ±1.395 (n=10)  reduction=0.3000 ±0.0000 (n=10)
    - gmm-is: time=58.221 ±10.512 (n=10)  reduction=0.3000 ±0.0000 (n=10)
    - biois: time=348.122 ±8.027 (n=10)  reduction=0.3980 ±0.0007 (n=10)

pang_movie:
    - no-is: time=0.005 ±0.000 (n=10)  reduction=0.0000 ±0.0000 (n=10)
    - biois: time=1.633 ±0.102 (n=10)  reduction=0.3709 ±0.0011 (n=10)
    - adaptive-v2-perplexity: time=5.709 ±0.607 (n=10)  reduction=0.3852 ±0.0002 (n=10)
    - perplexity-is: time=5.729 ±0.655 (n=10)  reduction=0.2998 ±0.0000 (n=10)
    - adaptive-perplexity: time=5.942 ±0.683 (n=10)  reduction=0.1663 ±0.0056 (n=10)
    - autoencoder-is: time=12.764 ±0.766 (n=10)  reduction=0.2998 ±0.0000 (n=10)
    - gmm-is: time=29.604 ±5.490 (n=10)  reduction=0.2998 ±0.0000 (n=10)

reuters90:
    - no-is: time=0.008 ±0.001 (n=10)  reduction=0.0000 ±0.0000 (n=10)
    - perplexity-is: time=8.253 ±0.878 (n=10)  reduction=0.2999 ±0.0000 (n=10)
    - adaptive-v2-perplexity: time=8.305 ±0.972 (n=10)  reduction=0.3819 ±0.0004 (n=10)
    - adaptive-perplexity: time=10.066 ±0.801 (n=10)  reduction=0.2991 ±0.0371 (n=10)
    - autoencoder-is: time=31.066 ±2.213 (n=10)  reduction=0.3000 ±0.0000 (n=10)
    - gmm-is: time=57.722 ±12.771 (n=10)  reduction=0.3000 ±0.0000 (n=10)
    - biois: time=293.305 ±3.111 (n=10)  reduction=0.4042 ±0.0007 (n=10)

sst1:
    - no-is: time=0.005 ±0.000 (n=10)  reduction=0.0000 ±0.0000 (n=10)
    - adaptive-v2-perplexity: time=5.761 ±0.698 (n=10)  reduction=0.3853 ±0.0001 (n=10)
    - perplexity-is: time=5.858 ±0.821 (n=10)  reduction=0.2999 ±0.0000 (n=10)
    - autoencoder-is: time=9.278 ±0.686 (n=10)  reduction=0.2999 ±0.0000 (n=10)
    - adaptive-perplexity: time=10.191 ±1.263 (n=10)  reduction=0.3631 ±0.0055 (n=10)
    - gmm-is: time=20.486 ±4.777 (n=10)  reduction=0.2999 ±0.0000 (n=10)
    - biois: time=204.769 ±46.747 (n=10)  reduction=0.5540 ±0.0012 (n=10)

sst2:
    - no-is: time=0.004 ±0.000 (n=10)  reduction=0.0000 ±0.0000 (n=10)
    - biois: time=0.544 ±0.006 (n=10)  reduction=0.3593 ±0.0014 (n=10)
    - perplexity-is: time=5.103 ±0.667 (n=10)  reduction=0.2999 ±0.0000 (n=10)
    - adaptive-v2-perplexity: time=5.158 ±0.692 (n=10)  reduction=0.3857 ±0.0001 (n=10)
    - adaptive-perplexity: time=5.317 ±0.628 (n=10)  reduction=0.3752 ±0.0059 (n=10)
    - autoencoder-is: time=7.667 ±0.517 (n=10)  reduction=0.2999 ±0.0000 (n=10)
    - gmm-is: time=15.780 ±4.322 (n=10)  reduction=0.2999 ±0.0000 (n=10)

subj:
    - no-is: time=0.005 ±0.000 (n=10)  reduction=0.0000 ±0.0000 (n=10)
    - biois: time=1.467 ±0.123 (n=10)  reduction=0.3074 ±0.0007 (n=10)
    - perplexity-is: time=5.524 ±0.722 (n=10)  reduction=0.3000 ±0.0000 (n=10)
    - adaptive-v2-perplexity: time=5.556 ±0.762 (n=10)  reduction=0.3869 ±0.0001 (n=10)
    - adaptive-perplexity: time=5.620 ±0.675 (n=10)  reduction=0.4124 ±0.0038 (n=10)
    - autoencoder-is: time=9.217 ±0.610 (n=10)  reduction=0.3000 ±0.0000 (n=10)
    - gmm-is: time=21.107 ±4.551 (n=10)  reduction=0.3000 ±0.0000 (n=10)

trec:
    - no-is: time=0.003 ±0.000 (n=10)  reduction=0.0000 ±0.0000 (n=10)
    - adaptive-v2-perplexity: time=2.909 ±0.621 (n=10)  reduction=0.3767 ±0.0002 (n=10)
    - adaptive-perplexity: time=2.958 ±0.640 (n=10)  reduction=0.4117 ±0.0049 (n=10)
    - perplexity-is: time=2.964 ±0.633 (n=10)  reduction=0.2998 ±0.0000 (n=10)
    - autoencoder-is: time=3.913 ±0.294 (n=10)  reduction=0.2998 ±0.0000 (n=10)
    - gmm-is: time=5.387 ±2.254 (n=10)  reduction=0.2998 ±0.0000 (n=10)
    - biois: time=144.937 ±69.335 (n=10)  reduction=0.4218 ±0.0012 (n=10)

twitter:
    - no-is: time=0.003 ±0.000 (n=10)  reduction=0.0000 ±0.0000 (n=10)
    - perplexity-is: time=4.399 ±0.673 (n=10)  reduction=0.2999 ±0.0000 (n=10)
    - adaptive-v2-perplexity: time=4.416 ±0.694 (n=10)  reduction=0.3843 ±0.0002 (n=10)
    - adaptive-perplexity: time=4.514 ±0.665 (n=10)  reduction=0.2729 ±0.0183 (n=10)
    - autoencoder-is: time=5.857 ±0.457 (n=10)  reduction=0.2999 ±0.0000 (n=10)
    - gmm-is: time=10.349 ±4.149 (n=10)  reduction=0.2999 ±0.0000 (n=10)
    - biois: time=162.638 ±43.273 (n=10)  reduction=0.3648 ±0.0003 (n=10)

vader_movie:
    - no-is: time=0.005 ±0.000 (n=10)  reduction=0.0000 ±0.0000 (n=10)
    - biois: time=1.562 ±0.106 (n=10)  reduction=0.3659 ±0.0007 (n=10)
    - adaptive-v2-perplexity: time=5.867 ±0.675 (n=10)  reduction=0.3853 ±0.0001 (n=10)
    - adaptive-perplexity: time=6.005 ±0.639 (n=10)  reduction=0.1669 ±0.0117 (n=10)
    - perplexity-is: time=6.046 ±0.873 (n=10)  reduction=0.2999 ±0.0000 (n=10)
    - autoencoder-is: time=11.323 ±1.135 (n=10)  reduction=0.2999 ±0.0000 (n=10)
    - gmm-is: time=33.092 ±7.122 (n=10)  reduction=0.2999 ±0.0000 (n=10)

webkb:
    - no-is: time=0.005 ±0.001 (n=10)  reduction=0.0000 ±0.0000 (n=10)
    - adaptive-perplexity: time=6.284 ±0.870 (n=10)  reduction=0.3736 ±0.0390 (n=10)
    - adaptive-v2-perplexity: time=6.343 ±0.841 (n=10)  reduction=0.3829 ±0.0003 (n=10)
    - perplexity-is: time=6.371 ±0.980 (n=10)  reduction=0.2999 ±0.0000 (n=10)
    - autoencoder-is: time=9.383 ±0.901 (n=10)  reduction=0.2999 ±0.0000 (n=10)
    - gmm-is: time=36.618 ±7.184 (n=10)  reduction=0.2999 ±0.0000 (n=10)
    - biois: time=227.110 ±14.406 (n=10)  reduction=0.3652 ±0.0008 (n=10)

wos11967:
    - no-is: time=0.007 ±0.001 (n=10)  reduction=0.0000 ±0.0000 (n=10)
    - perplexity-is: time=7.648 ±0.731 (n=10)  reduction=0.2999 ±0.0000 (n=10)
    - adaptive-v2-perplexity: time=8.093 ±0.682 (n=10)  reduction=0.3837 ±0.0006 (n=10)
    - adaptive-perplexity: time=9.860 ±0.635 (n=10)  reduction=0.3272 ±0.0374 (n=10)
    - autoencoder-is: time=14.450 ±1.259 (n=10)  reduction=0.2999 ±0.0000 (n=10)
    - gmm-is: time=41.010 ±7.474 (n=10)  reduction=0.2999 ±0.0000 (n=10)
    - biois: time=131.231 ±6.639 (n=10)  reduction=0.3291 ±0.0003 (n=10)

wos5736:
    - no-is: time=0.004 ±0.001 (n=10)  reduction=0.0000 ±0.0000 (n=10)
    - adaptive-perplexity: time=4.904 ±0.722 (n=10)  reduction=0.2774 ±0.0339 (n=10)
    - adaptive-v2-perplexity: time=4.993 ±0.694 (n=10)  reduction=0.3830 ±0.0015 (n=10)
    - perplexity-is: time=5.070 ±0.911 (n=10)  reduction=0.2999 ±0.0000 (n=10)
    - autoencoder-is: time=6.205 ±0.730 (n=10)  reduction=0.2999 ±0.0000 (n=10)
    - gmm-is: time=23.692 ±8.588 (n=10)  reduction=0.2999 ±0.0000 (n=10)
    - biois: time=130.041 ±9.577 (n=10)  reduction=0.3070 ±0.0005 (n=10)

yelp_reviews:
    - no-is: time=0.004 ±0.001 (n=10)  reduction=0.0000 ±0.0000 (n=10)
    - adaptive-v2-perplexity: time=4.652 ±0.800 (n=10)  reduction=0.3843 ±0.0001 (n=10)
    - perplexity-is: time=4.804 ±0.739 (n=10)  reduction=0.3000 ±0.0000 (n=10)
    - adaptive-perplexity: time=4.804 ±0.770 (n=10)  reduction=0.4287 ±0.0014 (n=10)
    - autoencoder-is: time=6.832 ±0.604 (n=10)  reduction=0.3000 ±0.0000 (n=10)
    - gmm-is: time=28.007 ±11.802 (n=10)  reduction=0.3000 ±0.0000 (n=10)
    - biois: time=38.523 ±19.280 (n=10)  reduction=0.2836 ±0.0007 (n=10)

Wrote: /app/unsupervised-is/resources/outsel/selection_summary.json
Wrote: /app/unsupervised-is/resources/outsel/selection_summary.csv

=================================================
Step 3: Running atcBench
=================================================
Running with 5 concurrent processes...
Methods  : no-is biois perplexity-is autoencoder-is gmm-is adaptive-perplexity adaptive-v2-perplexity
Datasets : mpqa trec sst2 twitter vader_movie movie_review sst1 pang_movie subj yelp_reviews wos5736 reuters90 webkb wos11967 ohsumed
xargs: warning: options --max-args and --replace/-I/-i are mutually exclusive, ignoring previous --max-args value
[RUN] Iniciando mpqa_no-is (Acompanhe os detalhes em logs/run_mpqa_no-is.log)
[RUN] Iniciando mpqa_biois (Acompanhe os detalhes em logs/run_mpqa_biois.log)
[RUN] Iniciando mpqa_perplexity-is (Acompanhe os detalhes em logs/run_mpqa_perplexity-is.log)
[RUN] Iniciando mpqa_autoencoder-is (Acompanhe os detalhes em logs/run_mpqa_autoencoder-is.log)
[RUN] Iniciando mpqa_gmm-is (Acompanhe os detalhes em logs/run_mpqa_gmm-is.log)
