Methods  : entropy-sublinear-ae-is,e2sc-is,cnn-is,lssm-is,lsbo-is
Datasets : mpqa,trec,sst2,twitter,vader_movie,movie_review,sst1,pang_movie,subj,yelp_reviews,wos5736,reuters90,webkb,wos11967,acm,ohsumed,20ng,dblp,books
Steps    : All (1, 2, 3, 4, 5)
=================================================
Step 1: Running unsupervised selection
=================================================
Methods  : entropy-sublinear-ae-is e2sc-is cnn-is lssm-is lsbo-is
Datasets : mpqa trec sst2 twitter vader_movie movie_review sst1 pang_movie subj yelp_reviews wos5736 reuters90 webkb wos11967 acm ohsumed 20ng dblp books
Dataset: mpqa
  Iniciando mpqa e entropy-sublinear-ae-is (Log: /app/results/jina-v5/instance_selection/logs/mpqa_entropy-sublinear-ae-is.log)
  Iniciando mpqa e e2sc-is (Log: /app/results/jina-v5/instance_selection/logs/mpqa_e2sc-is.log)
  Iniciando mpqa e cnn-is (Log: /app/results/jina-v5/instance_selection/logs/mpqa_cnn-is.log)
  Iniciando mpqa e lssm-is (Log: /app/results/jina-v5/instance_selection/logs/mpqa_lssm-is.log)
  Iniciando mpqa e lsbo-is (Log: /app/results/jina-v5/instance_selection/logs/mpqa_lsbo-is.log)
Dataset: trec
  Iniciando trec e entropy-sublinear-ae-is (Log: /app/results/jina-v5/instance_selection/logs/trec_entropy-sublinear-ae-is.log)
  Iniciando trec e e2sc-is (Log: /app/results/jina-v5/instance_selection/logs/trec_e2sc-is.log)
  Iniciando trec e cnn-is (Log: /app/results/jina-v5/instance_selection/logs/trec_cnn-is.log)
  Iniciando trec e lssm-is (Log: /app/results/jina-v5/instance_selection/logs/trec_lssm-is.log)
  Iniciando trec e lsbo-is (Log: /app/results/jina-v5/instance_selection/logs/trec_lsbo-is.log)
Dataset: sst2
  Iniciando sst2 e entropy-sublinear-ae-is (Log: /app/results/jina-v5/instance_selection/logs/sst2_entropy-sublinear-ae-is.log)
  Iniciando sst2 e e2sc-is (Log: /app/results/jina-v5/instance_selection/logs/sst2_e2sc-is.log)
  Iniciando sst2 e cnn-is (Log: /app/results/jina-v5/instance_selection/logs/sst2_cnn-is.log)
  Iniciando sst2 e lssm-is (Log: /app/results/jina-v5/instance_selection/logs/sst2_lssm-is.log)
  Iniciando sst2 e lsbo-is (Log: /app/results/jina-v5/instance_selection/logs/sst2_lsbo-is.log)
Dataset: twitter
  Iniciando twitter e entropy-sublinear-ae-is (Log: /app/results/jina-v5/instance_selection/logs/twitter_entropy-sublinear-ae-is.log)
  Iniciando twitter e e2sc-is (Log: /app/results/jina-v5/instance_selection/logs/twitter_e2sc-is.log)
  Iniciando twitter e cnn-is (Log: /app/results/jina-v5/instance_selection/logs/twitter_cnn-is.log)
  Iniciando twitter e lssm-is (Log: /app/results/jina-v5/instance_selection/logs/twitter_lssm-is.log)
  Iniciando twitter e lsbo-is (Log: /app/results/jina-v5/instance_selection/logs/twitter_lsbo-is.log)
Dataset: vader_movie
  Iniciando vader_movie e entropy-sublinear-ae-is (Log: /app/results/jina-v5/instance_selection/logs/vader_movie_entropy-sublinear-ae-is.log)
  Iniciando vader_movie e e2sc-is (Log: /app/results/jina-v5/instance_selection/logs/vader_movie_e2sc-is.log)
  Iniciando vader_movie e cnn-is (Log: /app/results/jina-v5/instance_selection/logs/vader_movie_cnn-is.log)
  Iniciando vader_movie e lssm-is (Log: /app/results/jina-v5/instance_selection/logs/vader_movie_lssm-is.log)
  Iniciando vader_movie e lsbo-is (Log: /app/results/jina-v5/instance_selection/logs/vader_movie_lsbo-is.log)
Dataset: movie_review
  Iniciando movie_review e entropy-sublinear-ae-is (Log: /app/results/jina-v5/instance_selection/logs/movie_review_entropy-sublinear-ae-is.log)
  Iniciando movie_review e e2sc-is (Log: /app/results/jina-v5/instance_selection/logs/movie_review_e2sc-is.log)
  Iniciando movie_review e cnn-is (Log: /app/results/jina-v5/instance_selection/logs/movie_review_cnn-is.log)
  Iniciando movie_review e lssm-is (Log: /app/results/jina-v5/instance_selection/logs/movie_review_lssm-is.log)
  Iniciando movie_review e lsbo-is (Log: /app/results/jina-v5/instance_selection/logs/movie_review_lsbo-is.log)
Dataset: sst1
  Iniciando sst1 e entropy-sublinear-ae-is (Log: /app/results/jina-v5/instance_selection/logs/sst1_entropy-sublinear-ae-is.log)
  Iniciando sst1 e e2sc-is (Log: /app/results/jina-v5/instance_selection/logs/sst1_e2sc-is.log)
  ERROR: sst1 / e2sc-is failed (exit code 1). See /app/results/jina-v5/instance_selection/logs/sst1_e2sc-is.log
  Iniciando sst1 e cnn-is (Log: /app/results/jina-v5/instance_selection/logs/sst1_cnn-is.log)
  Iniciando sst1 e lssm-is (Log: /app/results/jina-v5/instance_selection/logs/sst1_lssm-is.log)
  Iniciando sst1 e lsbo-is (Log: /app/results/jina-v5/instance_selection/logs/sst1_lsbo-is.log)
Dataset: pang_movie
  Iniciando pang_movie e entropy-sublinear-ae-is (Log: /app/results/jina-v5/instance_selection/logs/pang_movie_entropy-sublinear-ae-is.log)
  Iniciando pang_movie e e2sc-is (Log: /app/results/jina-v5/instance_selection/logs/pang_movie_e2sc-is.log)
  Iniciando pang_movie e cnn-is (Log: /app/results/jina-v5/instance_selection/logs/pang_movie_cnn-is.log)
  Iniciando pang_movie e lssm-is (Log: /app/results/jina-v5/instance_selection/logs/pang_movie_lssm-is.log)
  Iniciando pang_movie e lsbo-is (Log: /app/results/jina-v5/instance_selection/logs/pang_movie_lsbo-is.log)
Dataset: subj
  Iniciando subj e entropy-sublinear-ae-is (Log: /app/results/jina-v5/instance_selection/logs/subj_entropy-sublinear-ae-is.log)
  Iniciando subj e e2sc-is (Log: /app/results/jina-v5/instance_selection/logs/subj_e2sc-is.log)
  Iniciando subj e cnn-is (Log: /app/results/jina-v5/instance_selection/logs/subj_cnn-is.log)
  Iniciando subj e lssm-is (Log: /app/results/jina-v5/instance_selection/logs/subj_lssm-is.log)
  Iniciando subj e lsbo-is (Log: /app/results/jina-v5/instance_selection/logs/subj_lsbo-is.log)
Dataset: yelp_reviews
  Iniciando yelp_reviews e entropy-sublinear-ae-is (Log: /app/results/jina-v5/instance_selection/logs/yelp_reviews_entropy-sublinear-ae-is.log)
  Iniciando yelp_reviews e e2sc-is (Log: /app/results/jina-v5/instance_selection/logs/yelp_reviews_e2sc-is.log)
  Iniciando yelp_reviews e cnn-is (Log: /app/results/jina-v5/instance_selection/logs/yelp_reviews_cnn-is.log)
  Iniciando yelp_reviews e lssm-is (Log: /app/results/jina-v5/instance_selection/logs/yelp_reviews_lssm-is.log)
  Iniciando yelp_reviews e lsbo-is (Log: /app/results/jina-v5/instance_selection/logs/yelp_reviews_lsbo-is.log)
Dataset: wos5736
  Iniciando wos5736 e entropy-sublinear-ae-is (Log: /app/results/jina-v5/instance_selection/logs/wos5736_entropy-sublinear-ae-is.log)
  Iniciando wos5736 e e2sc-is (Log: /app/results/jina-v5/instance_selection/logs/wos5736_e2sc-is.log)
  Iniciando wos5736 e cnn-is (Log: /app/results/jina-v5/instance_selection/logs/wos5736_cnn-is.log)
  Iniciando wos5736 e lssm-is (Log: /app/results/jina-v5/instance_selection/logs/wos5736_lssm-is.log)
  Iniciando wos5736 e lsbo-is (Log: /app/results/jina-v5/instance_selection/logs/wos5736_lsbo-is.log)
Dataset: reuters90
  Iniciando reuters90 e entropy-sublinear-ae-is (Log: /app/results/jina-v5/instance_selection/logs/reuters90_entropy-sublinear-ae-is.log)
  Iniciando reuters90 e e2sc-is (Log: /app/results/jina-v5/instance_selection/logs/reuters90_e2sc-is.log)
  Iniciando reuters90 e cnn-is (Log: /app/results/jina-v5/instance_selection/logs/reuters90_cnn-is.log)
  Iniciando reuters90 e lssm-is (Log: /app/results/jina-v5/instance_selection/logs/reuters90_lssm-is.log)
  Iniciando reuters90 e lsbo-is (Log: /app/results/jina-v5/instance_selection/logs/reuters90_lsbo-is.log)
Dataset: webkb
  Iniciando webkb e entropy-sublinear-ae-is (Log: /app/results/jina-v5/instance_selection/logs/webkb_entropy-sublinear-ae-is.log)
  Iniciando webkb e e2sc-is (Log: /app/results/jina-v5/instance_selection/logs/webkb_e2sc-is.log)
  Iniciando webkb e cnn-is (Log: /app/results/jina-v5/instance_selection/logs/webkb_cnn-is.log)
  Iniciando webkb e lssm-is (Log: /app/results/jina-v5/instance_selection/logs/webkb_lssm-is.log)
  Iniciando webkb e lsbo-is (Log: /app/results/jina-v5/instance_selection/logs/webkb_lsbo-is.log)
Dataset: wos11967
  Iniciando wos11967 e entropy-sublinear-ae-is (Log: /app/results/jina-v5/instance_selection/logs/wos11967_entropy-sublinear-ae-is.log)
  Iniciando wos11967 e e2sc-is (Log: /app/results/jina-v5/instance_selection/logs/wos11967_e2sc-is.log)
  Iniciando wos11967 e cnn-is (Log: /app/results/jina-v5/instance_selection/logs/wos11967_cnn-is.log)
  Iniciando wos11967 e lssm-is (Log: /app/results/jina-v5/instance_selection/logs/wos11967_lssm-is.log)
  Iniciando wos11967 e lsbo-is (Log: /app/results/jina-v5/instance_selection/logs/wos11967_lsbo-is.log)
Dataset: acm
  Iniciando acm e entropy-sublinear-ae-is (Log: /app/results/jina-v5/instance_selection/logs/acm_entropy-sublinear-ae-is.log)
  Iniciando acm e e2sc-is (Log: /app/results/jina-v5/instance_selection/logs/acm_e2sc-is.log)
  Iniciando acm e cnn-is (Log: /app/results/jina-v5/instance_selection/logs/acm_cnn-is.log)
  Iniciando acm e lssm-is (Log: /app/results/jina-v5/instance_selection/logs/acm_lssm-is.log)
  Iniciando acm e lsbo-is (Log: /app/results/jina-v5/instance_selection/logs/acm_lsbo-is.log)
Dataset: ohsumed
  Iniciando ohsumed e entropy-sublinear-ae-is (Log: /app/results/jina-v5/instance_selection/logs/ohsumed_entropy-sublinear-ae-is.log)
  Iniciando ohsumed e e2sc-is (Log: /app/results/jina-v5/instance_selection/logs/ohsumed_e2sc-is.log)
  Iniciando ohsumed e cnn-is (Log: /app/results/jina-v5/instance_selection/logs/ohsumed_cnn-is.log)
  Iniciando ohsumed e lssm-is (Log: /app/results/jina-v5/instance_selection/logs/ohsumed_lssm-is.log)
  Iniciando ohsumed e lsbo-is (Log: /app/results/jina-v5/instance_selection/logs/ohsumed_lsbo-is.log)
Dataset: 20ng
  Iniciando 20ng e entropy-sublinear-ae-is (Log: /app/results/jina-v5/instance_selection/logs/20ng_entropy-sublinear-ae-is.log)
  Iniciando 20ng e e2sc-is (Log: /app/results/jina-v5/instance_selection/logs/20ng_e2sc-is.log)
  Iniciando 20ng e cnn-is (Log: /app/results/jina-v5/instance_selection/logs/20ng_cnn-is.log)
  Iniciando 20ng e lssm-is (Log: /app/results/jina-v5/instance_selection/logs/20ng_lssm-is.log)
  Iniciando 20ng e lsbo-is (Log: /app/results/jina-v5/instance_selection/logs/20ng_lsbo-is.log)
Dataset: dblp
  Iniciando dblp e entropy-sublinear-ae-is (Log: /app/results/jina-v5/instance_selection/logs/dblp_entropy-sublinear-ae-is.log)
  Iniciando dblp e e2sc-is (Log: /app/results/jina-v5/instance_selection/logs/dblp_e2sc-is.log)
  Iniciando dblp e cnn-is (Log: /app/results/jina-v5/instance_selection/logs/dblp_cnn-is.log)
