/app/atcBench/main.py:45: UserWarning: 
The version_base parameter is not specified.
Please specify a compatability version level, or None.
Will assume defaults for version 1.1
  @hydra.main(config_path=CONFIG_PATH, config_name=CONFIG_NAME)
/app/venv/lib/python3.12/site-packages/hydra/_internal/hydra.py:119: UserWarning: Future Hydra versions will no longer change working directory at job runtime by default.
See https://hydra.cc/docs/1.2/upgrades/1.1_to_1.2/changes_to_job_working_dir/ for more information.
  ret = run_job(
data:
  nfolds: 10
  VALIDATION_SIZE_FOR_LOSS: 0.1
  dataset_name: trec
  is_method: entropy-sublinear-ae-is
  dataset: ${data.dataset_name}_${data.is_method}
  texts_path: ${oc.env:DATASETS_DIR,/app/datasets}/${data.dataset_name}/texts.txt
  scores_path: ${oc.env:DATASETS_DIR,/app/datasets}/${data.dataset_name}/score.txt
  external_splits_path: ${oc.env:RESULTS_DIR,/app/results}/instance_selection/selection/${data.dataset_name}/split_10_${data.is_method}.pkl
model:
  type: slm
  model_name: answerdotai/ModernBERT-base
  model_tag: modernbert
  training_args:
    max_len: 256
    batch_size: 32
    lr: 5.0e-05
    num_max_epochs: 10
    patience: 3
    weight_decay_rate: 0.01
    min_val_epoch_impro_delta: 0.0001
    max_grad_norm: 1.0
    warmup_ratio: 0.06
  text_representation: raw
paths:
  output_dir: ${oc.env:RESULTS_DIR,/app/results}/classificacao/output/
  output_dir_full_path: ${paths.output_dir}/${model.model_tag}/${data.dataset}/
  DATA_DIR: resources/datasets/${data.dataset_name}/
  SPLITS_DIR: resources/datasets/${data.dataset_name}/splits/
config:
  random_seed: 42

/data/bernardolemos/results/jina-v5/classificacao/output//modernbert/trec_entropy-sublinear-ae-is/
{'data': {'nfolds': 10, 'VALIDATION_SIZE_FOR_LOSS': 0.1, 'dataset_name': 'trec', 'is_method': 'entropy-sublinear-ae-is', 'dataset': '${data.dataset_name}_${data.is_method}', 'texts_path': '${oc.env:DATASETS_DIR,/app/datasets}/${data.dataset_name}/texts.txt', 'scores_path': '${oc.env:DATASETS_DIR,/app/datasets}/${data.dataset_name}/score.txt', 'external_splits_path': '${oc.env:RESULTS_DIR,/app/results}/instance_selection/selection/${data.dataset_name}/split_10_${data.is_method}.pkl'}, 'model': {'type': 'slm', 'model_name': 'answerdotai/ModernBERT-base', 'model_tag': 'modernbert', 'training_args': {'max_len': 256, 'batch_size': 32, 'lr': 5e-05, 'num_max_epochs': 10, 'patience': 3, 'weight_decay_rate': 0.01, 'min_val_epoch_impro_delta': 0.0001, 'max_grad_norm': 1.0, 'warmup_ratio': 0.06}, 'text_representation': 'raw'}, 'paths': {'output_dir': '${oc.env:RESULTS_DIR,/app/results}/classificacao/output/', 'output_dir_full_path': '${paths.output_dir}/${model.model_tag}/${data.dataset}/', 'DATA_DIR': 'resources/datasets/${data.dataset_name}/', 'SPLITS_DIR': 'resources/datasets/${data.dataset_name}/splits/'}, 'config': {'random_seed': 42}}
Random seed setted.
[unsupervised-is] fold=0 | train=4144 | test=596
[init] logging dir: logs/modernbert/trec_entropy-sublinear-ae-is/
Max Class =5
Classes in y_train: 6
Classes in y_val: 6
[load] loading model 'answerdotai/ModernBERT-base' (6 labels)...
[2026-07-20 19:03:50,739][httpx][INFO] - HTTP Request: HEAD https://huggingface.co/answerdotai/ModernBERT-base/resolve/main/config.json "HTTP/1.1 307 Temporary Redirect"
Warning: You are sending unauthenticated requests to the HF Hub. Please set a HF_TOKEN to enable higher rate limits and faster downloads.
[2026-07-20 19:03:50,740][huggingface_hub.utils._http][WARNING] - Warning: You are sending unauthenticated requests to the HF Hub. Please set a HF_TOKEN to enable higher rate limits and faster downloads.
[2026-07-20 19:03:50,745][httpx][INFO] - HTTP Request: HEAD https://huggingface.co/api/resolve-cache/models/answerdotai/ModernBERT-base/8949b909ec900327062f0ebf497f51aef5e6f0c8/config.json "HTTP/1.1 200 OK"
[2026-07-20 19:03:50,779][httpx][INFO] - HTTP Request: HEAD https://huggingface.co/answerdotai/ModernBERT-base/resolve/main/config.json "HTTP/1.1 307 Temporary Redirect"
[2026-07-20 19:03:50,784][httpx][INFO] - HTTP Request: HEAD https://huggingface.co/api/resolve-cache/models/answerdotai/ModernBERT-base/8949b909ec900327062f0ebf497f51aef5e6f0c8/config.json "HTTP/1.1 200 OK"
Loading weights:   0%|          | 0/136 [00:00<?, ?it/s]Loading weights: 100%|██████████| 136/136 [00:00<00:00, 1517.69it/s]
[transformers] [1mModernBertForSequenceClassification LOAD REPORT[0m from: answerdotai/ModernBERT-base
Key               | Status     | 
------------------+------------+-
decoder.bias      | UNEXPECTED | 
classifier.bias   | MISSING    | 
classifier.weight | MISSING    | 

Notes:
- UNEXPECTED:	can be ignored when loading from different task/architecture; not ok if you expect identical arch.
- MISSING:	those params were newly initialized because missing from the checkpoint. Consider training on your downstream task.
[load] loading tokenizer (max_len=256)...
[2026-07-20 19:03:51,521][httpx][INFO] - HTTP Request: HEAD https://huggingface.co/answerdotai/ModernBERT-base/resolve/main/config.json "HTTP/1.1 307 Temporary Redirect"
[2026-07-20 19:03:51,527][httpx][INFO] - HTTP Request: HEAD https://huggingface.co/api/resolve-cache/models/answerdotai/ModernBERT-base/8949b909ec900327062f0ebf497f51aef5e6f0c8/config.json "HTTP/1.1 200 OK"
[2026-07-20 19:03:51,545][httpx][INFO] - HTTP Request: HEAD https://huggingface.co/answerdotai/ModernBERT-base/resolve/main/tokenizer_config.json "HTTP/1.1 307 Temporary Redirect"
[2026-07-20 19:03:51,550][httpx][INFO] - HTTP Request: HEAD https://huggingface.co/api/resolve-cache/models/answerdotai/ModernBERT-base/8949b909ec900327062f0ebf497f51aef5e6f0c8/tokenizer_config.json "HTTP/1.1 200 OK"
[2026-07-20 19:03:51,565][httpx][INFO] - HTTP Request: HEAD https://huggingface.co/answerdotai/ModernBERT-base/resolve/main/tokenizer_config.json "HTTP/1.1 307 Temporary Redirect"
[2026-07-20 19:03:51,570][httpx][INFO] - HTTP Request: HEAD https://huggingface.co/api/resolve-cache/models/answerdotai/ModernBERT-base/8949b909ec900327062f0ebf497f51aef5e6f0c8/tokenizer_config.json "HTTP/1.1 200 OK"
[2026-07-20 19:03:51,591][httpx][INFO] - HTTP Request: GET https://huggingface.co/api/models/answerdotai/ModernBERT-base/tree/main/additional_chat_templates?recursive=false&expand=false "HTTP/1.1 404 Not Found"
[2026-07-20 19:03:51,612][httpx][INFO] - HTTP Request: GET https://huggingface.co/api/models/answerdotai/ModernBERT-base/tree/main?recursive=true&expand=false "HTTP/1.1 200 OK"
[load] model and tokenizer ready.
Loading training data
Training data loaded.

[fit] model=answerdotai/ModernBERT-base | classes=6 | epochs=10 | patience=3
[fit] lr=5.0e-05 | warmup=70 steps (6% of 1170)
----------------------------------------------------------------------

[epoch 1/10]
  train loss : 7.9044E-01
  val loss   : 2.9868E-01  |  lr: 4.79e-05
  checkpoint : val loss improved → 2.9868E-01 (saved)

[epoch 2/10]
  train loss : 1.5908E-01
  val loss   : 2.2329E-01  |  lr: 4.25e-05
  checkpoint : val loss improved → 2.2329E-01 (saved)

[epoch 3/10]
  train loss : 6.3598E-02
  val loss   : 3.6820E-01  |  lr: 3.72e-05
  patience   : 0/3

[epoch 4/10]
  train loss : 1.4698E-02
  val loss   : 3.1371E-01  |  lr: 3.19e-05
  patience   : 1/3

[epoch 5/10]
  train loss : 1.0325E-02
  val loss   : 2.5611E-01  |  lr: 2.66e-05
  patience   : 2/3

[epoch 6/10]
  train loss : 2.5360E-03
  val loss   : 2.7546E-01  |  lr: 2.13e-05
  patience   : 3/3

[fit] early stopping triggered at epoch 6.
[fit] training complete in 281.2s
0.9530201342281879 0.947326931557244
Saving proba...
Proba Saved
[unsupervised-is] fold=1 | train=4062 | test=596
[init] logging dir: logs/modernbert/trec_entropy-sublinear-ae-is/
Max Class =5
Classes in y_train: 6
Classes in y_val: 6
[load] loading model 'answerdotai/ModernBERT-base' (6 labels)...
[2026-07-20 19:08:39,820][httpx][INFO] - HTTP Request: HEAD https://huggingface.co/answerdotai/ModernBERT-base/resolve/main/config.json "HTTP/1.1 307 Temporary Redirect"
[2026-07-20 19:08:39,826][httpx][INFO] - HTTP Request: HEAD https://huggingface.co/api/resolve-cache/models/answerdotai/ModernBERT-base/8949b909ec900327062f0ebf497f51aef5e6f0c8/config.json "HTTP/1.1 200 OK"
[2026-07-20 19:08:39,844][httpx][INFO] - HTTP Request: HEAD https://huggingface.co/answerdotai/ModernBERT-base/resolve/main/config.json "HTTP/1.1 307 Temporary Redirect"
[2026-07-20 19:08:39,849][httpx][INFO] - HTTP Request: HEAD https://huggingface.co/api/resolve-cache/models/answerdotai/ModernBERT-base/8949b909ec900327062f0ebf497f51aef5e6f0c8/config.json "HTTP/1.1 200 OK"
Loading weights:   0%|          | 0/136 [00:00<?, ?it/s]Loading weights: 100%|██████████| 136/136 [00:00<00:00, 1563.36it/s]
[transformers] [1mModernBertForSequenceClassification LOAD REPORT[0m from: answerdotai/ModernBERT-base
Key               | Status     | 
------------------+------------+-
decoder.bias      | UNEXPECTED | 
classifier.bias   | MISSING    | 
classifier.weight | MISSING    | 

Notes:
- UNEXPECTED:	can be ignored when loading from different task/architecture; not ok if you expect identical arch.
- MISSING:	those params were newly initialized because missing from the checkpoint. Consider training on your downstream task.
[load] loading tokenizer (max_len=256)...
[2026-07-20 19:08:40,023][httpx][INFO] - HTTP Request: HEAD https://huggingface.co/answerdotai/ModernBERT-base/resolve/main/config.json "HTTP/1.1 307 Temporary Redirect"
[2026-07-20 19:08:40,027][httpx][INFO] - HTTP Request: HEAD https://huggingface.co/api/resolve-cache/models/answerdotai/ModernBERT-base/8949b909ec900327062f0ebf497f51aef5e6f0c8/config.json "HTTP/1.1 200 OK"
[2026-07-20 19:08:40,049][httpx][INFO] - HTTP Request: HEAD https://huggingface.co/answerdotai/ModernBERT-base/resolve/main/tokenizer_config.json "HTTP/1.1 307 Temporary Redirect"
[2026-07-20 19:08:40,054][httpx][INFO] - HTTP Request: HEAD https://huggingface.co/api/resolve-cache/models/answerdotai/ModernBERT-base/8949b909ec900327062f0ebf497f51aef5e6f0c8/tokenizer_config.json "HTTP/1.1 200 OK"
[2026-07-20 19:08:40,073][httpx][INFO] - HTTP Request: HEAD https://huggingface.co/answerdotai/ModernBERT-base/resolve/main/tokenizer_config.json "HTTP/1.1 307 Temporary Redirect"
[2026-07-20 19:08:40,078][httpx][INFO] - HTTP Request: HEAD https://huggingface.co/api/resolve-cache/models/answerdotai/ModernBERT-base/8949b909ec900327062f0ebf497f51aef5e6f0c8/tokenizer_config.json "HTTP/1.1 200 OK"
[2026-07-20 19:08:40,099][httpx][INFO] - HTTP Request: GET https://huggingface.co/api/models/answerdotai/ModernBERT-base/tree/main/additional_chat_templates?recursive=false&expand=false "HTTP/1.1 404 Not Found"
[2026-07-20 19:08:40,140][httpx][INFO] - HTTP Request: GET https://huggingface.co/api/models/answerdotai/ModernBERT-base/tree/main?recursive=true&expand=false "HTTP/1.1 200 OK"
[load] model and tokenizer ready.
Loading training data
Training data loaded.

[fit] model=answerdotai/ModernBERT-base | classes=6 | epochs=10 | patience=3
[fit] lr=5.0e-05 | warmup=69 steps (6% of 1150)
----------------------------------------------------------------------

[epoch 1/10]
  train loss : 7.8816E-01
  val loss   : 4.0634E-01  |  lr: 4.79e-05
  checkpoint : val loss improved → 4.0634E-01 (saved)

[epoch 2/10]
  train loss : 1.9872E-01
  val loss   : 3.4569E-01  |  lr: 4.26e-05
  checkpoint : val loss improved → 3.4569E-01 (saved)

[epoch 3/10]
  train loss : 6.6911E-02
  val loss   : 1.7833E-01  |  lr: 3.72e-05
  checkpoint : val loss improved → 1.7833E-01 (saved)

[epoch 4/10]
  train loss : 2.6717E-02
  val loss   : 2.6148E-01  |  lr: 3.19e-05
  patience   : 0/3

[epoch 5/10]
  train loss : 1.1978E-02
  val loss   : 2.7813E-01  |  lr: 2.66e-05
  patience   : 1/3

[epoch 6/10]
  train loss : 2.6072E-03
  val loss   : 2.5068E-01  |  lr: 2.13e-05
  patience   : 2/3

[epoch 7/10]
  train loss : 1.2194E-03
  val loss   : 2.8095E-01  |  lr: 1.60e-05
  patience   : 3/3

[fit] early stopping triggered at epoch 7.
[fit] training complete in 321.0s
0.9664429530201343 0.9341940043969955
Saving proba...
Proba Saved
[unsupervised-is] fold=2 | train=4173 | test=595
[init] logging dir: logs/modernbert/trec_entropy-sublinear-ae-is/
Max Class =5
Classes in y_train: 6
Classes in y_val: 6
[load] loading model 'answerdotai/ModernBERT-base' (6 labels)...
[2026-07-20 19:14:13,640][httpx][INFO] - HTTP Request: HEAD https://huggingface.co/answerdotai/ModernBERT-base/resolve/main/config.json "HTTP/1.1 307 Temporary Redirect"
[2026-07-20 19:14:13,646][httpx][INFO] - HTTP Request: HEAD https://huggingface.co/api/resolve-cache/models/answerdotai/ModernBERT-base/8949b909ec900327062f0ebf497f51aef5e6f0c8/config.json "HTTP/1.1 200 OK"
[2026-07-20 19:14:13,668][httpx][INFO] - HTTP Request: HEAD https://huggingface.co/answerdotai/ModernBERT-base/resolve/main/config.json "HTTP/1.1 307 Temporary Redirect"
[2026-07-20 19:14:13,674][httpx][INFO] - HTTP Request: HEAD https://huggingface.co/api/resolve-cache/models/answerdotai/ModernBERT-base/8949b909ec900327062f0ebf497f51aef5e6f0c8/config.json "HTTP/1.1 200 OK"
Loading weights:   0%|          | 0/136 [00:00<?, ?it/s]Loading weights:  99%|█████████▉| 135/136 [00:00<00:00, 1333.76it/s]Loading weights: 100%|██████████| 136/136 [00:00<00:00, 1339.01it/s]
[transformers] [1mModernBertForSequenceClassification LOAD REPORT[0m from: answerdotai/ModernBERT-base
Key               | Status     | 
------------------+------------+-
decoder.bias      | UNEXPECTED | 
classifier.bias   | MISSING    | 
classifier.weight | MISSING    | 

Notes:
- UNEXPECTED:	can be ignored when loading from different task/architecture; not ok if you expect identical arch.
- MISSING:	those params were newly initialized because missing from the checkpoint. Consider training on your downstream task.
[load] loading tokenizer (max_len=256)...
[2026-07-20 19:14:14,094][httpx][INFO] - HTTP Request: HEAD https://huggingface.co/answerdotai/ModernBERT-base/resolve/main/config.json "HTTP/1.1 307 Temporary Redirect"
[2026-07-20 19:14:14,100][httpx][INFO] - HTTP Request: HEAD https://huggingface.co/api/resolve-cache/models/answerdotai/ModernBERT-base/8949b909ec900327062f0ebf497f51aef5e6f0c8/config.json "HTTP/1.1 200 OK"
[2026-07-20 19:14:14,121][httpx][INFO] - HTTP Request: HEAD https://huggingface.co/answerdotai/ModernBERT-base/resolve/main/tokenizer_config.json "HTTP/1.1 307 Temporary Redirect"
[2026-07-20 19:14:14,126][httpx][INFO] - HTTP Request: HEAD https://huggingface.co/api/resolve-cache/models/answerdotai/ModernBERT-base/8949b909ec900327062f0ebf497f51aef5e6f0c8/tokenizer_config.json "HTTP/1.1 200 OK"
[2026-07-20 19:14:14,163][httpx][INFO] - HTTP Request: HEAD https://huggingface.co/answerdotai/ModernBERT-base/resolve/main/tokenizer_config.json "HTTP/1.1 307 Temporary Redirect"
[2026-07-20 19:14:14,169][httpx][INFO] - HTTP Request: HEAD https://huggingface.co/api/resolve-cache/models/answerdotai/ModernBERT-base/8949b909ec900327062f0ebf497f51aef5e6f0c8/tokenizer_config.json "HTTP/1.1 200 OK"
[2026-07-20 19:14:14,188][httpx][INFO] - HTTP Request: GET https://huggingface.co/api/models/answerdotai/ModernBERT-base/tree/main/additional_chat_templates?recursive=false&expand=false "HTTP/1.1 404 Not Found"
[2026-07-20 19:14:14,208][httpx][INFO] - HTTP Request: GET https://huggingface.co/api/models/answerdotai/ModernBERT-base/tree/main?recursive=true&expand=false "HTTP/1.1 200 OK"
[load] model and tokenizer ready.
Loading training data
Training data loaded.

[fit] model=answerdotai/ModernBERT-base | classes=6 | epochs=10 | patience=3
[fit] lr=5.0e-05 | warmup=70 steps (6% of 1180)
----------------------------------------------------------------------

[epoch 1/10]
  train loss : 7.9222E-01
  val loss   : 4.9806E-01  |  lr: 4.78e-05
  checkpoint : val loss improved → 4.9806E-01 (saved)

[epoch 2/10]
  train loss : 1.8099E-01
  val loss   : 1.5725E-01  |  lr: 4.25e-05
  checkpoint : val loss improved → 1.5725E-01 (saved)

[epoch 3/10]
  train loss : 5.4221E-02
  val loss   : 2.2672E-01  |  lr: 3.72e-05
  patience   : 0/3

[epoch 4/10]
  train loss : 1.9407E-02
  val loss   : 2.5098E-01  |  lr: 3.19e-05
  patience   : 1/3

[epoch 5/10]
  train loss : 9.9870E-03
  val loss   : 2.9009E-01  |  lr: 2.66e-05
  patience   : 2/3

[epoch 6/10]
  train loss : 7.4698E-03
  val loss   : 3.0797E-01  |  lr: 2.13e-05
  patience   : 3/3

[fit] early stopping triggered at epoch 6.
[fit] training complete in 287.6s
0.9512605042016806 0.9598904571195107
Saving proba...
Proba Saved
[unsupervised-is] fold=3 | train=3972 | test=595
[init] logging dir: logs/modernbert/trec_entropy-sublinear-ae-is/
Max Class =5
Classes in y_train: 6
Classes in y_val: 6
[load] loading model 'answerdotai/ModernBERT-base' (6 labels)...
[2026-07-20 19:19:04,023][httpx][INFO] - HTTP Request: HEAD https://huggingface.co/answerdotai/ModernBERT-base/resolve/main/config.json "HTTP/1.1 307 Temporary Redirect"
[2026-07-20 19:19:04,029][httpx][INFO] - HTTP Request: HEAD https://huggingface.co/api/resolve-cache/models/answerdotai/ModernBERT-base/8949b909ec900327062f0ebf497f51aef5e6f0c8/config.json "HTTP/1.1 200 OK"
[2026-07-20 19:19:04,048][httpx][INFO] - HTTP Request: HEAD https://huggingface.co/answerdotai/ModernBERT-base/resolve/main/config.json "HTTP/1.1 307 Temporary Redirect"
[2026-07-20 19:19:04,053][httpx][INFO] - HTTP Request: HEAD https://huggingface.co/api/resolve-cache/models/answerdotai/ModernBERT-base/8949b909ec900327062f0ebf497f51aef5e6f0c8/config.json "HTTP/1.1 200 OK"
Loading weights:   0%|          | 0/136 [00:00<?, ?it/s]Loading weights: 100%|██████████| 136/136 [00:00<00:00, 1559.58it/s]
[transformers] [1mModernBertForSequenceClassification LOAD REPORT[0m from: answerdotai/ModernBERT-base
Key               | Status     | 
------------------+------------+-
decoder.bias      | UNEXPECTED | 
classifier.bias   | MISSING    | 
classifier.weight | MISSING    | 

Notes:
- UNEXPECTED:	can be ignored when loading from different task/architecture; not ok if you expect identical arch.
- MISSING:	those params were newly initialized because missing from the checkpoint. Consider training on your downstream task.
[load] loading tokenizer (max_len=256)...
[2026-07-20 19:19:04,225][httpx][INFO] - HTTP Request: HEAD https://huggingface.co/answerdotai/ModernBERT-base/resolve/main/config.json "HTTP/1.1 307 Temporary Redirect"
[2026-07-20 19:19:04,231][httpx][INFO] - HTTP Request: HEAD https://huggingface.co/api/resolve-cache/models/answerdotai/ModernBERT-base/8949b909ec900327062f0ebf497f51aef5e6f0c8/config.json "HTTP/1.1 200 OK"
[2026-07-20 19:19:04,252][httpx][INFO] - HTTP Request: HEAD https://huggingface.co/answerdotai/ModernBERT-base/resolve/main/tokenizer_config.json "HTTP/1.1 307 Temporary Redirect"
[2026-07-20 19:19:04,258][httpx][INFO] - HTTP Request: HEAD https://huggingface.co/api/resolve-cache/models/answerdotai/ModernBERT-base/8949b909ec900327062f0ebf497f51aef5e6f0c8/tokenizer_config.json "HTTP/1.1 200 OK"
[2026-07-20 19:19:04,276][httpx][INFO] - HTTP Request: HEAD https://huggingface.co/answerdotai/ModernBERT-base/resolve/main/tokenizer_config.json "HTTP/1.1 307 Temporary Redirect"
[2026-07-20 19:19:04,282][httpx][INFO] - HTTP Request: HEAD https://huggingface.co/api/resolve-cache/models/answerdotai/ModernBERT-base/8949b909ec900327062f0ebf497f51aef5e6f0c8/tokenizer_config.json "HTTP/1.1 200 OK"
[2026-07-20 19:19:04,304][httpx][INFO] - HTTP Request: GET https://huggingface.co/api/models/answerdotai/ModernBERT-base/tree/main/additional_chat_templates?recursive=false&expand=false "HTTP/1.1 404 Not Found"
[2026-07-20 19:19:04,327][httpx][INFO] - HTTP Request: GET https://huggingface.co/api/models/answerdotai/ModernBERT-base/tree/main?recursive=true&expand=false "HTTP/1.1 200 OK"
[load] model and tokenizer ready.
Loading training data
Training data loaded.

[fit] model=answerdotai/ModernBERT-base | classes=6 | epochs=10 | patience=3
[fit] lr=5.0e-05 | warmup=67 steps (6% of 1120)
----------------------------------------------------------------------

[epoch 1/10]
  train loss : 7.8824E-01
  val loss   : 3.3972E-01  |  lr: 4.79e-05
  checkpoint : val loss improved → 3.3972E-01 (saved)

[epoch 2/10]
  train loss : 1.5866E-01
  val loss   : 3.5906E-01  |  lr: 4.25e-05
  patience   : 0/3

[epoch 3/10]
  train loss : 6.7556E-02
  val loss   : 2.9307E-01  |  lr: 3.72e-05
  checkpoint : val loss improved → 2.9307E-01 (saved)

[epoch 4/10]
  train loss : 1.9169E-02
  val loss   : 3.6087E-01  |  lr: 3.19e-05
  patience   : 1/3

[epoch 5/10]
  train loss : 1.1609E-02
  val loss   : 3.7365E-01  |  lr: 2.66e-05
  patience   : 2/3

[epoch 6/10]
  train loss : 2.1212E-03
  val loss   : 3.4936E-01  |  lr: 2.13e-05
  patience   : 3/3

[fit] early stopping triggered at epoch 6.
[fit] training complete in 268.9s
0.9630252100840336 0.9618074878774276
Saving proba...
Proba Saved
[unsupervised-is] fold=4 | train=4128 | test=595
[init] logging dir: logs/modernbert/trec_entropy-sublinear-ae-is/
Max Class =5
Classes in y_train: 6
Classes in y_val: 6
[load] loading model 'answerdotai/ModernBERT-base' (6 labels)...
[2026-07-20 19:23:40,819][httpx][INFO] - HTTP Request: HEAD https://huggingface.co/answerdotai/ModernBERT-base/resolve/main/config.json "HTTP/1.1 307 Temporary Redirect"
[2026-07-20 19:23:40,824][httpx][INFO] - HTTP Request: HEAD https://huggingface.co/api/resolve-cache/models/answerdotai/ModernBERT-base/8949b909ec900327062f0ebf497f51aef5e6f0c8/config.json "HTTP/1.1 200 OK"
[2026-07-20 19:23:40,847][httpx][INFO] - HTTP Request: HEAD https://huggingface.co/answerdotai/ModernBERT-base/resolve/main/config.json "HTTP/1.1 307 Temporary Redirect"
[2026-07-20 19:23:40,853][httpx][INFO] - HTTP Request: HEAD https://huggingface.co/api/resolve-cache/models/answerdotai/ModernBERT-base/8949b909ec900327062f0ebf497f51aef5e6f0c8/config.json "HTTP/1.1 200 OK"
Loading weights:   0%|          | 0/136 [00:00<?, ?it/s]Loading weights:  93%|█████████▎| 126/136 [00:00<00:00, 1255.86it/s]Loading weights: 100%|██████████| 136/136 [00:00<00:00, 1277.21it/s]
[transformers] [1mModernBertForSequenceClassification LOAD REPORT[0m from: answerdotai/ModernBERT-base
Key               | Status     | 
------------------+------------+-
decoder.bias      | UNEXPECTED | 
classifier.bias   | MISSING    | 
classifier.weight | MISSING    | 

Notes:
- UNEXPECTED:	can be ignored when loading from different task/architecture; not ok if you expect identical arch.
- MISSING:	those params were newly initialized because missing from the checkpoint. Consider training on your downstream task.
[load] loading tokenizer (max_len=256)...
[2026-07-20 19:23:41,048][httpx][INFO] - HTTP Request: HEAD https://huggingface.co/answerdotai/ModernBERT-base/resolve/main/config.json "HTTP/1.1 307 Temporary Redirect"
[2026-07-20 19:23:41,054][httpx][INFO] - HTTP Request: HEAD https://huggingface.co/api/resolve-cache/models/answerdotai/ModernBERT-base/8949b909ec900327062f0ebf497f51aef5e6f0c8/config.json "HTTP/1.1 200 OK"
[2026-07-20 19:23:41,079][httpx][INFO] - HTTP Request: HEAD https://huggingface.co/answerdotai/ModernBERT-base/resolve/main/tokenizer_config.json "HTTP/1.1 307 Temporary Redirect"
[2026-07-20 19:23:41,084][httpx][INFO] - HTTP Request: HEAD https://huggingface.co/api/resolve-cache/models/answerdotai/ModernBERT-base/8949b909ec900327062f0ebf497f51aef5e6f0c8/tokenizer_config.json "HTTP/1.1 200 OK"
[2026-07-20 19:23:41,105][httpx][INFO] - HTTP Request: HEAD https://huggingface.co/answerdotai/ModernBERT-base/resolve/main/tokenizer_config.json "HTTP/1.1 307 Temporary Redirect"
[2026-07-20 19:23:41,111][httpx][INFO] - HTTP Request: HEAD https://huggingface.co/api/resolve-cache/models/answerdotai/ModernBERT-base/8949b909ec900327062f0ebf497f51aef5e6f0c8/tokenizer_config.json "HTTP/1.1 200 OK"
[2026-07-20 19:23:41,130][httpx][INFO] - HTTP Request: GET https://huggingface.co/api/models/answerdotai/ModernBERT-base/tree/main/additional_chat_templates?recursive=false&expand=false "HTTP/1.1 404 Not Found"
[2026-07-20 19:23:41,155][httpx][INFO] - HTTP Request: GET https://huggingface.co/api/models/answerdotai/ModernBERT-base/tree/main?recursive=true&expand=false "HTTP/1.1 200 OK"
[load] model and tokenizer ready.
Loading training data
Training data loaded.

[fit] model=answerdotai/ModernBERT-base | classes=6 | epochs=10 | patience=3
[fit] lr=5.0e-05 | warmup=70 steps (6% of 1170)
----------------------------------------------------------------------

[epoch 1/10]
  train loss : 7.8980E-01
  val loss   : 5.5822E-01  |  lr: 4.79e-05
  checkpoint : val loss improved → 5.5822E-01 (saved)

[epoch 2/10]
  train loss : 1.7924E-01
  val loss   : 3.5466E-01  |  lr: 4.25e-05
  checkpoint : val loss improved → 3.5466E-01 (saved)

[epoch 3/10]
  train loss : 6.0307E-02
  val loss   : 3.6337E-01  |  lr: 3.72e-05
  patience   : 0/3

[epoch 4/10]
  train loss : 2.8325E-02
  val loss   : 2.9670E-01  |  lr: 3.19e-05
  checkpoint : val loss improved → 2.9670E-01 (saved)

[epoch 5/10]
  train loss : 6.1781E-03
  val loss   : 2.8136E-01  |  lr: 2.66e-05
  checkpoint : val loss improved → 2.8136E-01 (saved)

[epoch 6/10]
  train loss : 2.3125E-03
  val loss   : 2.7348E-01  |  lr: 2.13e-05
  checkpoint : val loss improved → 2.7348E-01 (saved)

[epoch 7/10]
  train loss : 1.7281E-03
  val loss   : 2.7489E-01  |  lr: 1.60e-05
  patience   : 1/3

[epoch 8/10]
  train loss : 6.2312E-04
  val loss   : 2.8059E-01  |  lr: 1.06e-05
  patience   : 2/3

[epoch 9/10]
  train loss : 2.0212E-04
  val loss   : 2.8518E-01  |  lr: 5.32e-06
  patience   : 3/3

[fit] early stopping triggered at epoch 9.
[fit] training complete in 420.0s
0.9680672268907563 0.9587839096119158
Saving proba...
Proba Saved
[unsupervised-is] fold=5 | train=4096 | test=595
[init] logging dir: logs/modernbert/trec_entropy-sublinear-ae-is/
Max Class =5
Classes in y_train: 6
Classes in y_val: 6
[load] loading model 'answerdotai/ModernBERT-base' (6 labels)...
[2026-07-20 19:30:48,652][httpx][INFO] - HTTP Request: HEAD https://huggingface.co/answerdotai/ModernBERT-base/resolve/main/config.json "HTTP/1.1 307 Temporary Redirect"
[2026-07-20 19:30:48,658][httpx][INFO] - HTTP Request: HEAD https://huggingface.co/api/resolve-cache/models/answerdotai/ModernBERT-base/8949b909ec900327062f0ebf497f51aef5e6f0c8/config.json "HTTP/1.1 200 OK"
[2026-07-20 19:30:48,678][httpx][INFO] - HTTP Request: HEAD https://huggingface.co/answerdotai/ModernBERT-base/resolve/main/config.json "HTTP/1.1 307 Temporary Redirect"
[2026-07-20 19:30:48,684][httpx][INFO] - HTTP Request: HEAD https://huggingface.co/api/resolve-cache/models/answerdotai/ModernBERT-base/8949b909ec900327062f0ebf497f51aef5e6f0c8/config.json "HTTP/1.1 200 OK"
Loading weights:   0%|          | 0/136 [00:00<?, ?it/s]Loading weights:  96%|█████████▌| 130/136 [00:00<00:00, 1294.65it/s]Loading weights: 100%|██████████| 136/136 [00:00<00:00, 1306.76it/s]
[transformers] [1mModernBertForSequenceClassification LOAD REPORT[0m from: answerdotai/ModernBERT-base
Key               | Status     | 
------------------+------------+-
decoder.bias      | UNEXPECTED | 
classifier.bias   | MISSING    | 
classifier.weight | MISSING    | 

Notes:
- UNEXPECTED:	can be ignored when loading from different task/architecture; not ok if you expect identical arch.
- MISSING:	those params were newly initialized because missing from the checkpoint. Consider training on your downstream task.
[load] loading tokenizer (max_len=256)...
[2026-07-20 19:30:48,872][httpx][INFO] - HTTP Request: HEAD https://huggingface.co/answerdotai/ModernBERT-base/resolve/main/config.json "HTTP/1.1 307 Temporary Redirect"
[2026-07-20 19:30:48,878][httpx][INFO] - HTTP Request: HEAD https://huggingface.co/api/resolve-cache/models/answerdotai/ModernBERT-base/8949b909ec900327062f0ebf497f51aef5e6f0c8/config.json "HTTP/1.1 200 OK"
[2026-07-20 19:30:48,898][httpx][INFO] - HTTP Request: HEAD https://huggingface.co/answerdotai/ModernBERT-base/resolve/main/tokenizer_config.json "HTTP/1.1 307 Temporary Redirect"
[2026-07-20 19:30:48,904][httpx][INFO] - HTTP Request: HEAD https://huggingface.co/api/resolve-cache/models/answerdotai/ModernBERT-base/8949b909ec900327062f0ebf497f51aef5e6f0c8/tokenizer_config.json "HTTP/1.1 200 OK"
[2026-07-20 19:30:48,921][httpx][INFO] - HTTP Request: HEAD https://huggingface.co/answerdotai/ModernBERT-base/resolve/main/tokenizer_config.json "HTTP/1.1 307 Temporary Redirect"
[2026-07-20 19:30:48,927][httpx][INFO] - HTTP Request: HEAD https://huggingface.co/api/resolve-cache/models/answerdotai/ModernBERT-base/8949b909ec900327062f0ebf497f51aef5e6f0c8/tokenizer_config.json "HTTP/1.1 200 OK"
[2026-07-20 19:30:48,948][httpx][INFO] - HTTP Request: GET https://huggingface.co/api/models/answerdotai/ModernBERT-base/tree/main/additional_chat_templates?recursive=false&expand=false "HTTP/1.1 404 Not Found"
[2026-07-20 19:30:48,970][httpx][INFO] - HTTP Request: GET https://huggingface.co/api/models/answerdotai/ModernBERT-base/tree/main?recursive=true&expand=false "HTTP/1.1 200 OK"
[load] model and tokenizer ready.
Loading training data
Training data loaded.

[fit] model=answerdotai/ModernBERT-base | classes=6 | epochs=10 | patience=3
[fit] lr=5.0e-05 | warmup=69 steps (6% of 1160)
----------------------------------------------------------------------

[epoch 1/10]
  train loss : 7.8645E-01
  val loss   : 3.1075E-01  |  lr: 4.78e-05
  checkpoint : val loss improved → 3.1075E-01 (saved)

[epoch 2/10]
  train loss : 1.7925E-01
  val loss   : 1.5906E-01  |  lr: 4.25e-05
  checkpoint : val loss improved → 1.5906E-01 (saved)

[epoch 3/10]
  train loss : 6.4020E-02
  val loss   : 1.6546E-01  |  lr: 3.72e-05
  patience   : 0/3

[epoch 4/10]
  train loss : 1.5473E-02
  val loss   : 2.2759E-01  |  lr: 3.19e-05
  patience   : 1/3

[epoch 5/10]
  train loss : 1.1409E-02
  val loss   : 2.6892E-01  |  lr: 2.66e-05
  patience   : 2/3

[epoch 6/10]
  train loss : 7.5035E-04
  val loss   : 2.3474E-01  |  lr: 2.13e-05
  patience   : 3/3

[fit] early stopping triggered at epoch 6.
[fit] training complete in 277.1s
0.934453781512605 0.9070487808333104
Saving proba...
Proba Saved
[unsupervised-is] fold=6 | train=4044 | test=595
[init] logging dir: logs/modernbert/trec_entropy-sublinear-ae-is/
Max Class =5
Classes in y_train: 6
Classes in y_val: 6
[load] loading model 'answerdotai/ModernBERT-base' (6 labels)...
[2026-07-20 19:35:34,213][httpx][INFO] - HTTP Request: HEAD https://huggingface.co/answerdotai/ModernBERT-base/resolve/main/config.json "HTTP/1.1 307 Temporary Redirect"
[2026-07-20 19:35:34,219][httpx][INFO] - HTTP Request: HEAD https://huggingface.co/api/resolve-cache/models/answerdotai/ModernBERT-base/8949b909ec900327062f0ebf497f51aef5e6f0c8/config.json "HTTP/1.1 200 OK"
[2026-07-20 19:35:34,239][httpx][INFO] - HTTP Request: HEAD https://huggingface.co/answerdotai/ModernBERT-base/resolve/main/config.json "HTTP/1.1 307 Temporary Redirect"
[2026-07-20 19:35:34,245][httpx][INFO] - HTTP Request: HEAD https://huggingface.co/api/resolve-cache/models/answerdotai/ModernBERT-base/8949b909ec900327062f0ebf497f51aef5e6f0c8/config.json "HTTP/1.1 200 OK"
Loading weights:   0%|          | 0/136 [00:00<?, ?it/s]Loading weights: 100%|██████████| 136/136 [00:00<00:00, 1714.53it/s]
[transformers] [1mModernBertForSequenceClassification LOAD REPORT[0m from: answerdotai/ModernBERT-base
Key               | Status     | 
------------------+------------+-
decoder.bias      | UNEXPECTED | 
classifier.bias   | MISSING    | 
classifier.weight | MISSING    | 

Notes:
- UNEXPECTED:	can be ignored when loading from different task/architecture; not ok if you expect identical arch.
- MISSING:	those params were newly initialized because missing from the checkpoint. Consider training on your downstream task.
[load] loading tokenizer (max_len=256)...
[2026-07-20 19:35:34,407][httpx][INFO] - HTTP Request: HEAD https://huggingface.co/answerdotai/ModernBERT-base/resolve/main/config.json "HTTP/1.1 307 Temporary Redirect"
[2026-07-20 19:35:34,412][httpx][INFO] - HTTP Request: HEAD https://huggingface.co/api/resolve-cache/models/answerdotai/ModernBERT-base/8949b909ec900327062f0ebf497f51aef5e6f0c8/config.json "HTTP/1.1 200 OK"
[2026-07-20 19:35:34,431][httpx][INFO] - HTTP Request: HEAD https://huggingface.co/answerdotai/ModernBERT-base/resolve/main/tokenizer_config.json "HTTP/1.1 307 Temporary Redirect"
[2026-07-20 19:35:34,436][httpx][INFO] - HTTP Request: HEAD https://huggingface.co/api/resolve-cache/models/answerdotai/ModernBERT-base/8949b909ec900327062f0ebf497f51aef5e6f0c8/tokenizer_config.json "HTTP/1.1 200 OK"
[2026-07-20 19:35:34,454][httpx][INFO] - HTTP Request: HEAD https://huggingface.co/answerdotai/ModernBERT-base/resolve/main/tokenizer_config.json "HTTP/1.1 307 Temporary Redirect"
[2026-07-20 19:35:34,460][httpx][INFO] - HTTP Request: HEAD https://huggingface.co/api/resolve-cache/models/answerdotai/ModernBERT-base/8949b909ec900327062f0ebf497f51aef5e6f0c8/tokenizer_config.json "HTTP/1.1 200 OK"
[2026-07-20 19:35:34,479][httpx][INFO] - HTTP Request: GET https://huggingface.co/api/models/answerdotai/ModernBERT-base/tree/main/additional_chat_templates?recursive=false&expand=false "HTTP/1.1 404 Not Found"
[2026-07-20 19:35:34,507][httpx][INFO] - HTTP Request: GET https://huggingface.co/api/models/answerdotai/ModernBERT-base/tree/main?recursive=true&expand=false "HTTP/1.1 200 OK"
[load] model and tokenizer ready.
Loading training data
Training data loaded.

[fit] model=answerdotai/ModernBERT-base | classes=6 | epochs=10 | patience=3
[fit] lr=5.0e-05 | warmup=68 steps (6% of 1140)
----------------------------------------------------------------------

[epoch 1/10]
  train loss : 8.1367E-01
  val loss   : 3.8842E-01  |  lr: 4.79e-05
  checkpoint : val loss improved → 3.8842E-01 (saved)

[epoch 2/10]
  train loss : 1.9705E-01
  val loss   : 3.3016E-01  |  lr: 4.25e-05
  checkpoint : val loss improved → 3.3016E-01 (saved)

[epoch 3/10]
  train loss : 9.0077E-02
  val loss   : 2.7263E-01  |  lr: 3.72e-05
  checkpoint : val loss improved → 2.7263E-01 (saved)

[epoch 4/10]
  train loss : 3.5892E-02
  val loss   : 3.0736E-01  |  lr: 3.19e-05
  patience   : 0/3

[epoch 5/10]
  train loss : 1.0797E-02
  val loss   : 3.0712E-01  |  lr: 2.66e-05
  patience   : 1/3

[epoch 6/10]
  train loss : 2.1582E-03
  val loss   : 2.8437E-01  |  lr: 2.13e-05
  patience   : 2/3

[epoch 7/10]
  train loss : 5.9782E-04
  val loss   : 2.9440E-01  |  lr: 1.60e-05
  patience   : 3/3

[fit] early stopping triggered at epoch 7.
[fit] training complete in 318.9s
0.9647058823529412 0.9709780685080127
Saving proba...
Proba Saved
[unsupervised-is] fold=7 | train=4089 | test=595
[init] logging dir: logs/modernbert/trec_entropy-sublinear-ae-is/
Max Class =5
Classes in y_train: 6
Classes in y_val: 6
[load] loading model 'answerdotai/ModernBERT-base' (6 labels)...
[2026-07-20 19:41:00,916][httpx][INFO] - HTTP Request: HEAD https://huggingface.co/answerdotai/ModernBERT-base/resolve/main/config.json "HTTP/1.1 307 Temporary Redirect"
[2026-07-20 19:41:00,921][httpx][INFO] - HTTP Request: HEAD https://huggingface.co/api/resolve-cache/models/answerdotai/ModernBERT-base/8949b909ec900327062f0ebf497f51aef5e6f0c8/config.json "HTTP/1.1 200 OK"
[2026-07-20 19:41:00,957][httpx][INFO] - HTTP Request: HEAD https://huggingface.co/answerdotai/ModernBERT-base/resolve/main/config.json "HTTP/1.1 307 Temporary Redirect"
[2026-07-20 19:41:00,963][httpx][INFO] - HTTP Request: HEAD https://huggingface.co/api/resolve-cache/models/answerdotai/ModernBERT-base/8949b909ec900327062f0ebf497f51aef5e6f0c8/config.json "HTTP/1.1 200 OK"
Loading weights:   0%|          | 0/136 [00:00<?, ?it/s]Loading weights: 100%|██████████| 136/136 [00:00<00:00, 1745.71it/s]
[transformers] [1mModernBertForSequenceClassification LOAD REPORT[0m from: answerdotai/ModernBERT-base
Key               | Status     | 
------------------+------------+-
decoder.bias      | UNEXPECTED | 
classifier.bias   | MISSING    | 
classifier.weight | MISSING    | 

Notes:
- UNEXPECTED:	can be ignored when loading from different task/architecture; not ok if you expect identical arch.
- MISSING:	those params were newly initialized because missing from the checkpoint. Consider training on your downstream task.
[load] loading tokenizer (max_len=256)...
[2026-07-20 19:41:01,134][httpx][INFO] - HTTP Request: HEAD https://huggingface.co/answerdotai/ModernBERT-base/resolve/main/config.json "HTTP/1.1 307 Temporary Redirect"
[2026-07-20 19:41:01,140][httpx][INFO] - HTTP Request: HEAD https://huggingface.co/api/resolve-cache/models/answerdotai/ModernBERT-base/8949b909ec900327062f0ebf497f51aef5e6f0c8/config.json "HTTP/1.1 200 OK"
[2026-07-20 19:41:01,161][httpx][INFO] - HTTP Request: HEAD https://huggingface.co/answerdotai/ModernBERT-base/resolve/main/tokenizer_config.json "HTTP/1.1 307 Temporary Redirect"
[2026-07-20 19:41:01,167][httpx][INFO] - HTTP Request: HEAD https://huggingface.co/api/resolve-cache/models/answerdotai/ModernBERT-base/8949b909ec900327062f0ebf497f51aef5e6f0c8/tokenizer_config.json "HTTP/1.1 200 OK"
[2026-07-20 19:41:01,186][httpx][INFO] - HTTP Request: HEAD https://huggingface.co/answerdotai/ModernBERT-base/resolve/main/tokenizer_config.json "HTTP/1.1 307 Temporary Redirect"
[2026-07-20 19:41:01,193][httpx][INFO] - HTTP Request: HEAD https://huggingface.co/api/resolve-cache/models/answerdotai/ModernBERT-base/8949b909ec900327062f0ebf497f51aef5e6f0c8/tokenizer_config.json "HTTP/1.1 200 OK"
[2026-07-20 19:41:01,212][httpx][INFO] - HTTP Request: GET https://huggingface.co/api/models/answerdotai/ModernBERT-base/tree/main/additional_chat_templates?recursive=false&expand=false "HTTP/1.1 404 Not Found"
[2026-07-20 19:41:01,235][httpx][INFO] - HTTP Request: GET https://huggingface.co/api/models/answerdotai/ModernBERT-base/tree/main?recursive=true&expand=false "HTTP/1.1 200 OK"
[load] model and tokenizer ready.
Loading training data
Training data loaded.

[fit] model=answerdotai/ModernBERT-base | classes=6 | epochs=10 | patience=3
[fit] lr=5.0e-05 | warmup=69 steps (6% of 1150)
----------------------------------------------------------------------

[epoch 1/10]
  train loss : 8.6819E-01
  val loss   : 2.2451E-01  |  lr: 4.79e-05
  checkpoint : val loss improved → 2.2451E-01 (saved)

[epoch 2/10]
  train loss : 1.8531E-01
  val loss   : 2.2918E-01  |  lr: 4.26e-05
  patience   : 0/3

[epoch 3/10]
  train loss : 7.1387E-02
  val loss   : 2.0521E-01  |  lr: 3.72e-05
  checkpoint : val loss improved → 2.0521E-01 (saved)

[epoch 4/10]
  train loss : 3.2409E-02
  val loss   : 2.1277E-01  |  lr: 3.19e-05
  patience   : 1/3

[epoch 5/10]
  train loss : 8.5893E-03
  val loss   : 1.3127E-01  |  lr: 2.66e-05
  checkpoint : val loss improved → 1.3127E-01 (saved)

[epoch 6/10]
  train loss : 2.4025E-03
  val loss   : 1.5338E-01  |  lr: 2.13e-05
  patience   : 2/3

[epoch 7/10]
  train loss : 3.2856E-03
  val loss   : 1.5091E-01  |  lr: 1.60e-05
  patience   : 3/3

[fit] early stopping triggered at epoch 7.
[fit] training complete in 322.5s
0.9495798319327731 0.9593590886399538
Saving proba...
Proba Saved
[unsupervised-is] fold=8 | train=4116 | test=595
[init] logging dir: logs/modernbert/trec_entropy-sublinear-ae-is/
Max Class =5
Classes in y_train: 6
Classes in y_val: 6
[load] loading model 'answerdotai/ModernBERT-base' (6 labels)...
[2026-07-20 19:46:31,200][httpx][INFO] - HTTP Request: HEAD https://huggingface.co/answerdotai/ModernBERT-base/resolve/main/config.json "HTTP/1.1 307 Temporary Redirect"
[2026-07-20 19:46:31,206][httpx][INFO] - HTTP Request: HEAD https://huggingface.co/api/resolve-cache/models/answerdotai/ModernBERT-base/8949b909ec900327062f0ebf497f51aef5e6f0c8/config.json "HTTP/1.1 200 OK"
[2026-07-20 19:46:31,225][httpx][INFO] - HTTP Request: HEAD https://huggingface.co/answerdotai/ModernBERT-base/resolve/main/config.json "HTTP/1.1 307 Temporary Redirect"
[2026-07-20 19:46:31,230][httpx][INFO] - HTTP Request: HEAD https://huggingface.co/api/resolve-cache/models/answerdotai/ModernBERT-base/8949b909ec900327062f0ebf497f51aef5e6f0c8/config.json "HTTP/1.1 200 OK"
Loading weights:   0%|          | 0/136 [00:00<?, ?it/s]Loading weights: 100%|██████████| 136/136 [00:00<00:00, 1788.52it/s]
[transformers] [1mModernBertForSequenceClassification LOAD REPORT[0m from: answerdotai/ModernBERT-base
Key               | Status     | 
------------------+------------+-
decoder.bias      | UNEXPECTED | 
classifier.bias   | MISSING    | 
classifier.weight | MISSING    | 

Notes:
- UNEXPECTED:	can be ignored when loading from different task/architecture; not ok if you expect identical arch.
- MISSING:	those params were newly initialized because missing from the checkpoint. Consider training on your downstream task.
[load] loading tokenizer (max_len=256)...
[2026-07-20 19:46:31,392][httpx][INFO] - HTTP Request: HEAD https://huggingface.co/answerdotai/ModernBERT-base/resolve/main/config.json "HTTP/1.1 307 Temporary Redirect"
[2026-07-20 19:46:31,397][httpx][INFO] - HTTP Request: HEAD https://huggingface.co/api/resolve-cache/models/answerdotai/ModernBERT-base/8949b909ec900327062f0ebf497f51aef5e6f0c8/config.json "HTTP/1.1 200 OK"
[2026-07-20 19:46:31,420][httpx][INFO] - HTTP Request: HEAD https://huggingface.co/answerdotai/ModernBERT-base/resolve/main/tokenizer_config.json "HTTP/1.1 307 Temporary Redirect"
[2026-07-20 19:46:31,425][httpx][INFO] - HTTP Request: HEAD https://huggingface.co/api/resolve-cache/models/answerdotai/ModernBERT-base/8949b909ec900327062f0ebf497f51aef5e6f0c8/tokenizer_config.json "HTTP/1.1 200 OK"
[2026-07-20 19:46:31,447][httpx][INFO] - HTTP Request: HEAD https://huggingface.co/answerdotai/ModernBERT-base/resolve/main/tokenizer_config.json "HTTP/1.1 307 Temporary Redirect"
[2026-07-20 19:46:31,453][httpx][INFO] - HTTP Request: HEAD https://huggingface.co/api/resolve-cache/models/answerdotai/ModernBERT-base/8949b909ec900327062f0ebf497f51aef5e6f0c8/tokenizer_config.json "HTTP/1.1 200 OK"
[2026-07-20 19:46:31,472][httpx][INFO] - HTTP Request: GET https://huggingface.co/api/models/answerdotai/ModernBERT-base/tree/main/additional_chat_templates?recursive=false&expand=false "HTTP/1.1 404 Not Found"
[2026-07-20 19:46:31,492][httpx][INFO] - HTTP Request: GET https://huggingface.co/api/models/answerdotai/ModernBERT-base/tree/main?recursive=true&expand=false "HTTP/1.1 200 OK"
[load] model and tokenizer ready.
Loading training data
Training data loaded.

[fit] model=answerdotai/ModernBERT-base | classes=6 | epochs=10 | patience=3
[fit] lr=5.0e-05 | warmup=69 steps (6% of 1160)
----------------------------------------------------------------------

[epoch 1/10]
  train loss : 8.0883E-01
  val loss   : 3.0749E-01  |  lr: 4.78e-05
  checkpoint : val loss improved → 3.0749E-01 (saved)

[epoch 2/10]
  train loss : 1.8723E-01
  val loss   : 3.6765E-01  |  lr: 4.25e-05
  patience   : 0/3

[epoch 3/10]
  train loss : 6.1322E-02
  val loss   : 2.4953E-01  |  lr: 3.72e-05
  checkpoint : val loss improved → 2.4953E-01 (saved)

[epoch 4/10]
  train loss : 2.7135E-02
  val loss   : 3.9822E-01  |  lr: 3.19e-05
  patience   : 1/3

[epoch 5/10]
  train loss : 1.1827E-02
  val loss   : 4.6710E-01  |  lr: 2.66e-05
  patience   : 2/3

[epoch 6/10]
  train loss : 2.8286E-03
  val loss   : 3.4495E-01  |  lr: 2.13e-05
  patience   : 3/3

[fit] early stopping triggered at epoch 6.
[fit] training complete in 278.2s
0.9512605042016806 0.9438786228522155
Saving proba...
Proba Saved
[unsupervised-is] fold=9 | train=3923 | test=595
[init] logging dir: logs/modernbert/trec_entropy-sublinear-ae-is/
Max Class =5
Classes in y_train: 6
Classes in y_val: 6
[load] loading model 'answerdotai/ModernBERT-base' (6 labels)...
[2026-07-20 19:51:17,283][httpx][INFO] - HTTP Request: HEAD https://huggingface.co/answerdotai/ModernBERT-base/resolve/main/config.json "HTTP/1.1 307 Temporary Redirect"
[2026-07-20 19:51:17,288][httpx][INFO] - HTTP Request: HEAD https://huggingface.co/api/resolve-cache/models/answerdotai/ModernBERT-base/8949b909ec900327062f0ebf497f51aef5e6f0c8/config.json "HTTP/1.1 200 OK"
[2026-07-20 19:51:17,311][httpx][INFO] - HTTP Request: HEAD https://huggingface.co/answerdotai/ModernBERT-base/resolve/main/config.json "HTTP/1.1 307 Temporary Redirect"
[2026-07-20 19:51:17,316][httpx][INFO] - HTTP Request: HEAD https://huggingface.co/api/resolve-cache/models/answerdotai/ModernBERT-base/8949b909ec900327062f0ebf497f51aef5e6f0c8/config.json "HTTP/1.1 200 OK"
Loading weights:   0%|          | 0/136 [00:00<?, ?it/s]Loading weights: 100%|██████████| 136/136 [00:00<00:00, 1564.87it/s]
[transformers] [1mModernBertForSequenceClassification LOAD REPORT[0m from: answerdotai/ModernBERT-base
Key               | Status     | 
------------------+------------+-
decoder.bias      | UNEXPECTED | 
classifier.bias   | MISSING    | 
classifier.weight | MISSING    | 

Notes:
- UNEXPECTED:	can be ignored when loading from different task/architecture; not ok if you expect identical arch.
- MISSING:	those params were newly initialized because missing from the checkpoint. Consider training on your downstream task.
[load] loading tokenizer (max_len=256)...
[2026-07-20 19:51:17,492][httpx][INFO] - HTTP Request: HEAD https://huggingface.co/answerdotai/ModernBERT-base/resolve/main/config.json "HTTP/1.1 307 Temporary Redirect"
[2026-07-20 19:51:17,498][httpx][INFO] - HTTP Request: HEAD https://huggingface.co/api/resolve-cache/models/answerdotai/ModernBERT-base/8949b909ec900327062f0ebf497f51aef5e6f0c8/config.json "HTTP/1.1 200 OK"
[2026-07-20 19:51:17,517][httpx][INFO] - HTTP Request: HEAD https://huggingface.co/answerdotai/ModernBERT-base/resolve/main/tokenizer_config.json "HTTP/1.1 307 Temporary Redirect"
[2026-07-20 19:51:17,524][httpx][INFO] - HTTP Request: HEAD https://huggingface.co/api/resolve-cache/models/answerdotai/ModernBERT-base/8949b909ec900327062f0ebf497f51aef5e6f0c8/tokenizer_config.json "HTTP/1.1 200 OK"
[2026-07-20 19:51:17,541][httpx][INFO] - HTTP Request: HEAD https://huggingface.co/answerdotai/ModernBERT-base/resolve/main/tokenizer_config.json "HTTP/1.1 307 Temporary Redirect"
[2026-07-20 19:51:17,548][httpx][INFO] - HTTP Request: HEAD https://huggingface.co/api/resolve-cache/models/answerdotai/ModernBERT-base/8949b909ec900327062f0ebf497f51aef5e6f0c8/tokenizer_config.json "HTTP/1.1 200 OK"
[2026-07-20 19:51:17,569][httpx][INFO] - HTTP Request: GET https://huggingface.co/api/models/answerdotai/ModernBERT-base/tree/main/additional_chat_templates?recursive=false&expand=false "HTTP/1.1 404 Not Found"
[2026-07-20 19:51:17,588][httpx][INFO] - HTTP Request: GET https://huggingface.co/api/models/answerdotai/ModernBERT-base/tree/main?recursive=true&expand=false "HTTP/1.1 200 OK"
[load] model and tokenizer ready.
Loading training data
Training data loaded.

[fit] model=answerdotai/ModernBERT-base | classes=6 | epochs=10 | patience=3
[fit] lr=5.0e-05 | warmup=66 steps (6% of 1110)
----------------------------------------------------------------------

[epoch 1/10]
  train loss : 7.7097E-01
  val loss   : 2.7098E-01  |  lr: 4.78e-05
  checkpoint : val loss improved → 2.7098E-01 (saved)

[epoch 2/10]
  train loss : 1.6421E-01
  val loss   : 3.7668E-01  |  lr: 4.25e-05
  patience   : 0/3

[epoch 3/10]
  train loss : 4.7137E-02
  val loss   : 2.9306E-01  |  lr: 3.72e-05
  patience   : 1/3

[epoch 4/10]
  train loss : 1.6582E-02
  val loss   : 2.7906E-01  |  lr: 3.19e-05
  patience   : 2/3

[epoch 5/10]
  train loss : 2.8214E-03
  val loss   : 2.9574E-01  |  lr: 2.66e-05
  patience   : 3/3

[fit] early stopping triggered at epoch 5.
[fit] training complete in 221.2s
0.9697478991596639 0.975554265709948
Saving proba...
Proba Saved
Done.
