/app/atcBench/main.py:45: UserWarning: 
The version_base parameter is not specified.
Please specify a compatability version level, or None.
Will assume defaults for version 1.1
  @hydra.main(config_path=CONFIG_PATH, config_name=CONFIG_NAME)
/app/venv/lib/python3.12/site-packages/hydra/_internal/hydra.py:119: UserWarning: Future Hydra versions will no longer change working directory at job runtime by default.
See https://hydra.cc/docs/1.2/upgrades/1.1_to_1.2/changes_to_job_working_dir/ for more information.
  ret = run_job(
data:
  nfolds: 10
  VALIDATION_SIZE_FOR_LOSS: 0.1
  dataset_name: sst1
  is_method: sublinear-ae-is
  dataset: ${data.dataset_name}_${data.is_method}
  texts_path: ${oc.env:DATASETS_DIR,/app/datasets}/${data.dataset_name}/texts.txt
  scores_path: ${oc.env:DATASETS_DIR,/app/datasets}/${data.dataset_name}/score.txt
  external_splits_path: ${oc.env:RESULTS_DIR,/app/results}/instance_selection/selection/${data.dataset_name}/split_10_${data.is_method}.pkl
model:
  type: slm
  model_name: roberta-base
  model_tag: roberta
  training_args:
    max_len: 256
    batch_size: 32
    lr: 5.0e-05
    num_max_epochs: 10
    patience: 3
    weight_decay_rate: 0.01
    min_val_epoch_impro_delta: 0.0001
    max_grad_norm: 1.0
    warmup_ratio: 0.06
  text_representation: raw
paths:
  output_dir: ${oc.env:RESULTS_DIR,/app/results}/classificacao/output/
  output_dir_full_path: ${paths.output_dir}/${model.model_tag}/${data.dataset}/
  DATA_DIR: resources/datasets/${data.dataset_name}/
  SPLITS_DIR: resources/datasets/${data.dataset_name}/splits/
config:
  random_seed: 42

/data/bernardolemos/results/jina-v5/classificacao/output//roberta/sst1_sublinear-ae-is/
{'data': {'nfolds': 10, 'VALIDATION_SIZE_FOR_LOSS': 0.1, 'dataset_name': 'sst1', 'is_method': 'sublinear-ae-is', 'dataset': '${data.dataset_name}_${data.is_method}', 'texts_path': '${oc.env:DATASETS_DIR,/app/datasets}/${data.dataset_name}/texts.txt', 'scores_path': '${oc.env:DATASETS_DIR,/app/datasets}/${data.dataset_name}/score.txt', 'external_splits_path': '${oc.env:RESULTS_DIR,/app/results}/instance_selection/selection/${data.dataset_name}/split_10_${data.is_method}.pkl'}, 'model': {'type': 'slm', 'model_name': 'roberta-base', 'model_tag': 'roberta', 'training_args': {'max_len': 256, 'batch_size': 32, 'lr': 5e-05, 'num_max_epochs': 10, 'patience': 3, 'weight_decay_rate': 0.01, 'min_val_epoch_impro_delta': 0.0001, 'max_grad_norm': 1.0, 'warmup_ratio': 0.06}, 'text_representation': 'raw'}, 'paths': {'output_dir': '${oc.env:RESULTS_DIR,/app/results}/classificacao/output/', 'output_dir_full_path': '${paths.output_dir}/${model.model_tag}/${data.dataset}/', 'DATA_DIR': 'resources/datasets/${data.dataset_name}/', 'SPLITS_DIR': 'resources/datasets/${data.dataset_name}/splits/'}, 'config': {'random_seed': 42}}
Random seed setted.
[unsupervised-is] fold=0 | train=8002 | test=1186
[init] logging dir: logs/roberta/sst1_sublinear-ae-is/
Max Class =4
Classes in y_train: 5
Classes in y_val: 5
[load] loading model 'roberta-base' (5 labels)...
[2026-07-17 09:56:06,097][httpx][INFO] - HTTP Request: HEAD https://huggingface.co/roberta-base/resolve/main/config.json "HTTP/1.1 200 OK"
[2026-07-17 09:56:06,132][httpx][INFO] - HTTP Request: HEAD https://huggingface.co/roberta-base/resolve/main/config.json "HTTP/1.1 200 OK"
Warning: You are sending unauthenticated requests to the HF Hub. Please set a HF_TOKEN to enable higher rate limits and faster downloads.
[2026-07-17 09:56:06,133][huggingface_hub.utils._http][WARNING] - Warning: You are sending unauthenticated requests to the HF Hub. Please set a HF_TOKEN to enable higher rate limits and faster downloads.
Loading weights:   0%|          | 0/197 [00:00<?, ?it/s]Loading weights: 100%|██████████| 197/197 [00:00<00:00, 2679.13it/s]
[transformers] [1mRobertaForSequenceClassification LOAD REPORT[0m from: roberta-base
Key                        | Status     | 
---------------------------+------------+-
lm_head.bias               | UNEXPECTED | 
lm_head.layer_norm.weight  | UNEXPECTED | 
lm_head.dense.bias         | UNEXPECTED | 
lm_head.dense.weight       | UNEXPECTED | 
lm_head.layer_norm.bias    | UNEXPECTED | 
classifier.dense.bias      | MISSING    | 
classifier.out_proj.bias   | MISSING    | 
classifier.out_proj.weight | MISSING    | 
classifier.dense.weight    | MISSING    | 

Notes:
- UNEXPECTED:	can be ignored when loading from different task/architecture; not ok if you expect identical arch.
- MISSING:	those params were newly initialized because missing from the checkpoint. Consider training on your downstream task.
[load] loading tokenizer (max_len=256)...
[2026-07-17 09:56:08,437][httpx][INFO] - HTTP Request: HEAD https://huggingface.co/roberta-base/resolve/main/config.json "HTTP/1.1 200 OK"
[2026-07-17 09:56:08,457][httpx][INFO] - HTTP Request: HEAD https://huggingface.co/roberta-base/resolve/main/tokenizer_config.json "HTTP/1.1 200 OK"
[2026-07-17 09:56:08,476][httpx][INFO] - HTTP Request: GET https://huggingface.co/api/models/roberta-base/tree/main/additional_chat_templates?recursive=false&expand=false "HTTP/1.1 307 Temporary Redirect"
[2026-07-17 09:56:08,494][httpx][INFO] - HTTP Request: GET https://huggingface.co/api/models/FacebookAI/roberta-base/tree/main/additional_chat_templates?recursive=false&expand=false "HTTP/1.1 404 Not Found"
[2026-07-17 09:56:08,525][httpx][INFO] - HTTP Request: GET https://huggingface.co/api/models/roberta-base/tree/main?recursive=true&expand=false "HTTP/1.1 307 Temporary Redirect"
[2026-07-17 09:56:08,545][httpx][INFO] - HTTP Request: GET https://huggingface.co/api/models/FacebookAI/roberta-base/tree/main?recursive=true&expand=false "HTTP/1.1 200 OK"
[load] model and tokenizer ready.
Loading training data
Training data loaded.

[fit] model=roberta-base | classes=5 | epochs=10 | patience=3
[fit] lr=5.0e-05 | warmup=135 steps (6% of 2260)
----------------------------------------------------------------------

[epoch 1/10]
  train loss : 1.3231E+00
  val loss   : 1.0493E+00  |  lr: 4.79e-05
  checkpoint : val loss improved → 1.0493E+00 (saved)

[epoch 2/10]
  train loss : 1.0244E+00
  val loss   : 1.0597E+00  |  lr: 4.25e-05
  patience   : 0/3

[epoch 3/10]
  train loss : 8.3617E-01
  val loss   : 1.0563E+00  |  lr: 3.72e-05
  patience   : 1/3

[epoch 4/10]
  train loss : 6.8246E-01
  val loss   : 1.3127E+00  |  lr: 3.19e-05
  patience   : 2/3

[epoch 5/10]
  train loss : 5.2464E-01
  val loss   : 1.3854E+00  |  lr: 2.66e-05
  patience   : 3/3

[fit] early stopping triggered at epoch 5.
[fit] training complete in 335.2s
0.5497470489038786 0.5204116632407207
Saving proba...
Proba Saved
[unsupervised-is] fold=1 | train=8001 | test=1186
[init] logging dir: logs/roberta/sst1_sublinear-ae-is/
Max Class =4
Classes in y_train: 5
Classes in y_val: 5
[load] loading model 'roberta-base' (5 labels)...
[2026-07-17 10:01:52,689][httpx][INFO] - HTTP Request: HEAD https://huggingface.co/roberta-base/resolve/main/config.json "HTTP/1.1 200 OK"
[2026-07-17 10:01:52,710][httpx][INFO] - HTTP Request: HEAD https://huggingface.co/roberta-base/resolve/main/config.json "HTTP/1.1 200 OK"
Loading weights:   0%|          | 0/197 [00:00<?, ?it/s]Loading weights: 100%|██████████| 197/197 [00:00<00:00, 2759.64it/s]
[transformers] [1mRobertaForSequenceClassification LOAD REPORT[0m from: roberta-base
Key                        | Status     | 
---------------------------+------------+-
lm_head.bias               | UNEXPECTED | 
lm_head.layer_norm.weight  | UNEXPECTED | 
lm_head.dense.bias         | UNEXPECTED | 
lm_head.dense.weight       | UNEXPECTED | 
lm_head.layer_norm.bias    | UNEXPECTED | 
classifier.dense.bias      | MISSING    | 
classifier.out_proj.bias   | MISSING    | 
classifier.out_proj.weight | MISSING    | 
classifier.dense.weight    | MISSING    | 

Notes:
- UNEXPECTED:	can be ignored when loading from different task/architecture; not ok if you expect identical arch.
- MISSING:	those params were newly initialized because missing from the checkpoint. Consider training on your downstream task.
[load] loading tokenizer (max_len=256)...
[2026-07-17 10:01:52,864][httpx][INFO] - HTTP Request: HEAD https://huggingface.co/roberta-base/resolve/main/config.json "HTTP/1.1 200 OK"
[2026-07-17 10:01:52,884][httpx][INFO] - HTTP Request: HEAD https://huggingface.co/roberta-base/resolve/main/tokenizer_config.json "HTTP/1.1 200 OK"
[2026-07-17 10:01:52,902][httpx][INFO] - HTTP Request: GET https://huggingface.co/api/models/roberta-base/tree/main/additional_chat_templates?recursive=false&expand=false "HTTP/1.1 307 Temporary Redirect"
[2026-07-17 10:01:52,921][httpx][INFO] - HTTP Request: GET https://huggingface.co/api/models/FacebookAI/roberta-base/tree/main/additional_chat_templates?recursive=false&expand=false "HTTP/1.1 404 Not Found"
[2026-07-17 10:01:52,938][httpx][INFO] - HTTP Request: GET https://huggingface.co/api/models/roberta-base/tree/main?recursive=true&expand=false "HTTP/1.1 307 Temporary Redirect"
[2026-07-17 10:01:52,955][httpx][INFO] - HTTP Request: GET https://huggingface.co/api/models/FacebookAI/roberta-base/tree/main?recursive=true&expand=false "HTTP/1.1 200 OK"
[load] model and tokenizer ready.
Loading training data
Training data loaded.

[fit] model=roberta-base | classes=5 | epochs=10 | patience=3
[fit] lr=5.0e-05 | warmup=135 steps (6% of 2250)
----------------------------------------------------------------------

[epoch 1/10]
  train loss : 1.3346E+00
  val loss   : 1.0976E+00  |  lr: 4.79e-05
  checkpoint : val loss improved → 1.0976E+00 (saved)

[epoch 2/10]
  train loss : 1.0278E+00
  val loss   : 1.1569E+00  |  lr: 4.26e-05
  patience   : 0/3

[epoch 3/10]
  train loss : 8.2767E-01
  val loss   : 1.1461E+00  |  lr: 3.72e-05
  patience   : 1/3

[epoch 4/10]
  train loss : 6.6585E-01
  val loss   : 1.3672E+00  |  lr: 3.19e-05
  patience   : 2/3

[epoch 5/10]
  train loss : 5.6117E-01
  val loss   : 1.3987E+00  |  lr: 2.66e-05
  patience   : 3/3

[fit] early stopping triggered at epoch 5.
[fit] training complete in 332.0s
0.5396290050590219 0.5113282238766017
Saving proba...
Proba Saved
[unsupervised-is] fold=2 | train=8002 | test=1186
[init] logging dir: logs/roberta/sst1_sublinear-ae-is/
Max Class =4
Classes in y_train: 5
Classes in y_val: 5
[load] loading model 'roberta-base' (5 labels)...
[2026-07-17 10:07:33,607][httpx][INFO] - HTTP Request: HEAD https://huggingface.co/roberta-base/resolve/main/config.json "HTTP/1.1 200 OK"
[2026-07-17 10:07:33,632][httpx][INFO] - HTTP Request: HEAD https://huggingface.co/roberta-base/resolve/main/config.json "HTTP/1.1 200 OK"
Loading weights:   0%|          | 0/197 [00:00<?, ?it/s]Loading weights: 100%|██████████| 197/197 [00:00<00:00, 2067.40it/s]
[transformers] [1mRobertaForSequenceClassification LOAD REPORT[0m from: roberta-base
Key                        | Status     | 
---------------------------+------------+-
lm_head.bias               | UNEXPECTED | 
lm_head.layer_norm.weight  | UNEXPECTED | 
lm_head.dense.bias         | UNEXPECTED | 
lm_head.dense.weight       | UNEXPECTED | 
lm_head.layer_norm.bias    | UNEXPECTED | 
classifier.dense.bias      | MISSING    | 
classifier.out_proj.bias   | MISSING    | 
classifier.out_proj.weight | MISSING    | 
classifier.dense.weight    | MISSING    | 

Notes:
- UNEXPECTED:	can be ignored when loading from different task/architecture; not ok if you expect identical arch.
- MISSING:	those params were newly initialized because missing from the checkpoint. Consider training on your downstream task.
[load] loading tokenizer (max_len=256)...
[2026-07-17 10:07:33,812][httpx][INFO] - HTTP Request: HEAD https://huggingface.co/roberta-base/resolve/main/config.json "HTTP/1.1 200 OK"
[2026-07-17 10:07:33,835][httpx][INFO] - HTTP Request: HEAD https://huggingface.co/roberta-base/resolve/main/tokenizer_config.json "HTTP/1.1 200 OK"
[2026-07-17 10:07:33,851][httpx][INFO] - HTTP Request: GET https://huggingface.co/api/models/roberta-base/tree/main/additional_chat_templates?recursive=false&expand=false "HTTP/1.1 307 Temporary Redirect"
[2026-07-17 10:07:33,869][httpx][INFO] - HTTP Request: GET https://huggingface.co/api/models/FacebookAI/roberta-base/tree/main/additional_chat_templates?recursive=false&expand=false "HTTP/1.1 404 Not Found"
[2026-07-17 10:07:33,887][httpx][INFO] - HTTP Request: GET https://huggingface.co/api/models/roberta-base/tree/main?recursive=true&expand=false "HTTP/1.1 307 Temporary Redirect"
[2026-07-17 10:07:33,905][httpx][INFO] - HTTP Request: GET https://huggingface.co/api/models/FacebookAI/roberta-base/tree/main?recursive=true&expand=false "HTTP/1.1 200 OK"
[load] model and tokenizer ready.
Loading training data
Training data loaded.

[fit] model=roberta-base | classes=5 | epochs=10 | patience=3
[fit] lr=5.0e-05 | warmup=135 steps (6% of 2260)
----------------------------------------------------------------------

[epoch 1/10]
  train loss : 1.3120E+00
  val loss   : 1.1357E+00  |  lr: 4.79e-05
  checkpoint : val loss improved → 1.1357E+00 (saved)

[epoch 2/10]
  train loss : 1.0307E+00
  val loss   : 1.1398E+00  |  lr: 4.25e-05
  patience   : 0/3

[epoch 3/10]
  train loss : 8.3812E-01
  val loss   : 1.1461E+00  |  lr: 3.72e-05
  patience   : 1/3

[epoch 4/10]
  train loss : 6.6875E-01
  val loss   : 1.3458E+00  |  lr: 3.19e-05
  patience   : 2/3

[epoch 5/10]
  train loss : 5.3821E-01
  val loss   : 1.5518E+00  |  lr: 2.66e-05
  patience   : 3/3

[fit] early stopping triggered at epoch 5.
[fit] training complete in 332.3s
0.5016863406408094 0.45564433437162133
Saving proba...
Proba Saved
[unsupervised-is] fold=3 | train=8002 | test=1186
[init] logging dir: logs/roberta/sst1_sublinear-ae-is/
Max Class =4
Classes in y_train: 5
Classes in y_val: 5
[load] loading model 'roberta-base' (5 labels)...
[2026-07-17 10:13:14,824][httpx][INFO] - HTTP Request: HEAD https://huggingface.co/roberta-base/resolve/main/config.json "HTTP/1.1 200 OK"
[2026-07-17 10:13:14,847][httpx][INFO] - HTTP Request: HEAD https://huggingface.co/roberta-base/resolve/main/config.json "HTTP/1.1 200 OK"
Loading weights:   0%|          | 0/197 [00:00<?, ?it/s]Loading weights: 100%|██████████| 197/197 [00:00<00:00, 2181.75it/s]
[transformers] [1mRobertaForSequenceClassification LOAD REPORT[0m from: roberta-base
Key                        | Status     | 
---------------------------+------------+-
lm_head.bias               | UNEXPECTED | 
lm_head.layer_norm.weight  | UNEXPECTED | 
lm_head.dense.bias         | UNEXPECTED | 
lm_head.dense.weight       | UNEXPECTED | 
lm_head.layer_norm.bias    | UNEXPECTED | 
classifier.dense.bias      | MISSING    | 
classifier.out_proj.bias   | MISSING    | 
classifier.out_proj.weight | MISSING    | 
classifier.dense.weight    | MISSING    | 

Notes:
- UNEXPECTED:	can be ignored when loading from different task/architecture; not ok if you expect identical arch.
- MISSING:	those params were newly initialized because missing from the checkpoint. Consider training on your downstream task.
[load] loading tokenizer (max_len=256)...
[2026-07-17 10:13:15,027][httpx][INFO] - HTTP Request: HEAD https://huggingface.co/roberta-base/resolve/main/config.json "HTTP/1.1 200 OK"
[2026-07-17 10:13:15,049][httpx][INFO] - HTTP Request: HEAD https://huggingface.co/roberta-base/resolve/main/tokenizer_config.json "HTTP/1.1 200 OK"
[2026-07-17 10:13:15,066][httpx][INFO] - HTTP Request: GET https://huggingface.co/api/models/roberta-base/tree/main/additional_chat_templates?recursive=false&expand=false "HTTP/1.1 307 Temporary Redirect"
[2026-07-17 10:13:15,086][httpx][INFO] - HTTP Request: GET https://huggingface.co/api/models/FacebookAI/roberta-base/tree/main/additional_chat_templates?recursive=false&expand=false "HTTP/1.1 404 Not Found"
[2026-07-17 10:13:15,102][httpx][INFO] - HTTP Request: GET https://huggingface.co/api/models/roberta-base/tree/main?recursive=true&expand=false "HTTP/1.1 307 Temporary Redirect"
[2026-07-17 10:13:15,120][httpx][INFO] - HTTP Request: GET https://huggingface.co/api/models/FacebookAI/roberta-base/tree/main?recursive=true&expand=false "HTTP/1.1 200 OK"
[load] model and tokenizer ready.
Loading training data
Training data loaded.

[fit] model=roberta-base | classes=5 | epochs=10 | patience=3
[fit] lr=5.0e-05 | warmup=135 steps (6% of 2260)
----------------------------------------------------------------------

[epoch 1/10]
  train loss : 1.3363E+00
  val loss   : 1.1176E+00  |  lr: 4.79e-05
  checkpoint : val loss improved → 1.1176E+00 (saved)

[epoch 2/10]
  train loss : 1.0396E+00
  val loss   : 1.1174E+00  |  lr: 4.25e-05
  checkpoint : val loss improved → 1.1174E+00 (saved)

[epoch 3/10]
  train loss : 8.1653E-01
  val loss   : 1.3498E+00  |  lr: 3.72e-05
  patience   : 0/3

[epoch 4/10]
  train loss : 6.8426E-01
  val loss   : 1.3483E+00  |  lr: 3.19e-05
  patience   : 1/3

[epoch 5/10]
  train loss : 5.3937E-01
  val loss   : 1.4435E+00  |  lr: 2.66e-05
  patience   : 2/3

[epoch 6/10]
  train loss : 4.0589E-01
  val loss   : 1.6921E+00  |  lr: 2.13e-05
  patience   : 3/3

[fit] early stopping triggered at epoch 6.
[fit] training complete in 398.7s
0.5219224283305227 0.5131742994412212
Saving proba...
Proba Saved
[unsupervised-is] fold=4 | train=8002 | test=1186
[init] logging dir: logs/roberta/sst1_sublinear-ae-is/
Max Class =4
Classes in y_train: 5
Classes in y_val: 5
[load] loading model 'roberta-base' (5 labels)...
[2026-07-17 10:20:02,375][httpx][INFO] - HTTP Request: HEAD https://huggingface.co/roberta-base/resolve/main/config.json "HTTP/1.1 200 OK"
[2026-07-17 10:20:02,395][httpx][INFO] - HTTP Request: HEAD https://huggingface.co/roberta-base/resolve/main/config.json "HTTP/1.1 200 OK"
Loading weights:   0%|          | 0/197 [00:00<?, ?it/s]Loading weights: 100%|██████████| 197/197 [00:00<00:00, 2149.21it/s]
[transformers] [1mRobertaForSequenceClassification LOAD REPORT[0m from: roberta-base
Key                        | Status     | 
---------------------------+------------+-
lm_head.bias               | UNEXPECTED | 
lm_head.layer_norm.weight  | UNEXPECTED | 
lm_head.dense.bias         | UNEXPECTED | 
lm_head.dense.weight       | UNEXPECTED | 
lm_head.layer_norm.bias    | UNEXPECTED | 
classifier.dense.bias      | MISSING    | 
classifier.out_proj.bias   | MISSING    | 
classifier.out_proj.weight | MISSING    | 
classifier.dense.weight    | MISSING    | 

Notes:
- UNEXPECTED:	can be ignored when loading from different task/architecture; not ok if you expect identical arch.
- MISSING:	those params were newly initialized because missing from the checkpoint. Consider training on your downstream task.
[load] loading tokenizer (max_len=256)...
[2026-07-17 10:20:02,567][httpx][INFO] - HTTP Request: HEAD https://huggingface.co/roberta-base/resolve/main/config.json "HTTP/1.1 200 OK"
[2026-07-17 10:20:02,589][httpx][INFO] - HTTP Request: HEAD https://huggingface.co/roberta-base/resolve/main/tokenizer_config.json "HTTP/1.1 200 OK"
[2026-07-17 10:20:02,607][httpx][INFO] - HTTP Request: GET https://huggingface.co/api/models/roberta-base/tree/main/additional_chat_templates?recursive=false&expand=false "HTTP/1.1 307 Temporary Redirect"
[2026-07-17 10:20:02,704][httpx][INFO] - HTTP Request: GET https://huggingface.co/api/models/FacebookAI/roberta-base/tree/main/additional_chat_templates?recursive=false&expand=false "HTTP/1.1 404 Not Found"
[2026-07-17 10:20:02,733][httpx][INFO] - HTTP Request: GET https://huggingface.co/api/models/roberta-base/tree/main?recursive=true&expand=false "HTTP/1.1 307 Temporary Redirect"
[2026-07-17 10:20:02,756][httpx][INFO] - HTTP Request: GET https://huggingface.co/api/models/FacebookAI/roberta-base/tree/main?recursive=true&expand=false "HTTP/1.1 200 OK"
[load] model and tokenizer ready.
Loading training data
Training data loaded.

[fit] model=roberta-base | classes=5 | epochs=10 | patience=3
[fit] lr=5.0e-05 | warmup=135 steps (6% of 2260)
----------------------------------------------------------------------

[epoch 1/10]
  train loss : 1.3168E+00
  val loss   : 1.1300E+00  |  lr: 4.79e-05
  checkpoint : val loss improved → 1.1300E+00 (saved)

[epoch 2/10]
  train loss : 1.0211E+00
  val loss   : 1.1739E+00  |  lr: 4.25e-05
  patience   : 0/3

[epoch 3/10]
  train loss : 8.2019E-01
  val loss   : 1.1824E+00  |  lr: 3.72e-05
  patience   : 1/3

[epoch 4/10]
  train loss : 6.5382E-01
  val loss   : 1.3032E+00  |  lr: 3.19e-05
  patience   : 2/3

[epoch 5/10]
  train loss : 5.2261E-01
  val loss   : 1.5471E+00  |  lr: 2.66e-05
  patience   : 3/3

[fit] early stopping triggered at epoch 5.
[fit] training complete in 332.4s
0.4839797639123103 0.4806192920404023
Saving proba...
Proba Saved
[unsupervised-is] fold=5 | train=8002 | test=1185
[init] logging dir: logs/roberta/sst1_sublinear-ae-is/
Max Class =4
Classes in y_train: 5
Classes in y_val: 5
[load] loading model 'roberta-base' (5 labels)...
[2026-07-17 10:25:43,682][httpx][INFO] - HTTP Request: HEAD https://huggingface.co/roberta-base/resolve/main/config.json "HTTP/1.1 200 OK"
[2026-07-17 10:25:43,703][httpx][INFO] - HTTP Request: HEAD https://huggingface.co/roberta-base/resolve/main/config.json "HTTP/1.1 200 OK"
Loading weights:   0%|          | 0/197 [00:00<?, ?it/s]Loading weights: 100%|██████████| 197/197 [00:00<00:00, 2302.36it/s]
[transformers] [1mRobertaForSequenceClassification LOAD REPORT[0m from: roberta-base
Key                        | Status     | 
---------------------------+------------+-
lm_head.bias               | UNEXPECTED | 
lm_head.layer_norm.weight  | UNEXPECTED | 
lm_head.dense.bias         | UNEXPECTED | 
lm_head.dense.weight       | UNEXPECTED | 
lm_head.layer_norm.bias    | UNEXPECTED | 
classifier.dense.bias      | MISSING    | 
classifier.out_proj.bias   | MISSING    | 
classifier.out_proj.weight | MISSING    | 
classifier.dense.weight    | MISSING    | 

Notes:
- UNEXPECTED:	can be ignored when loading from different task/architecture; not ok if you expect identical arch.
- MISSING:	those params were newly initialized because missing from the checkpoint. Consider training on your downstream task.
[load] loading tokenizer (max_len=256)...
[2026-07-17 10:25:43,874][httpx][INFO] - HTTP Request: HEAD https://huggingface.co/roberta-base/resolve/main/config.json "HTTP/1.1 200 OK"
[2026-07-17 10:25:43,895][httpx][INFO] - HTTP Request: HEAD https://huggingface.co/roberta-base/resolve/main/tokenizer_config.json "HTTP/1.1 200 OK"
[2026-07-17 10:25:43,914][httpx][INFO] - HTTP Request: GET https://huggingface.co/api/models/roberta-base/tree/main/additional_chat_templates?recursive=false&expand=false "HTTP/1.1 307 Temporary Redirect"
[2026-07-17 10:25:43,930][httpx][INFO] - HTTP Request: GET https://huggingface.co/api/models/FacebookAI/roberta-base/tree/main/additional_chat_templates?recursive=false&expand=false "HTTP/1.1 404 Not Found"
[2026-07-17 10:25:43,946][httpx][INFO] - HTTP Request: GET https://huggingface.co/api/models/roberta-base/tree/main?recursive=true&expand=false "HTTP/1.1 307 Temporary Redirect"
[2026-07-17 10:25:43,966][httpx][INFO] - HTTP Request: GET https://huggingface.co/api/models/FacebookAI/roberta-base/tree/main?recursive=true&expand=false "HTTP/1.1 200 OK"
[load] model and tokenizer ready.
Loading training data
Training data loaded.

[fit] model=roberta-base | classes=5 | epochs=10 | patience=3
[fit] lr=5.0e-05 | warmup=135 steps (6% of 2260)
----------------------------------------------------------------------

[epoch 1/10]
  train loss : 1.3292E+00
  val loss   : 1.1626E+00  |  lr: 4.79e-05
  checkpoint : val loss improved → 1.1626E+00 (saved)

[epoch 2/10]
  train loss : 1.0632E+00
  val loss   : 1.1085E+00  |  lr: 4.25e-05
  checkpoint : val loss improved → 1.1085E+00 (saved)

[epoch 3/10]
  train loss : 8.4648E-01
  val loss   : 1.2294E+00  |  lr: 3.72e-05
  patience   : 0/3

[epoch 4/10]
  train loss : 6.5661E-01
  val loss   : 1.3089E+00  |  lr: 3.19e-05
  patience   : 1/3

[epoch 5/10]
  train loss : 4.8773E-01
  val loss   : 1.5010E+00  |  lr: 2.66e-05
  patience   : 2/3

[epoch 6/10]
  train loss : 3.6265E-01
  val loss   : 1.7592E+00  |  lr: 2.13e-05
  patience   : 3/3

[fit] early stopping triggered at epoch 6.
[fit] training complete in 398.6s
0.49535864978902955 0.46308543501775334
Saving proba...
Proba Saved
[unsupervised-is] fold=6 | train=8004 | test=1185
[init] logging dir: logs/roberta/sst1_sublinear-ae-is/
Max Class =4
Classes in y_train: 5
Classes in y_val: 5
[load] loading model 'roberta-base' (5 labels)...
[2026-07-17 10:32:31,213][httpx][INFO] - HTTP Request: HEAD https://huggingface.co/roberta-base/resolve/main/config.json "HTTP/1.1 200 OK"
[2026-07-17 10:32:31,233][httpx][INFO] - HTTP Request: HEAD https://huggingface.co/roberta-base/resolve/main/config.json "HTTP/1.1 200 OK"
Loading weights:   0%|          | 0/197 [00:00<?, ?it/s]Loading weights: 100%|██████████| 197/197 [00:00<00:00, 2068.76it/s]
[transformers] [1mRobertaForSequenceClassification LOAD REPORT[0m from: roberta-base
Key                        | Status     | 
---------------------------+------------+-
lm_head.bias               | UNEXPECTED | 
lm_head.layer_norm.weight  | UNEXPECTED | 
lm_head.dense.bias         | UNEXPECTED | 
lm_head.dense.weight       | UNEXPECTED | 
lm_head.layer_norm.bias    | UNEXPECTED | 
classifier.dense.bias      | MISSING    | 
classifier.out_proj.bias   | MISSING    | 
classifier.out_proj.weight | MISSING    | 
classifier.dense.weight    | MISSING    | 

Notes:
- UNEXPECTED:	can be ignored when loading from different task/architecture; not ok if you expect identical arch.
- MISSING:	those params were newly initialized because missing from the checkpoint. Consider training on your downstream task.
[load] loading tokenizer (max_len=256)...
[2026-07-17 10:32:31,526][httpx][INFO] - HTTP Request: HEAD https://huggingface.co/roberta-base/resolve/main/config.json "HTTP/1.1 200 OK"
[2026-07-17 10:32:31,549][httpx][INFO] - HTTP Request: HEAD https://huggingface.co/roberta-base/resolve/main/tokenizer_config.json "HTTP/1.1 200 OK"
[2026-07-17 10:32:31,569][httpx][INFO] - HTTP Request: GET https://huggingface.co/api/models/roberta-base/tree/main/additional_chat_templates?recursive=false&expand=false "HTTP/1.1 307 Temporary Redirect"
[2026-07-17 10:32:31,587][httpx][INFO] - HTTP Request: GET https://huggingface.co/api/models/FacebookAI/roberta-base/tree/main/additional_chat_templates?recursive=false&expand=false "HTTP/1.1 404 Not Found"
[2026-07-17 10:32:31,603][httpx][INFO] - HTTP Request: GET https://huggingface.co/api/models/roberta-base/tree/main?recursive=true&expand=false "HTTP/1.1 307 Temporary Redirect"
[2026-07-17 10:32:31,624][httpx][INFO] - HTTP Request: GET https://huggingface.co/api/models/FacebookAI/roberta-base/tree/main?recursive=true&expand=false "HTTP/1.1 200 OK"
[load] model and tokenizer ready.
Loading training data
Training data loaded.

[fit] model=roberta-base | classes=5 | epochs=10 | patience=3
[fit] lr=5.0e-05 | warmup=135 steps (6% of 2260)
----------------------------------------------------------------------

[epoch 1/10]
  train loss : 1.3262E+00
  val loss   : 1.0852E+00  |  lr: 4.79e-05
  checkpoint : val loss improved → 1.0852E+00 (saved)

[epoch 2/10]
  train loss : 1.0301E+00
  val loss   : 1.0821E+00  |  lr: 4.25e-05
  checkpoint : val loss improved → 1.0821E+00 (saved)

[epoch 3/10]
  train loss : 8.0523E-01
  val loss   : 1.1472E+00  |  lr: 3.72e-05
  patience   : 0/3

[epoch 4/10]
  train loss : 6.3406E-01
  val loss   : 1.5449E+00  |  lr: 3.19e-05
  patience   : 1/3

[epoch 5/10]
  train loss : 4.7610E-01
  val loss   : 1.5620E+00  |  lr: 2.66e-05
  patience   : 2/3

[epoch 6/10]
  train loss : 3.7736E-01
  val loss   : 1.6131E+00  |  lr: 2.13e-05
  patience   : 3/3

[fit] early stopping triggered at epoch 6.
[fit] training complete in 398.8s
0.5004219409282701 0.4891668342943545
Saving proba...
Proba Saved
[unsupervised-is] fold=7 | train=8005 | test=1185
[init] logging dir: logs/roberta/sst1_sublinear-ae-is/
Max Class =4
Classes in y_train: 5
Classes in y_val: 5
[load] loading model 'roberta-base' (5 labels)...
[2026-07-17 10:39:19,871][httpx][INFO] - HTTP Request: HEAD https://huggingface.co/roberta-base/resolve/main/config.json "HTTP/1.1 200 OK"
[2026-07-17 10:39:19,892][httpx][INFO] - HTTP Request: HEAD https://huggingface.co/roberta-base/resolve/main/config.json "HTTP/1.1 200 OK"
Loading weights:   0%|          | 0/197 [00:00<?, ?it/s]Loading weights: 100%|██████████| 197/197 [00:00<00:00, 2023.91it/s]
[transformers] [1mRobertaForSequenceClassification LOAD REPORT[0m from: roberta-base
Key                        | Status     | 
---------------------------+------------+-
lm_head.bias               | UNEXPECTED | 
lm_head.layer_norm.weight  | UNEXPECTED | 
lm_head.dense.bias         | UNEXPECTED | 
lm_head.dense.weight       | UNEXPECTED | 
lm_head.layer_norm.bias    | UNEXPECTED | 
classifier.dense.bias      | MISSING    | 
classifier.out_proj.bias   | MISSING    | 
classifier.out_proj.weight | MISSING    | 
classifier.dense.weight    | MISSING    | 

Notes:
- UNEXPECTED:	can be ignored when loading from different task/architecture; not ok if you expect identical arch.
- MISSING:	those params were newly initialized because missing from the checkpoint. Consider training on your downstream task.
[load] loading tokenizer (max_len=256)...
[2026-07-17 10:39:20,072][httpx][INFO] - HTTP Request: HEAD https://huggingface.co/roberta-base/resolve/main/config.json "HTTP/1.1 200 OK"
[2026-07-17 10:39:20,095][httpx][INFO] - HTTP Request: HEAD https://huggingface.co/roberta-base/resolve/main/tokenizer_config.json "HTTP/1.1 200 OK"
[2026-07-17 10:39:20,120][httpx][INFO] - HTTP Request: GET https://huggingface.co/api/models/roberta-base/tree/main/additional_chat_templates?recursive=false&expand=false "HTTP/1.1 307 Temporary Redirect"
[2026-07-17 10:39:20,139][httpx][INFO] - HTTP Request: GET https://huggingface.co/api/models/FacebookAI/roberta-base/tree/main/additional_chat_templates?recursive=false&expand=false "HTTP/1.1 404 Not Found"
[2026-07-17 10:39:20,158][httpx][INFO] - HTTP Request: GET https://huggingface.co/api/models/roberta-base/tree/main?recursive=true&expand=false "HTTP/1.1 307 Temporary Redirect"
[2026-07-17 10:39:20,178][httpx][INFO] - HTTP Request: GET https://huggingface.co/api/models/FacebookAI/roberta-base/tree/main?recursive=true&expand=false "HTTP/1.1 200 OK"
[load] model and tokenizer ready.
Loading training data
Training data loaded.

[fit] model=roberta-base | classes=5 | epochs=10 | patience=3
[fit] lr=5.0e-05 | warmup=135 steps (6% of 2260)
----------------------------------------------------------------------

[epoch 1/10]
  train loss : 1.3157E+00
  val loss   : 1.1929E+00  |  lr: 4.79e-05
  checkpoint : val loss improved → 1.1929E+00 (saved)

[epoch 2/10]
  train loss : 1.0029E+00
  val loss   : 1.0831E+00  |  lr: 4.25e-05
  checkpoint : val loss improved → 1.0831E+00 (saved)

[epoch 3/10]
  train loss : 8.0408E-01
  val loss   : 1.3073E+00  |  lr: 3.72e-05
  patience   : 0/3

[epoch 4/10]
  train loss : 6.2789E-01
  val loss   : 1.4125E+00  |  lr: 3.19e-05
  patience   : 1/3

[epoch 5/10]
  train loss : 5.0484E-01
  val loss   : 1.4274E+00  |  lr: 2.66e-05
  patience   : 2/3

[epoch 6/10]
  train loss : 3.7789E-01
  val loss   : 1.6427E+00  |  lr: 2.13e-05
  patience   : 3/3

[fit] early stopping triggered at epoch 6.
[fit] training complete in 399.0s
0.5476793248945148 0.5383632166791186
Saving proba...
Proba Saved
[unsupervised-is] fold=8 | train=8003 | test=1185
[init] logging dir: logs/roberta/sst1_sublinear-ae-is/
Max Class =4
Classes in y_train: 5
Classes in y_val: 5
[load] loading model 'roberta-base' (5 labels)...
[2026-07-17 10:46:09,159][httpx][INFO] - HTTP Request: HEAD https://huggingface.co/roberta-base/resolve/main/config.json "HTTP/1.1 200 OK"
[2026-07-17 10:46:09,178][httpx][INFO] - HTTP Request: HEAD https://huggingface.co/roberta-base/resolve/main/config.json "HTTP/1.1 200 OK"
Loading weights:   0%|          | 0/197 [00:00<?, ?it/s]Loading weights: 100%|██████████| 197/197 [00:00<00:00, 2930.47it/s]
[transformers] [1mRobertaForSequenceClassification LOAD REPORT[0m from: roberta-base
Key                        | Status     | 
---------------------------+------------+-
lm_head.bias               | UNEXPECTED | 
lm_head.layer_norm.weight  | UNEXPECTED | 
lm_head.dense.bias         | UNEXPECTED | 
lm_head.dense.weight       | UNEXPECTED | 
lm_head.layer_norm.bias    | UNEXPECTED | 
classifier.dense.bias      | MISSING    | 
classifier.out_proj.bias   | MISSING    | 
classifier.out_proj.weight | MISSING    | 
classifier.dense.weight    | MISSING    | 

Notes:
- UNEXPECTED:	can be ignored when loading from different task/architecture; not ok if you expect identical arch.
- MISSING:	those params were newly initialized because missing from the checkpoint. Consider training on your downstream task.
[load] loading tokenizer (max_len=256)...
[2026-07-17 10:46:09,321][httpx][INFO] - HTTP Request: HEAD https://huggingface.co/roberta-base/resolve/main/config.json "HTTP/1.1 200 OK"
[2026-07-17 10:46:09,341][httpx][INFO] - HTTP Request: HEAD https://huggingface.co/roberta-base/resolve/main/tokenizer_config.json "HTTP/1.1 200 OK"
[2026-07-17 10:46:09,360][httpx][INFO] - HTTP Request: GET https://huggingface.co/api/models/roberta-base/tree/main/additional_chat_templates?recursive=false&expand=false "HTTP/1.1 307 Temporary Redirect"
[2026-07-17 10:46:09,377][httpx][INFO] - HTTP Request: GET https://huggingface.co/api/models/FacebookAI/roberta-base/tree/main/additional_chat_templates?recursive=false&expand=false "HTTP/1.1 404 Not Found"
[2026-07-17 10:46:09,391][httpx][INFO] - HTTP Request: GET https://huggingface.co/api/models/roberta-base/tree/main?recursive=true&expand=false "HTTP/1.1 307 Temporary Redirect"
[2026-07-17 10:46:09,413][httpx][INFO] - HTTP Request: GET https://huggingface.co/api/models/FacebookAI/roberta-base/tree/main?recursive=true&expand=false "HTTP/1.1 200 OK"
[load] model and tokenizer ready.
Loading training data
Training data loaded.

[fit] model=roberta-base | classes=5 | epochs=10 | patience=3
[fit] lr=5.0e-05 | warmup=135 steps (6% of 2260)
----------------------------------------------------------------------

[epoch 1/10]
  train loss : 1.3210E+00
  val loss   : 1.2175E+00  |  lr: 4.79e-05
  checkpoint : val loss improved → 1.2175E+00 (saved)

[epoch 2/10]
  train loss : 1.0407E+00
  val loss   : 1.2158E+00  |  lr: 4.25e-05
  checkpoint : val loss improved → 1.2158E+00 (saved)

[epoch 3/10]
  train loss : 8.2594E-01
  val loss   : 1.2210E+00  |  lr: 3.72e-05
  patience   : 0/3

[epoch 4/10]
  train loss : 6.5311E-01
  val loss   : 1.4675E+00  |  lr: 3.19e-05
  patience   : 1/3

[epoch 5/10]
  train loss : 5.1575E-01
  val loss   : 1.6987E+00  |  lr: 2.66e-05
  patience   : 2/3

[epoch 6/10]
  train loss : 3.8735E-01
  val loss   : 1.6509E+00  |  lr: 2.13e-05
  patience   : 3/3

[fit] early stopping triggered at epoch 6.
[fit] training complete in 399.7s
0.5282700421940928 0.5139038444347068
Saving proba...
Proba Saved
[unsupervised-is] fold=9 | train=8002 | test=1185
[init] logging dir: logs/roberta/sst1_sublinear-ae-is/
Max Class =4
Classes in y_train: 5
Classes in y_val: 5
[load] loading model 'roberta-base' (5 labels)...
[2026-07-17 10:52:58,613][httpx][INFO] - HTTP Request: HEAD https://huggingface.co/roberta-base/resolve/main/config.json "HTTP/1.1 200 OK"
[2026-07-17 10:52:58,631][httpx][INFO] - HTTP Request: HEAD https://huggingface.co/roberta-base/resolve/main/config.json "HTTP/1.1 200 OK"
Loading weights:   0%|          | 0/197 [00:00<?, ?it/s]Loading weights: 100%|██████████| 197/197 [00:00<00:00, 2047.03it/s]
[transformers] [1mRobertaForSequenceClassification LOAD REPORT[0m from: roberta-base
Key                        | Status     | 
---------------------------+------------+-
lm_head.bias               | UNEXPECTED | 
lm_head.layer_norm.weight  | UNEXPECTED | 
lm_head.dense.bias         | UNEXPECTED | 
lm_head.dense.weight       | UNEXPECTED | 
lm_head.layer_norm.bias    | UNEXPECTED | 
classifier.dense.bias      | MISSING    | 
classifier.out_proj.bias   | MISSING    | 
classifier.out_proj.weight | MISSING    | 
classifier.dense.weight    | MISSING    | 

Notes:
- UNEXPECTED:	can be ignored when loading from different task/architecture; not ok if you expect identical arch.
- MISSING:	those params were newly initialized because missing from the checkpoint. Consider training on your downstream task.
[load] loading tokenizer (max_len=256)...
[2026-07-17 10:52:58,806][httpx][INFO] - HTTP Request: HEAD https://huggingface.co/roberta-base/resolve/main/config.json "HTTP/1.1 200 OK"
[2026-07-17 10:52:58,828][httpx][INFO] - HTTP Request: HEAD https://huggingface.co/roberta-base/resolve/main/tokenizer_config.json "HTTP/1.1 200 OK"
[2026-07-17 10:52:58,847][httpx][INFO] - HTTP Request: GET https://huggingface.co/api/models/roberta-base/tree/main/additional_chat_templates?recursive=false&expand=false "HTTP/1.1 307 Temporary Redirect"
[2026-07-17 10:52:58,863][httpx][INFO] - HTTP Request: GET https://huggingface.co/api/models/FacebookAI/roberta-base/tree/main/additional_chat_templates?recursive=false&expand=false "HTTP/1.1 404 Not Found"
[2026-07-17 10:52:58,879][httpx][INFO] - HTTP Request: GET https://huggingface.co/api/models/roberta-base/tree/main?recursive=true&expand=false "HTTP/1.1 307 Temporary Redirect"
[2026-07-17 10:52:58,898][httpx][INFO] - HTTP Request: GET https://huggingface.co/api/models/FacebookAI/roberta-base/tree/main?recursive=true&expand=false "HTTP/1.1 200 OK"
[load] model and tokenizer ready.
Loading training data
Training data loaded.

[fit] model=roberta-base | classes=5 | epochs=10 | patience=3
[fit] lr=5.0e-05 | warmup=135 steps (6% of 2260)
----------------------------------------------------------------------

[epoch 1/10]
  train loss : 1.3283E+00
  val loss   : 1.0700E+00  |  lr: 4.79e-05
  checkpoint : val loss improved → 1.0700E+00 (saved)

[epoch 2/10]
  train loss : 1.0084E+00
  val loss   : 1.1029E+00  |  lr: 4.25e-05
  patience   : 0/3

[epoch 3/10]
  train loss : 8.1965E-01
  val loss   : 1.1424E+00  |  lr: 3.72e-05
  patience   : 1/3

[epoch 4/10]
  train loss : 6.5281E-01
  val loss   : 1.2530E+00  |  lr: 3.19e-05
  patience   : 2/3

[epoch 5/10]
  train loss : 4.8186E-01
  val loss   : 1.4512E+00  |  lr: 2.66e-05
  patience   : 3/3

[fit] early stopping triggered at epoch 5.
[fit] training complete in 333.2s
0.5383966244725739 0.5157460391854709
Saving proba...
Proba Saved
Done.
