/app/atcBench/main.py:45: UserWarning: 
The version_base parameter is not specified.
Please specify a compatability version level, or None.
Will assume defaults for version 1.1
  @hydra.main(config_path=CONFIG_PATH, config_name=CONFIG_NAME)
/app/venv/lib/python3.12/site-packages/hydra/_internal/hydra.py:119: UserWarning: Future Hydra versions will no longer change working directory at job runtime by default.
See https://hydra.cc/docs/1.2/upgrades/1.1_to_1.2/changes_to_job_working_dir/ for more information.
  ret = run_job(
data:
  nfolds: 10
  VALIDATION_SIZE_FOR_LOSS: 0.1
  dataset_name: reuters90
  is_method: biois
  dataset: ${data.dataset_name}_${data.is_method}
  texts_path: ${oc.env:DATASETS_DIR,/app/datasets}/${data.dataset_name}/texts.txt
  scores_path: ${oc.env:DATASETS_DIR,/app/datasets}/${data.dataset_name}/score.txt
  external_splits_path: ${oc.env:RESULTS_DIR,/app/results}/instance_selection/selection/${data.dataset_name}/split_10_${data.is_method}.pkl
model:
  type: slm
  model_name: answerdotai/ModernBERT-base
  model_tag: modernbert
  training_args:
    max_len: 256
    batch_size: 32
    lr: 5.0e-05
    num_max_epochs: 10
    patience: 3
    weight_decay_rate: 0.01
    min_val_epoch_impro_delta: 0.0001
    max_grad_norm: 1.0
    warmup_ratio: 0.06
  text_representation: raw
paths:
  output_dir: ${oc.env:RESULTS_DIR,/app/results}/classificacao/output/
  output_dir_full_path: ${paths.output_dir}/${model.model_tag}/${data.dataset}/
  DATA_DIR: resources/datasets/${data.dataset_name}/
  SPLITS_DIR: resources/datasets/${data.dataset_name}/splits/
config:
  random_seed: 42

/data/bernardolemos/results/jina-v5/classificacao/output//modernbert/reuters90_biois/
{'data': {'nfolds': 10, 'VALIDATION_SIZE_FOR_LOSS': 0.1, 'dataset_name': 'reuters90', 'is_method': 'biois', 'dataset': '${data.dataset_name}_${data.is_method}', 'texts_path': '${oc.env:DATASETS_DIR,/app/datasets}/${data.dataset_name}/texts.txt', 'scores_path': '${oc.env:DATASETS_DIR,/app/datasets}/${data.dataset_name}/score.txt', 'external_splits_path': '${oc.env:RESULTS_DIR,/app/results}/instance_selection/selection/${data.dataset_name}/split_10_${data.is_method}.pkl'}, 'model': {'type': 'slm', 'model_name': 'answerdotai/ModernBERT-base', 'model_tag': 'modernbert', 'training_args': {'max_len': 256, 'batch_size': 32, 'lr': 5e-05, 'num_max_epochs': 10, 'patience': 3, 'weight_decay_rate': 0.01, 'min_val_epoch_impro_delta': 0.0001, 'max_grad_norm': 1.0, 'warmup_ratio': 0.06}, 'text_representation': 'raw'}, 'paths': {'output_dir': '${oc.env:RESULTS_DIR,/app/results}/classificacao/output/', 'output_dir_full_path': '${paths.output_dir}/${model.model_tag}/${data.dataset}/', 'DATA_DIR': 'resources/datasets/${data.dataset_name}/', 'SPLITS_DIR': 'resources/datasets/${data.dataset_name}/splits/'}, 'config': {'random_seed': 42}}
Random seed setted.
[unsupervised-is] fold=0 | train=7283 | test=1350
[init] logging dir: logs/modernbert/reuters90_biois/
duplicando
Multiplicando classe 1 - 2 vezes
Multiplicando classe 2 - 2 vezes
Multiplicando classe 14 - 2 vezes
Multiplicando classe 40 - 2 vezes
Multiplicando classe 85 - 2 vezes
Max Class =89
Classes in y_train: 90
Classes in y_val: 66
[load] loading model 'answerdotai/ModernBERT-base' (90 labels)...
[2026-07-23 07:48:07,551][httpx][INFO] - HTTP Request: HEAD https://huggingface.co/answerdotai/ModernBERT-base/resolve/main/config.json "HTTP/1.1 307 Temporary Redirect"
[2026-07-23 07:48:07,556][httpx][INFO] - HTTP Request: HEAD https://huggingface.co/api/resolve-cache/models/answerdotai/ModernBERT-base/8949b909ec900327062f0ebf497f51aef5e6f0c8/config.json "HTTP/1.1 200 OK"
[2026-07-23 07:48:07,589][httpx][INFO] - HTTP Request: HEAD https://huggingface.co/answerdotai/ModernBERT-base/resolve/main/config.json "HTTP/1.1 307 Temporary Redirect"
[2026-07-23 07:48:07,594][httpx][INFO] - HTTP Request: HEAD https://huggingface.co/api/resolve-cache/models/answerdotai/ModernBERT-base/8949b909ec900327062f0ebf497f51aef5e6f0c8/config.json "HTTP/1.1 200 OK"
Loading weights:   0%|          | 0/136 [00:00<?, ?it/s]Loading weights: 100%|██████████| 136/136 [00:00<00:00, 1663.86it/s]
[transformers] [1mModernBertForSequenceClassification LOAD REPORT[0m from: answerdotai/ModernBERT-base
Key               | Status     | 
------------------+------------+-
decoder.bias      | UNEXPECTED | 
classifier.weight | MISSING    | 
classifier.bias   | MISSING    | 

Notes:
- UNEXPECTED:	can be ignored when loading from different task/architecture; not ok if you expect identical arch.
- MISSING:	those params were newly initialized because missing from the checkpoint. Consider training on your downstream task.
[load] loading tokenizer (max_len=256)...
[2026-07-23 07:48:08,312][httpx][INFO] - HTTP Request: HEAD https://huggingface.co/answerdotai/ModernBERT-base/resolve/main/config.json "HTTP/1.1 307 Temporary Redirect"
[2026-07-23 07:48:08,317][httpx][INFO] - HTTP Request: HEAD https://huggingface.co/api/resolve-cache/models/answerdotai/ModernBERT-base/8949b909ec900327062f0ebf497f51aef5e6f0c8/config.json "HTTP/1.1 200 OK"
[2026-07-23 07:48:08,334][httpx][INFO] - HTTP Request: HEAD https://huggingface.co/answerdotai/ModernBERT-base/resolve/main/tokenizer_config.json "HTTP/1.1 307 Temporary Redirect"
Warning: You are sending unauthenticated requests to the HF Hub. Please set a HF_TOKEN to enable higher rate limits and faster downloads.
[2026-07-23 07:48:08,335][huggingface_hub.utils._http][WARNING] - Warning: You are sending unauthenticated requests to the HF Hub. Please set a HF_TOKEN to enable higher rate limits and faster downloads.
[2026-07-23 07:48:08,340][httpx][INFO] - HTTP Request: HEAD https://huggingface.co/api/resolve-cache/models/answerdotai/ModernBERT-base/8949b909ec900327062f0ebf497f51aef5e6f0c8/tokenizer_config.json "HTTP/1.1 200 OK"
[2026-07-23 07:48:08,354][httpx][INFO] - HTTP Request: HEAD https://huggingface.co/answerdotai/ModernBERT-base/resolve/main/tokenizer_config.json "HTTP/1.1 307 Temporary Redirect"
[2026-07-23 07:48:08,359][httpx][INFO] - HTTP Request: HEAD https://huggingface.co/api/resolve-cache/models/answerdotai/ModernBERT-base/8949b909ec900327062f0ebf497f51aef5e6f0c8/tokenizer_config.json "HTTP/1.1 200 OK"
[2026-07-23 07:48:08,376][httpx][INFO] - HTTP Request: GET https://huggingface.co/api/models/answerdotai/ModernBERT-base/tree/main/additional_chat_templates?recursive=false&expand=false "HTTP/1.1 404 Not Found"
[2026-07-23 07:48:08,393][httpx][INFO] - HTTP Request: GET https://huggingface.co/api/models/answerdotai/ModernBERT-base/tree/main?recursive=true&expand=false "HTTP/1.1 200 OK"
[load] model and tokenizer ready.
Loading training data
Training data loaded.

[fit] model=answerdotai/ModernBERT-base | classes=90 | epochs=10 | patience=3
[fit] lr=5.0e-05 | warmup=123 steps (6% of 2060)
----------------------------------------------------------------------

[epoch 1/10]
  train loss : 1.9195E+00
  val loss   : 9.7830E-01  |  lr: 4.79e-05
  checkpoint : val loss improved → 9.7830E-01 (saved)

[epoch 2/10]
  train loss : 7.9987E-01
  val loss   : 8.1116E-01  |  lr: 4.25e-05
  checkpoint : val loss improved → 8.1116E-01 (saved)

[epoch 3/10]
  train loss : 5.7801E-01
  val loss   : 8.8599E-01  |  lr: 3.72e-05
  patience   : 0/3

[epoch 4/10]
  train loss : 4.7270E-01
  val loss   : 9.6264E-01  |  lr: 3.19e-05
  patience   : 1/3

[epoch 5/10]
  train loss : 3.8791E-01
  val loss   : 1.1170E+00  |  lr: 2.66e-05
  patience   : 2/3

[epoch 6/10]
  train loss : 3.2783E-01
  val loss   : 1.1061E+00  |  lr: 2.13e-05
  patience   : 3/3

[fit] early stopping triggered at epoch 6.
[fit] training complete in 495.7s
0.7155555555555555 0.3823261996165826
Saving proba...
Proba Saved
[unsupervised-is] fold=1 | train=7257 | test=1371
[init] logging dir: logs/modernbert/reuters90_biois/
duplicando
Multiplicando classe 1 - 2 vezes
Multiplicando classe 14 - 2 vezes
Multiplicando classe 29 - 2 vezes
Multiplicando classe 40 - 2 vezes
Multiplicando classe 49 - 2 vezes
Multiplicando classe 62 - 2 vezes
Multiplicando classe 85 - 2 vezes
Max Class =88
Adding 2 empty document to class 52
Adding 2 empty document to class 72
Adding 2 empty document to class 87
Classes in y_train: 89
Classes in y_val: 62
[load] loading model 'answerdotai/ModernBERT-base' (89 labels)...
[2026-07-23 07:56:34,899][httpx][INFO] - HTTP Request: HEAD https://huggingface.co/answerdotai/ModernBERT-base/resolve/main/config.json "HTTP/1.1 307 Temporary Redirect"
[2026-07-23 07:56:34,904][httpx][INFO] - HTTP Request: HEAD https://huggingface.co/api/resolve-cache/models/answerdotai/ModernBERT-base/8949b909ec900327062f0ebf497f51aef5e6f0c8/config.json "HTTP/1.1 200 OK"
[2026-07-23 07:56:34,922][httpx][INFO] - HTTP Request: HEAD https://huggingface.co/answerdotai/ModernBERT-base/resolve/main/config.json "HTTP/1.1 307 Temporary Redirect"
[2026-07-23 07:56:34,927][httpx][INFO] - HTTP Request: HEAD https://huggingface.co/api/resolve-cache/models/answerdotai/ModernBERT-base/8949b909ec900327062f0ebf497f51aef5e6f0c8/config.json "HTTP/1.1 200 OK"
Loading weights:   0%|          | 0/136 [00:00<?, ?it/s]Loading weights: 100%|██████████| 136/136 [00:00<00:00, 1990.67it/s]
[transformers] [1mModernBertForSequenceClassification LOAD REPORT[0m from: answerdotai/ModernBERT-base
Key               | Status     | 
------------------+------------+-
decoder.bias      | UNEXPECTED | 
classifier.weight | MISSING    | 
classifier.bias   | MISSING    | 

Notes:
- UNEXPECTED:	can be ignored when loading from different task/architecture; not ok if you expect identical arch.
- MISSING:	those params were newly initialized because missing from the checkpoint. Consider training on your downstream task.
[load] loading tokenizer (max_len=256)...
[2026-07-23 07:56:35,069][httpx][INFO] - HTTP Request: HEAD https://huggingface.co/answerdotai/ModernBERT-base/resolve/main/config.json "HTTP/1.1 307 Temporary Redirect"
[2026-07-23 07:56:35,074][httpx][INFO] - HTTP Request: HEAD https://huggingface.co/api/resolve-cache/models/answerdotai/ModernBERT-base/8949b909ec900327062f0ebf497f51aef5e6f0c8/config.json "HTTP/1.1 200 OK"
[2026-07-23 07:56:35,094][httpx][INFO] - HTTP Request: HEAD https://huggingface.co/answerdotai/ModernBERT-base/resolve/main/tokenizer_config.json "HTTP/1.1 307 Temporary Redirect"
[2026-07-23 07:56:35,099][httpx][INFO] - HTTP Request: HEAD https://huggingface.co/api/resolve-cache/models/answerdotai/ModernBERT-base/8949b909ec900327062f0ebf497f51aef5e6f0c8/tokenizer_config.json "HTTP/1.1 200 OK"
[2026-07-23 07:56:35,114][httpx][INFO] - HTTP Request: HEAD https://huggingface.co/answerdotai/ModernBERT-base/resolve/main/tokenizer_config.json "HTTP/1.1 307 Temporary Redirect"
[2026-07-23 07:56:35,120][httpx][INFO] - HTTP Request: HEAD https://huggingface.co/api/resolve-cache/models/answerdotai/ModernBERT-base/8949b909ec900327062f0ebf497f51aef5e6f0c8/tokenizer_config.json "HTTP/1.1 200 OK"
[2026-07-23 07:56:35,137][httpx][INFO] - HTTP Request: GET https://huggingface.co/api/models/answerdotai/ModernBERT-base/tree/main/additional_chat_templates?recursive=false&expand=false "HTTP/1.1 404 Not Found"
[2026-07-23 07:56:35,160][httpx][INFO] - HTTP Request: GET https://huggingface.co/api/models/answerdotai/ModernBERT-base/tree/main?recursive=true&expand=false "HTTP/1.1 200 OK"
[load] model and tokenizer ready.
Loading training data
Training data loaded.

[fit] model=answerdotai/ModernBERT-base | classes=89 | epochs=10 | patience=3
[fit] lr=5.0e-05 | warmup=123 steps (6% of 2050)
----------------------------------------------------------------------

[epoch 1/10]
  train loss : 1.9824E+00
  val loss   : 9.5941E-01  |  lr: 4.79e-05
  checkpoint : val loss improved → 9.5941E-01 (saved)

[epoch 2/10]
  train loss : 7.9034E-01
  val loss   : 8.1162E-01  |  lr: 4.26e-05
  checkpoint : val loss improved → 8.1162E-01 (saved)

[epoch 3/10]
  train loss : 5.7080E-01
  val loss   : 8.9115E-01  |  lr: 3.72e-05
  patience   : 0/3

[epoch 4/10]
  train loss : 4.6244E-01
  val loss   : 9.2845E-01  |  lr: 3.19e-05
  patience   : 1/3

[epoch 5/10]
  train loss : 3.9052E-01
  val loss   : 8.9877E-01  |  lr: 2.66e-05
  patience   : 2/3

[epoch 6/10]
  train loss : 3.2857E-01
  val loss   : 9.2175E-01  |  lr: 2.13e-05
  patience   : 3/3

[fit] early stopping triggered at epoch 6.
[fit] training complete in 493.4s
0.7286652078774617 0.33964259978814754
Saving proba...
Proba Saved
[unsupervised-is] fold=2 | train=7280 | test=1350
[init] logging dir: logs/modernbert/reuters90_biois/
duplicando
Multiplicando classe 1 - 2 vezes
Multiplicando classe 6 - 2 vezes
Multiplicando classe 49 - 2 vezes
Multiplicando classe 52 - 2 vezes
Max Class =89
Adding 2 empty document to class 32
Adding 2 empty document to class 40
Classes in y_train: 90
Classes in y_val: 68
[load] loading model 'answerdotai/ModernBERT-base' (90 labels)...
[2026-07-23 08:04:59,980][httpx][INFO] - HTTP Request: HEAD https://huggingface.co/answerdotai/ModernBERT-base/resolve/main/config.json "HTTP/1.1 307 Temporary Redirect"
[2026-07-23 08:04:59,984][httpx][INFO] - HTTP Request: HEAD https://huggingface.co/api/resolve-cache/models/answerdotai/ModernBERT-base/8949b909ec900327062f0ebf497f51aef5e6f0c8/config.json "HTTP/1.1 200 OK"
[2026-07-23 08:05:00,003][httpx][INFO] - HTTP Request: HEAD https://huggingface.co/answerdotai/ModernBERT-base/resolve/main/config.json "HTTP/1.1 307 Temporary Redirect"
[2026-07-23 08:05:00,007][httpx][INFO] - HTTP Request: HEAD https://huggingface.co/api/resolve-cache/models/answerdotai/ModernBERT-base/8949b909ec900327062f0ebf497f51aef5e6f0c8/config.json "HTTP/1.1 200 OK"
Loading weights:   0%|          | 0/136 [00:00<?, ?it/s]Loading weights: 100%|██████████| 136/136 [00:00<00:00, 1999.46it/s]
[transformers] [1mModernBertForSequenceClassification LOAD REPORT[0m from: answerdotai/ModernBERT-base
Key               | Status     | 
------------------+------------+-
decoder.bias      | UNEXPECTED | 
classifier.weight | MISSING    | 
classifier.bias   | MISSING    | 

Notes:
- UNEXPECTED:	can be ignored when loading from different task/architecture; not ok if you expect identical arch.
- MISSING:	those params were newly initialized because missing from the checkpoint. Consider training on your downstream task.
[load] loading tokenizer (max_len=256)...
[2026-07-23 08:05:00,144][httpx][INFO] - HTTP Request: HEAD https://huggingface.co/answerdotai/ModernBERT-base/resolve/main/config.json "HTTP/1.1 307 Temporary Redirect"
[2026-07-23 08:05:00,150][httpx][INFO] - HTTP Request: HEAD https://huggingface.co/api/resolve-cache/models/answerdotai/ModernBERT-base/8949b909ec900327062f0ebf497f51aef5e6f0c8/config.json "HTTP/1.1 200 OK"
[2026-07-23 08:05:00,168][httpx][INFO] - HTTP Request: HEAD https://huggingface.co/answerdotai/ModernBERT-base/resolve/main/tokenizer_config.json "HTTP/1.1 307 Temporary Redirect"
[2026-07-23 08:05:00,172][httpx][INFO] - HTTP Request: HEAD https://huggingface.co/api/resolve-cache/models/answerdotai/ModernBERT-base/8949b909ec900327062f0ebf497f51aef5e6f0c8/tokenizer_config.json "HTTP/1.1 200 OK"
[2026-07-23 08:05:00,260][httpx][INFO] - HTTP Request: HEAD https://huggingface.co/answerdotai/ModernBERT-base/resolve/main/tokenizer_config.json "HTTP/1.1 307 Temporary Redirect"
[2026-07-23 08:05:00,264][httpx][INFO] - HTTP Request: HEAD https://huggingface.co/api/resolve-cache/models/answerdotai/ModernBERT-base/8949b909ec900327062f0ebf497f51aef5e6f0c8/tokenizer_config.json "HTTP/1.1 200 OK"
[2026-07-23 08:05:00,282][httpx][INFO] - HTTP Request: GET https://huggingface.co/api/models/answerdotai/ModernBERT-base/tree/main/additional_chat_templates?recursive=false&expand=false "HTTP/1.1 404 Not Found"
[2026-07-23 08:05:00,303][httpx][INFO] - HTTP Request: GET https://huggingface.co/api/models/answerdotai/ModernBERT-base/tree/main?recursive=true&expand=false "HTTP/1.1 200 OK"
[load] model and tokenizer ready.
Loading training data
Training data loaded.

[fit] model=answerdotai/ModernBERT-base | classes=90 | epochs=10 | patience=3
[fit] lr=5.0e-05 | warmup=123 steps (6% of 2060)
----------------------------------------------------------------------

[epoch 1/10]
  train loss : 1.8691E+00
  val loss   : 9.0984E-01  |  lr: 4.79e-05
  checkpoint : val loss improved → 9.0984E-01 (saved)

[epoch 2/10]
  train loss : 7.9447E-01
  val loss   : 8.3376E-01  |  lr: 4.25e-05
  checkpoint : val loss improved → 8.3376E-01 (saved)

[epoch 3/10]
  train loss : 5.8994E-01
  val loss   : 8.9882E-01  |  lr: 3.72e-05
  patience   : 0/3

[epoch 4/10]
  train loss : 4.8097E-01
  val loss   : 1.0226E+00  |  lr: 3.19e-05
  patience   : 1/3

[epoch 5/10]
  train loss : 4.0872E-01
  val loss   : 9.0735E-01  |  lr: 2.66e-05
  patience   : 2/3

[epoch 6/10]
  train loss : 3.4165E-01
  val loss   : 9.6498E-01  |  lr: 2.13e-05
  patience   : 3/3

[fit] early stopping triggered at epoch 6.
[fit] training complete in 495.1s
0.717037037037037 0.3560264522240504
Saving proba...
Proba Saved
[unsupervised-is] fold=3 | train=7273 | test=1359
[init] logging dir: logs/modernbert/reuters90_biois/
duplicando
Multiplicando classe 1 - 2 vezes
Multiplicando classe 13 - 2 vezes
Multiplicando classe 14 - 2 vezes
Multiplicando classe 40 - 2 vezes
Multiplicando classe 41 - 2 vezes
Multiplicando classe 72 - 2 vezes
Multiplicando classe 85 - 2 vezes
Multiplicando classe 87 - 2 vezes
Max Class =88
Adding 2 empty document to class 29
Adding 2 empty document to class 32
Adding 2 empty document to class 49
Adding 2 empty document to class 62
Classes in y_train: 89
Classes in y_val: 66
[load] loading model 'answerdotai/ModernBERT-base' (89 labels)...
[2026-07-23 08:13:26,726][httpx][INFO] - HTTP Request: HEAD https://huggingface.co/answerdotai/ModernBERT-base/resolve/main/config.json "HTTP/1.1 307 Temporary Redirect"
[2026-07-23 08:13:26,731][httpx][INFO] - HTTP Request: HEAD https://huggingface.co/api/resolve-cache/models/answerdotai/ModernBERT-base/8949b909ec900327062f0ebf497f51aef5e6f0c8/config.json "HTTP/1.1 200 OK"
[2026-07-23 08:13:26,749][httpx][INFO] - HTTP Request: HEAD https://huggingface.co/answerdotai/ModernBERT-base/resolve/main/config.json "HTTP/1.1 307 Temporary Redirect"
[2026-07-23 08:13:26,754][httpx][INFO] - HTTP Request: HEAD https://huggingface.co/api/resolve-cache/models/answerdotai/ModernBERT-base/8949b909ec900327062f0ebf497f51aef5e6f0c8/config.json "HTTP/1.1 200 OK"
Loading weights:   0%|          | 0/136 [00:00<?, ?it/s]Loading weights: 100%|██████████| 136/136 [00:00<00:00, 1847.76it/s]
[transformers] [1mModernBertForSequenceClassification LOAD REPORT[0m from: answerdotai/ModernBERT-base
Key               | Status     | 
------------------+------------+-
decoder.bias      | UNEXPECTED | 
classifier.weight | MISSING    | 
classifier.bias   | MISSING    | 

Notes:
- UNEXPECTED:	can be ignored when loading from different task/architecture; not ok if you expect identical arch.
- MISSING:	those params were newly initialized because missing from the checkpoint. Consider training on your downstream task.
[load] loading tokenizer (max_len=256)...
[2026-07-23 08:13:26,902][httpx][INFO] - HTTP Request: HEAD https://huggingface.co/answerdotai/ModernBERT-base/resolve/main/config.json "HTTP/1.1 307 Temporary Redirect"
[2026-07-23 08:13:26,907][httpx][INFO] - HTTP Request: HEAD https://huggingface.co/api/resolve-cache/models/answerdotai/ModernBERT-base/8949b909ec900327062f0ebf497f51aef5e6f0c8/config.json "HTTP/1.1 200 OK"
[2026-07-23 08:13:26,925][httpx][INFO] - HTTP Request: HEAD https://huggingface.co/answerdotai/ModernBERT-base/resolve/main/tokenizer_config.json "HTTP/1.1 307 Temporary Redirect"
[2026-07-23 08:13:26,930][httpx][INFO] - HTTP Request: HEAD https://huggingface.co/api/resolve-cache/models/answerdotai/ModernBERT-base/8949b909ec900327062f0ebf497f51aef5e6f0c8/tokenizer_config.json "HTTP/1.1 200 OK"
[2026-07-23 08:13:26,949][httpx][INFO] - HTTP Request: HEAD https://huggingface.co/answerdotai/ModernBERT-base/resolve/main/tokenizer_config.json "HTTP/1.1 307 Temporary Redirect"
[2026-07-23 08:13:26,954][httpx][INFO] - HTTP Request: HEAD https://huggingface.co/api/resolve-cache/models/answerdotai/ModernBERT-base/8949b909ec900327062f0ebf497f51aef5e6f0c8/tokenizer_config.json "HTTP/1.1 200 OK"
[2026-07-23 08:13:26,970][httpx][INFO] - HTTP Request: GET https://huggingface.co/api/models/answerdotai/ModernBERT-base/tree/main/additional_chat_templates?recursive=false&expand=false "HTTP/1.1 404 Not Found"
[2026-07-23 08:13:26,990][httpx][INFO] - HTTP Request: GET https://huggingface.co/api/models/answerdotai/ModernBERT-base/tree/main?recursive=true&expand=false "HTTP/1.1 200 OK"
[load] model and tokenizer ready.
Loading training data
Training data loaded.

[fit] model=answerdotai/ModernBERT-base | classes=89 | epochs=10 | patience=3
[fit] lr=5.0e-05 | warmup=123 steps (6% of 2060)
----------------------------------------------------------------------

[epoch 1/10]
  train loss : 1.9098E+00
  val loss   : 9.7893E-01  |  lr: 4.79e-05
  checkpoint : val loss improved → 9.7893E-01 (saved)

[epoch 2/10]
  train loss : 8.0718E-01
  val loss   : 8.8613E-01  |  lr: 4.25e-05
  checkpoint : val loss improved → 8.8613E-01 (saved)

[epoch 3/10]
  train loss : 5.8514E-01
  val loss   : 8.6298E-01  |  lr: 3.72e-05
  checkpoint : val loss improved → 8.6298E-01 (saved)

[epoch 4/10]
  train loss : 4.6822E-01
  val loss   : 9.4616E-01  |  lr: 3.19e-05
  patience   : 0/3

[epoch 5/10]
  train loss : 3.9132E-01
  val loss   : 1.0153E+00  |  lr: 2.66e-05
  patience   : 1/3

[epoch 6/10]
  train loss : 3.4708E-01
  val loss   : 1.1116E+00  |  lr: 2.13e-05
  patience   : 2/3

[epoch 7/10]
  train loss : 2.9342E-01
  val loss   : 1.1075E+00  |  lr: 1.60e-05
  patience   : 3/3

[fit] early stopping triggered at epoch 7.
[fit] training complete in 577.1s
0.7284768211920529 0.3197139689191542
Saving proba...
Proba Saved
[unsupervised-is] fold=4 | train=7274 | test=1328
[init] logging dir: logs/modernbert/reuters90_biois/
duplicando
Multiplicando classe 1 - 2 vezes
Multiplicando classe 89 - 2 vezes
Multiplicando classe 14 - 2 vezes
Multiplicando classe 29 - 2 vezes
Multiplicando classe 40 - 2 vezes
Multiplicando classe 46 - 2 vezes
Multiplicando classe 49 - 2 vezes
Multiplicando classe 52 - 2 vezes
Multiplicando classe 72 - 2 vezes
Multiplicando classe 87 - 2 vezes
Max Class =89
Adding 2 empty document to class 85
Classes in y_train: 90
Classes in y_val: 69
[load] loading model 'answerdotai/ModernBERT-base' (90 labels)...
[2026-07-23 08:23:15,548][httpx][INFO] - HTTP Request: HEAD https://huggingface.co/answerdotai/ModernBERT-base/resolve/main/config.json "HTTP/1.1 307 Temporary Redirect"
[2026-07-23 08:23:15,553][httpx][INFO] - HTTP Request: HEAD https://huggingface.co/api/resolve-cache/models/answerdotai/ModernBERT-base/8949b909ec900327062f0ebf497f51aef5e6f0c8/config.json "HTTP/1.1 200 OK"
[2026-07-23 08:23:15,572][httpx][INFO] - HTTP Request: HEAD https://huggingface.co/answerdotai/ModernBERT-base/resolve/main/config.json "HTTP/1.1 307 Temporary Redirect"
[2026-07-23 08:23:15,577][httpx][INFO] - HTTP Request: HEAD https://huggingface.co/api/resolve-cache/models/answerdotai/ModernBERT-base/8949b909ec900327062f0ebf497f51aef5e6f0c8/config.json "HTTP/1.1 200 OK"
Loading weights:   0%|          | 0/136 [00:00<?, ?it/s]Loading weights: 100%|██████████| 136/136 [00:00<00:00, 1912.06it/s]
[transformers] [1mModernBertForSequenceClassification LOAD REPORT[0m from: answerdotai/ModernBERT-base
Key               | Status     | 
------------------+------------+-
decoder.bias      | UNEXPECTED | 
classifier.weight | MISSING    | 
classifier.bias   | MISSING    | 

Notes:
- UNEXPECTED:	can be ignored when loading from different task/architecture; not ok if you expect identical arch.
- MISSING:	those params were newly initialized because missing from the checkpoint. Consider training on your downstream task.
[load] loading tokenizer (max_len=256)...
[2026-07-23 08:23:15,769][httpx][INFO] - HTTP Request: HEAD https://huggingface.co/answerdotai/ModernBERT-base/resolve/main/config.json "HTTP/1.1 307 Temporary Redirect"
[2026-07-23 08:23:15,774][httpx][INFO] - HTTP Request: HEAD https://huggingface.co/api/resolve-cache/models/answerdotai/ModernBERT-base/8949b909ec900327062f0ebf497f51aef5e6f0c8/config.json "HTTP/1.1 200 OK"
[2026-07-23 08:23:15,795][httpx][INFO] - HTTP Request: HEAD https://huggingface.co/answerdotai/ModernBERT-base/resolve/main/tokenizer_config.json "HTTP/1.1 307 Temporary Redirect"
[2026-07-23 08:23:15,801][httpx][INFO] - HTTP Request: HEAD https://huggingface.co/api/resolve-cache/models/answerdotai/ModernBERT-base/8949b909ec900327062f0ebf497f51aef5e6f0c8/tokenizer_config.json "HTTP/1.1 200 OK"
[2026-07-23 08:23:15,816][httpx][INFO] - HTTP Request: HEAD https://huggingface.co/answerdotai/ModernBERT-base/resolve/main/tokenizer_config.json "HTTP/1.1 307 Temporary Redirect"
[2026-07-23 08:23:15,821][httpx][INFO] - HTTP Request: HEAD https://huggingface.co/api/resolve-cache/models/answerdotai/ModernBERT-base/8949b909ec900327062f0ebf497f51aef5e6f0c8/tokenizer_config.json "HTTP/1.1 200 OK"
[2026-07-23 08:23:15,848][httpx][INFO] - HTTP Request: GET https://huggingface.co/api/models/answerdotai/ModernBERT-base/tree/main/additional_chat_templates?recursive=false&expand=false "HTTP/1.1 404 Not Found"
[2026-07-23 08:23:15,869][httpx][INFO] - HTTP Request: GET https://huggingface.co/api/models/answerdotai/ModernBERT-base/tree/main?recursive=true&expand=false "HTTP/1.1 200 OK"
[load] model and tokenizer ready.
Loading training data
Training data loaded.

[fit] model=answerdotai/ModernBERT-base | classes=90 | epochs=10 | patience=3
[fit] lr=5.0e-05 | warmup=123 steps (6% of 2060)
----------------------------------------------------------------------

[epoch 1/10]
  train loss : 2.0282E+00
  val loss   : 1.0274E+00  |  lr: 4.79e-05
  checkpoint : val loss improved → 1.0274E+00 (saved)

[epoch 2/10]
  train loss : 8.0338E-01
  val loss   : 8.5932E-01  |  lr: 4.25e-05
  checkpoint : val loss improved → 8.5932E-01 (saved)

[epoch 3/10]
  train loss : 5.6795E-01
  val loss   : 8.4930E-01  |  lr: 3.72e-05
  checkpoint : val loss improved → 8.4930E-01 (saved)

[epoch 4/10]
  train loss : 4.3803E-01
  val loss   : 8.9473E-01  |  lr: 3.19e-05
  patience   : 0/3

[epoch 5/10]
  train loss : 3.5644E-01
  val loss   : 9.5988E-01  |  lr: 2.66e-05
  patience   : 1/3

[epoch 6/10]
  train loss : 3.1142E-01
  val loss   : 9.7410E-01  |  lr: 2.13e-05
  patience   : 2/3

[epoch 7/10]
  train loss : 2.6614E-01
  val loss   : 1.1082E+00  |  lr: 1.60e-05
  patience   : 3/3

[fit] early stopping triggered at epoch 7.
[fit] training complete in 579.2s
0.7221385542168675 0.40227642804505814
Saving proba...
Proba Saved
[unsupervised-is] fold=5 | train=7269 | test=1338
[init] logging dir: logs/modernbert/reuters90_biois/
duplicando
Multiplicando classe 89 - 2 vezes
Multiplicando classe 2 - 2 vezes
Multiplicando classe 46 - 2 vezes
Multiplicando classe 49 - 2 vezes
Multiplicando classe 62 - 2 vezes
Multiplicando classe 72 - 2 vezes
Multiplicando classe 85 - 2 vezes
Max Class =89
Classes in y_train: 90
Classes in y_val: 67
[load] loading model 'answerdotai/ModernBERT-base' (90 labels)...
[2026-07-23 08:33:08,136][httpx][INFO] - HTTP Request: HEAD https://huggingface.co/answerdotai/ModernBERT-base/resolve/main/config.json "HTTP/1.1 307 Temporary Redirect"
[2026-07-23 08:33:08,142][httpx][INFO] - HTTP Request: HEAD https://huggingface.co/api/resolve-cache/models/answerdotai/ModernBERT-base/8949b909ec900327062f0ebf497f51aef5e6f0c8/config.json "HTTP/1.1 200 OK"
[2026-07-23 08:33:08,161][httpx][INFO] - HTTP Request: HEAD https://huggingface.co/answerdotai/ModernBERT-base/resolve/main/config.json "HTTP/1.1 307 Temporary Redirect"
[2026-07-23 08:33:08,165][httpx][INFO] - HTTP Request: HEAD https://huggingface.co/api/resolve-cache/models/answerdotai/ModernBERT-base/8949b909ec900327062f0ebf497f51aef5e6f0c8/config.json "HTTP/1.1 200 OK"
Loading weights:   0%|          | 0/136 [00:00<?, ?it/s]Loading weights: 100%|██████████| 136/136 [00:00<00:00, 1658.62it/s]
[transformers] [1mModernBertForSequenceClassification LOAD REPORT[0m from: answerdotai/ModernBERT-base
Key               | Status     | 
------------------+------------+-
decoder.bias      | UNEXPECTED | 
classifier.weight | MISSING    | 
classifier.bias   | MISSING    | 

Notes:
- UNEXPECTED:	can be ignored when loading from different task/architecture; not ok if you expect identical arch.
- MISSING:	those params were newly initialized because missing from the checkpoint. Consider training on your downstream task.
[load] loading tokenizer (max_len=256)...
[2026-07-23 08:33:08,326][httpx][INFO] - HTTP Request: HEAD https://huggingface.co/answerdotai/ModernBERT-base/resolve/main/config.json "HTTP/1.1 307 Temporary Redirect"
[2026-07-23 08:33:08,330][httpx][INFO] - HTTP Request: HEAD https://huggingface.co/api/resolve-cache/models/answerdotai/ModernBERT-base/8949b909ec900327062f0ebf497f51aef5e6f0c8/config.json "HTTP/1.1 200 OK"
[2026-07-23 08:33:08,350][httpx][INFO] - HTTP Request: HEAD https://huggingface.co/answerdotai/ModernBERT-base/resolve/main/tokenizer_config.json "HTTP/1.1 307 Temporary Redirect"
[2026-07-23 08:33:08,355][httpx][INFO] - HTTP Request: HEAD https://huggingface.co/api/resolve-cache/models/answerdotai/ModernBERT-base/8949b909ec900327062f0ebf497f51aef5e6f0c8/tokenizer_config.json "HTTP/1.1 200 OK"
[2026-07-23 08:33:08,370][httpx][INFO] - HTTP Request: HEAD https://huggingface.co/answerdotai/ModernBERT-base/resolve/main/tokenizer_config.json "HTTP/1.1 307 Temporary Redirect"
[2026-07-23 08:33:08,375][httpx][INFO] - HTTP Request: HEAD https://huggingface.co/api/resolve-cache/models/answerdotai/ModernBERT-base/8949b909ec900327062f0ebf497f51aef5e6f0c8/tokenizer_config.json "HTTP/1.1 200 OK"
[2026-07-23 08:33:08,393][httpx][INFO] - HTTP Request: GET https://huggingface.co/api/models/answerdotai/ModernBERT-base/tree/main/additional_chat_templates?recursive=false&expand=false "HTTP/1.1 404 Not Found"
[2026-07-23 08:33:08,416][httpx][INFO] - HTTP Request: GET https://huggingface.co/api/models/answerdotai/ModernBERT-base/tree/main?recursive=true&expand=false "HTTP/1.1 200 OK"
[load] model and tokenizer ready.
Loading training data
Training data loaded.

[fit] model=answerdotai/ModernBERT-base | classes=90 | epochs=10 | patience=3
[fit] lr=5.0e-05 | warmup=123 steps (6% of 2050)
----------------------------------------------------------------------

[epoch 1/10]
  train loss : 1.8956E+00
  val loss   : 1.0019E+00  |  lr: 4.79e-05
  checkpoint : val loss improved → 1.0019E+00 (saved)

[epoch 2/10]
  train loss : 7.9263E-01
  val loss   : 8.7345E-01  |  lr: 4.26e-05
  checkpoint : val loss improved → 8.7345E-01 (saved)

[epoch 3/10]
  train loss : 5.8322E-01
  val loss   : 8.5775E-01  |  lr: 3.72e-05
  checkpoint : val loss improved → 8.5775E-01 (saved)

[epoch 4/10]
  train loss : 4.6127E-01
  val loss   : 9.3763E-01  |  lr: 3.19e-05
  patience   : 0/3

[epoch 5/10]
  train loss : 3.8163E-01
  val loss   : 1.0370E+00  |  lr: 2.66e-05
  patience   : 1/3

[epoch 6/10]
  train loss : 3.1898E-01
  val loss   : 1.2437E+00  |  lr: 2.13e-05
  patience   : 2/3

[epoch 7/10]
  train loss : 2.7348E-01
  val loss   : 1.2065E+00  |  lr: 1.60e-05
  patience   : 3/3

[fit] early stopping triggered at epoch 7.
[fit] training complete in 576.2s
0.7242152466367713 0.3757316189419593
Saving proba...
Proba Saved
[unsupervised-is] fold=6 | train=7292 | test=1310
[init] logging dir: logs/modernbert/reuters90_biois/
duplicando
Multiplicando classe 13 - 2 vezes
Multiplicando classe 32 - 2 vezes
Multiplicando classe 49 - 2 vezes
Multiplicando classe 52 - 2 vezes
Multiplicando classe 85 - 2 vezes
Max Class =88
Adding 2 empty document to class 2
Adding 2 empty document to class 72
Classes in y_train: 89
Classes in y_val: 68
[load] loading model 'answerdotai/ModernBERT-base' (89 labels)...
[2026-07-23 08:42:55,963][httpx][INFO] - HTTP Request: HEAD https://huggingface.co/answerdotai/ModernBERT-base/resolve/main/config.json "HTTP/1.1 307 Temporary Redirect"
[2026-07-23 08:42:55,968][httpx][INFO] - HTTP Request: HEAD https://huggingface.co/api/resolve-cache/models/answerdotai/ModernBERT-base/8949b909ec900327062f0ebf497f51aef5e6f0c8/config.json "HTTP/1.1 200 OK"
[2026-07-23 08:42:55,986][httpx][INFO] - HTTP Request: HEAD https://huggingface.co/answerdotai/ModernBERT-base/resolve/main/config.json "HTTP/1.1 307 Temporary Redirect"
[2026-07-23 08:42:55,991][httpx][INFO] - HTTP Request: HEAD https://huggingface.co/api/resolve-cache/models/answerdotai/ModernBERT-base/8949b909ec900327062f0ebf497f51aef5e6f0c8/config.json "HTTP/1.1 200 OK"
Loading weights:   0%|          | 0/136 [00:00<?, ?it/s]Loading weights: 100%|██████████| 136/136 [00:00<00:00, 1914.38it/s]
[transformers] [1mModernBertForSequenceClassification LOAD REPORT[0m from: answerdotai/ModernBERT-base
Key               | Status     | 
------------------+------------+-
decoder.bias      | UNEXPECTED | 
classifier.weight | MISSING    | 
classifier.bias   | MISSING    | 

Notes:
- UNEXPECTED:	can be ignored when loading from different task/architecture; not ok if you expect identical arch.
- MISSING:	those params were newly initialized because missing from the checkpoint. Consider training on your downstream task.
[load] loading tokenizer (max_len=256)...
[2026-07-23 08:42:56,144][httpx][INFO] - HTTP Request: HEAD https://huggingface.co/answerdotai/ModernBERT-base/resolve/main/config.json "HTTP/1.1 307 Temporary Redirect"
[2026-07-23 08:42:56,148][httpx][INFO] - HTTP Request: HEAD https://huggingface.co/api/resolve-cache/models/answerdotai/ModernBERT-base/8949b909ec900327062f0ebf497f51aef5e6f0c8/config.json "HTTP/1.1 200 OK"
[2026-07-23 08:42:56,168][httpx][INFO] - HTTP Request: HEAD https://huggingface.co/answerdotai/ModernBERT-base/resolve/main/tokenizer_config.json "HTTP/1.1 307 Temporary Redirect"
[2026-07-23 08:42:56,173][httpx][INFO] - HTTP Request: HEAD https://huggingface.co/api/resolve-cache/models/answerdotai/ModernBERT-base/8949b909ec900327062f0ebf497f51aef5e6f0c8/tokenizer_config.json "HTTP/1.1 200 OK"
[2026-07-23 08:42:56,189][httpx][INFO] - HTTP Request: HEAD https://huggingface.co/answerdotai/ModernBERT-base/resolve/main/tokenizer_config.json "HTTP/1.1 307 Temporary Redirect"
[2026-07-23 08:42:56,194][httpx][INFO] - HTTP Request: HEAD https://huggingface.co/api/resolve-cache/models/answerdotai/ModernBERT-base/8949b909ec900327062f0ebf497f51aef5e6f0c8/tokenizer_config.json "HTTP/1.1 200 OK"
[2026-07-23 08:42:56,213][httpx][INFO] - HTTP Request: GET https://huggingface.co/api/models/answerdotai/ModernBERT-base/tree/main/additional_chat_templates?recursive=false&expand=false "HTTP/1.1 404 Not Found"
[2026-07-23 08:42:56,233][httpx][INFO] - HTTP Request: GET https://huggingface.co/api/models/answerdotai/ModernBERT-base/tree/main?recursive=true&expand=false "HTTP/1.1 200 OK"
[load] model and tokenizer ready.
Loading training data
Training data loaded.

[fit] model=answerdotai/ModernBERT-base | classes=89 | epochs=10 | patience=3
[fit] lr=5.0e-05 | warmup=123 steps (6% of 2060)
----------------------------------------------------------------------

[epoch 1/10]
  train loss : 2.0078E+00
  val loss   : 9.6782E-01  |  lr: 4.79e-05
  checkpoint : val loss improved → 9.6782E-01 (saved)

[epoch 2/10]
  train loss : 8.2776E-01
  val loss   : 7.7056E-01  |  lr: 4.25e-05
  checkpoint : val loss improved → 7.7056E-01 (saved)

[epoch 3/10]
  train loss : 6.1673E-01
  val loss   : 7.8174E-01  |  lr: 3.72e-05
  patience   : 0/3

[epoch 4/10]
  train loss : 5.0998E-01
  val loss   : 8.5253E-01  |  lr: 3.19e-05
  patience   : 1/3

[epoch 5/10]
  train loss : 4.3156E-01
  val loss   : 9.2818E-01  |  lr: 2.66e-05
  patience   : 2/3

[epoch 6/10]
  train loss : 3.7808E-01
  val loss   : 1.0069E+00  |  lr: 2.13e-05
  patience   : 3/3

[fit] early stopping triggered at epoch 6.
[fit] training complete in 495.4s
0.7351145038167939 0.39857642415374217
Saving proba...
Proba Saved
[unsupervised-is] fold=7 | train=7271 | test=1315
[init] logging dir: logs/modernbert/reuters90_biois/
duplicando
Multiplicando classe 29 - 2 vezes
Multiplicando classe 40 - 2 vezes
Multiplicando classe 41 - 2 vezes
Multiplicando classe 46 - 2 vezes
Max Class =89
Adding 2 empty document to class 85
Classes in y_train: 90
Classes in y_val: 66
[load] loading model 'answerdotai/ModernBERT-base' (90 labels)...
[2026-07-23 08:51:22,799][httpx][INFO] - HTTP Request: HEAD https://huggingface.co/answerdotai/ModernBERT-base/resolve/main/config.json "HTTP/1.1 307 Temporary Redirect"
[2026-07-23 08:51:22,804][httpx][INFO] - HTTP Request: HEAD https://huggingface.co/api/resolve-cache/models/answerdotai/ModernBERT-base/8949b909ec900327062f0ebf497f51aef5e6f0c8/config.json "HTTP/1.1 200 OK"
[2026-07-23 08:51:22,822][httpx][INFO] - HTTP Request: HEAD https://huggingface.co/answerdotai/ModernBERT-base/resolve/main/config.json "HTTP/1.1 307 Temporary Redirect"
[2026-07-23 08:51:22,826][httpx][INFO] - HTTP Request: HEAD https://huggingface.co/api/resolve-cache/models/answerdotai/ModernBERT-base/8949b909ec900327062f0ebf497f51aef5e6f0c8/config.json "HTTP/1.1 200 OK"
Loading weights:   0%|          | 0/136 [00:00<?, ?it/s]Loading weights: 100%|██████████| 136/136 [00:00<00:00, 1697.26it/s]
[transformers] [1mModernBertForSequenceClassification LOAD REPORT[0m from: answerdotai/ModernBERT-base
Key               | Status     | 
------------------+------------+-
decoder.bias      | UNEXPECTED | 
classifier.weight | MISSING    | 
classifier.bias   | MISSING    | 

Notes:
- UNEXPECTED:	can be ignored when loading from different task/architecture; not ok if you expect identical arch.
- MISSING:	those params were newly initialized because missing from the checkpoint. Consider training on your downstream task.
[load] loading tokenizer (max_len=256)...
[2026-07-23 08:51:23,283][httpx][INFO] - HTTP Request: HEAD https://huggingface.co/answerdotai/ModernBERT-base/resolve/main/config.json "HTTP/1.1 307 Temporary Redirect"
[2026-07-23 08:51:23,288][httpx][INFO] - HTTP Request: HEAD https://huggingface.co/api/resolve-cache/models/answerdotai/ModernBERT-base/8949b909ec900327062f0ebf497f51aef5e6f0c8/config.json "HTTP/1.1 200 OK"
[2026-07-23 08:51:23,307][httpx][INFO] - HTTP Request: HEAD https://huggingface.co/answerdotai/ModernBERT-base/resolve/main/tokenizer_config.json "HTTP/1.1 307 Temporary Redirect"
[2026-07-23 08:51:23,313][httpx][INFO] - HTTP Request: HEAD https://huggingface.co/api/resolve-cache/models/answerdotai/ModernBERT-base/8949b909ec900327062f0ebf497f51aef5e6f0c8/tokenizer_config.json "HTTP/1.1 200 OK"
[2026-07-23 08:51:23,329][httpx][INFO] - HTTP Request: HEAD https://huggingface.co/answerdotai/ModernBERT-base/resolve/main/tokenizer_config.json "HTTP/1.1 307 Temporary Redirect"
[2026-07-23 08:51:23,334][httpx][INFO] - HTTP Request: HEAD https://huggingface.co/api/resolve-cache/models/answerdotai/ModernBERT-base/8949b909ec900327062f0ebf497f51aef5e6f0c8/tokenizer_config.json "HTTP/1.1 200 OK"
[2026-07-23 08:51:23,354][httpx][INFO] - HTTP Request: GET https://huggingface.co/api/models/answerdotai/ModernBERT-base/tree/main/additional_chat_templates?recursive=false&expand=false "HTTP/1.1 404 Not Found"
[2026-07-23 08:51:23,371][httpx][INFO] - HTTP Request: GET https://huggingface.co/api/models/answerdotai/ModernBERT-base/tree/main?recursive=true&expand=false "HTTP/1.1 200 OK"
[load] model and tokenizer ready.
Loading training data
Training data loaded.

[fit] model=answerdotai/ModernBERT-base | classes=90 | epochs=10 | patience=3
[fit] lr=5.0e-05 | warmup=123 steps (6% of 2050)
----------------------------------------------------------------------

[epoch 1/10]
  train loss : 2.0059E+00
  val loss   : 1.0195E+00  |  lr: 4.79e-05
  checkpoint : val loss improved → 1.0195E+00 (saved)

[epoch 2/10]
  train loss : 8.4355E-01
  val loss   : 8.2001E-01  |  lr: 4.26e-05
  checkpoint : val loss improved → 8.2001E-01 (saved)

[epoch 3/10]
  train loss : 6.1548E-01
  val loss   : 9.0263E-01  |  lr: 3.72e-05
  patience   : 0/3

[epoch 4/10]
  train loss : 5.1854E-01
  val loss   : 9.6423E-01  |  lr: 3.19e-05
  patience   : 1/3

[epoch 5/10]
  train loss : 4.3909E-01
  val loss   : 1.1042E+00  |  lr: 2.66e-05
  patience   : 2/3

[epoch 6/10]
  train loss : 3.7815E-01
  val loss   : 1.1256E+00  |  lr: 2.13e-05
  patience   : 3/3

[fit] early stopping triggered at epoch 6.
[fit] training complete in 494.2s
0.7596958174904943 0.39116296855519367
Saving proba...
Proba Saved
[unsupervised-is] fold=8 | train=7300 | test=1313
[init] logging dir: logs/modernbert/reuters90_biois/
duplicando
Multiplicando classe 1 - 2 vezes
Multiplicando classe 29 - 2 vezes
Multiplicando classe 32 - 2 vezes
Multiplicando classe 46 - 2 vezes
Multiplicando classe 52 - 2 vezes
Multiplicando classe 85 - 2 vezes
Max Class =89
Classes in y_train: 90
Classes in y_val: 66
[load] loading model 'answerdotai/ModernBERT-base' (90 labels)...
[2026-07-23 08:59:50,093][httpx][INFO] - HTTP Request: HEAD https://huggingface.co/answerdotai/ModernBERT-base/resolve/main/config.json "HTTP/1.1 307 Temporary Redirect"
[2026-07-23 08:59:50,097][httpx][INFO] - HTTP Request: HEAD https://huggingface.co/api/resolve-cache/models/answerdotai/ModernBERT-base/8949b909ec900327062f0ebf497f51aef5e6f0c8/config.json "HTTP/1.1 200 OK"
[2026-07-23 08:59:50,114][httpx][INFO] - HTTP Request: HEAD https://huggingface.co/answerdotai/ModernBERT-base/resolve/main/config.json "HTTP/1.1 307 Temporary Redirect"
[2026-07-23 08:59:50,119][httpx][INFO] - HTTP Request: HEAD https://huggingface.co/api/resolve-cache/models/answerdotai/ModernBERT-base/8949b909ec900327062f0ebf497f51aef5e6f0c8/config.json "HTTP/1.1 200 OK"
Loading weights:   0%|          | 0/136 [00:00<?, ?it/s]Loading weights: 100%|██████████| 136/136 [00:00<00:00, 1947.50it/s]
[transformers] [1mModernBertForSequenceClassification LOAD REPORT[0m from: answerdotai/ModernBERT-base
Key               | Status     | 
------------------+------------+-
decoder.bias      | UNEXPECTED | 
classifier.weight | MISSING    | 
classifier.bias   | MISSING    | 

Notes:
- UNEXPECTED:	can be ignored when loading from different task/architecture; not ok if you expect identical arch.
- MISSING:	those params were newly initialized because missing from the checkpoint. Consider training on your downstream task.
[load] loading tokenizer (max_len=256)...
[2026-07-23 08:59:50,263][httpx][INFO] - HTTP Request: HEAD https://huggingface.co/answerdotai/ModernBERT-base/resolve/main/config.json "HTTP/1.1 307 Temporary Redirect"
[2026-07-23 08:59:50,268][httpx][INFO] - HTTP Request: HEAD https://huggingface.co/api/resolve-cache/models/answerdotai/ModernBERT-base/8949b909ec900327062f0ebf497f51aef5e6f0c8/config.json "HTTP/1.1 200 OK"
[2026-07-23 08:59:50,288][httpx][INFO] - HTTP Request: HEAD https://huggingface.co/answerdotai/ModernBERT-base/resolve/main/tokenizer_config.json "HTTP/1.1 307 Temporary Redirect"
[2026-07-23 08:59:50,293][httpx][INFO] - HTTP Request: HEAD https://huggingface.co/api/resolve-cache/models/answerdotai/ModernBERT-base/8949b909ec900327062f0ebf497f51aef5e6f0c8/tokenizer_config.json "HTTP/1.1 200 OK"
[2026-07-23 08:59:50,308][httpx][INFO] - HTTP Request: HEAD https://huggingface.co/answerdotai/ModernBERT-base/resolve/main/tokenizer_config.json "HTTP/1.1 307 Temporary Redirect"
[2026-07-23 08:59:50,313][httpx][INFO] - HTTP Request: HEAD https://huggingface.co/api/resolve-cache/models/answerdotai/ModernBERT-base/8949b909ec900327062f0ebf497f51aef5e6f0c8/tokenizer_config.json "HTTP/1.1 200 OK"
[2026-07-23 08:59:50,331][httpx][INFO] - HTTP Request: GET https://huggingface.co/api/models/answerdotai/ModernBERT-base/tree/main/additional_chat_templates?recursive=false&expand=false "HTTP/1.1 404 Not Found"
[2026-07-23 08:59:50,351][httpx][INFO] - HTTP Request: GET https://huggingface.co/api/models/answerdotai/ModernBERT-base/tree/main?recursive=true&expand=false "HTTP/1.1 200 OK"
[load] model and tokenizer ready.
Loading training data
Training data loaded.

[fit] model=answerdotai/ModernBERT-base | classes=90 | epochs=10 | patience=3
[fit] lr=5.0e-05 | warmup=123 steps (6% of 2060)
----------------------------------------------------------------------

[epoch 1/10]
  train loss : 1.9997E+00
  val loss   : 8.5540E-01  |  lr: 4.79e-05
  checkpoint : val loss improved → 8.5540E-01 (saved)

[epoch 2/10]
  train loss : 8.2356E-01
  val loss   : 7.7120E-01  |  lr: 4.25e-05
  checkpoint : val loss improved → 7.7120E-01 (saved)

[epoch 3/10]
  train loss : 5.8313E-01
  val loss   : 7.6264E-01  |  lr: 3.72e-05
  checkpoint : val loss improved → 7.6264E-01 (saved)

[epoch 4/10]
  train loss : 4.6749E-01
  val loss   : 8.9886E-01  |  lr: 3.19e-05
  patience   : 0/3

[epoch 5/10]
  train loss : 3.8759E-01
  val loss   : 1.0426E+00  |  lr: 2.66e-05
  patience   : 1/3

[epoch 6/10]
  train loss : 3.3106E-01
  val loss   : 1.1782E+00  |  lr: 2.13e-05
  patience   : 2/3

[epoch 7/10]
  train loss : 2.9994E-01
  val loss   : 1.0786E+00  |  lr: 1.60e-05
  patience   : 3/3

[fit] early stopping triggered at epoch 7.
[fit] training complete in 578.6s
0.7288651942117289 0.3861956939128143
Saving proba...
Proba Saved
[unsupervised-is] fold=9 | train=7298 | test=1293
[init] logging dir: logs/modernbert/reuters90_biois/
duplicando
Multiplicando classe 40 - 2 vezes
Multiplicando classe 52 - 2 vezes
Max Class =89
Adding 2 empty document to class 49
Adding 2 empty document to class 85
Classes in y_train: 90
Classes in y_val: 64
[load] loading model 'answerdotai/ModernBERT-base' (90 labels)...
[2026-07-23 09:09:40,165][httpx][INFO] - HTTP Request: HEAD https://huggingface.co/answerdotai/ModernBERT-base/resolve/main/config.json "HTTP/1.1 307 Temporary Redirect"
[2026-07-23 09:09:40,169][httpx][INFO] - HTTP Request: HEAD https://huggingface.co/api/resolve-cache/models/answerdotai/ModernBERT-base/8949b909ec900327062f0ebf497f51aef5e6f0c8/config.json "HTTP/1.1 200 OK"
[2026-07-23 09:09:40,193][httpx][INFO] - HTTP Request: HEAD https://huggingface.co/answerdotai/ModernBERT-base/resolve/main/config.json "HTTP/1.1 307 Temporary Redirect"
[2026-07-23 09:09:40,199][httpx][INFO] - HTTP Request: HEAD https://huggingface.co/api/resolve-cache/models/answerdotai/ModernBERT-base/8949b909ec900327062f0ebf497f51aef5e6f0c8/config.json "HTTP/1.1 200 OK"
Loading weights:   0%|          | 0/136 [00:00<?, ?it/s]Loading weights: 100%|██████████| 136/136 [00:00<00:00, 1666.01it/s]
[transformers] [1mModernBertForSequenceClassification LOAD REPORT[0m from: answerdotai/ModernBERT-base
Key               | Status     | 
------------------+------------+-
decoder.bias      | UNEXPECTED | 
classifier.weight | MISSING    | 
classifier.bias   | MISSING    | 

Notes:
- UNEXPECTED:	can be ignored when loading from different task/architecture; not ok if you expect identical arch.
- MISSING:	those params were newly initialized because missing from the checkpoint. Consider training on your downstream task.
[load] loading tokenizer (max_len=256)...
[2026-07-23 09:09:40,357][httpx][INFO] - HTTP Request: HEAD https://huggingface.co/answerdotai/ModernBERT-base/resolve/main/config.json "HTTP/1.1 307 Temporary Redirect"
[2026-07-23 09:09:40,362][httpx][INFO] - HTTP Request: HEAD https://huggingface.co/api/resolve-cache/models/answerdotai/ModernBERT-base/8949b909ec900327062f0ebf497f51aef5e6f0c8/config.json "HTTP/1.1 200 OK"
[2026-07-23 09:09:40,382][httpx][INFO] - HTTP Request: HEAD https://huggingface.co/answerdotai/ModernBERT-base/resolve/main/tokenizer_config.json "HTTP/1.1 307 Temporary Redirect"
[2026-07-23 09:09:40,387][httpx][INFO] - HTTP Request: HEAD https://huggingface.co/api/resolve-cache/models/answerdotai/ModernBERT-base/8949b909ec900327062f0ebf497f51aef5e6f0c8/tokenizer_config.json "HTTP/1.1 200 OK"
[2026-07-23 09:09:40,403][httpx][INFO] - HTTP Request: HEAD https://huggingface.co/answerdotai/ModernBERT-base/resolve/main/tokenizer_config.json "HTTP/1.1 307 Temporary Redirect"
[2026-07-23 09:09:40,408][httpx][INFO] - HTTP Request: HEAD https://huggingface.co/api/resolve-cache/models/answerdotai/ModernBERT-base/8949b909ec900327062f0ebf497f51aef5e6f0c8/tokenizer_config.json "HTTP/1.1 200 OK"
[2026-07-23 09:09:40,427][httpx][INFO] - HTTP Request: GET https://huggingface.co/api/models/answerdotai/ModernBERT-base/tree/main/additional_chat_templates?recursive=false&expand=false "HTTP/1.1 404 Not Found"
[2026-07-23 09:09:40,448][httpx][INFO] - HTTP Request: GET https://huggingface.co/api/models/answerdotai/ModernBERT-base/tree/main?recursive=true&expand=false "HTTP/1.1 200 OK"
[load] model and tokenizer ready.
Loading training data
Training data loaded.

[fit] model=answerdotai/ModernBERT-base | classes=90 | epochs=10 | patience=3
[fit] lr=5.0e-05 | warmup=123 steps (6% of 2060)
----------------------------------------------------------------------

[epoch 1/10]
  train loss : 1.9220E+00
  val loss   : 9.5048E-01  |  lr: 4.79e-05
  checkpoint : val loss improved → 9.5048E-01 (saved)

[epoch 2/10]
  train loss : 8.0624E-01
  val loss   : 9.3828E-01  |  lr: 4.25e-05
  checkpoint : val loss improved → 9.3828E-01 (saved)

[epoch 3/10]
  train loss : 6.0436E-01
  val loss   : 9.6756E-01  |  lr: 3.72e-05
  patience   : 0/3

[epoch 4/10]
  train loss : 4.7998E-01
  val loss   : 1.0565E+00  |  lr: 3.19e-05
  patience   : 1/3

[epoch 5/10]
  train loss : 3.8821E-01
  val loss   : 1.1308E+00  |  lr: 2.66e-05
  patience   : 2/3

[epoch 6/10]
  train loss : 3.4672E-01
  val loss   : 1.2167E+00  |  lr: 2.13e-05
  patience   : 3/3

[fit] early stopping triggered at epoch 6.
[fit] training complete in 497.7s
0.7169373549883991 0.3785321385274583
Saving proba...
Proba Saved
Done.
