/app/atcBench/main.py:45: UserWarning: 
The version_base parameter is not specified.
Please specify a compatability version level, or None.
Will assume defaults for version 1.1
  @hydra.main(config_path=CONFIG_PATH, config_name=CONFIG_NAME)
/app/venv/lib/python3.12/site-packages/hydra/_internal/hydra.py:119: UserWarning: Future Hydra versions will no longer change working directory at job runtime by default.
See https://hydra.cc/docs/1.2/upgrades/1.1_to_1.2/changes_to_job_working_dir/ for more information.
  ret = run_job(
data:
  nfolds: 10
  VALIDATION_SIZE_FOR_LOSS: 0.1
  dataset_name: sst1
  is_method: autoencoder-is
  dataset: ${data.dataset_name}_${data.is_method}
  texts_path: ${oc.env:DATASETS_DIR,/app/datasets}/${data.dataset_name}/texts.txt
  scores_path: ${oc.env:DATASETS_DIR,/app/datasets}/${data.dataset_name}/score.txt
  external_splits_path: ${oc.env:RESULTS_DIR,/app/results}/instance_selection/selection/${data.dataset_name}/split_10_${data.is_method}.pkl
model:
  type: slm
  model_name: answerdotai/ModernBERT-base
  model_tag: modernbert
  training_args:
    max_len: 256
    batch_size: 32
    lr: 5.0e-05
    num_max_epochs: 10
    patience: 3
    weight_decay_rate: 0.01
    min_val_epoch_impro_delta: 0.0001
    max_grad_norm: 1.0
    warmup_ratio: 0.06
  text_representation: raw
paths:
  output_dir: ${oc.env:RESULTS_DIR,/app/results}/classificacao/output/
  output_dir_full_path: ${paths.output_dir}/${model.model_tag}/${data.dataset}/
  DATA_DIR: resources/datasets/${data.dataset_name}/
  SPLITS_DIR: resources/datasets/${data.dataset_name}/splits/
config:
  random_seed: 42

/data/bernardolemos/results/jina-v5/classificacao/output//modernbert/sst1_autoencoder-is/
{'data': {'nfolds': 10, 'VALIDATION_SIZE_FOR_LOSS': 0.1, 'dataset_name': 'sst1', 'is_method': 'autoencoder-is', 'dataset': '${data.dataset_name}_${data.is_method}', 'texts_path': '${oc.env:DATASETS_DIR,/app/datasets}/${data.dataset_name}/texts.txt', 'scores_path': '${oc.env:DATASETS_DIR,/app/datasets}/${data.dataset_name}/score.txt', 'external_splits_path': '${oc.env:RESULTS_DIR,/app/results}/instance_selection/selection/${data.dataset_name}/split_10_${data.is_method}.pkl'}, 'model': {'type': 'slm', 'model_name': 'answerdotai/ModernBERT-base', 'model_tag': 'modernbert', 'training_args': {'max_len': 256, 'batch_size': 32, 'lr': 5e-05, 'num_max_epochs': 10, 'patience': 3, 'weight_decay_rate': 0.01, 'min_val_epoch_impro_delta': 0.0001, 'max_grad_norm': 1.0, 'warmup_ratio': 0.06}, 'text_representation': 'raw'}, 'paths': {'output_dir': '${oc.env:RESULTS_DIR,/app/results}/classificacao/output/', 'output_dir_full_path': '${paths.output_dir}/${model.model_tag}/${data.dataset}/', 'DATA_DIR': 'resources/datasets/${data.dataset_name}/', 'SPLITS_DIR': 'resources/datasets/${data.dataset_name}/splits/'}, 'config': {'random_seed': 42}}
Random seed setted.
[unsupervised-is] fold=0 | train=8002 | test=1186
[init] logging dir: logs/modernbert/sst1_autoencoder-is/
Max Class =4
Classes in y_train: 5
Classes in y_val: 5
[load] loading model 'answerdotai/ModernBERT-base' (5 labels)...
[2026-07-21 22:52:26,174][httpx][INFO] - HTTP Request: HEAD https://huggingface.co/answerdotai/ModernBERT-base/resolve/main/config.json "HTTP/1.1 307 Temporary Redirect"
[2026-07-21 22:52:26,179][httpx][INFO] - HTTP Request: HEAD https://huggingface.co/api/resolve-cache/models/answerdotai/ModernBERT-base/8949b909ec900327062f0ebf497f51aef5e6f0c8/config.json "HTTP/1.1 200 OK"
[2026-07-21 22:52:26,212][httpx][INFO] - HTTP Request: HEAD https://huggingface.co/answerdotai/ModernBERT-base/resolve/main/config.json "HTTP/1.1 307 Temporary Redirect"
Warning: You are sending unauthenticated requests to the HF Hub. Please set a HF_TOKEN to enable higher rate limits and faster downloads.
[2026-07-21 22:52:26,212][huggingface_hub.utils._http][WARNING] - Warning: You are sending unauthenticated requests to the HF Hub. Please set a HF_TOKEN to enable higher rate limits and faster downloads.
[2026-07-21 22:52:26,216][httpx][INFO] - HTTP Request: HEAD https://huggingface.co/api/resolve-cache/models/answerdotai/ModernBERT-base/8949b909ec900327062f0ebf497f51aef5e6f0c8/config.json "HTTP/1.1 200 OK"
Loading weights:   0%|          | 0/136 [00:00<?, ?it/s]Loading weights: 100%|██████████| 136/136 [00:00<00:00, 2724.15it/s]
[transformers] [1mModernBertForSequenceClassification LOAD REPORT[0m from: answerdotai/ModernBERT-base
Key               | Status     | 
------------------+------------+-
decoder.bias      | UNEXPECTED | 
classifier.bias   | MISSING    | 
classifier.weight | MISSING    | 

Notes:
- UNEXPECTED:	can be ignored when loading from different task/architecture; not ok if you expect identical arch.
- MISSING:	those params were newly initialized because missing from the checkpoint. Consider training on your downstream task.
[load] loading tokenizer (max_len=256)...
[2026-07-21 22:52:26,902][httpx][INFO] - HTTP Request: HEAD https://huggingface.co/answerdotai/ModernBERT-base/resolve/main/config.json "HTTP/1.1 307 Temporary Redirect"
[2026-07-21 22:52:26,906][httpx][INFO] - HTTP Request: HEAD https://huggingface.co/api/resolve-cache/models/answerdotai/ModernBERT-base/8949b909ec900327062f0ebf497f51aef5e6f0c8/config.json "HTTP/1.1 200 OK"
[2026-07-21 22:52:26,926][httpx][INFO] - HTTP Request: HEAD https://huggingface.co/answerdotai/ModernBERT-base/resolve/main/tokenizer_config.json "HTTP/1.1 307 Temporary Redirect"
[2026-07-21 22:52:26,931][httpx][INFO] - HTTP Request: HEAD https://huggingface.co/api/resolve-cache/models/answerdotai/ModernBERT-base/8949b909ec900327062f0ebf497f51aef5e6f0c8/tokenizer_config.json "HTTP/1.1 200 OK"
[2026-07-21 22:52:26,953][httpx][INFO] - HTTP Request: HEAD https://huggingface.co/answerdotai/ModernBERT-base/resolve/main/tokenizer_config.json "HTTP/1.1 307 Temporary Redirect"
[2026-07-21 22:52:26,957][httpx][INFO] - HTTP Request: HEAD https://huggingface.co/api/resolve-cache/models/answerdotai/ModernBERT-base/8949b909ec900327062f0ebf497f51aef5e6f0c8/tokenizer_config.json "HTTP/1.1 200 OK"
[2026-07-21 22:52:26,976][httpx][INFO] - HTTP Request: GET https://huggingface.co/api/models/answerdotai/ModernBERT-base/tree/main/additional_chat_templates?recursive=false&expand=false "HTTP/1.1 404 Not Found"
[2026-07-21 22:52:26,996][httpx][INFO] - HTTP Request: GET https://huggingface.co/api/models/answerdotai/ModernBERT-base/tree/main?recursive=true&expand=false "HTTP/1.1 200 OK"
[load] model and tokenizer ready.
Loading training data
Training data loaded.

[fit] model=answerdotai/ModernBERT-base | classes=5 | epochs=10 | patience=3
[fit] lr=5.0e-05 | warmup=135 steps (6% of 2260)
----------------------------------------------------------------------

[epoch 1/10]
  train loss : 1.3025E+00
  val loss   : 1.0681E+00  |  lr: 4.79e-05
  checkpoint : val loss improved → 1.0681E+00 (saved)

[epoch 2/10]
  train loss : 9.1125E-01
  val loss   : 1.2484E+00  |  lr: 4.25e-05
  patience   : 0/3

[epoch 3/10]
  train loss : 5.6569E-01
  val loss   : 2.2181E+00  |  lr: 3.72e-05
  patience   : 1/3

[epoch 4/10]
  train loss : 3.0330E-01
  val loss   : 2.2376E+00  |  lr: 3.19e-05
  patience   : 2/3

[epoch 5/10]
  train loss : 1.5219E-01
  val loss   : 2.5868E+00  |  lr: 2.66e-05
  patience   : 3/3

[fit] early stopping triggered at epoch 5.
[fit] training complete in 451.9s
0.5067453625632378 0.4991623268606629
Saving proba...
Proba Saved
[unsupervised-is] fold=1 | train=8002 | test=1186
[init] logging dir: logs/modernbert/sst1_autoencoder-is/
Max Class =4
Classes in y_train: 5
Classes in y_val: 5
[load] loading model 'answerdotai/ModernBERT-base' (5 labels)...
[2026-07-21 23:00:08,498][httpx][INFO] - HTTP Request: HEAD https://huggingface.co/answerdotai/ModernBERT-base/resolve/main/config.json "HTTP/1.1 307 Temporary Redirect"
[2026-07-21 23:00:08,503][httpx][INFO] - HTTP Request: HEAD https://huggingface.co/api/resolve-cache/models/answerdotai/ModernBERT-base/8949b909ec900327062f0ebf497f51aef5e6f0c8/config.json "HTTP/1.1 200 OK"
[2026-07-21 23:00:08,520][httpx][INFO] - HTTP Request: HEAD https://huggingface.co/answerdotai/ModernBERT-base/resolve/main/config.json "HTTP/1.1 307 Temporary Redirect"
[2026-07-21 23:00:08,525][httpx][INFO] - HTTP Request: HEAD https://huggingface.co/api/resolve-cache/models/answerdotai/ModernBERT-base/8949b909ec900327062f0ebf497f51aef5e6f0c8/config.json "HTTP/1.1 200 OK"
Loading weights:   0%|          | 0/136 [00:00<?, ?it/s]Loading weights: 100%|██████████| 136/136 [00:00<00:00, 1429.38it/s]
[transformers] [1mModernBertForSequenceClassification LOAD REPORT[0m from: answerdotai/ModernBERT-base
Key               | Status     | 
------------------+------------+-
decoder.bias      | UNEXPECTED | 
classifier.bias   | MISSING    | 
classifier.weight | MISSING    | 

Notes:
- UNEXPECTED:	can be ignored when loading from different task/architecture; not ok if you expect identical arch.
- MISSING:	those params were newly initialized because missing from the checkpoint. Consider training on your downstream task.
[load] loading tokenizer (max_len=256)...
[2026-07-21 23:00:08,704][httpx][INFO] - HTTP Request: HEAD https://huggingface.co/answerdotai/ModernBERT-base/resolve/main/config.json "HTTP/1.1 307 Temporary Redirect"
[2026-07-21 23:00:08,709][httpx][INFO] - HTTP Request: HEAD https://huggingface.co/api/resolve-cache/models/answerdotai/ModernBERT-base/8949b909ec900327062f0ebf497f51aef5e6f0c8/config.json "HTTP/1.1 200 OK"
[2026-07-21 23:00:08,761][httpx][INFO] - HTTP Request: HEAD https://huggingface.co/answerdotai/ModernBERT-base/resolve/main/tokenizer_config.json "HTTP/1.1 307 Temporary Redirect"
[2026-07-21 23:00:08,766][httpx][INFO] - HTTP Request: HEAD https://huggingface.co/api/resolve-cache/models/answerdotai/ModernBERT-base/8949b909ec900327062f0ebf497f51aef5e6f0c8/tokenizer_config.json "HTTP/1.1 200 OK"
[2026-07-21 23:00:08,795][httpx][INFO] - HTTP Request: HEAD https://huggingface.co/answerdotai/ModernBERT-base/resolve/main/tokenizer_config.json "HTTP/1.1 307 Temporary Redirect"
[2026-07-21 23:00:08,801][httpx][INFO] - HTTP Request: HEAD https://huggingface.co/api/resolve-cache/models/answerdotai/ModernBERT-base/8949b909ec900327062f0ebf497f51aef5e6f0c8/tokenizer_config.json "HTTP/1.1 200 OK"
[2026-07-21 23:00:08,822][httpx][INFO] - HTTP Request: GET https://huggingface.co/api/models/answerdotai/ModernBERT-base/tree/main/additional_chat_templates?recursive=false&expand=false "HTTP/1.1 404 Not Found"
[2026-07-21 23:00:08,843][httpx][INFO] - HTTP Request: GET https://huggingface.co/api/models/answerdotai/ModernBERT-base/tree/main?recursive=true&expand=false "HTTP/1.1 200 OK"
[load] model and tokenizer ready.
Loading training data
Training data loaded.

[fit] model=answerdotai/ModernBERT-base | classes=5 | epochs=10 | patience=3
[fit] lr=5.0e-05 | warmup=135 steps (6% of 2260)
----------------------------------------------------------------------

[epoch 1/10]
  train loss : 1.3368E+00
  val loss   : 1.0686E+00  |  lr: 4.79e-05
  checkpoint : val loss improved → 1.0686E+00 (saved)

[epoch 2/10]
  train loss : 9.5090E-01
  val loss   : 9.9667E-01  |  lr: 4.25e-05
  checkpoint : val loss improved → 9.9667E-01 (saved)

[epoch 3/10]
  train loss : 5.8723E-01
  val loss   : 1.5099E+00  |  lr: 3.72e-05
  patience   : 0/3

[epoch 4/10]
  train loss : 2.9718E-01
  val loss   : 2.1243E+00  |  lr: 3.19e-05
  patience   : 1/3

[epoch 5/10]
  train loss : 1.4038E-01
  val loss   : 2.5068E+00  |  lr: 2.66e-05
  patience   : 2/3

[epoch 6/10]
  train loss : 6.7346E-02
  val loss   : 3.3295E+00  |  lr: 2.13e-05
  patience   : 3/3

[fit] early stopping triggered at epoch 6.
[fit] training complete in 542.2s
0.521079258010118 0.4765450857458971
Saving proba...
Proba Saved
[unsupervised-is] fold=2 | train=8002 | test=1186
[init] logging dir: logs/modernbert/sst1_autoencoder-is/
Max Class =4
Classes in y_train: 5
Classes in y_val: 5
[load] loading model 'answerdotai/ModernBERT-base' (5 labels)...
[2026-07-21 23:09:21,346][httpx][INFO] - HTTP Request: HEAD https://huggingface.co/answerdotai/ModernBERT-base/resolve/main/config.json "HTTP/1.1 307 Temporary Redirect"
[2026-07-21 23:09:21,357][httpx][INFO] - HTTP Request: HEAD https://huggingface.co/api/resolve-cache/models/answerdotai/ModernBERT-base/8949b909ec900327062f0ebf497f51aef5e6f0c8/config.json "HTTP/1.1 200 OK"
[2026-07-21 23:09:21,379][httpx][INFO] - HTTP Request: HEAD https://huggingface.co/answerdotai/ModernBERT-base/resolve/main/config.json "HTTP/1.1 307 Temporary Redirect"
[2026-07-21 23:09:21,384][httpx][INFO] - HTTP Request: HEAD https://huggingface.co/api/resolve-cache/models/answerdotai/ModernBERT-base/8949b909ec900327062f0ebf497f51aef5e6f0c8/config.json "HTTP/1.1 200 OK"
Loading weights:   0%|          | 0/136 [00:00<?, ?it/s]Loading weights: 100%|██████████| 136/136 [00:00<00:00, 1787.74it/s]
[transformers] [1mModernBertForSequenceClassification LOAD REPORT[0m from: answerdotai/ModernBERT-base
Key               | Status     | 
------------------+------------+-
decoder.bias      | UNEXPECTED | 
classifier.bias   | MISSING    | 
classifier.weight | MISSING    | 

Notes:
- UNEXPECTED:	can be ignored when loading from different task/architecture; not ok if you expect identical arch.
- MISSING:	those params were newly initialized because missing from the checkpoint. Consider training on your downstream task.
[load] loading tokenizer (max_len=256)...
[2026-07-21 23:09:21,543][httpx][INFO] - HTTP Request: HEAD https://huggingface.co/answerdotai/ModernBERT-base/resolve/main/config.json "HTTP/1.1 307 Temporary Redirect"
[2026-07-21 23:09:21,548][httpx][INFO] - HTTP Request: HEAD https://huggingface.co/api/resolve-cache/models/answerdotai/ModernBERT-base/8949b909ec900327062f0ebf497f51aef5e6f0c8/config.json "HTTP/1.1 200 OK"
[2026-07-21 23:09:21,570][httpx][INFO] - HTTP Request: HEAD https://huggingface.co/answerdotai/ModernBERT-base/resolve/main/tokenizer_config.json "HTTP/1.1 307 Temporary Redirect"
[2026-07-21 23:09:21,575][httpx][INFO] - HTTP Request: HEAD https://huggingface.co/api/resolve-cache/models/answerdotai/ModernBERT-base/8949b909ec900327062f0ebf497f51aef5e6f0c8/tokenizer_config.json "HTTP/1.1 200 OK"
[2026-07-21 23:09:21,594][httpx][INFO] - HTTP Request: HEAD https://huggingface.co/answerdotai/ModernBERT-base/resolve/main/tokenizer_config.json "HTTP/1.1 307 Temporary Redirect"
[2026-07-21 23:09:21,600][httpx][INFO] - HTTP Request: HEAD https://huggingface.co/api/resolve-cache/models/answerdotai/ModernBERT-base/8949b909ec900327062f0ebf497f51aef5e6f0c8/tokenizer_config.json "HTTP/1.1 200 OK"
[2026-07-21 23:09:21,623][httpx][INFO] - HTTP Request: GET https://huggingface.co/api/models/answerdotai/ModernBERT-base/tree/main/additional_chat_templates?recursive=false&expand=false "HTTP/1.1 404 Not Found"
[2026-07-21 23:09:21,645][httpx][INFO] - HTTP Request: GET https://huggingface.co/api/models/answerdotai/ModernBERT-base/tree/main?recursive=true&expand=false "HTTP/1.1 200 OK"
[load] model and tokenizer ready.
Loading training data
Training data loaded.

[fit] model=answerdotai/ModernBERT-base | classes=5 | epochs=10 | patience=3
[fit] lr=5.0e-05 | warmup=135 steps (6% of 2260)
----------------------------------------------------------------------

[epoch 1/10]
  train loss : 1.2930E+00
  val loss   : 1.0461E+00  |  lr: 4.79e-05
  checkpoint : val loss improved → 1.0461E+00 (saved)

[epoch 2/10]
  train loss : 8.7919E-01
  val loss   : 1.2140E+00  |  lr: 4.25e-05
  patience   : 0/3

[epoch 3/10]
  train loss : 5.0605E-01
  val loss   : 1.6455E+00  |  lr: 3.72e-05
  patience   : 1/3

[epoch 4/10]
  train loss : 2.7674E-01
  val loss   : 2.1007E+00  |  lr: 3.19e-05
  patience   : 2/3

[epoch 5/10]
  train loss : 1.2260E-01
  val loss   : 2.7610E+00  |  lr: 2.66e-05
  patience   : 3/3

[fit] early stopping triggered at epoch 5.
[fit] training complete in 451.9s
0.5227655986509275 0.49214228381042274
Saving proba...
Proba Saved
[unsupervised-is] fold=3 | train=8002 | test=1186
[init] logging dir: logs/modernbert/sst1_autoencoder-is/
Max Class =4
Classes in y_train: 5
Classes in y_val: 5
[load] loading model 'answerdotai/ModernBERT-base' (5 labels)...
[2026-07-21 23:17:03,708][httpx][INFO] - HTTP Request: HEAD https://huggingface.co/answerdotai/ModernBERT-base/resolve/main/config.json "HTTP/1.1 307 Temporary Redirect"
[2026-07-21 23:17:03,713][httpx][INFO] - HTTP Request: HEAD https://huggingface.co/api/resolve-cache/models/answerdotai/ModernBERT-base/8949b909ec900327062f0ebf497f51aef5e6f0c8/config.json "HTTP/1.1 200 OK"
[2026-07-21 23:17:03,732][httpx][INFO] - HTTP Request: HEAD https://huggingface.co/answerdotai/ModernBERT-base/resolve/main/config.json "HTTP/1.1 307 Temporary Redirect"
[2026-07-21 23:17:03,736][httpx][INFO] - HTTP Request: HEAD https://huggingface.co/api/resolve-cache/models/answerdotai/ModernBERT-base/8949b909ec900327062f0ebf497f51aef5e6f0c8/config.json "HTTP/1.1 200 OK"
Loading weights:   0%|          | 0/136 [00:00<?, ?it/s]Loading weights: 100%|██████████| 136/136 [00:00<00:00, 2075.91it/s]
[transformers] [1mModernBertForSequenceClassification LOAD REPORT[0m from: answerdotai/ModernBERT-base
Key               | Status     | 
------------------+------------+-
decoder.bias      | UNEXPECTED | 
classifier.bias   | MISSING    | 
classifier.weight | MISSING    | 

Notes:
- UNEXPECTED:	can be ignored when loading from different task/architecture; not ok if you expect identical arch.
- MISSING:	those params were newly initialized because missing from the checkpoint. Consider training on your downstream task.
[load] loading tokenizer (max_len=256)...
[2026-07-21 23:17:03,882][httpx][INFO] - HTTP Request: HEAD https://huggingface.co/answerdotai/ModernBERT-base/resolve/main/config.json "HTTP/1.1 307 Temporary Redirect"
[2026-07-21 23:17:03,887][httpx][INFO] - HTTP Request: HEAD https://huggingface.co/api/resolve-cache/models/answerdotai/ModernBERT-base/8949b909ec900327062f0ebf497f51aef5e6f0c8/config.json "HTTP/1.1 200 OK"
[2026-07-21 23:17:03,908][httpx][INFO] - HTTP Request: HEAD https://huggingface.co/answerdotai/ModernBERT-base/resolve/main/tokenizer_config.json "HTTP/1.1 307 Temporary Redirect"
[2026-07-21 23:17:03,916][httpx][INFO] - HTTP Request: HEAD https://huggingface.co/api/resolve-cache/models/answerdotai/ModernBERT-base/8949b909ec900327062f0ebf497f51aef5e6f0c8/tokenizer_config.json "HTTP/1.1 200 OK"
[2026-07-21 23:17:03,933][httpx][INFO] - HTTP Request: HEAD https://huggingface.co/answerdotai/ModernBERT-base/resolve/main/tokenizer_config.json "HTTP/1.1 307 Temporary Redirect"
[2026-07-21 23:17:03,938][httpx][INFO] - HTTP Request: HEAD https://huggingface.co/api/resolve-cache/models/answerdotai/ModernBERT-base/8949b909ec900327062f0ebf497f51aef5e6f0c8/tokenizer_config.json "HTTP/1.1 200 OK"
[2026-07-21 23:17:03,959][httpx][INFO] - HTTP Request: GET https://huggingface.co/api/models/answerdotai/ModernBERT-base/tree/main/additional_chat_templates?recursive=false&expand=false "HTTP/1.1 404 Not Found"
[2026-07-21 23:17:03,979][httpx][INFO] - HTTP Request: GET https://huggingface.co/api/models/answerdotai/ModernBERT-base/tree/main?recursive=true&expand=false "HTTP/1.1 200 OK"
[load] model and tokenizer ready.
Loading training data
Training data loaded.

[fit] model=answerdotai/ModernBERT-base | classes=5 | epochs=10 | patience=3
[fit] lr=5.0e-05 | warmup=135 steps (6% of 2260)
----------------------------------------------------------------------

[epoch 1/10]
  train loss : 1.3058E+00
  val loss   : 1.1041E+00  |  lr: 4.79e-05
  checkpoint : val loss improved → 1.1041E+00 (saved)

[epoch 2/10]
  train loss : 9.3564E-01
  val loss   : 1.0704E+00  |  lr: 4.25e-05
  checkpoint : val loss improved → 1.0704E+00 (saved)

[epoch 3/10]
  train loss : 5.3189E-01
  val loss   : 1.4991E+00  |  lr: 3.72e-05
  patience   : 0/3

[epoch 4/10]
  train loss : 2.4516E-01
  val loss   : 2.2169E+00  |  lr: 3.19e-05
  patience   : 1/3

[epoch 5/10]
  train loss : 1.3238E-01
  val loss   : 2.9061E+00  |  lr: 2.66e-05
  patience   : 2/3

[epoch 6/10]
  train loss : 6.9178E-02
  val loss   : 3.0829E+00  |  lr: 2.13e-05
  patience   : 3/3

[fit] early stopping triggered at epoch 6.
[fit] training complete in 541.0s
0.5320404721753794 0.5218369134596178
Saving proba...
Proba Saved
[unsupervised-is] fold=4 | train=8002 | test=1186
[init] logging dir: logs/modernbert/sst1_autoencoder-is/
Max Class =4
Classes in y_train: 5
Classes in y_val: 5
[load] loading model 'answerdotai/ModernBERT-base' (5 labels)...
[2026-07-21 23:26:17,377][httpx][INFO] - HTTP Request: HEAD https://huggingface.co/answerdotai/ModernBERT-base/resolve/main/config.json "HTTP/1.1 307 Temporary Redirect"
[2026-07-21 23:26:17,383][httpx][INFO] - HTTP Request: HEAD https://huggingface.co/api/resolve-cache/models/answerdotai/ModernBERT-base/8949b909ec900327062f0ebf497f51aef5e6f0c8/config.json "HTTP/1.1 200 OK"
[2026-07-21 23:26:17,402][httpx][INFO] - HTTP Request: HEAD https://huggingface.co/answerdotai/ModernBERT-base/resolve/main/config.json "HTTP/1.1 307 Temporary Redirect"
[2026-07-21 23:26:17,407][httpx][INFO] - HTTP Request: HEAD https://huggingface.co/api/resolve-cache/models/answerdotai/ModernBERT-base/8949b909ec900327062f0ebf497f51aef5e6f0c8/config.json "HTTP/1.1 200 OK"
Loading weights:   0%|          | 0/136 [00:00<?, ?it/s]Loading weights: 100%|██████████| 136/136 [00:00<00:00, 1599.60it/s]
[transformers] [1mModernBertForSequenceClassification LOAD REPORT[0m from: answerdotai/ModernBERT-base
Key               | Status     | 
------------------+------------+-
decoder.bias      | UNEXPECTED | 
classifier.bias   | MISSING    | 
classifier.weight | MISSING    | 

Notes:
- UNEXPECTED:	can be ignored when loading from different task/architecture; not ok if you expect identical arch.
- MISSING:	those params were newly initialized because missing from the checkpoint. Consider training on your downstream task.
[load] loading tokenizer (max_len=256)...
[2026-07-21 23:26:17,574][httpx][INFO] - HTTP Request: HEAD https://huggingface.co/answerdotai/ModernBERT-base/resolve/main/config.json "HTTP/1.1 307 Temporary Redirect"
[2026-07-21 23:26:17,580][httpx][INFO] - HTTP Request: HEAD https://huggingface.co/api/resolve-cache/models/answerdotai/ModernBERT-base/8949b909ec900327062f0ebf497f51aef5e6f0c8/config.json "HTTP/1.1 200 OK"
[2026-07-21 23:26:17,602][httpx][INFO] - HTTP Request: HEAD https://huggingface.co/answerdotai/ModernBERT-base/resolve/main/tokenizer_config.json "HTTP/1.1 307 Temporary Redirect"
[2026-07-21 23:26:17,607][httpx][INFO] - HTTP Request: HEAD https://huggingface.co/api/resolve-cache/models/answerdotai/ModernBERT-base/8949b909ec900327062f0ebf497f51aef5e6f0c8/tokenizer_config.json "HTTP/1.1 200 OK"
[2026-07-21 23:26:17,624][httpx][INFO] - HTTP Request: HEAD https://huggingface.co/answerdotai/ModernBERT-base/resolve/main/tokenizer_config.json "HTTP/1.1 307 Temporary Redirect"
[2026-07-21 23:26:17,630][httpx][INFO] - HTTP Request: HEAD https://huggingface.co/api/resolve-cache/models/answerdotai/ModernBERT-base/8949b909ec900327062f0ebf497f51aef5e6f0c8/tokenizer_config.json "HTTP/1.1 200 OK"
[2026-07-21 23:26:17,651][httpx][INFO] - HTTP Request: GET https://huggingface.co/api/models/answerdotai/ModernBERT-base/tree/main/additional_chat_templates?recursive=false&expand=false "HTTP/1.1 404 Not Found"
[2026-07-21 23:26:17,672][httpx][INFO] - HTTP Request: GET https://huggingface.co/api/models/answerdotai/ModernBERT-base/tree/main?recursive=true&expand=false "HTTP/1.1 200 OK"
[load] model and tokenizer ready.
Loading training data
Training data loaded.

[fit] model=answerdotai/ModernBERT-base | classes=5 | epochs=10 | patience=3
[fit] lr=5.0e-05 | warmup=135 steps (6% of 2260)
----------------------------------------------------------------------

[epoch 1/10]
  train loss : 1.2757E+00
  val loss   : 1.1358E+00  |  lr: 4.79e-05
  checkpoint : val loss improved → 1.1358E+00 (saved)

[epoch 2/10]
  train loss : 8.9879E-01
  val loss   : 1.2936E+00  |  lr: 4.25e-05
  patience   : 0/3

[epoch 3/10]
  train loss : 5.2953E-01
  val loss   : 1.7347E+00  |  lr: 3.72e-05
  patience   : 1/3

[epoch 4/10]
  train loss : 2.8986E-01
  val loss   : 2.2424E+00  |  lr: 3.19e-05
  patience   : 2/3

[epoch 5/10]
  train loss : 1.3367E-01
  val loss   : 3.0874E+00  |  lr: 2.66e-05
  patience   : 3/3

[fit] early stopping triggered at epoch 5.
[fit] training complete in 450.9s
0.5311973018549747 0.4726388913721139
Saving proba...
Proba Saved
[unsupervised-is] fold=5 | train=8003 | test=1185
[init] logging dir: logs/modernbert/sst1_autoencoder-is/
Max Class =4
Classes in y_train: 5
Classes in y_val: 5
[load] loading model 'answerdotai/ModernBERT-base' (5 labels)...
[2026-07-21 23:34:01,148][httpx][INFO] - HTTP Request: HEAD https://huggingface.co/answerdotai/ModernBERT-base/resolve/main/config.json "HTTP/1.1 307 Temporary Redirect"
[2026-07-21 23:34:01,153][httpx][INFO] - HTTP Request: HEAD https://huggingface.co/api/resolve-cache/models/answerdotai/ModernBERT-base/8949b909ec900327062f0ebf497f51aef5e6f0c8/config.json "HTTP/1.1 200 OK"
[2026-07-21 23:34:01,175][httpx][INFO] - HTTP Request: HEAD https://huggingface.co/answerdotai/ModernBERT-base/resolve/main/config.json "HTTP/1.1 307 Temporary Redirect"
[2026-07-21 23:34:01,181][httpx][INFO] - HTTP Request: HEAD https://huggingface.co/api/resolve-cache/models/answerdotai/ModernBERT-base/8949b909ec900327062f0ebf497f51aef5e6f0c8/config.json "HTTP/1.1 200 OK"
Loading weights:   0%|          | 0/136 [00:00<?, ?it/s]Loading weights: 100%|██████████| 136/136 [00:00<00:00, 1793.38it/s]
[transformers] [1mModernBertForSequenceClassification LOAD REPORT[0m from: answerdotai/ModernBERT-base
Key               | Status     | 
------------------+------------+-
decoder.bias      | UNEXPECTED | 
classifier.bias   | MISSING    | 
classifier.weight | MISSING    | 

Notes:
- UNEXPECTED:	can be ignored when loading from different task/architecture; not ok if you expect identical arch.
- MISSING:	those params were newly initialized because missing from the checkpoint. Consider training on your downstream task.
[load] loading tokenizer (max_len=256)...
[2026-07-21 23:34:01,338][httpx][INFO] - HTTP Request: HEAD https://huggingface.co/answerdotai/ModernBERT-base/resolve/main/config.json "HTTP/1.1 307 Temporary Redirect"
[2026-07-21 23:34:01,343][httpx][INFO] - HTTP Request: HEAD https://huggingface.co/api/resolve-cache/models/answerdotai/ModernBERT-base/8949b909ec900327062f0ebf497f51aef5e6f0c8/config.json "HTTP/1.1 200 OK"
[2026-07-21 23:34:01,372][httpx][INFO] - HTTP Request: HEAD https://huggingface.co/answerdotai/ModernBERT-base/resolve/main/tokenizer_config.json "HTTP/1.1 307 Temporary Redirect"
[2026-07-21 23:34:01,377][httpx][INFO] - HTTP Request: HEAD https://huggingface.co/api/resolve-cache/models/answerdotai/ModernBERT-base/8949b909ec900327062f0ebf497f51aef5e6f0c8/tokenizer_config.json "HTTP/1.1 200 OK"
[2026-07-21 23:34:01,396][httpx][INFO] - HTTP Request: HEAD https://huggingface.co/answerdotai/ModernBERT-base/resolve/main/tokenizer_config.json "HTTP/1.1 307 Temporary Redirect"
[2026-07-21 23:34:01,401][httpx][INFO] - HTTP Request: HEAD https://huggingface.co/api/resolve-cache/models/answerdotai/ModernBERT-base/8949b909ec900327062f0ebf497f51aef5e6f0c8/tokenizer_config.json "HTTP/1.1 200 OK"
[2026-07-21 23:34:01,421][httpx][INFO] - HTTP Request: GET https://huggingface.co/api/models/answerdotai/ModernBERT-base/tree/main/additional_chat_templates?recursive=false&expand=false "HTTP/1.1 404 Not Found"
[2026-07-21 23:34:01,441][httpx][INFO] - HTTP Request: GET https://huggingface.co/api/models/answerdotai/ModernBERT-base/tree/main?recursive=true&expand=false "HTTP/1.1 200 OK"
[load] model and tokenizer ready.
Loading training data
Training data loaded.

[fit] model=answerdotai/ModernBERT-base | classes=5 | epochs=10 | patience=3
[fit] lr=5.0e-05 | warmup=135 steps (6% of 2260)
----------------------------------------------------------------------

[epoch 1/10]
  train loss : 1.3111E+00
  val loss   : 1.1281E+00  |  lr: 4.79e-05
  checkpoint : val loss improved → 1.1281E+00 (saved)

[epoch 2/10]
  train loss : 8.9256E-01
  val loss   : 1.2549E+00  |  lr: 4.25e-05
  patience   : 0/3

[epoch 3/10]
  train loss : 5.6440E-01
  val loss   : 1.8730E+00  |  lr: 3.72e-05
  patience   : 1/3

[epoch 4/10]
  train loss : 3.2888E-01
  val loss   : 2.2538E+00  |  lr: 3.19e-05
  patience   : 2/3

[epoch 5/10]
  train loss : 1.5253E-01
  val loss   : 3.2399E+00  |  lr: 2.66e-05
  patience   : 3/3

[fit] early stopping triggered at epoch 5.
[fit] training complete in 450.9s
0.5004219409282701 0.44924676703689637
Saving proba...
Proba Saved
[unsupervised-is] fold=6 | train=8003 | test=1185
[init] logging dir: logs/modernbert/sst1_autoencoder-is/
Max Class =4
Classes in y_train: 5
Classes in y_val: 5
[load] loading model 'answerdotai/ModernBERT-base' (5 labels)...
[2026-07-21 23:41:42,438][httpx][INFO] - HTTP Request: HEAD https://huggingface.co/answerdotai/ModernBERT-base/resolve/main/config.json "HTTP/1.1 307 Temporary Redirect"
[2026-07-21 23:41:42,443][httpx][INFO] - HTTP Request: HEAD https://huggingface.co/api/resolve-cache/models/answerdotai/ModernBERT-base/8949b909ec900327062f0ebf497f51aef5e6f0c8/config.json "HTTP/1.1 200 OK"
[2026-07-21 23:41:42,462][httpx][INFO] - HTTP Request: HEAD https://huggingface.co/answerdotai/ModernBERT-base/resolve/main/config.json "HTTP/1.1 307 Temporary Redirect"
[2026-07-21 23:41:42,466][httpx][INFO] - HTTP Request: HEAD https://huggingface.co/api/resolve-cache/models/answerdotai/ModernBERT-base/8949b909ec900327062f0ebf497f51aef5e6f0c8/config.json "HTTP/1.1 200 OK"
Loading weights:   0%|          | 0/136 [00:00<?, ?it/s]Loading weights: 100%|██████████| 136/136 [00:00<00:00, 1747.23it/s]
[transformers] [1mModernBertForSequenceClassification LOAD REPORT[0m from: answerdotai/ModernBERT-base
Key               | Status     | 
------------------+------------+-
decoder.bias      | UNEXPECTED | 
classifier.bias   | MISSING    | 
classifier.weight | MISSING    | 

Notes:
- UNEXPECTED:	can be ignored when loading from different task/architecture; not ok if you expect identical arch.
- MISSING:	those params were newly initialized because missing from the checkpoint. Consider training on your downstream task.
[load] loading tokenizer (max_len=256)...
[2026-07-21 23:41:42,628][httpx][INFO] - HTTP Request: HEAD https://huggingface.co/answerdotai/ModernBERT-base/resolve/main/config.json "HTTP/1.1 307 Temporary Redirect"
[2026-07-21 23:41:42,635][httpx][INFO] - HTTP Request: HEAD https://huggingface.co/api/resolve-cache/models/answerdotai/ModernBERT-base/8949b909ec900327062f0ebf497f51aef5e6f0c8/config.json "HTTP/1.1 200 OK"
[2026-07-21 23:41:42,657][httpx][INFO] - HTTP Request: HEAD https://huggingface.co/answerdotai/ModernBERT-base/resolve/main/tokenizer_config.json "HTTP/1.1 307 Temporary Redirect"
[2026-07-21 23:41:42,663][httpx][INFO] - HTTP Request: HEAD https://huggingface.co/api/resolve-cache/models/answerdotai/ModernBERT-base/8949b909ec900327062f0ebf497f51aef5e6f0c8/tokenizer_config.json "HTTP/1.1 200 OK"
[2026-07-21 23:41:42,683][httpx][INFO] - HTTP Request: HEAD https://huggingface.co/answerdotai/ModernBERT-base/resolve/main/tokenizer_config.json "HTTP/1.1 307 Temporary Redirect"
[2026-07-21 23:41:42,689][httpx][INFO] - HTTP Request: HEAD https://huggingface.co/api/resolve-cache/models/answerdotai/ModernBERT-base/8949b909ec900327062f0ebf497f51aef5e6f0c8/tokenizer_config.json "HTTP/1.1 200 OK"
[2026-07-21 23:41:42,708][httpx][INFO] - HTTP Request: GET https://huggingface.co/api/models/answerdotai/ModernBERT-base/tree/main/additional_chat_templates?recursive=false&expand=false "HTTP/1.1 404 Not Found"
[2026-07-21 23:41:42,728][httpx][INFO] - HTTP Request: GET https://huggingface.co/api/models/answerdotai/ModernBERT-base/tree/main?recursive=true&expand=false "HTTP/1.1 200 OK"
[load] model and tokenizer ready.
Loading training data
Training data loaded.

[fit] model=answerdotai/ModernBERT-base | classes=5 | epochs=10 | patience=3
[fit] lr=5.0e-05 | warmup=135 steps (6% of 2260)
----------------------------------------------------------------------

[epoch 1/10]
  train loss : 1.3269E+00
  val loss   : 1.1665E+00  |  lr: 4.79e-05
  checkpoint : val loss improved → 1.1665E+00 (saved)

[epoch 2/10]
  train loss : 9.1556E-01
  val loss   : 1.3233E+00  |  lr: 4.25e-05
  patience   : 0/3

[epoch 3/10]
  train loss : 5.3291E-01
  val loss   : 1.8465E+00  |  lr: 3.72e-05
  patience   : 1/3

[epoch 4/10]
  train loss : 2.9846E-01
  val loss   : 2.0357E+00  |  lr: 3.19e-05
  patience   : 2/3

[epoch 5/10]
  train loss : 1.4874E-01
  val loss   : 3.2086E+00  |  lr: 2.66e-05
  patience   : 3/3

[fit] early stopping triggered at epoch 5.
[fit] training complete in 451.0s
0.5569620253164557 0.4965876929395513
Saving proba...
Proba Saved
[unsupervised-is] fold=7 | train=8003 | test=1185
[init] logging dir: logs/modernbert/sst1_autoencoder-is/
Max Class =4
Classes in y_train: 5
Classes in y_val: 5
[load] loading model 'answerdotai/ModernBERT-base' (5 labels)...
[2026-07-21 23:49:23,834][httpx][INFO] - HTTP Request: HEAD https://huggingface.co/answerdotai/ModernBERT-base/resolve/main/config.json "HTTP/1.1 307 Temporary Redirect"
[2026-07-21 23:49:23,840][httpx][INFO] - HTTP Request: HEAD https://huggingface.co/api/resolve-cache/models/answerdotai/ModernBERT-base/8949b909ec900327062f0ebf497f51aef5e6f0c8/config.json "HTTP/1.1 200 OK"
[2026-07-21 23:49:23,861][httpx][INFO] - HTTP Request: HEAD https://huggingface.co/answerdotai/ModernBERT-base/resolve/main/config.json "HTTP/1.1 307 Temporary Redirect"
[2026-07-21 23:49:23,866][httpx][INFO] - HTTP Request: HEAD https://huggingface.co/api/resolve-cache/models/answerdotai/ModernBERT-base/8949b909ec900327062f0ebf497f51aef5e6f0c8/config.json "HTTP/1.1 200 OK"
Loading weights:   0%|          | 0/136 [00:00<?, ?it/s]Loading weights:  99%|█████████▊| 134/136 [00:00<00:00, 212.23it/s]Loading weights: 100%|██████████| 136/136 [00:00<00:00, 215.29it/s]
[transformers] [1mModernBertForSequenceClassification LOAD REPORT[0m from: answerdotai/ModernBERT-base
Key               | Status     | 
------------------+------------+-
decoder.bias      | UNEXPECTED | 
classifier.bias   | MISSING    | 
classifier.weight | MISSING    | 

Notes:
- UNEXPECTED:	can be ignored when loading from different task/architecture; not ok if you expect identical arch.
- MISSING:	those params were newly initialized because missing from the checkpoint. Consider training on your downstream task.
[load] loading tokenizer (max_len=256)...
[2026-07-21 23:49:25,470][httpx][INFO] - HTTP Request: HEAD https://huggingface.co/answerdotai/ModernBERT-base/resolve/main/config.json "HTTP/1.1 307 Temporary Redirect"
[2026-07-21 23:49:25,475][httpx][INFO] - HTTP Request: HEAD https://huggingface.co/api/resolve-cache/models/answerdotai/ModernBERT-base/8949b909ec900327062f0ebf497f51aef5e6f0c8/config.json "HTTP/1.1 200 OK"
[2026-07-21 23:49:25,497][httpx][INFO] - HTTP Request: HEAD https://huggingface.co/answerdotai/ModernBERT-base/resolve/main/tokenizer_config.json "HTTP/1.1 307 Temporary Redirect"
[2026-07-21 23:49:25,504][httpx][INFO] - HTTP Request: HEAD https://huggingface.co/api/resolve-cache/models/answerdotai/ModernBERT-base/8949b909ec900327062f0ebf497f51aef5e6f0c8/tokenizer_config.json "HTTP/1.1 200 OK"
[2026-07-21 23:49:25,521][httpx][INFO] - HTTP Request: HEAD https://huggingface.co/answerdotai/ModernBERT-base/resolve/main/tokenizer_config.json "HTTP/1.1 307 Temporary Redirect"
[2026-07-21 23:49:25,527][httpx][INFO] - HTTP Request: HEAD https://huggingface.co/api/resolve-cache/models/answerdotai/ModernBERT-base/8949b909ec900327062f0ebf497f51aef5e6f0c8/tokenizer_config.json "HTTP/1.1 200 OK"
[2026-07-21 23:49:25,548][httpx][INFO] - HTTP Request: GET https://huggingface.co/api/models/answerdotai/ModernBERT-base/tree/main/additional_chat_templates?recursive=false&expand=false "HTTP/1.1 404 Not Found"
[2026-07-21 23:49:25,569][httpx][INFO] - HTTP Request: GET https://huggingface.co/api/models/answerdotai/ModernBERT-base/tree/main?recursive=true&expand=false "HTTP/1.1 200 OK"
[load] model and tokenizer ready.
Loading training data
Training data loaded.

[fit] model=answerdotai/ModernBERT-base | classes=5 | epochs=10 | patience=3
[fit] lr=5.0e-05 | warmup=135 steps (6% of 2260)
----------------------------------------------------------------------

[epoch 1/10]
  train loss : 1.3035E+00
  val loss   : 1.1238E+00  |  lr: 4.79e-05
  checkpoint : val loss improved → 1.1238E+00 (saved)

[epoch 2/10]
  train loss : 8.9569E-01
  val loss   : 1.2926E+00  |  lr: 4.25e-05
  patience   : 0/3

[epoch 3/10]
  train loss : 5.7406E-01
  val loss   : 1.6812E+00  |  lr: 3.72e-05
  patience   : 1/3

[epoch 4/10]
  train loss : 2.9701E-01
  val loss   : 3.0097E+00  |  lr: 3.19e-05
  patience   : 2/3

[epoch 5/10]
  train loss : 1.6052E-01
  val loss   : 3.4150E+00  |  lr: 2.66e-05
  patience   : 3/3

[fit] early stopping triggered at epoch 5.
[fit] training complete in 452.8s
0.5324894514767933 0.5075591231453334
Saving proba...
Proba Saved
[unsupervised-is] fold=8 | train=8003 | test=1185
[init] logging dir: logs/modernbert/sst1_autoencoder-is/
Max Class =4
Classes in y_train: 5
Classes in y_val: 5
[load] loading model 'answerdotai/ModernBERT-base' (5 labels)...
[2026-07-21 23:57:07,030][httpx][INFO] - HTTP Request: HEAD https://huggingface.co/answerdotai/ModernBERT-base/resolve/main/config.json "HTTP/1.1 307 Temporary Redirect"
[2026-07-21 23:57:07,035][httpx][INFO] - HTTP Request: HEAD https://huggingface.co/api/resolve-cache/models/answerdotai/ModernBERT-base/8949b909ec900327062f0ebf497f51aef5e6f0c8/config.json "HTTP/1.1 200 OK"
[2026-07-21 23:57:07,056][httpx][INFO] - HTTP Request: HEAD https://huggingface.co/answerdotai/ModernBERT-base/resolve/main/config.json "HTTP/1.1 307 Temporary Redirect"
[2026-07-21 23:57:07,060][httpx][INFO] - HTTP Request: HEAD https://huggingface.co/api/resolve-cache/models/answerdotai/ModernBERT-base/8949b909ec900327062f0ebf497f51aef5e6f0c8/config.json "HTTP/1.1 200 OK"
Loading weights:   0%|          | 0/136 [00:00<?, ?it/s]Loading weights: 100%|██████████| 136/136 [00:00<00:00, 1705.31it/s]
[transformers] [1mModernBertForSequenceClassification LOAD REPORT[0m from: answerdotai/ModernBERT-base
Key               | Status     | 
------------------+------------+-
decoder.bias      | UNEXPECTED | 
classifier.bias   | MISSING    | 
classifier.weight | MISSING    | 

Notes:
- UNEXPECTED:	can be ignored when loading from different task/architecture; not ok if you expect identical arch.
- MISSING:	those params were newly initialized because missing from the checkpoint. Consider training on your downstream task.
[load] loading tokenizer (max_len=256)...
[2026-07-21 23:57:07,227][httpx][INFO] - HTTP Request: HEAD https://huggingface.co/answerdotai/ModernBERT-base/resolve/main/config.json "HTTP/1.1 307 Temporary Redirect"
[2026-07-21 23:57:07,232][httpx][INFO] - HTTP Request: HEAD https://huggingface.co/api/resolve-cache/models/answerdotai/ModernBERT-base/8949b909ec900327062f0ebf497f51aef5e6f0c8/config.json "HTTP/1.1 200 OK"
[2026-07-21 23:57:07,254][httpx][INFO] - HTTP Request: HEAD https://huggingface.co/answerdotai/ModernBERT-base/resolve/main/tokenizer_config.json "HTTP/1.1 307 Temporary Redirect"
[2026-07-21 23:57:07,260][httpx][INFO] - HTTP Request: HEAD https://huggingface.co/api/resolve-cache/models/answerdotai/ModernBERT-base/8949b909ec900327062f0ebf497f51aef5e6f0c8/tokenizer_config.json "HTTP/1.1 200 OK"
[2026-07-21 23:57:07,276][httpx][INFO] - HTTP Request: HEAD https://huggingface.co/answerdotai/ModernBERT-base/resolve/main/tokenizer_config.json "HTTP/1.1 307 Temporary Redirect"
[2026-07-21 23:57:07,281][httpx][INFO] - HTTP Request: HEAD https://huggingface.co/api/resolve-cache/models/answerdotai/ModernBERT-base/8949b909ec900327062f0ebf497f51aef5e6f0c8/tokenizer_config.json "HTTP/1.1 200 OK"
[2026-07-21 23:57:07,299][httpx][INFO] - HTTP Request: GET https://huggingface.co/api/models/answerdotai/ModernBERT-base/tree/main/additional_chat_templates?recursive=false&expand=false "HTTP/1.1 404 Not Found"
[2026-07-21 23:57:07,319][httpx][INFO] - HTTP Request: GET https://huggingface.co/api/models/answerdotai/ModernBERT-base/tree/main?recursive=true&expand=false "HTTP/1.1 200 OK"
[load] model and tokenizer ready.
Loading training data
Training data loaded.

[fit] model=answerdotai/ModernBERT-base | classes=5 | epochs=10 | patience=3
[fit] lr=5.0e-05 | warmup=135 steps (6% of 2260)
----------------------------------------------------------------------

[epoch 1/10]
  train loss : 1.3527E+00
  val loss   : 1.0748E+00  |  lr: 4.79e-05
  checkpoint : val loss improved → 1.0748E+00 (saved)

[epoch 2/10]
  train loss : 9.2212E-01
  val loss   : 1.3568E+00  |  lr: 4.25e-05
  patience   : 0/3

[epoch 3/10]
  train loss : 5.5997E-01
  val loss   : 1.8327E+00  |  lr: 3.72e-05
  patience   : 1/3

[epoch 4/10]
  train loss : 2.9937E-01
  val loss   : 2.3227E+00  |  lr: 3.19e-05
  patience   : 2/3

[epoch 5/10]
  train loss : 1.5151E-01
  val loss   : 3.2197E+00  |  lr: 2.66e-05
  patience   : 3/3

[fit] early stopping triggered at epoch 5.
[fit] training complete in 454.3s
0.5206751054852321 0.49078295084598056
Saving proba...
Proba Saved
[unsupervised-is] fold=9 | train=8003 | test=1185
[init] logging dir: logs/modernbert/sst1_autoencoder-is/
Max Class =4
Classes in y_train: 5
Classes in y_val: 5
[load] loading model 'answerdotai/ModernBERT-base' (5 labels)...
[2026-07-22 00:04:51,687][httpx][INFO] - HTTP Request: HEAD https://huggingface.co/answerdotai/ModernBERT-base/resolve/main/config.json "HTTP/1.1 307 Temporary Redirect"
[2026-07-22 00:04:51,691][httpx][INFO] - HTTP Request: HEAD https://huggingface.co/api/resolve-cache/models/answerdotai/ModernBERT-base/8949b909ec900327062f0ebf497f51aef5e6f0c8/config.json "HTTP/1.1 200 OK"
[2026-07-22 00:04:51,711][httpx][INFO] - HTTP Request: HEAD https://huggingface.co/answerdotai/ModernBERT-base/resolve/main/config.json "HTTP/1.1 307 Temporary Redirect"
[2026-07-22 00:04:51,716][httpx][INFO] - HTTP Request: HEAD https://huggingface.co/api/resolve-cache/models/answerdotai/ModernBERT-base/8949b909ec900327062f0ebf497f51aef5e6f0c8/config.json "HTTP/1.1 200 OK"
Loading weights:   0%|          | 0/136 [00:00<?, ?it/s]Loading weights:  99%|█████████▉| 135/136 [00:00<00:00, 213.45it/s]Loading weights: 100%|██████████| 136/136 [00:00<00:00, 214.90it/s]
[transformers] [1mModernBertForSequenceClassification LOAD REPORT[0m from: answerdotai/ModernBERT-base
Key               | Status     | 
------------------+------------+-
decoder.bias      | UNEXPECTED | 
classifier.bias   | MISSING    | 
classifier.weight | MISSING    | 

Notes:
- UNEXPECTED:	can be ignored when loading from different task/architecture; not ok if you expect identical arch.
- MISSING:	those params were newly initialized because missing from the checkpoint. Consider training on your downstream task.
[load] loading tokenizer (max_len=256)...
[2026-07-22 00:04:53,497][httpx][INFO] - HTTP Request: HEAD https://huggingface.co/answerdotai/ModernBERT-base/resolve/main/config.json "HTTP/1.1 307 Temporary Redirect"
[2026-07-22 00:04:53,502][httpx][INFO] - HTTP Request: HEAD https://huggingface.co/api/resolve-cache/models/answerdotai/ModernBERT-base/8949b909ec900327062f0ebf497f51aef5e6f0c8/config.json "HTTP/1.1 200 OK"
[2026-07-22 00:04:53,519][httpx][INFO] - HTTP Request: HEAD https://huggingface.co/answerdotai/ModernBERT-base/resolve/main/tokenizer_config.json "HTTP/1.1 307 Temporary Redirect"
[2026-07-22 00:04:53,525][httpx][INFO] - HTTP Request: HEAD https://huggingface.co/api/resolve-cache/models/answerdotai/ModernBERT-base/8949b909ec900327062f0ebf497f51aef5e6f0c8/tokenizer_config.json "HTTP/1.1 200 OK"
[2026-07-22 00:04:53,542][httpx][INFO] - HTTP Request: HEAD https://huggingface.co/answerdotai/ModernBERT-base/resolve/main/tokenizer_config.json "HTTP/1.1 307 Temporary Redirect"
[2026-07-22 00:04:53,547][httpx][INFO] - HTTP Request: HEAD https://huggingface.co/api/resolve-cache/models/answerdotai/ModernBERT-base/8949b909ec900327062f0ebf497f51aef5e6f0c8/tokenizer_config.json "HTTP/1.1 200 OK"
[2026-07-22 00:04:53,570][httpx][INFO] - HTTP Request: GET https://huggingface.co/api/models/answerdotai/ModernBERT-base/tree/main/additional_chat_templates?recursive=false&expand=false "HTTP/1.1 404 Not Found"
[2026-07-22 00:04:53,593][httpx][INFO] - HTTP Request: GET https://huggingface.co/api/models/answerdotai/ModernBERT-base/tree/main?recursive=true&expand=false "HTTP/1.1 200 OK"
[load] model and tokenizer ready.
Loading training data
Training data loaded.

[fit] model=answerdotai/ModernBERT-base | classes=5 | epochs=10 | patience=3
[fit] lr=5.0e-05 | warmup=135 steps (6% of 2260)
----------------------------------------------------------------------

[epoch 1/10]
  train loss : 1.3070E+00
  val loss   : 1.1625E+00  |  lr: 4.79e-05
  checkpoint : val loss improved → 1.1625E+00 (saved)

[epoch 2/10]
  train loss : 9.1820E-01
  val loss   : 1.1712E+00  |  lr: 4.25e-05
  patience   : 0/3

[epoch 3/10]
  train loss : 5.5637E-01
  val loss   : 1.7876E+00  |  lr: 3.72e-05
  patience   : 1/3

[epoch 4/10]
  train loss : 2.9387E-01
  val loss   : 1.9679E+00  |  lr: 3.19e-05
  patience   : 2/3

[epoch 5/10]
  train loss : 1.2387E-01
  val loss   : 2.4428E+00  |  lr: 2.66e-05
  patience   : 3/3

[fit] early stopping triggered at epoch 5.
[fit] training complete in 453.3s
0.5054852320675105 0.4631190831369933
Saving proba...
Proba Saved
Done.
