/app/atcBench/main.py:45: UserWarning: 
The version_base parameter is not specified.
Please specify a compatability version level, or None.
Will assume defaults for version 1.1
  @hydra.main(config_path=CONFIG_PATH, config_name=CONFIG_NAME)
/app/venv/lib/python3.12/site-packages/hydra/_internal/hydra.py:119: UserWarning: Future Hydra versions will no longer change working directory at job runtime by default.
See https://hydra.cc/docs/1.2/upgrades/1.1_to_1.2/changes_to_job_working_dir/ for more information.
  ret = run_job(
data:
  nfolds: 10
  VALIDATION_SIZE_FOR_LOSS: 0.1
  dataset_name: sst1
  is_method: biois
  dataset: ${data.dataset_name}_${data.is_method}
  texts_path: ${oc.env:DATASETS_DIR,/app/datasets}/${data.dataset_name}/texts.txt
  scores_path: ${oc.env:DATASETS_DIR,/app/datasets}/${data.dataset_name}/score.txt
  external_splits_path: ${oc.env:RESULTS_DIR,/app/results}/instance_selection/selection/${data.dataset_name}/split_10_${data.is_method}.pkl
model:
  type: slm
  model_name: answerdotai/ModernBERT-base
  model_tag: modernbert
  training_args:
    max_len: 256
    batch_size: 32
    lr: 5.0e-05
    num_max_epochs: 10
    patience: 3
    weight_decay_rate: 0.01
    min_val_epoch_impro_delta: 0.0001
    max_grad_norm: 1.0
    warmup_ratio: 0.06
  text_representation: raw
paths:
  output_dir: ${oc.env:RESULTS_DIR,/app/results}/classificacao/output/
  output_dir_full_path: ${paths.output_dir}/${model.model_tag}/${data.dataset}/
  DATA_DIR: resources/datasets/${data.dataset_name}/
  SPLITS_DIR: resources/datasets/${data.dataset_name}/splits/
config:
  random_seed: 42

/data/bernardolemos/results/jina-v5/classificacao/output//modernbert/sst1_biois/
{'data': {'nfolds': 10, 'VALIDATION_SIZE_FOR_LOSS': 0.1, 'dataset_name': 'sst1', 'is_method': 'biois', 'dataset': '${data.dataset_name}_${data.is_method}', 'texts_path': '${oc.env:DATASETS_DIR,/app/datasets}/${data.dataset_name}/texts.txt', 'scores_path': '${oc.env:DATASETS_DIR,/app/datasets}/${data.dataset_name}/score.txt', 'external_splits_path': '${oc.env:RESULTS_DIR,/app/results}/instance_selection/selection/${data.dataset_name}/split_10_${data.is_method}.pkl'}, 'model': {'type': 'slm', 'model_name': 'answerdotai/ModernBERT-base', 'model_tag': 'modernbert', 'training_args': {'max_len': 256, 'batch_size': 32, 'lr': 5e-05, 'num_max_epochs': 10, 'patience': 3, 'weight_decay_rate': 0.01, 'min_val_epoch_impro_delta': 0.0001, 'max_grad_norm': 1.0, 'warmup_ratio': 0.06}, 'text_representation': 'raw'}, 'paths': {'output_dir': '${oc.env:RESULTS_DIR,/app/results}/classificacao/output/', 'output_dir_full_path': '${paths.output_dir}/${model.model_tag}/${data.dataset}/', 'DATA_DIR': 'resources/datasets/${data.dataset_name}/', 'SPLITS_DIR': 'resources/datasets/${data.dataset_name}/splits/'}, 'config': {'random_seed': 42}}
Random seed setted.
[unsupervised-is] fold=0 | train=5204 | test=1186
[init] logging dir: logs/modernbert/sst1_biois/
Max Class =4
Classes in y_train: 5
Classes in y_val: 5
[load] loading model 'answerdotai/ModernBERT-base' (5 labels)...
[2026-07-22 03:16:21,101][httpx][INFO] - HTTP Request: HEAD https://huggingface.co/answerdotai/ModernBERT-base/resolve/main/config.json "HTTP/1.1 307 Temporary Redirect"
[2026-07-22 03:16:21,106][httpx][INFO] - HTTP Request: HEAD https://huggingface.co/api/resolve-cache/models/answerdotai/ModernBERT-base/8949b909ec900327062f0ebf497f51aef5e6f0c8/config.json "HTTP/1.1 200 OK"
[2026-07-22 03:16:21,155][httpx][INFO] - HTTP Request: HEAD https://huggingface.co/answerdotai/ModernBERT-base/resolve/main/config.json "HTTP/1.1 307 Temporary Redirect"
[2026-07-22 03:16:21,161][httpx][INFO] - HTTP Request: HEAD https://huggingface.co/api/resolve-cache/models/answerdotai/ModernBERT-base/8949b909ec900327062f0ebf497f51aef5e6f0c8/config.json "HTTP/1.1 200 OK"
Loading weights:   0%|          | 0/136 [00:00<?, ?it/s]Loading weights: 100%|██████████| 136/136 [00:00<00:00, 2106.10it/s]
[transformers] [1mModernBertForSequenceClassification LOAD REPORT[0m from: answerdotai/ModernBERT-base
Key               | Status     | 
------------------+------------+-
decoder.bias      | UNEXPECTED | 
classifier.weight | MISSING    | 
classifier.bias   | MISSING    | 

Notes:
- UNEXPECTED:	can be ignored when loading from different task/architecture; not ok if you expect identical arch.
- MISSING:	those params were newly initialized because missing from the checkpoint. Consider training on your downstream task.
[load] loading tokenizer (max_len=256)...
[2026-07-22 03:16:22,880][httpx][INFO] - HTTP Request: HEAD https://huggingface.co/answerdotai/ModernBERT-base/resolve/main/config.json "HTTP/1.1 307 Temporary Redirect"
Warning: You are sending unauthenticated requests to the HF Hub. Please set a HF_TOKEN to enable higher rate limits and faster downloads.
[2026-07-22 03:16:22,881][huggingface_hub.utils._http][WARNING] - Warning: You are sending unauthenticated requests to the HF Hub. Please set a HF_TOKEN to enable higher rate limits and faster downloads.
[2026-07-22 03:16:22,886][httpx][INFO] - HTTP Request: HEAD https://huggingface.co/api/resolve-cache/models/answerdotai/ModernBERT-base/8949b909ec900327062f0ebf497f51aef5e6f0c8/config.json "HTTP/1.1 200 OK"
[2026-07-22 03:16:22,904][httpx][INFO] - HTTP Request: HEAD https://huggingface.co/answerdotai/ModernBERT-base/resolve/main/tokenizer_config.json "HTTP/1.1 307 Temporary Redirect"
[2026-07-22 03:16:22,910][httpx][INFO] - HTTP Request: HEAD https://huggingface.co/api/resolve-cache/models/answerdotai/ModernBERT-base/8949b909ec900327062f0ebf497f51aef5e6f0c8/tokenizer_config.json "HTTP/1.1 200 OK"
[2026-07-22 03:16:22,927][httpx][INFO] - HTTP Request: HEAD https://huggingface.co/answerdotai/ModernBERT-base/resolve/main/tokenizer_config.json "HTTP/1.1 307 Temporary Redirect"
[2026-07-22 03:16:22,933][httpx][INFO] - HTTP Request: HEAD https://huggingface.co/api/resolve-cache/models/answerdotai/ModernBERT-base/8949b909ec900327062f0ebf497f51aef5e6f0c8/tokenizer_config.json "HTTP/1.1 200 OK"
[2026-07-22 03:16:22,953][httpx][INFO] - HTTP Request: GET https://huggingface.co/api/models/answerdotai/ModernBERT-base/tree/main/additional_chat_templates?recursive=false&expand=false "HTTP/1.1 404 Not Found"
[2026-07-22 03:16:22,975][httpx][INFO] - HTTP Request: GET https://huggingface.co/api/models/answerdotai/ModernBERT-base/tree/main?recursive=true&expand=false "HTTP/1.1 200 OK"
[load] model and tokenizer ready.
Loading training data
Training data loaded.

[fit] model=answerdotai/ModernBERT-base | classes=5 | epochs=10 | patience=3
[fit] lr=5.0e-05 | warmup=88 steps (6% of 1470)
----------------------------------------------------------------------

[epoch 1/10]
  train loss : 1.3991E+00
  val loss   : 1.2362E+00  |  lr: 4.79e-05
  checkpoint : val loss improved → 1.2362E+00 (saved)

[epoch 2/10]
  train loss : 9.6544E-01
  val loss   : 1.1551E+00  |  lr: 4.25e-05
  checkpoint : val loss improved → 1.1551E+00 (saved)

[epoch 3/10]
  train loss : 5.7484E-01
  val loss   : 1.4426E+00  |  lr: 3.72e-05
  patience   : 0/3

[epoch 4/10]
  train loss : 3.0992E-01
  val loss   : 1.8817E+00  |  lr: 3.19e-05
  patience   : 1/3

[epoch 5/10]
  train loss : 1.1598E-01
  val loss   : 2.2600E+00  |  lr: 2.66e-05
  patience   : 2/3

[epoch 6/10]
  train loss : 4.5756E-02
  val loss   : 3.0054E+00  |  lr: 2.13e-05
  patience   : 3/3

[fit] early stopping triggered at epoch 6.
[fit] training complete in 354.5s
0.5185497470489039 0.48180092739302127
Saving proba...
Proba Saved
[unsupervised-is] fold=1 | train=5208 | test=1186
[init] logging dir: logs/modernbert/sst1_biois/
Max Class =4
Classes in y_train: 5
Classes in y_val: 5
[load] loading model 'answerdotai/ModernBERT-base' (5 labels)...
[2026-07-22 03:22:25,914][httpx][INFO] - HTTP Request: HEAD https://huggingface.co/answerdotai/ModernBERT-base/resolve/main/config.json "HTTP/1.1 307 Temporary Redirect"
[2026-07-22 03:22:25,919][httpx][INFO] - HTTP Request: HEAD https://huggingface.co/api/resolve-cache/models/answerdotai/ModernBERT-base/8949b909ec900327062f0ebf497f51aef5e6f0c8/config.json "HTTP/1.1 200 OK"
[2026-07-22 03:22:25,938][httpx][INFO] - HTTP Request: HEAD https://huggingface.co/answerdotai/ModernBERT-base/resolve/main/config.json "HTTP/1.1 307 Temporary Redirect"
[2026-07-22 03:22:25,942][httpx][INFO] - HTTP Request: HEAD https://huggingface.co/api/resolve-cache/models/answerdotai/ModernBERT-base/8949b909ec900327062f0ebf497f51aef5e6f0c8/config.json "HTTP/1.1 200 OK"
Loading weights:   0%|          | 0/136 [00:00<?, ?it/s]Loading weights:  99%|█████████▉| 135/136 [00:00<00:00, 182.62it/s]Loading weights: 100%|██████████| 136/136 [00:00<00:00, 183.87it/s]
[transformers] [1mModernBertForSequenceClassification LOAD REPORT[0m from: answerdotai/ModernBERT-base
Key               | Status     | 
------------------+------------+-
decoder.bias      | UNEXPECTED | 
classifier.weight | MISSING    | 
classifier.bias   | MISSING    | 

Notes:
- UNEXPECTED:	can be ignored when loading from different task/architecture; not ok if you expect identical arch.
- MISSING:	those params were newly initialized because missing from the checkpoint. Consider training on your downstream task.
[load] loading tokenizer (max_len=256)...
[2026-07-22 03:22:27,651][httpx][INFO] - HTTP Request: HEAD https://huggingface.co/answerdotai/ModernBERT-base/resolve/main/config.json "HTTP/1.1 307 Temporary Redirect"
[2026-07-22 03:22:27,656][httpx][INFO] - HTTP Request: HEAD https://huggingface.co/api/resolve-cache/models/answerdotai/ModernBERT-base/8949b909ec900327062f0ebf497f51aef5e6f0c8/config.json "HTTP/1.1 200 OK"
[2026-07-22 03:22:27,678][httpx][INFO] - HTTP Request: HEAD https://huggingface.co/answerdotai/ModernBERT-base/resolve/main/tokenizer_config.json "HTTP/1.1 307 Temporary Redirect"
[2026-07-22 03:22:27,683][httpx][INFO] - HTTP Request: HEAD https://huggingface.co/api/resolve-cache/models/answerdotai/ModernBERT-base/8949b909ec900327062f0ebf497f51aef5e6f0c8/tokenizer_config.json "HTTP/1.1 200 OK"
[2026-07-22 03:22:27,700][httpx][INFO] - HTTP Request: HEAD https://huggingface.co/answerdotai/ModernBERT-base/resolve/main/tokenizer_config.json "HTTP/1.1 307 Temporary Redirect"
[2026-07-22 03:22:27,704][httpx][INFO] - HTTP Request: HEAD https://huggingface.co/api/resolve-cache/models/answerdotai/ModernBERT-base/8949b909ec900327062f0ebf497f51aef5e6f0c8/tokenizer_config.json "HTTP/1.1 200 OK"
[2026-07-22 03:22:27,724][httpx][INFO] - HTTP Request: GET https://huggingface.co/api/models/answerdotai/ModernBERT-base/tree/main/additional_chat_templates?recursive=false&expand=false "HTTP/1.1 404 Not Found"
[2026-07-22 03:22:27,743][httpx][INFO] - HTTP Request: GET https://huggingface.co/api/models/answerdotai/ModernBERT-base/tree/main?recursive=true&expand=false "HTTP/1.1 200 OK"
[load] model and tokenizer ready.
Loading training data
Training data loaded.

[fit] model=answerdotai/ModernBERT-base | classes=5 | epochs=10 | patience=3
[fit] lr=5.0e-05 | warmup=88 steps (6% of 1470)
----------------------------------------------------------------------

[epoch 1/10]
  train loss : 1.4245E+00
  val loss   : 1.1457E+00  |  lr: 4.79e-05
  checkpoint : val loss improved → 1.1457E+00 (saved)

[epoch 2/10]
  train loss : 1.0202E+00
  val loss   : 1.1878E+00  |  lr: 4.25e-05
  patience   : 0/3

[epoch 3/10]
  train loss : 6.2170E-01
  val loss   : 1.7650E+00  |  lr: 3.72e-05
  patience   : 1/3

[epoch 4/10]
  train loss : 2.8687E-01
  val loss   : 2.0891E+00  |  lr: 3.19e-05
  patience   : 2/3

[epoch 5/10]
  train loss : 1.4488E-01
  val loss   : 2.6669E+00  |  lr: 2.66e-05
  patience   : 3/3

[fit] early stopping triggered at epoch 5.
[fit] training complete in 295.7s
0.5311973018549747 0.48932515292377426
Saving proba...
Proba Saved
[unsupervised-is] fold=2 | train=5218 | test=1186
[init] logging dir: logs/modernbert/sst1_biois/
Max Class =4
Classes in y_train: 5
Classes in y_val: 5
[load] loading model 'answerdotai/ModernBERT-base' (5 labels)...
[2026-07-22 03:27:31,951][httpx][INFO] - HTTP Request: HEAD https://huggingface.co/answerdotai/ModernBERT-base/resolve/main/config.json "HTTP/1.1 307 Temporary Redirect"
[2026-07-22 03:27:31,956][httpx][INFO] - HTTP Request: HEAD https://huggingface.co/api/resolve-cache/models/answerdotai/ModernBERT-base/8949b909ec900327062f0ebf497f51aef5e6f0c8/config.json "HTTP/1.1 200 OK"
[2026-07-22 03:27:31,977][httpx][INFO] - HTTP Request: HEAD https://huggingface.co/answerdotai/ModernBERT-base/resolve/main/config.json "HTTP/1.1 307 Temporary Redirect"
[2026-07-22 03:27:31,982][httpx][INFO] - HTTP Request: HEAD https://huggingface.co/api/resolve-cache/models/answerdotai/ModernBERT-base/8949b909ec900327062f0ebf497f51aef5e6f0c8/config.json "HTTP/1.1 200 OK"
Loading weights:   0%|          | 0/136 [00:00<?, ?it/s]Loading weights: 100%|██████████| 136/136 [00:00<00:00, 1758.07it/s]
[transformers] [1mModernBertForSequenceClassification LOAD REPORT[0m from: answerdotai/ModernBERT-base
Key               | Status     | 
------------------+------------+-
decoder.bias      | UNEXPECTED | 
classifier.weight | MISSING    | 
classifier.bias   | MISSING    | 

Notes:
- UNEXPECTED:	can be ignored when loading from different task/architecture; not ok if you expect identical arch.
- MISSING:	those params were newly initialized because missing from the checkpoint. Consider training on your downstream task.
[load] loading tokenizer (max_len=256)...
[2026-07-22 03:27:32,144][httpx][INFO] - HTTP Request: HEAD https://huggingface.co/answerdotai/ModernBERT-base/resolve/main/config.json "HTTP/1.1 307 Temporary Redirect"
[2026-07-22 03:27:32,150][httpx][INFO] - HTTP Request: HEAD https://huggingface.co/api/resolve-cache/models/answerdotai/ModernBERT-base/8949b909ec900327062f0ebf497f51aef5e6f0c8/config.json "HTTP/1.1 200 OK"
[2026-07-22 03:27:32,175][httpx][INFO] - HTTP Request: HEAD https://huggingface.co/answerdotai/ModernBERT-base/resolve/main/tokenizer_config.json "HTTP/1.1 307 Temporary Redirect"
[2026-07-22 03:27:32,180][httpx][INFO] - HTTP Request: HEAD https://huggingface.co/api/resolve-cache/models/answerdotai/ModernBERT-base/8949b909ec900327062f0ebf497f51aef5e6f0c8/tokenizer_config.json "HTTP/1.1 200 OK"
[2026-07-22 03:27:32,197][httpx][INFO] - HTTP Request: HEAD https://huggingface.co/answerdotai/ModernBERT-base/resolve/main/tokenizer_config.json "HTTP/1.1 307 Temporary Redirect"
[2026-07-22 03:27:32,202][httpx][INFO] - HTTP Request: HEAD https://huggingface.co/api/resolve-cache/models/answerdotai/ModernBERT-base/8949b909ec900327062f0ebf497f51aef5e6f0c8/tokenizer_config.json "HTTP/1.1 200 OK"
[2026-07-22 03:27:32,222][httpx][INFO] - HTTP Request: GET https://huggingface.co/api/models/answerdotai/ModernBERT-base/tree/main/additional_chat_templates?recursive=false&expand=false "HTTP/1.1 404 Not Found"
[2026-07-22 03:27:32,246][httpx][INFO] - HTTP Request: GET https://huggingface.co/api/models/answerdotai/ModernBERT-base/tree/main?recursive=true&expand=false "HTTP/1.1 200 OK"
[load] model and tokenizer ready.
Loading training data
Training data loaded.

[fit] model=answerdotai/ModernBERT-base | classes=5 | epochs=10 | patience=3
[fit] lr=5.0e-05 | warmup=88 steps (6% of 1470)
----------------------------------------------------------------------

[epoch 1/10]
  train loss : 1.4168E+00
  val loss   : 1.1719E+00  |  lr: 4.79e-05
  checkpoint : val loss improved → 1.1719E+00 (saved)

[epoch 2/10]
  train loss : 9.8189E-01
  val loss   : 1.1234E+00  |  lr: 4.25e-05
  checkpoint : val loss improved → 1.1234E+00 (saved)

[epoch 3/10]
  train loss : 5.8318E-01
  val loss   : 2.0526E+00  |  lr: 3.72e-05
  patience   : 0/3

[epoch 4/10]
  train loss : 3.1333E-01
  val loss   : 2.2948E+00  |  lr: 3.19e-05
  patience   : 1/3

[epoch 5/10]
  train loss : 1.6340E-01
  val loss   : 2.6811E+00  |  lr: 2.66e-05
  patience   : 2/3

[epoch 6/10]
  train loss : 5.0632E-02
  val loss   : 3.1875E+00  |  lr: 2.13e-05
  patience   : 3/3

[fit] early stopping triggered at epoch 6.
[fit] training complete in 352.7s
0.5126475548060708 0.47350176052454335
Saving proba...
Proba Saved
[unsupervised-is] fold=3 | train=5206 | test=1186
[init] logging dir: logs/modernbert/sst1_biois/
Max Class =4
Classes in y_train: 5
Classes in y_val: 5
[load] loading model 'answerdotai/ModernBERT-base' (5 labels)...
[2026-07-22 03:33:35,351][httpx][INFO] - HTTP Request: HEAD https://huggingface.co/answerdotai/ModernBERT-base/resolve/main/config.json "HTTP/1.1 307 Temporary Redirect"
[2026-07-22 03:33:35,358][httpx][INFO] - HTTP Request: HEAD https://huggingface.co/api/resolve-cache/models/answerdotai/ModernBERT-base/8949b909ec900327062f0ebf497f51aef5e6f0c8/config.json "HTTP/1.1 200 OK"
[2026-07-22 03:33:35,376][httpx][INFO] - HTTP Request: HEAD https://huggingface.co/answerdotai/ModernBERT-base/resolve/main/config.json "HTTP/1.1 307 Temporary Redirect"
[2026-07-22 03:33:35,381][httpx][INFO] - HTTP Request: HEAD https://huggingface.co/api/resolve-cache/models/answerdotai/ModernBERT-base/8949b909ec900327062f0ebf497f51aef5e6f0c8/config.json "HTTP/1.1 200 OK"
Loading weights:   0%|          | 0/136 [00:00<?, ?it/s]Loading weights: 100%|██████████| 136/136 [00:00<00:00, 1773.45it/s]
[transformers] [1mModernBertForSequenceClassification LOAD REPORT[0m from: answerdotai/ModernBERT-base
Key               | Status     | 
------------------+------------+-
decoder.bias      | UNEXPECTED | 
classifier.weight | MISSING    | 
classifier.bias   | MISSING    | 

Notes:
- UNEXPECTED:	can be ignored when loading from different task/architecture; not ok if you expect identical arch.
- MISSING:	those params were newly initialized because missing from the checkpoint. Consider training on your downstream task.
[load] loading tokenizer (max_len=256)...
[2026-07-22 03:33:35,541][httpx][INFO] - HTTP Request: HEAD https://huggingface.co/answerdotai/ModernBERT-base/resolve/main/config.json "HTTP/1.1 307 Temporary Redirect"
[2026-07-22 03:33:35,547][httpx][INFO] - HTTP Request: HEAD https://huggingface.co/api/resolve-cache/models/answerdotai/ModernBERT-base/8949b909ec900327062f0ebf497f51aef5e6f0c8/config.json "HTTP/1.1 200 OK"
[2026-07-22 03:33:35,577][httpx][INFO] - HTTP Request: HEAD https://huggingface.co/answerdotai/ModernBERT-base/resolve/main/tokenizer_config.json "HTTP/1.1 307 Temporary Redirect"
[2026-07-22 03:33:35,583][httpx][INFO] - HTTP Request: HEAD https://huggingface.co/api/resolve-cache/models/answerdotai/ModernBERT-base/8949b909ec900327062f0ebf497f51aef5e6f0c8/tokenizer_config.json "HTTP/1.1 200 OK"
[2026-07-22 03:33:35,601][httpx][INFO] - HTTP Request: HEAD https://huggingface.co/answerdotai/ModernBERT-base/resolve/main/tokenizer_config.json "HTTP/1.1 307 Temporary Redirect"
[2026-07-22 03:33:35,606][httpx][INFO] - HTTP Request: HEAD https://huggingface.co/api/resolve-cache/models/answerdotai/ModernBERT-base/8949b909ec900327062f0ebf497f51aef5e6f0c8/tokenizer_config.json "HTTP/1.1 200 OK"
[2026-07-22 03:33:35,628][httpx][INFO] - HTTP Request: GET https://huggingface.co/api/models/answerdotai/ModernBERT-base/tree/main/additional_chat_templates?recursive=false&expand=false "HTTP/1.1 404 Not Found"
[2026-07-22 03:33:35,650][httpx][INFO] - HTTP Request: GET https://huggingface.co/api/models/answerdotai/ModernBERT-base/tree/main?recursive=true&expand=false "HTTP/1.1 200 OK"
[load] model and tokenizer ready.
Loading training data
Training data loaded.

[fit] model=answerdotai/ModernBERT-base | classes=5 | epochs=10 | patience=3
[fit] lr=5.0e-05 | warmup=88 steps (6% of 1470)
----------------------------------------------------------------------

[epoch 1/10]
  train loss : 1.3707E+00
  val loss   : 1.1381E+00  |  lr: 4.79e-05
  checkpoint : val loss improved → 1.1381E+00 (saved)

[epoch 2/10]
  train loss : 1.0188E+00
  val loss   : 1.0626E+00  |  lr: 4.25e-05
  checkpoint : val loss improved → 1.0626E+00 (saved)

[epoch 3/10]
  train loss : 6.4531E-01
  val loss   : 1.2429E+00  |  lr: 3.72e-05
  patience   : 0/3

[epoch 4/10]
  train loss : 3.7791E-01
  val loss   : 1.6402E+00  |  lr: 3.19e-05
  patience   : 1/3

[epoch 5/10]
  train loss : 1.8904E-01
  val loss   : 2.0212E+00  |  lr: 2.66e-05
  patience   : 2/3

[epoch 6/10]
  train loss : 8.5112E-02
  val loss   : 2.5830E+00  |  lr: 2.13e-05
  patience   : 3/3

[fit] early stopping triggered at epoch 6.
[fit] training complete in 352.1s
0.5193929173693086 0.4713723009585172
Saving proba...
Proba Saved
[unsupervised-is] fold=4 | train=5211 | test=1186
[init] logging dir: logs/modernbert/sst1_biois/
Max Class =4
Classes in y_train: 5
Classes in y_val: 5
[load] loading model 'answerdotai/ModernBERT-base' (5 labels)...
[2026-07-22 03:39:37,731][httpx][INFO] - HTTP Request: HEAD https://huggingface.co/answerdotai/ModernBERT-base/resolve/main/config.json "HTTP/1.1 307 Temporary Redirect"
[2026-07-22 03:39:37,737][httpx][INFO] - HTTP Request: HEAD https://huggingface.co/api/resolve-cache/models/answerdotai/ModernBERT-base/8949b909ec900327062f0ebf497f51aef5e6f0c8/config.json "HTTP/1.1 200 OK"
[2026-07-22 03:39:37,755][httpx][INFO] - HTTP Request: HEAD https://huggingface.co/answerdotai/ModernBERT-base/resolve/main/config.json "HTTP/1.1 307 Temporary Redirect"
[2026-07-22 03:39:37,759][httpx][INFO] - HTTP Request: HEAD https://huggingface.co/api/resolve-cache/models/answerdotai/ModernBERT-base/8949b909ec900327062f0ebf497f51aef5e6f0c8/config.json "HTTP/1.1 200 OK"
Loading weights:   0%|          | 0/136 [00:00<?, ?it/s]Loading weights: 100%|██████████| 136/136 [00:00<00:00, 1741.70it/s]
[transformers] [1mModernBertForSequenceClassification LOAD REPORT[0m from: answerdotai/ModernBERT-base
Key               | Status     | 
------------------+------------+-
decoder.bias      | UNEXPECTED | 
classifier.weight | MISSING    | 
classifier.bias   | MISSING    | 

Notes:
- UNEXPECTED:	can be ignored when loading from different task/architecture; not ok if you expect identical arch.
- MISSING:	those params were newly initialized because missing from the checkpoint. Consider training on your downstream task.
[load] loading tokenizer (max_len=256)...
[2026-07-22 03:39:37,921][httpx][INFO] - HTTP Request: HEAD https://huggingface.co/answerdotai/ModernBERT-base/resolve/main/config.json "HTTP/1.1 307 Temporary Redirect"
[2026-07-22 03:39:37,926][httpx][INFO] - HTTP Request: HEAD https://huggingface.co/api/resolve-cache/models/answerdotai/ModernBERT-base/8949b909ec900327062f0ebf497f51aef5e6f0c8/config.json "HTTP/1.1 200 OK"
[2026-07-22 03:39:37,948][httpx][INFO] - HTTP Request: HEAD https://huggingface.co/answerdotai/ModernBERT-base/resolve/main/tokenizer_config.json "HTTP/1.1 307 Temporary Redirect"
[2026-07-22 03:39:37,953][httpx][INFO] - HTTP Request: HEAD https://huggingface.co/api/resolve-cache/models/answerdotai/ModernBERT-base/8949b909ec900327062f0ebf497f51aef5e6f0c8/tokenizer_config.json "HTTP/1.1 200 OK"
[2026-07-22 03:39:37,971][httpx][INFO] - HTTP Request: HEAD https://huggingface.co/answerdotai/ModernBERT-base/resolve/main/tokenizer_config.json "HTTP/1.1 307 Temporary Redirect"
[2026-07-22 03:39:37,976][httpx][INFO] - HTTP Request: HEAD https://huggingface.co/api/resolve-cache/models/answerdotai/ModernBERT-base/8949b909ec900327062f0ebf497f51aef5e6f0c8/tokenizer_config.json "HTTP/1.1 200 OK"
[2026-07-22 03:39:37,996][httpx][INFO] - HTTP Request: GET https://huggingface.co/api/models/answerdotai/ModernBERT-base/tree/main/additional_chat_templates?recursive=false&expand=false "HTTP/1.1 404 Not Found"
[2026-07-22 03:39:38,023][httpx][INFO] - HTTP Request: GET https://huggingface.co/api/models/answerdotai/ModernBERT-base/tree/main?recursive=true&expand=false "HTTP/1.1 200 OK"
[load] model and tokenizer ready.
Loading training data
Training data loaded.

[fit] model=answerdotai/ModernBERT-base | classes=5 | epochs=10 | patience=3
[fit] lr=5.0e-05 | warmup=88 steps (6% of 1470)
----------------------------------------------------------------------

[epoch 1/10]
  train loss : 1.4161E+00
  val loss   : 1.1997E+00  |  lr: 4.79e-05
  checkpoint : val loss improved → 1.1997E+00 (saved)

[epoch 2/10]
  train loss : 1.0150E+00
  val loss   : 1.1097E+00  |  lr: 4.25e-05
  checkpoint : val loss improved → 1.1097E+00 (saved)

[epoch 3/10]
  train loss : 6.7345E-01
  val loss   : 1.4270E+00  |  lr: 3.72e-05
  patience   : 0/3

[epoch 4/10]
  train loss : 3.6138E-01
  val loss   : 1.9748E+00  |  lr: 3.19e-05
  patience   : 1/3

[epoch 5/10]
  train loss : 1.9467E-01
  val loss   : 2.7327E+00  |  lr: 2.66e-05
  patience   : 2/3

[epoch 6/10]
  train loss : 8.9411E-02
  val loss   : 2.9260E+00  |  lr: 2.13e-05
  patience   : 3/3

[fit] early stopping triggered at epoch 6.
[fit] training complete in 352.3s
0.515177065767285 0.4965092036089458
Saving proba...
Proba Saved
[unsupervised-is] fold=5 | train=5207 | test=1185
[init] logging dir: logs/modernbert/sst1_biois/
Max Class =4
Classes in y_train: 5
Classes in y_val: 5
[load] loading model 'answerdotai/ModernBERT-base' (5 labels)...
[2026-07-22 03:45:40,398][httpx][INFO] - HTTP Request: HEAD https://huggingface.co/answerdotai/ModernBERT-base/resolve/main/config.json "HTTP/1.1 307 Temporary Redirect"
[2026-07-22 03:45:40,403][httpx][INFO] - HTTP Request: HEAD https://huggingface.co/api/resolve-cache/models/answerdotai/ModernBERT-base/8949b909ec900327062f0ebf497f51aef5e6f0c8/config.json "HTTP/1.1 200 OK"
[2026-07-22 03:45:40,431][httpx][INFO] - HTTP Request: HEAD https://huggingface.co/answerdotai/ModernBERT-base/resolve/main/config.json "HTTP/1.1 307 Temporary Redirect"
[2026-07-22 03:45:40,437][httpx][INFO] - HTTP Request: HEAD https://huggingface.co/api/resolve-cache/models/answerdotai/ModernBERT-base/8949b909ec900327062f0ebf497f51aef5e6f0c8/config.json "HTTP/1.1 200 OK"
Loading weights:   0%|          | 0/136 [00:00<?, ?it/s]Loading weights: 100%|██████████| 136/136 [00:00<00:00, 1569.06it/s]
[transformers] [1mModernBertForSequenceClassification LOAD REPORT[0m from: answerdotai/ModernBERT-base
Key               | Status     | 
------------------+------------+-
decoder.bias      | UNEXPECTED | 
classifier.weight | MISSING    | 
classifier.bias   | MISSING    | 

Notes:
- UNEXPECTED:	can be ignored when loading from different task/architecture; not ok if you expect identical arch.
- MISSING:	those params were newly initialized because missing from the checkpoint. Consider training on your downstream task.
[load] loading tokenizer (max_len=256)...
[2026-07-22 03:45:41,887][httpx][INFO] - HTTP Request: HEAD https://huggingface.co/answerdotai/ModernBERT-base/resolve/main/config.json "HTTP/1.1 307 Temporary Redirect"
[2026-07-22 03:45:41,892][httpx][INFO] - HTTP Request: HEAD https://huggingface.co/api/resolve-cache/models/answerdotai/ModernBERT-base/8949b909ec900327062f0ebf497f51aef5e6f0c8/config.json "HTTP/1.1 200 OK"
[2026-07-22 03:45:41,911][httpx][INFO] - HTTP Request: HEAD https://huggingface.co/answerdotai/ModernBERT-base/resolve/main/tokenizer_config.json "HTTP/1.1 307 Temporary Redirect"
[2026-07-22 03:45:41,918][httpx][INFO] - HTTP Request: HEAD https://huggingface.co/api/resolve-cache/models/answerdotai/ModernBERT-base/8949b909ec900327062f0ebf497f51aef5e6f0c8/tokenizer_config.json "HTTP/1.1 200 OK"
[2026-07-22 03:45:41,937][httpx][INFO] - HTTP Request: HEAD https://huggingface.co/answerdotai/ModernBERT-base/resolve/main/tokenizer_config.json "HTTP/1.1 307 Temporary Redirect"
[2026-07-22 03:45:41,942][httpx][INFO] - HTTP Request: HEAD https://huggingface.co/api/resolve-cache/models/answerdotai/ModernBERT-base/8949b909ec900327062f0ebf497f51aef5e6f0c8/tokenizer_config.json "HTTP/1.1 200 OK"
[2026-07-22 03:45:41,960][httpx][INFO] - HTTP Request: GET https://huggingface.co/api/models/answerdotai/ModernBERT-base/tree/main/additional_chat_templates?recursive=false&expand=false "HTTP/1.1 404 Not Found"
[2026-07-22 03:45:41,981][httpx][INFO] - HTTP Request: GET https://huggingface.co/api/models/answerdotai/ModernBERT-base/tree/main?recursive=true&expand=false "HTTP/1.1 200 OK"
[load] model and tokenizer ready.
Loading training data
Training data loaded.

[fit] model=answerdotai/ModernBERT-base | classes=5 | epochs=10 | patience=3
[fit] lr=5.0e-05 | warmup=88 steps (6% of 1470)
----------------------------------------------------------------------

[epoch 1/10]
  train loss : 1.4108E+00
  val loss   : 1.1093E+00  |  lr: 4.79e-05
  checkpoint : val loss improved → 1.1093E+00 (saved)

[epoch 2/10]
  train loss : 9.5844E-01
  val loss   : 1.1400E+00  |  lr: 4.25e-05
  patience   : 0/3

[epoch 3/10]
  train loss : 5.2046E-01
  val loss   : 1.6016E+00  |  lr: 3.72e-05
  patience   : 1/3

[epoch 4/10]
  train loss : 2.3279E-01
  val loss   : 2.0711E+00  |  lr: 3.19e-05
  patience   : 2/3

[epoch 5/10]
  train loss : 1.1573E-01
  val loss   : 2.2787E+00  |  lr: 2.66e-05
  patience   : 3/3

[fit] early stopping triggered at epoch 5.
[fit] training complete in 295.2s
0.5071729957805907 0.5018838508834043
Saving proba...
Proba Saved
[unsupervised-is] fold=6 | train=5197 | test=1185
[init] logging dir: logs/modernbert/sst1_biois/
Max Class =4
Classes in y_train: 5
Classes in y_val: 5
[load] loading model 'answerdotai/ModernBERT-base' (5 labels)...
[2026-07-22 03:50:45,887][httpx][INFO] - HTTP Request: HEAD https://huggingface.co/answerdotai/ModernBERT-base/resolve/main/config.json "HTTP/1.1 307 Temporary Redirect"
[2026-07-22 03:50:45,892][httpx][INFO] - HTTP Request: HEAD https://huggingface.co/api/resolve-cache/models/answerdotai/ModernBERT-base/8949b909ec900327062f0ebf497f51aef5e6f0c8/config.json "HTTP/1.1 200 OK"
[2026-07-22 03:50:45,910][httpx][INFO] - HTTP Request: HEAD https://huggingface.co/answerdotai/ModernBERT-base/resolve/main/config.json "HTTP/1.1 307 Temporary Redirect"
[2026-07-22 03:50:45,916][httpx][INFO] - HTTP Request: HEAD https://huggingface.co/api/resolve-cache/models/answerdotai/ModernBERT-base/8949b909ec900327062f0ebf497f51aef5e6f0c8/config.json "HTTP/1.1 200 OK"
Loading weights:   0%|          | 0/136 [00:00<?, ?it/s]Loading weights: 100%|██████████| 136/136 [00:00<00:00, 1548.58it/s]
[transformers] [1mModernBertForSequenceClassification LOAD REPORT[0m from: answerdotai/ModernBERT-base
Key               | Status     | 
------------------+------------+-
decoder.bias      | UNEXPECTED | 
classifier.weight | MISSING    | 
classifier.bias   | MISSING    | 

Notes:
- UNEXPECTED:	can be ignored when loading from different task/architecture; not ok if you expect identical arch.
- MISSING:	those params were newly initialized because missing from the checkpoint. Consider training on your downstream task.
[load] loading tokenizer (max_len=256)...
[2026-07-22 03:50:46,136][httpx][INFO] - HTTP Request: HEAD https://huggingface.co/answerdotai/ModernBERT-base/resolve/main/config.json "HTTP/1.1 307 Temporary Redirect"
[2026-07-22 03:50:46,143][httpx][INFO] - HTTP Request: HEAD https://huggingface.co/api/resolve-cache/models/answerdotai/ModernBERT-base/8949b909ec900327062f0ebf497f51aef5e6f0c8/config.json "HTTP/1.1 200 OK"
[2026-07-22 03:50:46,171][httpx][INFO] - HTTP Request: HEAD https://huggingface.co/answerdotai/ModernBERT-base/resolve/main/tokenizer_config.json "HTTP/1.1 307 Temporary Redirect"
[2026-07-22 03:50:46,177][httpx][INFO] - HTTP Request: HEAD https://huggingface.co/api/resolve-cache/models/answerdotai/ModernBERT-base/8949b909ec900327062f0ebf497f51aef5e6f0c8/tokenizer_config.json "HTTP/1.1 200 OK"
[2026-07-22 03:50:46,197][httpx][INFO] - HTTP Request: HEAD https://huggingface.co/answerdotai/ModernBERT-base/resolve/main/tokenizer_config.json "HTTP/1.1 307 Temporary Redirect"
[2026-07-22 03:50:46,203][httpx][INFO] - HTTP Request: HEAD https://huggingface.co/api/resolve-cache/models/answerdotai/ModernBERT-base/8949b909ec900327062f0ebf497f51aef5e6f0c8/tokenizer_config.json "HTTP/1.1 200 OK"
[2026-07-22 03:50:46,221][httpx][INFO] - HTTP Request: GET https://huggingface.co/api/models/answerdotai/ModernBERT-base/tree/main/additional_chat_templates?recursive=false&expand=false "HTTP/1.1 404 Not Found"
[2026-07-22 03:50:46,253][httpx][INFO] - HTTP Request: GET https://huggingface.co/api/models/answerdotai/ModernBERT-base/tree/main?recursive=true&expand=false "HTTP/1.1 200 OK"
[load] model and tokenizer ready.
Loading training data
Training data loaded.

[fit] model=answerdotai/ModernBERT-base | classes=5 | epochs=10 | patience=3
[fit] lr=5.0e-05 | warmup=88 steps (6% of 1470)
----------------------------------------------------------------------

[epoch 1/10]
  train loss : 1.4434E+00
  val loss   : 1.1711E+00  |  lr: 4.79e-05
  checkpoint : val loss improved → 1.1711E+00 (saved)

[epoch 2/10]
  train loss : 9.8769E-01
  val loss   : 1.2123E+00  |  lr: 4.25e-05
  patience   : 0/3

[epoch 3/10]
  train loss : 5.2236E-01
  val loss   : 1.8798E+00  |  lr: 3.72e-05
  patience   : 1/3

[epoch 4/10]
  train loss : 2.0692E-01
  val loss   : 2.8247E+00  |  lr: 3.19e-05
  patience   : 2/3

[epoch 5/10]
  train loss : 1.3143E-01
  val loss   : 2.6868E+00  |  lr: 2.66e-05
  patience   : 3/3

[fit] early stopping triggered at epoch 5.
[fit] training complete in 293.1s
0.5426160337552742 0.5269939507213139
Saving proba...
Proba Saved
[unsupervised-is] fold=7 | train=5196 | test=1185
[init] logging dir: logs/modernbert/sst1_biois/
Max Class =4
Classes in y_train: 5
Classes in y_val: 5
[load] loading model 'answerdotai/ModernBERT-base' (5 labels)...
[2026-07-22 03:55:49,358][httpx][INFO] - HTTP Request: HEAD https://huggingface.co/answerdotai/ModernBERT-base/resolve/main/config.json "HTTP/1.1 307 Temporary Redirect"
[2026-07-22 03:55:49,364][httpx][INFO] - HTTP Request: HEAD https://huggingface.co/api/resolve-cache/models/answerdotai/ModernBERT-base/8949b909ec900327062f0ebf497f51aef5e6f0c8/config.json "HTTP/1.1 200 OK"
[2026-07-22 03:55:49,387][httpx][INFO] - HTTP Request: HEAD https://huggingface.co/answerdotai/ModernBERT-base/resolve/main/config.json "HTTP/1.1 307 Temporary Redirect"
[2026-07-22 03:55:49,393][httpx][INFO] - HTTP Request: HEAD https://huggingface.co/api/resolve-cache/models/answerdotai/ModernBERT-base/8949b909ec900327062f0ebf497f51aef5e6f0c8/config.json "HTTP/1.1 200 OK"
Loading weights:   0%|          | 0/136 [00:00<?, ?it/s]Loading weights: 100%|██████████| 136/136 [00:00<00:00, 1557.41it/s]
[transformers] [1mModernBertForSequenceClassification LOAD REPORT[0m from: answerdotai/ModernBERT-base
Key               | Status     | 
------------------+------------+-
decoder.bias      | UNEXPECTED | 
classifier.weight | MISSING    | 
classifier.bias   | MISSING    | 

Notes:
- UNEXPECTED:	can be ignored when loading from different task/architecture; not ok if you expect identical arch.
- MISSING:	those params were newly initialized because missing from the checkpoint. Consider training on your downstream task.
[load] loading tokenizer (max_len=256)...
[2026-07-22 03:55:49,568][httpx][INFO] - HTTP Request: HEAD https://huggingface.co/answerdotai/ModernBERT-base/resolve/main/config.json "HTTP/1.1 307 Temporary Redirect"
[2026-07-22 03:55:49,575][httpx][INFO] - HTTP Request: HEAD https://huggingface.co/api/resolve-cache/models/answerdotai/ModernBERT-base/8949b909ec900327062f0ebf497f51aef5e6f0c8/config.json "HTTP/1.1 200 OK"
[2026-07-22 03:55:49,597][httpx][INFO] - HTTP Request: HEAD https://huggingface.co/answerdotai/ModernBERT-base/resolve/main/tokenizer_config.json "HTTP/1.1 307 Temporary Redirect"
[2026-07-22 03:55:49,602][httpx][INFO] - HTTP Request: HEAD https://huggingface.co/api/resolve-cache/models/answerdotai/ModernBERT-base/8949b909ec900327062f0ebf497f51aef5e6f0c8/tokenizer_config.json "HTTP/1.1 200 OK"
[2026-07-22 03:55:49,622][httpx][INFO] - HTTP Request: HEAD https://huggingface.co/answerdotai/ModernBERT-base/resolve/main/tokenizer_config.json "HTTP/1.1 307 Temporary Redirect"
[2026-07-22 03:55:49,628][httpx][INFO] - HTTP Request: HEAD https://huggingface.co/api/resolve-cache/models/answerdotai/ModernBERT-base/8949b909ec900327062f0ebf497f51aef5e6f0c8/tokenizer_config.json "HTTP/1.1 200 OK"
[2026-07-22 03:55:49,653][httpx][INFO] - HTTP Request: GET https://huggingface.co/api/models/answerdotai/ModernBERT-base/tree/main/additional_chat_templates?recursive=false&expand=false "HTTP/1.1 404 Not Found"
[2026-07-22 03:55:49,679][httpx][INFO] - HTTP Request: GET https://huggingface.co/api/models/answerdotai/ModernBERT-base/tree/main?recursive=true&expand=false "HTTP/1.1 200 OK"
[load] model and tokenizer ready.
Loading training data
Training data loaded.

[fit] model=answerdotai/ModernBERT-base | classes=5 | epochs=10 | patience=3
[fit] lr=5.0e-05 | warmup=88 steps (6% of 1470)
----------------------------------------------------------------------

[epoch 1/10]
  train loss : 1.4123E+00
  val loss   : 1.1485E+00  |  lr: 4.79e-05
  checkpoint : val loss improved → 1.1485E+00 (saved)

[epoch 2/10]
  train loss : 1.0082E+00
  val loss   : 1.1205E+00  |  lr: 4.25e-05
  checkpoint : val loss improved → 1.1205E+00 (saved)

[epoch 3/10]
  train loss : 6.4826E-01
  val loss   : 1.3239E+00  |  lr: 3.72e-05
  patience   : 0/3

[epoch 4/10]
  train loss : 3.8814E-01
  val loss   : 1.6896E+00  |  lr: 3.19e-05
  patience   : 1/3

[epoch 5/10]
  train loss : 2.4768E-01
  val loss   : 2.2547E+00  |  lr: 2.66e-05
  patience   : 2/3

[epoch 6/10]
  train loss : 1.0155E-01
  val loss   : 2.6640E+00  |  lr: 2.13e-05
  patience   : 3/3

[fit] early stopping triggered at epoch 6.
[fit] training complete in 351.5s
0.5215189873417722 0.4822765386160972
Saving proba...
Proba Saved
[unsupervised-is] fold=8 | train=5198 | test=1185
[init] logging dir: logs/modernbert/sst1_biois/
Max Class =4
Classes in y_train: 5
Classes in y_val: 5
[load] loading model 'answerdotai/ModernBERT-base' (5 labels)...
[2026-07-22 04:01:51,212][httpx][INFO] - HTTP Request: HEAD https://huggingface.co/answerdotai/ModernBERT-base/resolve/main/config.json "HTTP/1.1 307 Temporary Redirect"
[2026-07-22 04:01:51,217][httpx][INFO] - HTTP Request: HEAD https://huggingface.co/api/resolve-cache/models/answerdotai/ModernBERT-base/8949b909ec900327062f0ebf497f51aef5e6f0c8/config.json "HTTP/1.1 200 OK"
[2026-07-22 04:01:51,236][httpx][INFO] - HTTP Request: HEAD https://huggingface.co/answerdotai/ModernBERT-base/resolve/main/config.json "HTTP/1.1 307 Temporary Redirect"
[2026-07-22 04:01:51,241][httpx][INFO] - HTTP Request: HEAD https://huggingface.co/api/resolve-cache/models/answerdotai/ModernBERT-base/8949b909ec900327062f0ebf497f51aef5e6f0c8/config.json "HTTP/1.1 200 OK"
Loading weights:   0%|          | 0/136 [00:00<?, ?it/s]Loading weights:  99%|█████████▊| 134/136 [00:00<00:00, 177.46it/s]Loading weights: 100%|██████████| 136/136 [00:00<00:00, 180.02it/s]
[transformers] [1mModernBertForSequenceClassification LOAD REPORT[0m from: answerdotai/ModernBERT-base
Key               | Status     | 
------------------+------------+-
decoder.bias      | UNEXPECTED | 
classifier.weight | MISSING    | 
classifier.bias   | MISSING    | 

Notes:
- UNEXPECTED:	can be ignored when loading from different task/architecture; not ok if you expect identical arch.
- MISSING:	those params were newly initialized because missing from the checkpoint. Consider training on your downstream task.
[load] loading tokenizer (max_len=256)...
[2026-07-22 04:01:53,001][httpx][INFO] - HTTP Request: HEAD https://huggingface.co/answerdotai/ModernBERT-base/resolve/main/config.json "HTTP/1.1 307 Temporary Redirect"
[2026-07-22 04:01:53,007][httpx][INFO] - HTTP Request: HEAD https://huggingface.co/api/resolve-cache/models/answerdotai/ModernBERT-base/8949b909ec900327062f0ebf497f51aef5e6f0c8/config.json "HTTP/1.1 200 OK"
[2026-07-22 04:01:53,026][httpx][INFO] - HTTP Request: HEAD https://huggingface.co/answerdotai/ModernBERT-base/resolve/main/tokenizer_config.json "HTTP/1.1 307 Temporary Redirect"
[2026-07-22 04:01:53,031][httpx][INFO] - HTTP Request: HEAD https://huggingface.co/api/resolve-cache/models/answerdotai/ModernBERT-base/8949b909ec900327062f0ebf497f51aef5e6f0c8/tokenizer_config.json "HTTP/1.1 200 OK"
[2026-07-22 04:01:53,046][httpx][INFO] - HTTP Request: HEAD https://huggingface.co/answerdotai/ModernBERT-base/resolve/main/tokenizer_config.json "HTTP/1.1 307 Temporary Redirect"
[2026-07-22 04:01:53,051][httpx][INFO] - HTTP Request: HEAD https://huggingface.co/api/resolve-cache/models/answerdotai/ModernBERT-base/8949b909ec900327062f0ebf497f51aef5e6f0c8/tokenizer_config.json "HTTP/1.1 200 OK"
[2026-07-22 04:01:53,069][httpx][INFO] - HTTP Request: GET https://huggingface.co/api/models/answerdotai/ModernBERT-base/tree/main/additional_chat_templates?recursive=false&expand=false "HTTP/1.1 404 Not Found"
[2026-07-22 04:01:53,089][httpx][INFO] - HTTP Request: GET https://huggingface.co/api/models/answerdotai/ModernBERT-base/tree/main?recursive=true&expand=false "HTTP/1.1 200 OK"
[load] model and tokenizer ready.
Loading training data
Training data loaded.

[fit] model=answerdotai/ModernBERT-base | classes=5 | epochs=10 | patience=3
[fit] lr=5.0e-05 | warmup=88 steps (6% of 1470)
----------------------------------------------------------------------

[epoch 1/10]
  train loss : 1.4478E+00
  val loss   : 1.2163E+00  |  lr: 4.79e-05
  checkpoint : val loss improved → 1.2163E+00 (saved)

[epoch 2/10]
  train loss : 1.0359E+00
  val loss   : 1.1686E+00  |  lr: 4.25e-05
  checkpoint : val loss improved → 1.1686E+00 (saved)

[epoch 3/10]
  train loss : 6.5731E-01
  val loss   : 1.9948E+00  |  lr: 3.72e-05
  patience   : 0/3

[epoch 4/10]
  train loss : 3.3203E-01
  val loss   : 2.2484E+00  |  lr: 3.19e-05
  patience   : 1/3

[epoch 5/10]
  train loss : 1.9637E-01
  val loss   : 2.8540E+00  |  lr: 2.66e-05
  patience   : 2/3

[epoch 6/10]
  train loss : 8.7711E-02
  val loss   : 2.7421E+00  |  lr: 2.13e-05
  patience   : 3/3

[fit] early stopping triggered at epoch 6.
[fit] training complete in 353.9s
0.5063291139240507 0.4839762193103142
Saving proba...
Proba Saved
[unsupervised-is] fold=9 | train=5208 | test=1185
[init] logging dir: logs/modernbert/sst1_biois/
Max Class =4
Classes in y_train: 5
Classes in y_val: 5
[load] loading model 'answerdotai/ModernBERT-base' (5 labels)...
[2026-07-22 04:07:55,547][httpx][INFO] - HTTP Request: HEAD https://huggingface.co/answerdotai/ModernBERT-base/resolve/main/config.json "HTTP/1.1 307 Temporary Redirect"
[2026-07-22 04:07:55,554][httpx][INFO] - HTTP Request: HEAD https://huggingface.co/api/resolve-cache/models/answerdotai/ModernBERT-base/8949b909ec900327062f0ebf497f51aef5e6f0c8/config.json "HTTP/1.1 200 OK"
[2026-07-22 04:07:55,573][httpx][INFO] - HTTP Request: HEAD https://huggingface.co/answerdotai/ModernBERT-base/resolve/main/config.json "HTTP/1.1 307 Temporary Redirect"
[2026-07-22 04:07:55,578][httpx][INFO] - HTTP Request: HEAD https://huggingface.co/api/resolve-cache/models/answerdotai/ModernBERT-base/8949b909ec900327062f0ebf497f51aef5e6f0c8/config.json "HTTP/1.1 200 OK"
Loading weights:   0%|          | 0/136 [00:00<?, ?it/s]Loading weights: 100%|██████████| 136/136 [00:00<00:00, 1679.34it/s]
[transformers] [1mModernBertForSequenceClassification LOAD REPORT[0m from: answerdotai/ModernBERT-base
Key               | Status     | 
------------------+------------+-
decoder.bias      | UNEXPECTED | 
classifier.weight | MISSING    | 
classifier.bias   | MISSING    | 

Notes:
- UNEXPECTED:	can be ignored when loading from different task/architecture; not ok if you expect identical arch.
- MISSING:	those params were newly initialized because missing from the checkpoint. Consider training on your downstream task.
[load] loading tokenizer (max_len=256)...
[2026-07-22 04:07:55,742][httpx][INFO] - HTTP Request: HEAD https://huggingface.co/answerdotai/ModernBERT-base/resolve/main/config.json "HTTP/1.1 307 Temporary Redirect"
[2026-07-22 04:07:55,748][httpx][INFO] - HTTP Request: HEAD https://huggingface.co/api/resolve-cache/models/answerdotai/ModernBERT-base/8949b909ec900327062f0ebf497f51aef5e6f0c8/config.json "HTTP/1.1 200 OK"
[2026-07-22 04:07:55,768][httpx][INFO] - HTTP Request: HEAD https://huggingface.co/answerdotai/ModernBERT-base/resolve/main/tokenizer_config.json "HTTP/1.1 307 Temporary Redirect"
[2026-07-22 04:07:55,773][httpx][INFO] - HTTP Request: HEAD https://huggingface.co/api/resolve-cache/models/answerdotai/ModernBERT-base/8949b909ec900327062f0ebf497f51aef5e6f0c8/tokenizer_config.json "HTTP/1.1 200 OK"
[2026-07-22 04:07:55,791][httpx][INFO] - HTTP Request: HEAD https://huggingface.co/answerdotai/ModernBERT-base/resolve/main/tokenizer_config.json "HTTP/1.1 307 Temporary Redirect"
[2026-07-22 04:07:55,797][httpx][INFO] - HTTP Request: HEAD https://huggingface.co/api/resolve-cache/models/answerdotai/ModernBERT-base/8949b909ec900327062f0ebf497f51aef5e6f0c8/tokenizer_config.json "HTTP/1.1 200 OK"
[2026-07-22 04:07:55,815][httpx][INFO] - HTTP Request: GET https://huggingface.co/api/models/answerdotai/ModernBERT-base/tree/main/additional_chat_templates?recursive=false&expand=false "HTTP/1.1 404 Not Found"
[2026-07-22 04:07:55,837][httpx][INFO] - HTTP Request: GET https://huggingface.co/api/models/answerdotai/ModernBERT-base/tree/main?recursive=true&expand=false "HTTP/1.1 200 OK"
[load] model and tokenizer ready.
Loading training data
Training data loaded.

[fit] model=answerdotai/ModernBERT-base | classes=5 | epochs=10 | patience=3
[fit] lr=5.0e-05 | warmup=88 steps (6% of 1470)
----------------------------------------------------------------------

[epoch 1/10]
  train loss : 1.3994E+00
  val loss   : 1.1307E+00  |  lr: 4.79e-05
  checkpoint : val loss improved → 1.1307E+00 (saved)

[epoch 2/10]
  train loss : 9.5196E-01
  val loss   : 1.2050E+00  |  lr: 4.25e-05
  patience   : 0/3

[epoch 3/10]
  train loss : 5.5539E-01
  val loss   : 1.5857E+00  |  lr: 3.72e-05
  patience   : 1/3

[epoch 4/10]
  train loss : 2.4948E-01
  val loss   : 2.3210E+00  |  lr: 3.19e-05
  patience   : 2/3

[epoch 5/10]
  train loss : 1.3523E-01
  val loss   : 2.5711E+00  |  lr: 2.66e-05
  patience   : 3/3

[fit] early stopping triggered at epoch 5.
[fit] training complete in 294.1s
0.47341772151898737 0.47382830992335256
Saving proba...
Proba Saved
Done.
