Methods  : entropy-sublinear-ae-is,autoencoder-is,sublinear-ae-is,no-is,biois
Datasets : agnews,medline
Steps    : 2,3,4,5

=================================================
Step 2: Generating summary (read_selection_ci.py)
=================================================
agnews:
    - no-is: time=0.195 ±0.065 (n=5)  reduction=0.0000 ±0.0000 (n=5)
    - biois: time=45.699 ±2.577 (n=5)  reduction=0.2928 ±0.0001 (n=5)
    - sublinear-ae-is: time=75.117 ±8.280 (n=5)  reduction=0.2500 ±0.0000 (n=5)
    - autoencoder-is: time=76.585 ±2.640 (n=5)  reduction=0.2500 ±0.0000 (n=5)
    - entropy-sublinear-ae-is: time=102.038 ±40.397 (n=5)  reduction=0.2088 ±0.0151 (n=5)

medline:
    - no-is: time=1.353 ±0.362 (n=5)  reduction=0.0000 ±0.0000 (n=5)
    - entropy-sublinear-ae-is: time=446.614 ±6.038 (n=5)  reduction=0.0976 ±0.0081 (n=5)
    - sublinear-ae-is: time=462.728 ±42.710 (n=5)  reduction=0.2500 ±0.0000 (n=5)
    - autoencoder-is: time=515.444 ±27.747 (n=5)  reduction=0.2500 ±0.0000 (n=5)
    - biois: time=583.675 ±21.219 (n=5)  reduction=0.3284 ±0.0001 (n=5)

Wrote: /app/results/jina-v5/instance_selection/selection_summary.json
Wrote: /app/results/jina-v5/instance_selection/selection_summary.csv

=================================================
Step 3: Running atcBench
=================================================
Running with 1 concurrent processes...
Methods  : entropy-sublinear-ae-is autoencoder-is sublinear-ae-is no-is biois
Datasets : agnews medline
xargs: warning: options --max-args and --replace/-I/-i are mutually exclusive, ignoring previous --max-args value
[RUN] Iniciando agnews_entropy-sublinear-ae-is (Acompanhe os detalhes em /app/results/jina-v5/classificacao/logs_modernbert/agnews/entropy-sublinear-ae-is.log)
[DONE] Finalizado agnews_entropy-sublinear-ae-is
[RUN] Iniciando agnews_autoencoder-is (Acompanhe os detalhes em /app/results/jina-v5/classificacao/logs_modernbert/agnews/autoencoder-is.log)
[DONE] Finalizado agnews_autoencoder-is
[RUN] Iniciando agnews_sublinear-ae-is (Acompanhe os detalhes em /app/results/jina-v5/classificacao/logs_modernbert/agnews/sublinear-ae-is.log)
[DONE] Finalizado agnews_sublinear-ae-is
[RUN] Iniciando agnews_no-is (Acompanhe os detalhes em /app/results/jina-v5/classificacao/logs_modernbert/agnews/no-is.log)
[DONE] Finalizado agnews_no-is
[RUN] Iniciando agnews_biois (Acompanhe os detalhes em /app/results/jina-v5/classificacao/logs_modernbert/agnews/biois.log)
[DONE] Finalizado agnews_biois
[RUN] Iniciando medline_entropy-sublinear-ae-is (Acompanhe os detalhes em /app/results/jina-v5/classificacao/logs_modernbert/medline/entropy-sublinear-ae-is.log)
[DONE] Finalizado medline_entropy-sublinear-ae-is
[RUN] Iniciando medline_autoencoder-is (Acompanhe os detalhes em /app/results/jina-v5/classificacao/logs_modernbert/medline/autoencoder-is.log)
[DONE] Finalizado medline_autoencoder-is
[RUN] Iniciando medline_sublinear-ae-is (Acompanhe os detalhes em /app/results/jina-v5/classificacao/logs_modernbert/medline/sublinear-ae-is.log)
[DONE] Finalizado medline_sublinear-ae-is
[RUN] Iniciando medline_no-is (Acompanhe os detalhes em /app/results/jina-v5/classificacao/logs_modernbert/medline/no-is.log)
[DONE] Finalizado medline_no-is
[RUN] Iniciando medline_biois (Acompanhe os detalhes em /app/results/jina-v5/classificacao/logs_modernbert/medline/biois.log)
[DONE] Finalizado medline_biois
All runs finished.

=================================================
Step 4: Generating results CSV (Metrics)
=================================================
Loaded selection CSV with 104 entries from: /app/results/jina-v5/instance_selection/selection_summary.csv
Processing: dataset=acm, method=cnn-is, model=modernbert, reduction=0.5745493323973732
Processing: dataset=acm, method=e2sc-is, model=modernbert, reduction=0.2499810326130178
Processing: dataset=acm, method=entropy-sublinear-ae-is, model=modernbert, reduction=0.1891916445273493
Processing: dataset=acm, method=lssm-is, model=modernbert, reduction=0.15640439059562292
Processing: dataset=agnews, method=autoencoder-is, model=modernbert, reduction=0.24998911529083942
Processing: dataset=agnews, method=biois, model=modernbert, reduction=0.2927769070010449
Processing: dataset=agnews, method=entropy-sublinear-ae-is, model=modernbert, reduction=0.20878178335074887
Processing: dataset=agnews, method=no-is, model=modernbert, reduction=0.0
Processing: dataset=agnews, method=sublinear-ae-is, model=modernbert, reduction=0.2499978230581679
Processing: dataset=medline, method=autoencoder-is, model=modernbert, reduction=0.24999825667252537
Processing: dataset=medline, method=biois, model=modernbert, reduction=0.3283654335920715
Processing: dataset=medline, method=entropy-sublinear-ae-is, model=modernbert, reduction=0.0976129286891321
Processing: dataset=medline, method=no-is, model=modernbert, reduction=0.0
Processing: dataset=medline, method=sublinear-ae-is, model=modernbert, reduction=0.2500008716639484
Processing: dataset=movie_review, method=cnn-is, model=modernbert, reduction=0.4775214018955701
Processing: dataset=movie_review, method=e2sc-is, model=modernbert, reduction=0.4999895779051589
Processing: dataset=movie_review, method=entropy-sublinear-ae-is, model=modernbert, reduction=0.23401869612599135
Processing: dataset=movie_review, method=lsbo-is, model=modernbert, reduction=0.7077054578716466
Processing: dataset=movie_review, method=lssm-is, model=modernbert, reduction=0.1853102756250922
Processing: dataset=mpqa, method=cnn-is, model=modernbert, reduction=0.7040355129698144
Processing: dataset=mpqa, method=e2sc-is, model=modernbert, reduction=0.49996856993190153
Processing: dataset=mpqa, method=entropy-sublinear-ae-is, model=modernbert, reduction=0.2876256393321215
Processing: dataset=mpqa, method=lsbo-is, model=modernbert, reduction=0.862446844739656
Processing: dataset=mpqa, method=lssm-is, model=modernbert, reduction=0.10446914979350079
Processing: dataset=pang_movie, method=cnn-is, model=modernbert, reduction=0.4778446030123558
Processing: dataset=pang_movie, method=e2sc-is, model=modernbert, reduction=0.5
Processing: dataset=pang_movie, method=entropy-sublinear-ae-is, model=modernbert, reduction=0.23406106168029328
Processing: dataset=pang_movie, method=lsbo-is, model=modernbert, reduction=0.7075804529248038
Processing: dataset=pang_movie, method=lssm-is, model=modernbert, reduction=0.1834448122754226
Processing: dataset=reuters90, method=cnn-is, model=modernbert, reduction=0.5010053927025532
Processing: dataset=reuters90, method=e2sc-is, model=modernbert, reduction=0.24997709247439603
Processing: dataset=reuters90, method=entropy-sublinear-ae-is, model=modernbert, reduction=0.2309710427207498
Processing: dataset=reuters90, method=lsbo-is, model=modernbert, reduction=0.8167159833191207
Processing: dataset=reuters90, method=lssm-is, model=modernbert, reduction=0.2922731839038671
Processing: dataset=sst1, method=cnn-is, model=modernbert, reduction=0.185191445791102
Processing: dataset=sst1, method=entropy-sublinear-ae-is, model=modernbert, reduction=0.2478650695816335
Processing: dataset=sst1, method=lsbo-is, model=modernbert, reduction=0.6102629125558259
Processing: dataset=sst1, method=lssm-is, model=modernbert, reduction=0.3926051204415248
Processing: dataset=sst2, method=cnn-is, model=modernbert, reduction=0.5147081799367073
Processing: dataset=sst2, method=e2sc-is, model=modernbert, reduction=0.4999826609640504
Processing: dataset=sst2, method=entropy-sublinear-ae-is, model=modernbert, reduction=0.2327863788017954
Processing: dataset=sst2, method=lsbo-is, model=modernbert, reduction=0.7196042224093024
Processing: dataset=sst2, method=lssm-is, model=modernbert, reduction=0.16995499385879081
Processing: dataset=subj, method=cnn-is, model=modernbert, reduction=0.7065444444444444
Processing: dataset=subj, method=e2sc-is, model=modernbert, reduction=0.5
Processing: dataset=subj, method=entropy-sublinear-ae-is, model=modernbert, reduction=0.22573333333333334
Processing: dataset=subj, method=lsbo-is, model=modernbert, reduction=0.8270888888888889
Processing: dataset=subj, method=lssm-is, model=modernbert, reduction=0.0865888888888889
Processing: dataset=trec, method=cnn-is, model=modernbert, reduction=0.4137916398706654
Processing: dataset=trec, method=e2sc-is, model=modernbert, reduction=0.24996266567108455
Processing: dataset=trec, method=entropy-sublinear-ae-is, model=modernbert, reduction=0.13995297380198
Processing: dataset=trec, method=lsbo-is, model=modernbert, reduction=0.709490771882371
Processing: dataset=trec, method=lssm-is, model=modernbert, reduction=0.26978787744023686
Processing: dataset=twitter, method=cnn-is, model=modernbert, reduction=0.7432708483773948
Processing: dataset=twitter, method=e2sc-is, model=modernbert, reduction=0.24994839190361837
Processing: dataset=twitter, method=entropy-sublinear-ae-is, model=modernbert, reduction=0.23470343285246298
Processing: dataset=twitter, method=lsbo-is, model=modernbert, reduction=0.8795992037622395
Processing: dataset=twitter, method=lssm-is, model=modernbert, reduction=0.09014975501094268
Processing: dataset=vader_movie, method=cnn-is, model=modernbert, reduction=0.5007883594225875
Processing: dataset=vader_movie, method=e2sc-is, model=modernbert, reduction=0.4999789717169593
Processing: dataset=vader_movie, method=entropy-sublinear-ae-is, model=modernbert, reduction=0.2348484962891943
Processing: dataset=vader_movie, method=lsbo-is, model=modernbert, reduction=0.7168180257888368
Processing: dataset=vader_movie, method=lssm-is, model=modernbert, reduction=0.17407893234362454
Processing: dataset=webkb, method=cnn-is, model=modernbert, reduction=0.4373707900641053
Processing: dataset=webkb, method=e2sc-is, model=modernbert, reduction=0.24994918285743423
Processing: dataset=webkb, method=entropy-sublinear-ae-is, model=modernbert, reduction=0.2268038087792201
Processing: dataset=webkb, method=lsbo-is, model=modernbert, reduction=0.7177970888541487
Processing: dataset=webkb, method=lssm-is, model=modernbert, reduction=0.2264774157903613
Processing: dataset=wos11967, method=cnn-is, model=modernbert, reduction=0.5233001628310553
Processing: dataset=wos11967, method=e2sc-is, model=modernbert, reduction=0.49998607371646087
Processing: dataset=wos11967, method=entropy-sublinear-ae-is, model=modernbert, reduction=0.14839893599918003
Processing: dataset=wos11967, method=lsbo-is, model=modernbert, reduction=0.7772485801526796
Processing: dataset=wos11967, method=lssm-is, model=modernbert, reduction=0.20320700284740992
Processing: dataset=wos5736, method=cnn-is, model=modernbert, reduction=0.5387996715820547
Processing: dataset=wos5736, method=e2sc-is, model=modernbert, reduction=0.499961262831687
Processing: dataset=wos5736, method=entropy-sublinear-ae-is, model=modernbert, reduction=0.2219899242839196
Processing: dataset=wos5736, method=lsbo-is, model=modernbert, reduction=0.779191908299322
Processing: dataset=wos5736, method=lssm-is, model=modernbert, reduction=0.19370854956019956
Processing: dataset=yelp_reviews, method=cnn-is, model=modernbert, reduction=0.6894888888888889
Processing: dataset=yelp_reviews, method=e2sc-is, model=modernbert, reduction=0.5
Processing: dataset=yelp_reviews, method=entropy-sublinear-ae-is, model=modernbert, reduction=0.2735111111111111
Processing: dataset=yelp_reviews, method=lsbo-is, model=modernbert, reduction=0.7825111111111112
Processing: dataset=yelp_reviews, method=lssm-is, model=modernbert, reduction=0.092
Wrote CSV to: /app/results/jina-v5/classificacao/results/results_modernbert.csv

=================================================
Step 5: Generating results CSV (Times)
=================================================
Loaded selection CSV with 104 entries from: /app/results/jina-v5/instance_selection/selection_summary.csv
Processing: dataset=acm, method=cnn-is, model=modernbert, IS_time=1245.40
Processing: dataset=acm, method=e2sc-is, model=modernbert, IS_time=1.83
Processing: dataset=acm, method=entropy-sublinear-ae-is, model=modernbert, IS_time=14.52
Processing: dataset=acm, method=lssm-is, model=modernbert, IS_time=455.36
Processing: dataset=agnews, method=autoencoder-is, model=modernbert, IS_time=76.59
Processing: dataset=agnews, method=biois, model=modernbert, IS_time=45.70
Processing: dataset=agnews, method=entropy-sublinear-ae-is, model=modernbert, IS_time=102.04
Processing: dataset=agnews, method=no-is, model=modernbert, IS_time=0.19
Processing: dataset=agnews, method=sublinear-ae-is, model=modernbert, IS_time=75.12
Processing: dataset=medline, method=autoencoder-is, model=modernbert, IS_time=515.44
Processing: dataset=medline, method=biois, model=modernbert, IS_time=583.67
Processing: dataset=medline, method=entropy-sublinear-ae-is, model=modernbert, IS_time=446.61
Processing: dataset=medline, method=no-is, model=modernbert, IS_time=1.35
Processing: dataset=medline, method=sublinear-ae-is, model=modernbert, IS_time=462.73
Processing: dataset=movie_review, method=cnn-is, model=modernbert, IS_time=204.47
Processing: dataset=movie_review, method=e2sc-is, model=modernbert, IS_time=0.67
Processing: dataset=movie_review, method=entropy-sublinear-ae-is, model=modernbert, IS_time=7.15
Processing: dataset=movie_review, method=lsbo-is, model=modernbert, IS_time=121.33
Processing: dataset=movie_review, method=lssm-is, model=modernbert, IS_time=74.38
Processing: dataset=mpqa, method=cnn-is, model=modernbert, IS_time=200.51
Processing: dataset=mpqa, method=e2sc-is, model=modernbert, IS_time=0.73
Processing: dataset=mpqa, method=entropy-sublinear-ae-is, model=modernbert, IS_time=6.90
Processing: dataset=mpqa, method=lsbo-is, model=modernbert, IS_time=127.35
Processing: dataset=mpqa, method=lssm-is, model=modernbert, IS_time=72.11
Processing: dataset=pang_movie, method=cnn-is, model=modernbert, IS_time=215.10
Processing: dataset=pang_movie, method=e2sc-is, model=modernbert, IS_time=0.68
Processing: dataset=pang_movie, method=entropy-sublinear-ae-is, model=modernbert, IS_time=7.06
Processing: dataset=pang_movie, method=lsbo-is, model=modernbert, IS_time=120.12
Processing: dataset=pang_movie, method=lssm-is, model=modernbert, IS_time=72.88
Processing: dataset=reuters90, method=cnn-is, model=modernbert, IS_time=403.66
Processing: dataset=reuters90, method=e2sc-is, model=modernbert, IS_time=0.60
Processing: dataset=reuters90, method=entropy-sublinear-ae-is, model=modernbert, IS_time=8.14
Processing: dataset=reuters90, method=lsbo-is, model=modernbert, IS_time=194.86
Processing: dataset=reuters90, method=lssm-is, model=modernbert, IS_time=129.82
Processing: dataset=sst1, method=cnn-is, model=modernbert, IS_time=212.93
Processing: dataset=sst1, method=entropy-sublinear-ae-is, model=modernbert, IS_time=7.47
Processing: dataset=sst1, method=lsbo-is, model=modernbert, IS_time=135.39
Processing: dataset=sst1, method=lssm-is, model=modernbert, IS_time=99.14
Processing: dataset=sst2, method=cnn-is, model=modernbert, IS_time=166.36
Processing: dataset=sst2, method=e2sc-is, model=modernbert, IS_time=0.56
Processing: dataset=sst2, method=entropy-sublinear-ae-is, model=modernbert, IS_time=6.33
Processing: dataset=sst2, method=lsbo-is, model=modernbert, IS_time=101.75
Processing: dataset=sst2, method=lssm-is, model=modernbert, IS_time=60.36
Processing: dataset=subj, method=cnn-is, model=modernbert, IS_time=135.12
Processing: dataset=subj, method=e2sc-is, model=modernbert, IS_time=0.63
Processing: dataset=subj, method=entropy-sublinear-ae-is, model=modernbert, IS_time=6.36
Processing: dataset=subj, method=lsbo-is, model=modernbert, IS_time=119.14
Processing: dataset=subj, method=lssm-is, model=modernbert, IS_time=65.19
Processing: dataset=trec, method=cnn-is, model=modernbert, IS_time=58.08
Processing: dataset=trec, method=e2sc-is, model=modernbert, IS_time=0.32
Processing: dataset=trec, method=entropy-sublinear-ae-is, model=modernbert, IS_time=4.61
Processing: dataset=trec, method=lsbo-is, model=modernbert, IS_time=38.65
Processing: dataset=trec, method=lssm-is, model=modernbert, IS_time=25.15
Processing: dataset=twitter, method=cnn-is, model=modernbert, IS_time=58.02
Processing: dataset=twitter, method=e2sc-is, model=modernbert, IS_time=0.35
Processing: dataset=twitter, method=entropy-sublinear-ae-is, model=modernbert, IS_time=5.13
Processing: dataset=twitter, method=lsbo-is, model=modernbert, IS_time=62.63
Processing: dataset=twitter, method=lssm-is, model=modernbert, IS_time=35.20
Processing: dataset=vader_movie, method=cnn-is, model=modernbert, IS_time=202.82
Processing: dataset=vader_movie, method=e2sc-is, model=modernbert, IS_time=0.68
Processing: dataset=vader_movie, method=entropy-sublinear-ae-is, model=modernbert, IS_time=6.77
Processing: dataset=vader_movie, method=lsbo-is, model=modernbert, IS_time=121.48
Processing: dataset=vader_movie, method=lssm-is, model=modernbert, IS_time=72.02
Processing: dataset=webkb, method=cnn-is, model=modernbert, IS_time=119.01
Processing: dataset=webkb, method=e2sc-is, model=modernbert, IS_time=0.45
Processing: dataset=webkb, method=entropy-sublinear-ae-is, model=modernbert, IS_time=5.46
Processing: dataset=webkb, method=lsbo-is, model=modernbert, IS_time=73.63
Processing: dataset=webkb, method=lssm-is, model=modernbert, IS_time=46.68
Processing: dataset=wos11967, method=cnn-is, model=modernbert, IS_time=222.86
Processing: dataset=wos11967, method=e2sc-is, model=modernbert, IS_time=0.59
Processing: dataset=wos11967, method=entropy-sublinear-ae-is, model=modernbert, IS_time=7.67
Processing: dataset=wos11967, method=lsbo-is, model=modernbert, IS_time=173.32
Processing: dataset=wos11967, method=lssm-is, model=modernbert, IS_time=107.40
Processing: dataset=wos5736, method=cnn-is, model=modernbert, IS_time=51.78
Processing: dataset=wos5736, method=e2sc-is, model=modernbert, IS_time=0.24
Processing: dataset=wos5736, method=entropy-sublinear-ae-is, model=modernbert, IS_time=3.99
Processing: dataset=wos5736, method=lsbo-is, model=modernbert, IS_time=40.40
Processing: dataset=wos5736, method=lssm-is, model=modernbert, IS_time=23.95
Processing: dataset=yelp_reviews, method=cnn-is, model=modernbert, IS_time=42.37
Processing: dataset=yelp_reviews, method=e2sc-is, model=modernbert, IS_time=0.23
Processing: dataset=yelp_reviews, method=entropy-sublinear-ae-is, model=modernbert, IS_time=3.74
Processing: dataset=yelp_reviews, method=lsbo-is, model=modernbert, IS_time=29.93
Processing: dataset=yelp_reviews, method=lssm-is, model=modernbert, IS_time=16.75
Wrote CSV to: /app/results/jina-v5/classificacao/results/times_modernbert.csv

=================================================
Pipeline execution completed successfully!
=================================================
