Exp 1: Reconstruction Error Analysis
  Datasets: ['mpqa', 'trec', 'sst2', 'twitter', 'vader_movie', 'movie_review', 'sst1', 'pang_movie', 'subj', 'yelp_reviews', 'wos5736', 'webkb', 'wos11967', 'acm', 'ohsumed', '20ng', 'dblp', 'books']
  Input rep: jina-v5
  Output: /app/results/exp1-reconstruction-error

======================================================================
  Exp 1: Reconstruction Error Analysis — MPQA
======================================================================
[Step 0] Loading data from /app/datasets/mpqa/jina-v5/ (fold 0)...
  Instances: 9545, Features: 256, Classes: 2
[Step 1] Training Autoencoder (50 epochs)...
[AE-IS] Using GPU: NVIDIA A100-SXM4-80GB
[AE-IS] Architecture: 256 → 192 → 128 → 192 → 256
[AE-IS] Training autoencoder on 9545 instances (256 features) for up to 50 epochs …
  Epoch   1/50 — loss: 0.854527 (best: 0.854527)
  Epoch  10/50 — loss: 0.406783 (best: 0.406783)
  Epoch  20/50 — loss: 0.361421 (best: 0.361421)
  Epoch  30/50 — loss: 0.340519 (best: 0.340519)
  Epoch  40/50 — loss: 0.328450 (best: 0.328450)
  Epoch  50/50 — loss: 0.320265 (best: 0.320265)
[AE-IS] Training finished — best loss: 0.320265
[AE-IS] Reconstruction error stats — min: 0.012716, median: 0.204386, max: 0.875211
[AE-IS] Removed 0 redundant + 0 noisy = 0 total instances
[AE-IS] Kept 9545 / 9545 (reduction = 0.00%)
  RE stats: min=0.012716, median=0.204386, max=0.875211
[Step 2] Training Logistic Regression (max_iter=1000)...
/app/venv/lib/python3.12/site-packages/sklearn/linear_model/_logistic.py:1457: FutureWarning: 'n_jobs' has no effect since 1.8 and will be removed in 1.10. You provided 'n_jobs=-1', please leave it unspecified.
  warnings.warn(msg, category=FutureWarning)
  Train accuracy: 0.9037
[Step 3] Computing per-instance metrics...
  Computing class centroid distances...
  Computing 10-NN label purity...
  Saved metrics CSV to /app/results/exp1-reconstruction-error/mpqa/per_instance_metrics.csv

[Step 5] Spearman correlations with Reconstruction Error:
  RE vs centroid_distance: rho=0.3227, p=3.22e-230
  RE vs lr_confidence: rho=-0.3004, p=2.99e-198
  RE vs knn_purity: rho=-0.4361, p=0.00e+00
[Step 6] Generating plots...
/app/unsupervised-is/analysis/exp1_reconstruction_analysis.py:240: FutureWarning: 

Passing `palette` without assigning `hue` is deprecated and will be removed in v0.14.0. Assign the `x` variable to `hue` and set `legend=False` for the same effect.

  sns.boxplot(data=df_box, x='Purity Quartile', y='RE', palette='viridis', ax=ax)
/app/unsupervised-is/analysis/exp1_reconstruction_analysis.py:254: FutureWarning: 

Passing `palette` without assigning `hue` is deprecated and will be removed in v0.14.0. Assign the `x` variable to `hue` and set `legend=False` for the same effect.

  sns.violinplot(data=df_violin, x='LR Prediction', y='RE',

  All plots saved to /app/results/exp1-reconstruction-error/mpqa/
  ✓ MPQA analysis complete


======================================================================
  Exp 1: Reconstruction Error Analysis — TREC
======================================================================
[Step 0] Loading data from /app/datasets/trec/jina-v5/ (fold 0)...
  Instances: 5356, Features: 256, Classes: 6
[Step 1] Training Autoencoder (50 epochs)...
[AE-IS] Using GPU: NVIDIA A100-SXM4-80GB
[AE-IS] Architecture: 256 → 192 → 128 → 192 → 256
[AE-IS] Training autoencoder on 5356 instances (256 features) for up to 50 epochs …
  Epoch   1/50 — loss: 0.940697 (best: 0.940697)
  Epoch  10/50 — loss: 0.416970 (best: 0.416970)
  Epoch  20/50 — loss: 0.357944 (best: 0.357944)
  Epoch  30/50 — loss: 0.333428 (best: 0.333428)
  Epoch  40/50 — loss: 0.320298 (best: 0.320298)
  Epoch  50/50 — loss: 0.310745 (best: 0.310745)
[AE-IS] Training finished — best loss: 0.310745
[AE-IS] Reconstruction error stats — min: 0.054171, median: 0.214810, max: 0.651725
[AE-IS] Removed 0 redundant + 0 noisy = 0 total instances
[AE-IS] Kept 5356 / 5356 (reduction = 0.00%)
  RE stats: min=0.054171, median=0.214810, max=0.651725
[Step 2] Training Logistic Regression (max_iter=1000)...
/app/venv/lib/python3.12/site-packages/sklearn/linear_model/_logistic.py:1457: FutureWarning: 'n_jobs' has no effect since 1.8 and will be removed in 1.10. You provided 'n_jobs=-1', please leave it unspecified.
  warnings.warn(msg, category=FutureWarning)
  Train accuracy: 0.8975
[Step 3] Computing per-instance metrics...
  Computing class centroid distances...
  Computing 10-NN label purity...
  Saved metrics CSV to /app/results/exp1-reconstruction-error/trec/per_instance_metrics.csv

[Step 5] Spearman correlations with Reconstruction Error:
  RE vs centroid_distance: rho=0.2799, p=5.76e-97
  RE vs lr_confidence: rho=-0.0200, p=1.43e-01
  RE vs knn_purity: rho=-0.1208, p=7.14e-19
[Step 6] Generating plots...
/app/unsupervised-is/analysis/exp1_reconstruction_analysis.py:240: FutureWarning: 

Passing `palette` without assigning `hue` is deprecated and will be removed in v0.14.0. Assign the `x` variable to `hue` and set `legend=False` for the same effect.

  sns.boxplot(data=df_box, x='Purity Quartile', y='RE', palette='viridis', ax=ax)
/app/unsupervised-is/analysis/exp1_reconstruction_analysis.py:254: FutureWarning: 

Passing `palette` without assigning `hue` is deprecated and will be removed in v0.14.0. Assign the `x` variable to `hue` and set `legend=False` for the same effect.

  sns.violinplot(data=df_violin, x='LR Prediction', y='RE',

  All plots saved to /app/results/exp1-reconstruction-error/trec/
  ✓ TREC analysis complete


======================================================================
  Exp 1: Reconstruction Error Analysis — SST2
======================================================================
[Step 0] Loading data from /app/datasets/sst2/jina-v5/ (fold 0)...
  Instances: 8651, Features: 256, Classes: 2
[Step 1] Training Autoencoder (50 epochs)...
[AE-IS] Using GPU: NVIDIA A100-SXM4-80GB
[AE-IS] Architecture: 256 → 192 → 128 → 192 → 256
[AE-IS] Training autoencoder on 8651 instances (256 features) for up to 50 epochs …
  Epoch   1/50 — loss: 0.800092 (best: 0.800092)
  Epoch  10/50 — loss: 0.337828 (best: 0.337828)
  Epoch  20/50 — loss: 0.297272 (best: 0.297272)
  Epoch  30/50 — loss: 0.279669 (best: 0.279669)
  Epoch  40/50 — loss: 0.269327 (best: 0.269327)
  Epoch  50/50 — loss: 0.261453 (best: 0.261453)
[AE-IS] Training finished — best loss: 0.261453
[AE-IS] Reconstruction error stats — min: 0.033096, median: 0.160095, max: 1.126398
[AE-IS] Removed 0 redundant + 0 noisy = 0 total instances
[AE-IS] Kept 8651 / 8651 (reduction = 0.00%)
  RE stats: min=0.033096, median=0.160095, max=1.126398
[Step 2] Training Logistic Regression (max_iter=1000)...
/app/venv/lib/python3.12/site-packages/sklearn/linear_model/_logistic.py:1457: FutureWarning: 'n_jobs' has no effect since 1.8 and will be removed in 1.10. You provided 'n_jobs=-1', please leave it unspecified.
  warnings.warn(msg, category=FutureWarning)
  Train accuracy: 0.8889
[Step 3] Computing per-instance metrics...
  Computing class centroid distances...
  Computing 10-NN label purity...
  Saved metrics CSV to /app/results/exp1-reconstruction-error/sst2/per_instance_metrics.csv

[Step 5] Spearman correlations with Reconstruction Error:
  RE vs centroid_distance: rho=0.7861, p=0.00e+00
  RE vs lr_confidence: rho=-0.0003, p=9.77e-01
  RE vs knn_purity: rho=-0.1107, p=5.36e-25
[Step 6] Generating plots...
/app/unsupervised-is/analysis/exp1_reconstruction_analysis.py:240: FutureWarning: 

Passing `palette` without assigning `hue` is deprecated and will be removed in v0.14.0. Assign the `x` variable to `hue` and set `legend=False` for the same effect.

  sns.boxplot(data=df_box, x='Purity Quartile', y='RE', palette='viridis', ax=ax)
/app/unsupervised-is/analysis/exp1_reconstruction_analysis.py:254: FutureWarning: 

Passing `palette` without assigning `hue` is deprecated and will be removed in v0.14.0. Assign the `x` variable to `hue` and set `legend=False` for the same effect.

  sns.violinplot(data=df_violin, x='LR Prediction', y='RE',

  All plots saved to /app/results/exp1-reconstruction-error/sst2/
  ✓ SST2 analysis complete


======================================================================
  Exp 1: Reconstruction Error Analysis — TWITTER
======================================================================
[Step 0] Loading data from /app/datasets/twitter/jina-v5/ (fold 0)...
  Instances: 6297, Features: 256, Classes: 6
[Step 1] Training Autoencoder (50 epochs)...
[AE-IS] Using GPU: NVIDIA A100-SXM4-80GB
[AE-IS] Architecture: 256 → 192 → 128 → 192 → 256
[AE-IS] Training autoencoder on 6297 instances (256 features) for up to 50 epochs …
  Epoch   1/50 — loss: 0.825671 (best: 0.825671)
  Epoch  10/50 — loss: 0.326253 (best: 0.326253)
  Epoch  20/50 — loss: 0.281014 (best: 0.281014)
  Epoch  30/50 — loss: 0.263236 (best: 0.263236)
  Epoch  40/50 — loss: 0.252771 (best: 0.252771)
  Epoch  50/50 — loss: 0.246419 (best: 0.246419)
[AE-IS] Training finished — best loss: 0.246419
[AE-IS] Reconstruction error stats — min: 0.017837, median: 0.158136, max: 0.745679
[AE-IS] Removed 0 redundant + 0 noisy = 0 total instances
[AE-IS] Kept 6297 / 6297 (reduction = 0.00%)
  RE stats: min=0.017837, median=0.158136, max=0.745679
[Step 2] Training Logistic Regression (max_iter=1000)...
/app/venv/lib/python3.12/site-packages/sklearn/linear_model/_logistic.py:1457: FutureWarning: 'n_jobs' has no effect since 1.8 and will be removed in 1.10. You provided 'n_jobs=-1', please leave it unspecified.
  warnings.warn(msg, category=FutureWarning)
  Train accuracy: 0.9492
[Step 3] Computing per-instance metrics...
  Computing class centroid distances...
  Computing 10-NN label purity...
  Saved metrics CSV to /app/results/exp1-reconstruction-error/twitter/per_instance_metrics.csv

[Step 5] Spearman correlations with Reconstruction Error:
  RE vs centroid_distance: rho=0.6300, p=0.00e+00
  RE vs lr_confidence: rho=-0.4552, p=0.00e+00
  RE vs knn_purity: rho=-0.5979, p=0.00e+00
[Step 6] Generating plots...
/app/unsupervised-is/analysis/exp1_reconstruction_analysis.py:240: FutureWarning: 

Passing `palette` without assigning `hue` is deprecated and will be removed in v0.14.0. Assign the `x` variable to `hue` and set `legend=False` for the same effect.

  sns.boxplot(data=df_box, x='Purity Quartile', y='RE', palette='viridis', ax=ax)
/app/unsupervised-is/analysis/exp1_reconstruction_analysis.py:254: FutureWarning: 

Passing `palette` without assigning `hue` is deprecated and will be removed in v0.14.0. Assign the `x` variable to `hue` and set `legend=False` for the same effect.

  sns.violinplot(data=df_violin, x='LR Prediction', y='RE',

  All plots saved to /app/results/exp1-reconstruction-error/twitter/
  ✓ TWITTER analysis complete


======================================================================
  Exp 1: Reconstruction Error Analysis — VADER_MOVIE
======================================================================
[Step 0] Loading data from /app/datasets/vader_movie/jina-v5/ (fold 0)...
  Instances: 9510, Features: 256, Classes: 2
[Step 1] Training Autoencoder (50 epochs)...
[AE-IS] Using GPU: NVIDIA A100-SXM4-80GB
[AE-IS] Architecture: 256 → 192 → 128 → 192 → 256
[AE-IS] Training autoencoder on 9510 instances (256 features) for up to 50 epochs …
  Epoch   1/50 — loss: 0.768907 (best: 0.768907)
  Epoch  10/50 — loss: 0.310252 (best: 0.310252)
  Epoch  20/50 — loss: 0.271919 (best: 0.271919)
  Epoch  30/50 — loss: 0.257872 (best: 0.257872)
  Epoch  40/50 — loss: 0.249760 (best: 0.249760)
  Epoch  50/50 — loss: 0.244302 (best: 0.242514)
[AE-IS] Training finished — best loss: 0.242514
[AE-IS] Reconstruction error stats — min: 0.033058, median: 0.141270, max: 1.387156
[AE-IS] Removed 0 redundant + 0 noisy = 0 total instances
[AE-IS] Kept 9510 / 9510 (reduction = 0.00%)
  RE stats: min=0.033058, median=0.141270, max=1.387156
[Step 2] Training Logistic Regression (max_iter=1000)...
/app/venv/lib/python3.12/site-packages/sklearn/linear_model/_logistic.py:1457: FutureWarning: 'n_jobs' has no effect since 1.8 and will be removed in 1.10. You provided 'n_jobs=-1', please leave it unspecified.
  warnings.warn(msg, category=FutureWarning)
  Train accuracy: 0.8679
[Step 3] Computing per-instance metrics...
  Computing class centroid distances...
  Computing 10-NN label purity...
  Saved metrics CSV to /app/results/exp1-reconstruction-error/vader_movie/per_instance_metrics.csv

[Step 5] Spearman correlations with Reconstruction Error:
  RE vs centroid_distance: rho=0.7889, p=0.00e+00
  RE vs lr_confidence: rho=-0.0087, p=3.95e-01
  RE vs knn_purity: rho=-0.1248, p=2.56e-34
[Step 6] Generating plots...
/app/unsupervised-is/analysis/exp1_reconstruction_analysis.py:240: FutureWarning: 

Passing `palette` without assigning `hue` is deprecated and will be removed in v0.14.0. Assign the `x` variable to `hue` and set `legend=False` for the same effect.

  sns.boxplot(data=df_box, x='Purity Quartile', y='RE', palette='viridis', ax=ax)
/app/unsupervised-is/analysis/exp1_reconstruction_analysis.py:254: FutureWarning: 

Passing `palette` without assigning `hue` is deprecated and will be removed in v0.14.0. Assign the `x` variable to `hue` and set `legend=False` for the same effect.

  sns.violinplot(data=df_violin, x='LR Prediction', y='RE',

  All plots saved to /app/results/exp1-reconstruction-error/vader_movie/
  ✓ VADER_MOVIE analysis complete


======================================================================
  Exp 1: Reconstruction Error Analysis — MOVIE_REVIEW
======================================================================
[Step 0] Loading data from /app/datasets/movie_review/jina-v5/ (fold 0)...
  Instances: 9595, Features: 256, Classes: 2
[Step 1] Training Autoencoder (50 epochs)...
[AE-IS] Using GPU: NVIDIA A100-SXM4-80GB
[AE-IS] Architecture: 256 → 192 → 128 → 192 → 256
[AE-IS] Training autoencoder on 9595 instances (256 features) for up to 50 epochs …
  Epoch   1/50 — loss: 0.776833 (best: 0.776833)
  Epoch  10/50 — loss: 0.325355 (best: 0.325355)
  Epoch  20/50 — loss: 0.289352 (best: 0.289352)
  Epoch  30/50 — loss: 0.272391 (best: 0.272391)
  Epoch  40/50 — loss: 0.262851 (best: 0.262851)
  Epoch  50/50 — loss: 0.255950 (best: 0.255950)
[AE-IS] Training finished — best loss: 0.255950
[AE-IS] Reconstruction error stats — min: 0.029790, median: 0.154805, max: 1.170109
[AE-IS] Removed 0 redundant + 0 noisy = 0 total instances
[AE-IS] Kept 9595 / 9595 (reduction = 0.00%)
  RE stats: min=0.029790, median=0.154805, max=1.170109
[Step 2] Training Logistic Regression (max_iter=1000)...
/app/venv/lib/python3.12/site-packages/sklearn/linear_model/_logistic.py:1457: FutureWarning: 'n_jobs' has no effect since 1.8 and will be removed in 1.10. You provided 'n_jobs=-1', please leave it unspecified.
  warnings.warn(msg, category=FutureWarning)
  Train accuracy: 0.8388
[Step 3] Computing per-instance metrics...
  Computing class centroid distances...
  Computing 10-NN label purity...
  Saved metrics CSV to /app/results/exp1-reconstruction-error/movie_review/per_instance_metrics.csv

[Step 5] Spearman correlations with Reconstruction Error:
  RE vs centroid_distance: rho=0.7851, p=0.00e+00
  RE vs lr_confidence: rho=-0.0062, p=5.43e-01
  RE vs knn_purity: rho=-0.0951, p=1.00e-20
[Step 6] Generating plots...
/app/unsupervised-is/analysis/exp1_reconstruction_analysis.py:240: FutureWarning: 

Passing `palette` without assigning `hue` is deprecated and will be removed in v0.14.0. Assign the `x` variable to `hue` and set `legend=False` for the same effect.

  sns.boxplot(data=df_box, x='Purity Quartile', y='RE', palette='viridis', ax=ax)
/app/unsupervised-is/analysis/exp1_reconstruction_analysis.py:254: FutureWarning: 

Passing `palette` without assigning `hue` is deprecated and will be removed in v0.14.0. Assign the `x` variable to `hue` and set `legend=False` for the same effect.

  sns.violinplot(data=df_violin, x='LR Prediction', y='RE',

  All plots saved to /app/results/exp1-reconstruction-error/movie_review/
  ✓ MOVIE_REVIEW analysis complete


======================================================================
  Exp 1: Reconstruction Error Analysis — SST1
======================================================================
[Step 0] Loading data from /app/datasets/sst1/jina-v5/ (fold 0)...
  Instances: 10669, Features: 256, Classes: 5
[Step 1] Training Autoencoder (50 epochs)...
[AE-IS] Using GPU: NVIDIA A100-SXM4-80GB
[AE-IS] Architecture: 256 → 192 → 128 → 192 → 256
[AE-IS] Training autoencoder on 10669 instances (256 features) for up to 50 epochs …
  Epoch   1/50 — loss: 0.763779 (best: 0.763779)
  Epoch  10/50 — loss: 0.330082 (best: 0.330082)
  Epoch  20/50 — loss: 0.294734 (best: 0.294734)
  Epoch  30/50 — loss: 0.276938 (best: 0.276938)
  Epoch  40/50 — loss: 0.267418 (best: 0.267418)
  Epoch  50/50 — loss: 0.260218 (best: 0.260218)
[AE-IS] Training finished — best loss: 0.260218
[AE-IS] Reconstruction error stats — min: 0.027242, median: 0.155047, max: 1.192608
[AE-IS] Removed 0 redundant + 0 noisy = 0 total instances
[AE-IS] Kept 10669 / 10669 (reduction = 0.00%)
  RE stats: min=0.027242, median=0.155047, max=1.192608
[Step 2] Training Logistic Regression (max_iter=1000)...
/app/venv/lib/python3.12/site-packages/sklearn/linear_model/_logistic.py:1457: FutureWarning: 'n_jobs' has no effect since 1.8 and will be removed in 1.10. You provided 'n_jobs=-1', please leave it unspecified.
  warnings.warn(msg, category=FutureWarning)
  Train accuracy: 0.5337
[Step 3] Computing per-instance metrics...
  Computing class centroid distances...
  Computing 10-NN label purity...
  Saved metrics CSV to /app/results/exp1-reconstruction-error/sst1/per_instance_metrics.csv

[Step 5] Spearman correlations with Reconstruction Error:
  RE vs centroid_distance: rho=0.7933, p=0.00e+00
  RE vs lr_confidence: rho=0.0952, p=6.54e-23
  RE vs knn_purity: rho=-0.0355, p=2.45e-04
[Step 6] Generating plots...
/app/unsupervised-is/analysis/exp1_reconstruction_analysis.py:240: FutureWarning: 

Passing `palette` without assigning `hue` is deprecated and will be removed in v0.14.0. Assign the `x` variable to `hue` and set `legend=False` for the same effect.

  sns.boxplot(data=df_box, x='Purity Quartile', y='RE', palette='viridis', ax=ax)
/app/unsupervised-is/analysis/exp1_reconstruction_analysis.py:254: FutureWarning: 

Passing `palette` without assigning `hue` is deprecated and will be removed in v0.14.0. Assign the `x` variable to `hue` and set `legend=False` for the same effect.

  sns.violinplot(data=df_violin, x='LR Prediction', y='RE',

  All plots saved to /app/results/exp1-reconstruction-error/sst1/
  ✓ SST1 analysis complete


======================================================================
  Exp 1: Reconstruction Error Analysis — PANG_MOVIE
======================================================================
[Step 0] Loading data from /app/datasets/pang_movie/jina-v5/ (fold 0)...
  Instances: 9594, Features: 256, Classes: 2
[Step 1] Training Autoencoder (50 epochs)...
[AE-IS] Using GPU: NVIDIA A100-SXM4-80GB
[AE-IS] Architecture: 256 → 192 → 128 → 192 → 256
[AE-IS] Training autoencoder on 9594 instances (256 features) for up to 50 epochs …
  Epoch   1/50 — loss: 0.780019 (best: 0.780019)
  Epoch  10/50 — loss: 0.329591 (best: 0.329591)
  Epoch  20/50 — loss: 0.290982 (best: 0.290982)
  Epoch  30/50 — loss: 0.273416 (best: 0.273416)
  Epoch  40/50 — loss: 0.264856 (best: 0.264856)
  Epoch  50/50 — loss: 0.256763 (best: 0.256763)
[AE-IS] Training finished — best loss: 0.256763
[AE-IS] Reconstruction error stats — min: 0.033538, median: 0.157680, max: 0.971488
[AE-IS] Removed 0 redundant + 0 noisy = 0 total instances
[AE-IS] Kept 9594 / 9594 (reduction = 0.00%)
  RE stats: min=0.033538, median=0.157680, max=0.971488
[Step 2] Training Logistic Regression (max_iter=1000)...
/app/venv/lib/python3.12/site-packages/sklearn/linear_model/_logistic.py:1457: FutureWarning: 'n_jobs' has no effect since 1.8 and will be removed in 1.10. You provided 'n_jobs=-1', please leave it unspecified.
  warnings.warn(msg, category=FutureWarning)
  Train accuracy: 0.8373
[Step 3] Computing per-instance metrics...
  Computing class centroid distances...
  Computing 10-NN label purity...
  Saved metrics CSV to /app/results/exp1-reconstruction-error/pang_movie/per_instance_metrics.csv

[Step 5] Spearman correlations with Reconstruction Error:
  RE vs centroid_distance: rho=0.7890, p=0.00e+00
  RE vs lr_confidence: rho=-0.0122, p=2.31e-01
  RE vs knn_purity: rho=-0.1087, p=1.37e-26
[Step 6] Generating plots...
/app/unsupervised-is/analysis/exp1_reconstruction_analysis.py:240: FutureWarning: 

Passing `palette` without assigning `hue` is deprecated and will be removed in v0.14.0. Assign the `x` variable to `hue` and set `legend=False` for the same effect.

  sns.boxplot(data=df_box, x='Purity Quartile', y='RE', palette='viridis', ax=ax)
/app/unsupervised-is/analysis/exp1_reconstruction_analysis.py:254: FutureWarning: 

Passing `palette` without assigning `hue` is deprecated and will be removed in v0.14.0. Assign the `x` variable to `hue` and set `legend=False` for the same effect.

  sns.violinplot(data=df_violin, x='LR Prediction', y='RE',

  All plots saved to /app/results/exp1-reconstruction-error/pang_movie/
  ✓ PANG_MOVIE analysis complete


======================================================================
  Exp 1: Reconstruction Error Analysis — SUBJ
======================================================================
[Step 0] Loading data from /app/datasets/subj/jina-v5/ (fold 0)...
  Instances: 9000, Features: 256, Classes: 2
[Step 1] Training Autoencoder (50 epochs)...
[AE-IS] Using GPU: NVIDIA A100-SXM4-80GB
[AE-IS] Architecture: 256 → 192 → 128 → 192 → 256
[AE-IS] Training autoencoder on 9000 instances (256 features) for up to 50 epochs …
  Epoch   1/50 — loss: 0.790508 (best: 0.790508)
  Epoch  10/50 — loss: 0.329934 (best: 0.329934)
  Epoch  20/50 — loss: 0.291229 (best: 0.291229)
  Epoch  30/50 — loss: 0.273705 (best: 0.273705)
  Epoch  40/50 — loss: 0.263573 (best: 0.263573)
  Epoch  50/50 — loss: 0.257941 (best: 0.257941)
[AE-IS] Training finished — best loss: 0.257941
[AE-IS] Reconstruction error stats — min: 0.040308, median: 0.165810, max: 0.975210
[AE-IS] Removed 0 redundant + 0 noisy = 0 total instances
[AE-IS] Kept 9000 / 9000 (reduction = 0.00%)
  RE stats: min=0.040308, median=0.165810, max=0.975210
[Step 2] Training Logistic Regression (max_iter=1000)...
/app/venv/lib/python3.12/site-packages/sklearn/linear_model/_logistic.py:1457: FutureWarning: 'n_jobs' has no effect since 1.8 and will be removed in 1.10. You provided 'n_jobs=-1', please leave it unspecified.
  warnings.warn(msg, category=FutureWarning)
  Train accuracy: 0.9442
[Step 3] Computing per-instance metrics...
  Computing class centroid distances...
  Computing 10-NN label purity...
  Saved metrics CSV to /app/results/exp1-reconstruction-error/subj/per_instance_metrics.csv

[Step 5] Spearman correlations with Reconstruction Error:
  RE vs centroid_distance: rho=0.7180, p=0.00e+00
  RE vs lr_confidence: rho=-0.1322, p=2.12e-36
  RE vs knn_purity: rho=-0.2774, p=1.19e-158
[Step 6] Generating plots...
/app/unsupervised-is/analysis/exp1_reconstruction_analysis.py:240: FutureWarning: 

Passing `palette` without assigning `hue` is deprecated and will be removed in v0.14.0. Assign the `x` variable to `hue` and set `legend=False` for the same effect.

  sns.boxplot(data=df_box, x='Purity Quartile', y='RE', palette='viridis', ax=ax)
/app/unsupervised-is/analysis/exp1_reconstruction_analysis.py:254: FutureWarning: 

Passing `palette` without assigning `hue` is deprecated and will be removed in v0.14.0. Assign the `x` variable to `hue` and set `legend=False` for the same effect.

  sns.violinplot(data=df_violin, x='LR Prediction', y='RE',

  All plots saved to /app/results/exp1-reconstruction-error/subj/
  ✓ SUBJ analysis complete


======================================================================
  Exp 1: Reconstruction Error Analysis — YELP_REVIEWS
======================================================================
[Step 0] Loading data from /app/datasets/yelp_reviews/jina-v5/ (fold 0)...
  Instances: 4500, Features: 256, Classes: 2
[Step 1] Training Autoencoder (50 epochs)...
[AE-IS] Using GPU: NVIDIA A100-SXM4-80GB
[AE-IS] Architecture: 256 → 192 → 128 → 192 → 256
[AE-IS] Training autoencoder on 4500 instances (256 features) for up to 50 epochs …
  Epoch   1/50 — loss: 0.898327 (best: 0.898327)
  Epoch  10/50 — loss: 0.352029 (best: 0.352029)
  Epoch  20/50 — loss: 0.294059 (best: 0.294059)
  Epoch  30/50 — loss: 0.270838 (best: 0.270838)
  Epoch  40/50 — loss: 0.258142 (best: 0.258142)
  Epoch  50/50 — loss: 0.253052 (best: 0.251425)
[AE-IS] Training finished — best loss: 0.251425
[AE-IS] Reconstruction error stats — min: 0.045160, median: 0.157894, max: 1.004406
[AE-IS] Removed 0 redundant + 0 noisy = 0 total instances
[AE-IS] Kept 4500 / 4500 (reduction = 0.00%)
  RE stats: min=0.045160, median=0.157894, max=1.004406
[Step 2] Training Logistic Regression (max_iter=1000)...
/app/venv/lib/python3.12/site-packages/sklearn/linear_model/_logistic.py:1457: FutureWarning: 'n_jobs' has no effect since 1.8 and will be removed in 1.10. You provided 'n_jobs=-1', please leave it unspecified.
  warnings.warn(msg, category=FutureWarning)
  Train accuracy: 0.9840
[Step 3] Computing per-instance metrics...
  Computing class centroid distances...
  Computing 10-NN label purity...
  Saved metrics CSV to /app/results/exp1-reconstruction-error/yelp_reviews/per_instance_metrics.csv

[Step 5] Spearman correlations with Reconstruction Error:
  RE vs centroid_distance: rho=0.6577, p=0.00e+00
  RE vs lr_confidence: rho=-0.0330, p=2.68e-02
  RE vs knn_purity: rho=-0.2236, p=4.18e-52
[Step 6] Generating plots...
/app/unsupervised-is/analysis/exp1_reconstruction_analysis.py:240: FutureWarning: 

Passing `palette` without assigning `hue` is deprecated and will be removed in v0.14.0. Assign the `x` variable to `hue` and set `legend=False` for the same effect.

  sns.boxplot(data=df_box, x='Purity Quartile', y='RE', palette='viridis', ax=ax)
/app/unsupervised-is/analysis/exp1_reconstruction_analysis.py:254: FutureWarning: 

Passing `palette` without assigning `hue` is deprecated and will be removed in v0.14.0. Assign the `x` variable to `hue` and set `legend=False` for the same effect.

  sns.violinplot(data=df_violin, x='LR Prediction', y='RE',

  All plots saved to /app/results/exp1-reconstruction-error/yelp_reviews/
  ✓ YELP_REVIEWS analysis complete


======================================================================
  Exp 1: Reconstruction Error Analysis — WOS5736
======================================================================
[Step 0] Loading data from /app/datasets/wos5736/jina-v5/ (fold 0)...
  Instances: 5162, Features: 256, Classes: 11
[Step 1] Training Autoencoder (50 epochs)...
[AE-IS] Using GPU: NVIDIA A100-SXM4-80GB
[AE-IS] Architecture: 256 → 192 → 128 → 192 → 256
[AE-IS] Training autoencoder on 5162 instances (256 features) for up to 50 epochs …
  Epoch   1/50 — loss: 0.794556 (best: 0.794556)
  Epoch  10/50 — loss: 0.268453 (best: 0.268453)
  Epoch  20/50 — loss: 0.223898 (best: 0.223898)
  Epoch  30/50 — loss: 0.206219 (best: 0.206219)
  Epoch  40/50 — loss: 0.195743 (best: 0.195743)
  Epoch  50/50 — loss: 0.191987 (best: 0.191603)
[AE-IS] Training finished — best loss: 0.191603
[AE-IS] Reconstruction error stats — min: 0.017409, median: 0.113015, max: 0.696012
[AE-IS] Removed 0 redundant + 0 noisy = 0 total instances
[AE-IS] Kept 5162 / 5162 (reduction = 0.00%)
  RE stats: min=0.017409, median=0.113015, max=0.696012
[Step 2] Training Logistic Regression (max_iter=1000)...
/app/venv/lib/python3.12/site-packages/sklearn/linear_model/_logistic.py:1457: FutureWarning: 'n_jobs' has no effect since 1.8 and will be removed in 1.10. You provided 'n_jobs=-1', please leave it unspecified.
  warnings.warn(msg, category=FutureWarning)
  Train accuracy: 0.9386
[Step 3] Computing per-instance metrics...
  Computing class centroid distances...
  Computing 10-NN label purity...
  Saved metrics CSV to /app/results/exp1-reconstruction-error/wos5736/per_instance_metrics.csv

[Step 5] Spearman correlations with Reconstruction Error:
  RE vs centroid_distance: rho=0.6086, p=0.00e+00
  RE vs lr_confidence: rho=-0.1041, p=6.64e-14
  RE vs knn_purity: rho=-0.2508, p=6.95e-75
[Step 6] Generating plots...
/app/unsupervised-is/analysis/exp1_reconstruction_analysis.py:240: FutureWarning: 

Passing `palette` without assigning `hue` is deprecated and will be removed in v0.14.0. Assign the `x` variable to `hue` and set `legend=False` for the same effect.

  sns.boxplot(data=df_box, x='Purity Quartile', y='RE', palette='viridis', ax=ax)
/app/unsupervised-is/analysis/exp1_reconstruction_analysis.py:254: FutureWarning: 

Passing `palette` without assigning `hue` is deprecated and will be removed in v0.14.0. Assign the `x` variable to `hue` and set `legend=False` for the same effect.

  sns.violinplot(data=df_violin, x='LR Prediction', y='RE',

  All plots saved to /app/results/exp1-reconstruction-error/wos5736/
  ✓ WOS5736 analysis complete


======================================================================
  Exp 1: Reconstruction Error Analysis — WEBKB
======================================================================
[Step 0] Loading data from /app/datasets/webkb/jina-v5/ (fold 0)...
  Instances: 7376, Features: 256, Classes: 7
[Step 1] Training Autoencoder (50 epochs)...
[AE-IS] Using GPU: NVIDIA A100-SXM4-80GB
[AE-IS] Architecture: 256 → 192 → 128 → 192 → 256
[AE-IS] Training autoencoder on 7376 instances (256 features) for up to 50 epochs …
  Epoch   1/50 — loss: 0.829289 (best: 0.829289)
  Epoch  10/50 — loss: 0.359283 (best: 0.359283)
  Epoch  20/50 — loss: 0.314219 (best: 0.314219)
  Epoch  30/50 — loss: 0.295512 (best: 0.295512)
  Epoch  40/50 — loss: 0.283688 (best: 0.283688)
  Epoch  50/50 — loss: 0.275764 (best: 0.275764)
[AE-IS] Training finished — best loss: 0.275764
[AE-IS] Reconstruction error stats — min: 0.030388, median: 0.166673, max: 1.021127
[AE-IS] Removed 0 redundant + 0 noisy = 0 total instances
[AE-IS] Kept 7376 / 7376 (reduction = 0.00%)
  RE stats: min=0.030388, median=0.166673, max=1.021127
[Step 2] Training Logistic Regression (max_iter=1000)...
/app/venv/lib/python3.12/site-packages/sklearn/linear_model/_logistic.py:1457: FutureWarning: 'n_jobs' has no effect since 1.8 and will be removed in 1.10. You provided 'n_jobs=-1', please leave it unspecified.
  warnings.warn(msg, category=FutureWarning)
  Train accuracy: 0.8273
[Step 3] Computing per-instance metrics...
  Computing class centroid distances...
  Computing 10-NN label purity...
  Saved metrics CSV to /app/results/exp1-reconstruction-error/webkb/per_instance_metrics.csv

[Step 5] Spearman correlations with Reconstruction Error:
  RE vs centroid_distance: rho=0.6509, p=0.00e+00
  RE vs lr_confidence: rho=0.1997, p=3.34e-67
  RE vs knn_purity: rho=0.0774, p=2.82e-11
[Step 6] Generating plots...
/app/unsupervised-is/analysis/exp1_reconstruction_analysis.py:240: FutureWarning: 

Passing `palette` without assigning `hue` is deprecated and will be removed in v0.14.0. Assign the `x` variable to `hue` and set `legend=False` for the same effect.

  sns.boxplot(data=df_box, x='Purity Quartile', y='RE', palette='viridis', ax=ax)
/app/unsupervised-is/analysis/exp1_reconstruction_analysis.py:254: FutureWarning: 

Passing `palette` without assigning `hue` is deprecated and will be removed in v0.14.0. Assign the `x` variable to `hue` and set `legend=False` for the same effect.

  sns.violinplot(data=df_violin, x='LR Prediction', y='RE',

  All plots saved to /app/results/exp1-reconstruction-error/webkb/
  ✓ WEBKB analysis complete


======================================================================
  Exp 1: Reconstruction Error Analysis — WOS11967
======================================================================
[Step 0] Loading data from /app/datasets/wos11967/jina-v5/ (fold 0)...
  Instances: 10770, Features: 256, Classes: 33
[Step 1] Training Autoencoder (50 epochs)...
[AE-IS] Using GPU: NVIDIA A100-SXM4-80GB
[AE-IS] Architecture: 256 → 192 → 128 → 192 → 256
[AE-IS] Training autoencoder on 10770 instances (256 features) for up to 50 epochs …
  Epoch   1/50 — loss: 0.680259 (best: 0.680259)
  Epoch  10/50 — loss: 0.248625 (best: 0.248625)
  Epoch  20/50 — loss: 0.220140 (best: 0.220140)
  Epoch  30/50 — loss: 0.210705 (best: 0.209319)
  Epoch  40/50 — loss: 0.203405 (best: 0.203220)
  Epoch  50/50 — loss: 0.198212 (best: 0.198212)
[AE-IS] Training finished — best loss: 0.198212
[AE-IS] Reconstruction error stats — min: 0.025137, median: 0.122649, max: 0.617212
[AE-IS] Removed 0 redundant + 0 noisy = 0 total instances
[AE-IS] Kept 10770 / 10770 (reduction = 0.00%)
  RE stats: min=0.025137, median=0.122649, max=0.617212
[Step 2] Training Logistic Regression (max_iter=1000)...
/app/venv/lib/python3.12/site-packages/sklearn/linear_model/_logistic.py:1457: FutureWarning: 'n_jobs' has no effect since 1.8 and will be removed in 1.10. You provided 'n_jobs=-1', please leave it unspecified.
  warnings.warn(msg, category=FutureWarning)
  Train accuracy: 0.9580
[Step 3] Computing per-instance metrics...
  Computing class centroid distances...
  Computing 10-NN label purity...
  Saved metrics CSV to /app/results/exp1-reconstruction-error/wos11967/per_instance_metrics.csv

[Step 5] Spearman correlations with Reconstruction Error:
  RE vs centroid_distance: rho=0.6103, p=0.00e+00
  RE vs lr_confidence: rho=-0.2129, p=1.14e-110
  RE vs knn_purity: rho=-0.3599, p=0.00e+00
[Step 6] Generating plots...
/app/unsupervised-is/analysis/exp1_reconstruction_analysis.py:240: FutureWarning: 

Passing `palette` without assigning `hue` is deprecated and will be removed in v0.14.0. Assign the `x` variable to `hue` and set `legend=False` for the same effect.

  sns.boxplot(data=df_box, x='Purity Quartile', y='RE', palette='viridis', ax=ax)
/app/unsupervised-is/analysis/exp1_reconstruction_analysis.py:254: FutureWarning: 

Passing `palette` without assigning `hue` is deprecated and will be removed in v0.14.0. Assign the `x` variable to `hue` and set `legend=False` for the same effect.

  sns.violinplot(data=df_violin, x='LR Prediction', y='RE',

  All plots saved to /app/results/exp1-reconstruction-error/wos11967/
  ✓ WOS11967 analysis complete


======================================================================
  Exp 1: Reconstruction Error Analysis — ACM
======================================================================
[Step 0] Loading data from /app/datasets/acm/jina-v5/ (fold 0)...
  Instances: 22402, Features: 256, Classes: 11
[Step 1] Training Autoencoder (50 epochs)...
[AE-IS] Using GPU: NVIDIA A100-SXM4-80GB
[AE-IS] Architecture: 256 → 192 → 128 → 192 → 256
[AE-IS] Training autoencoder on 22402 instances (256 features) for up to 50 epochs …
  Epoch   1/50 — loss: 0.602395 (best: 0.602395)
  Epoch  10/50 — loss: 0.275874 (best: 0.275874)
  Epoch  20/50 — loss: 0.253898 (best: 0.253898)
  Epoch  30/50 — loss: 0.244067 (best: 0.244067)
  Epoch  40/50 — loss: 0.237919 (best: 0.237919)
  Epoch  50/50 — loss: 0.235179 (best: 0.234130)
[AE-IS] Training finished — best loss: 0.234130
[AE-IS] Reconstruction error stats — min: 0.027748, median: 0.126197, max: 0.743662
[AE-IS] Removed 0 redundant + 0 noisy = 0 total instances
[AE-IS] Kept 22402 / 22402 (reduction = 0.00%)
  RE stats: min=0.027748, median=0.126197, max=0.743662
[Step 2] Training Logistic Regression (max_iter=1000)...
/app/venv/lib/python3.12/site-packages/sklearn/linear_model/_logistic.py:1457: FutureWarning: 'n_jobs' has no effect since 1.8 and will be removed in 1.10. You provided 'n_jobs=-1', please leave it unspecified.
  warnings.warn(msg, category=FutureWarning)
  Train accuracy: 0.8128
[Step 3] Computing per-instance metrics...
  Computing class centroid distances...
  Computing 10-NN label purity...
  Saved metrics CSV to /app/results/exp1-reconstruction-error/acm/per_instance_metrics.csv

[Step 5] Spearman correlations with Reconstruction Error:
  RE vs centroid_distance: rho=0.6671, p=0.00e+00
  RE vs lr_confidence: rho=-0.3530, p=0.00e+00
  RE vs knn_purity: rho=-0.3313, p=0.00e+00
[Step 6] Generating plots...
/app/unsupervised-is/analysis/exp1_reconstruction_analysis.py:240: FutureWarning: 

Passing `palette` without assigning `hue` is deprecated and will be removed in v0.14.0. Assign the `x` variable to `hue` and set `legend=False` for the same effect.

  sns.boxplot(data=df_box, x='Purity Quartile', y='RE', palette='viridis', ax=ax)
/app/unsupervised-is/analysis/exp1_reconstruction_analysis.py:254: FutureWarning: 

Passing `palette` without assigning `hue` is deprecated and will be removed in v0.14.0. Assign the `x` variable to `hue` and set `legend=False` for the same effect.

  sns.violinplot(data=df_violin, x='LR Prediction', y='RE',

  All plots saved to /app/results/exp1-reconstruction-error/acm/
  ✓ ACM analysis complete


======================================================================
  Exp 1: Reconstruction Error Analysis — OHSUMED
======================================================================
[Step 0] Loading data from /app/datasets/ohsumed/jina-v5/ (fold 0)...
  Instances: 16471, Features: 256, Classes: 23
[Step 1] Training Autoencoder (50 epochs)...
[AE-IS] Using GPU: NVIDIA A100-SXM4-80GB
[AE-IS] Architecture: 256 → 192 → 128 → 192 → 256
[AE-IS] Training autoencoder on 16471 instances (256 features) for up to 50 epochs …
  Epoch   1/50 — loss: 0.577996 (best: 0.577996)
  Epoch  10/50 — loss: 0.179974 (best: 0.179974)
  Epoch  20/50 — loss: 0.163764 (best: 0.163680)
  Epoch  30/50 — loss: 0.155686 (best: 0.155686)
  Epoch  40/50 — loss: 0.152661 (best: 0.152661)
  Epoch  50/50 — loss: 0.150211 (best: 0.150211)
[AE-IS] Training finished — best loss: 0.150211
[AE-IS] Reconstruction error stats — min: 0.021373, median: 0.076046, max: 1.202854
[AE-IS] Removed 0 redundant + 0 noisy = 0 total instances
[AE-IS] Kept 16471 / 16471 (reduction = 0.00%)
  RE stats: min=0.021373, median=0.076046, max=1.202854
[Step 2] Training Logistic Regression (max_iter=1000)...
/app/venv/lib/python3.12/site-packages/sklearn/linear_model/_logistic.py:1457: FutureWarning: 'n_jobs' has no effect since 1.8 and will be removed in 1.10. You provided 'n_jobs=-1', please leave it unspecified.
  warnings.warn(msg, category=FutureWarning)
  Train accuracy: 0.8366
[Step 3] Computing per-instance metrics...
  Computing class centroid distances...
  Computing 10-NN label purity...
  Saved metrics CSV to /app/results/exp1-reconstruction-error/ohsumed/per_instance_metrics.csv

[Step 5] Spearman correlations with Reconstruction Error:
  RE vs centroid_distance: rho=0.5199, p=0.00e+00
  RE vs lr_confidence: rho=-0.1352, p=4.55e-68
  RE vs knn_purity: rho=-0.2352, p=8.19e-206
[Step 6] Generating plots...
/app/unsupervised-is/analysis/exp1_reconstruction_analysis.py:240: FutureWarning: 

Passing `palette` without assigning `hue` is deprecated and will be removed in v0.14.0. Assign the `x` variable to `hue` and set `legend=False` for the same effect.

  sns.boxplot(data=df_box, x='Purity Quartile', y='RE', palette='viridis', ax=ax)
/app/unsupervised-is/analysis/exp1_reconstruction_analysis.py:254: FutureWarning: 

Passing `palette` without assigning `hue` is deprecated and will be removed in v0.14.0. Assign the `x` variable to `hue` and set `legend=False` for the same effect.

  sns.violinplot(data=df_violin, x='LR Prediction', y='RE',

  All plots saved to /app/results/exp1-reconstruction-error/ohsumed/
  ✓ OHSUMED analysis complete


======================================================================
  Exp 1: Reconstruction Error Analysis — 20NG
======================================================================
[Step 0] Loading data from /app/datasets/20ng/jina-v5/ (fold 0)...
  Instances: 16954, Features: 256, Classes: 20
[Step 1] Training Autoencoder (50 epochs)...
[AE-IS] Using GPU: NVIDIA A100-SXM4-80GB
[AE-IS] Architecture: 256 → 192 → 128 → 192 → 256
[AE-IS] Training autoencoder on 16954 instances (256 features) for up to 50 epochs …
  Epoch   1/50 — loss: 0.629080 (best: 0.629080)
  Epoch  10/50 — loss: 0.271260 (best: 0.271260)
  Epoch  20/50 — loss: 0.248173 (best: 0.248173)
  Epoch  30/50 — loss: 0.239886 (best: 0.239886)
  Epoch  40/50 — loss: 0.233054 (best: 0.233054)
  Epoch  50/50 — loss: 0.229783 (best: 0.228668)
[AE-IS] Training finished — best loss: 0.228668
[AE-IS] Reconstruction error stats — min: 0.033464, median: 0.138403, max: 0.796349
[AE-IS] Removed 0 redundant + 0 noisy = 0 total instances
[AE-IS] Kept 16954 / 16954 (reduction = 0.00%)
  RE stats: min=0.033464, median=0.138403, max=0.796349
[Step 2] Training Logistic Regression (max_iter=1000)...
/app/venv/lib/python3.12/site-packages/sklearn/linear_model/_logistic.py:1457: FutureWarning: 'n_jobs' has no effect since 1.8 and will be removed in 1.10. You provided 'n_jobs=-1', please leave it unspecified.
  warnings.warn(msg, category=FutureWarning)
  Train accuracy: 0.7949
[Step 3] Computing per-instance metrics...
  Computing class centroid distances...
  Computing 10-NN label purity...
  Saved metrics CSV to /app/results/exp1-reconstruction-error/20ng/per_instance_metrics.csv

[Step 5] Spearman correlations with Reconstruction Error:
  RE vs centroid_distance: rho=0.6103, p=0.00e+00
  RE vs lr_confidence: rho=-0.1777, p=2.30e-120
  RE vs knn_purity: rho=-0.2175, p=1.04e-180
[Step 6] Generating plots...
/app/unsupervised-is/analysis/exp1_reconstruction_analysis.py:240: FutureWarning: 

Passing `palette` without assigning `hue` is deprecated and will be removed in v0.14.0. Assign the `x` variable to `hue` and set `legend=False` for the same effect.

  sns.boxplot(data=df_box, x='Purity Quartile', y='RE', palette='viridis', ax=ax)
/app/unsupervised-is/analysis/exp1_reconstruction_analysis.py:254: FutureWarning: 

Passing `palette` without assigning `hue` is deprecated and will be removed in v0.14.0. Assign the `x` variable to `hue` and set `legend=False` for the same effect.

  sns.violinplot(data=df_violin, x='LR Prediction', y='RE',

  All plots saved to /app/results/exp1-reconstruction-error/20ng/
  ✓ 20NG analysis complete


======================================================================
  Exp 1: Reconstruction Error Analysis — DBLP
======================================================================
[Step 0] Loading data from /app/datasets/dblp/jina-v5/ (fold 0)...
  Instances: 34315, Features: 256, Classes: 10
[Step 1] Training Autoencoder (50 epochs)...
[AE-IS] Using GPU: NVIDIA A100-SXM4-80GB
[AE-IS] Architecture: 256 → 192 → 128 → 192 → 256
[AE-IS] Training autoencoder on 34315 instances (256 features) for up to 50 epochs …
  Epoch   1/50 — loss: 0.456578 (best: 0.456578)
  Epoch  10/50 — loss: 0.203495 (best: 0.203495)
  Epoch  20/50 — loss: 0.190368 (best: 0.190368)
  Epoch  30/50 — loss: 0.184699 (best: 0.184699)
  Epoch  40/50 — loss: 0.180719 (best: 0.180719)
  Epoch  50/50 — loss: 0.178311 (best: 0.178311)
[AE-IS] Training finished — best loss: 0.178311
[AE-IS] Reconstruction error stats — min: 0.027653, median: 0.096497, max: 0.913906
[AE-IS] Removed 0 redundant + 0 noisy = 0 total instances
[AE-IS] Kept 34315 / 34315 (reduction = 0.00%)
  RE stats: min=0.027653, median=0.096497, max=0.913906
[Step 2] Training Logistic Regression (max_iter=1000)...
/app/venv/lib/python3.12/site-packages/sklearn/linear_model/_logistic.py:1457: FutureWarning: 'n_jobs' has no effect since 1.8 and will be removed in 1.10. You provided 'n_jobs=-1', please leave it unspecified.
  warnings.warn(msg, category=FutureWarning)
  Train accuracy: 0.8455
[Step 3] Computing per-instance metrics...
  Computing class centroid distances...
  Computing 10-NN label purity...
  Saved metrics CSV to /app/results/exp1-reconstruction-error/dblp/per_instance_metrics.csv

[Step 5] Spearman correlations with Reconstruction Error:
  RE vs centroid_distance: rho=0.5407, p=0.00e+00
  RE vs lr_confidence: rho=-0.1814, p=1.52e-251
  RE vs knn_purity: rho=-0.2130, p=0.00e+00
[Step 6] Generating plots...
/app/unsupervised-is/analysis/exp1_reconstruction_analysis.py:240: FutureWarning: 

Passing `palette` without assigning `hue` is deprecated and will be removed in v0.14.0. Assign the `x` variable to `hue` and set `legend=False` for the same effect.

  sns.boxplot(data=df_box, x='Purity Quartile', y='RE', palette='viridis', ax=ax)
/app/unsupervised-is/analysis/exp1_reconstruction_analysis.py:254: FutureWarning: 

Passing `palette` without assigning `hue` is deprecated and will be removed in v0.14.0. Assign the `x` variable to `hue` and set `legend=False` for the same effect.

  sns.violinplot(data=df_violin, x='LR Prediction', y='RE',

  All plots saved to /app/results/exp1-reconstruction-error/dblp/
  ✓ DBLP analysis complete


======================================================================
  Exp 1: Reconstruction Error Analysis — BOOKS
======================================================================
[Step 0] Loading data from /app/datasets/books/jina-v5/ (fold 0)...
  Instances: 30234, Features: 256, Classes: 8
[Step 1] Training Autoencoder (50 epochs)...
[AE-IS] Using GPU: NVIDIA A100-SXM4-80GB
[AE-IS] Architecture: 256 → 192 → 128 → 192 → 256
[AE-IS] Training autoencoder on 30234 instances (256 features) for up to 50 epochs …
  Epoch   1/50 — loss: 0.521519 (best: 0.521519)
  Epoch  10/50 — loss: 0.239245 (best: 0.239245)
  Epoch  20/50 — loss: 0.220631 (best: 0.220631)
  Epoch  30/50 — loss: 0.213308 (best: 0.213308)
  Epoch  40/50 — loss: 0.208967 (best: 0.208967)
  Epoch  50/50 — loss: 0.204834 (best: 0.204834)
[AE-IS] Training finished — best loss: 0.204834
[AE-IS] Reconstruction error stats — min: 0.026450, median: 0.115411, max: 0.841484
[AE-IS] Removed 0 redundant + 0 noisy = 0 total instances
[AE-IS] Kept 30234 / 30234 (reduction = 0.00%)
  RE stats: min=0.026450, median=0.115411, max=0.841484
[Step 2] Training Logistic Regression (max_iter=1000)...
/app/venv/lib/python3.12/site-packages/sklearn/linear_model/_logistic.py:1457: FutureWarning: 'n_jobs' has no effect since 1.8 and will be removed in 1.10. You provided 'n_jobs=-1', please leave it unspecified.
  warnings.warn(msg, category=FutureWarning)
  Train accuracy: 0.8125
[Step 3] Computing per-instance metrics...
  Computing class centroid distances...
  Computing 10-NN label purity...
  Saved metrics CSV to /app/results/exp1-reconstruction-error/books/per_instance_metrics.csv

[Step 5] Spearman correlations with Reconstruction Error:
  RE vs centroid_distance: rho=0.5708, p=0.00e+00
  RE vs lr_confidence: rho=-0.0384, p=2.29e-11
  RE vs knn_purity: rho=-0.1086, p=6.29e-80
[Step 6] Generating plots...
/app/unsupervised-is/analysis/exp1_reconstruction_analysis.py:240: FutureWarning: 

Passing `palette` without assigning `hue` is deprecated and will be removed in v0.14.0. Assign the `x` variable to `hue` and set `legend=False` for the same effect.

  sns.boxplot(data=df_box, x='Purity Quartile', y='RE', palette='viridis', ax=ax)
/app/unsupervised-is/analysis/exp1_reconstruction_analysis.py:254: FutureWarning: 

Passing `palette` without assigning `hue` is deprecated and will be removed in v0.14.0. Assign the `x` variable to `hue` and set `legend=False` for the same effect.

  sns.violinplot(data=df_violin, x='LR Prediction', y='RE',

  All plots saved to /app/results/exp1-reconstruction-error/books/
  ✓ BOOKS analysis complete


======================================================================
  All datasets processed. Results in /app/results/exp1-reconstruction-error
======================================================================
