Methods  : ablation-random-esae-rate,ablation-cluster-uniform,ablation-cluster-sublinear-random
Datasets : sst2,ohsumed,reuters90,books,trec,20ng
Steps    : All (1, 2, 3, 4, 5)
=================================================
Step 1: Running unsupervised selection
=================================================
Methods  : ablation-random-esae-rate ablation-cluster-uniform ablation-cluster-sublinear-random
Datasets : sst2 ohsumed reuters90 books trec 20ng
Dataset: sst2
  Iniciando sst2 e ablation-random-esae-rate (Log: /app/results/exp2-ablation/instance_selection/logs/sst2_ablation-random-esae-rate.log)
  Iniciando sst2 e ablation-cluster-uniform (Log: /app/results/exp2-ablation/instance_selection/logs/sst2_ablation-cluster-uniform.log)
  Iniciando sst2 e ablation-cluster-sublinear-random (Log: /app/results/exp2-ablation/instance_selection/logs/sst2_ablation-cluster-sublinear-random.log)
Dataset: ohsumed
  Iniciando ohsumed e ablation-random-esae-rate (Log: /app/results/exp2-ablation/instance_selection/logs/ohsumed_ablation-random-esae-rate.log)
  Iniciando ohsumed e ablation-cluster-uniform (Log: /app/results/exp2-ablation/instance_selection/logs/ohsumed_ablation-cluster-uniform.log)
  Iniciando ohsumed e ablation-cluster-sublinear-random (Log: /app/results/exp2-ablation/instance_selection/logs/ohsumed_ablation-cluster-sublinear-random.log)
Dataset: reuters90
  Iniciando reuters90 e ablation-random-esae-rate (Log: /app/results/exp2-ablation/instance_selection/logs/reuters90_ablation-random-esae-rate.log)
  Iniciando reuters90 e ablation-cluster-uniform (Log: /app/results/exp2-ablation/instance_selection/logs/reuters90_ablation-cluster-uniform.log)
  Iniciando reuters90 e ablation-cluster-sublinear-random (Log: /app/results/exp2-ablation/instance_selection/logs/reuters90_ablation-cluster-sublinear-random.log)
Dataset: books
  Iniciando books e ablation-random-esae-rate (Log: /app/results/exp2-ablation/instance_selection/logs/books_ablation-random-esae-rate.log)
  Iniciando books e ablation-cluster-uniform (Log: /app/results/exp2-ablation/instance_selection/logs/books_ablation-cluster-uniform.log)
  Iniciando books e ablation-cluster-sublinear-random (Log: /app/results/exp2-ablation/instance_selection/logs/books_ablation-cluster-sublinear-random.log)
Dataset: trec
  Iniciando trec e ablation-random-esae-rate (Log: /app/results/exp2-ablation/instance_selection/logs/trec_ablation-random-esae-rate.log)
  Iniciando trec e ablation-cluster-uniform (Log: /app/results/exp2-ablation/instance_selection/logs/trec_ablation-cluster-uniform.log)
  Iniciando trec e ablation-cluster-sublinear-random (Log: /app/results/exp2-ablation/instance_selection/logs/trec_ablation-cluster-sublinear-random.log)
Dataset: 20ng
  Iniciando 20ng e ablation-random-esae-rate (Log: /app/results/exp2-ablation/instance_selection/logs/20ng_ablation-random-esae-rate.log)
  Iniciando 20ng e ablation-cluster-uniform (Log: /app/results/exp2-ablation/instance_selection/logs/20ng_ablation-cluster-uniform.log)
  Iniciando 20ng e ablation-cluster-sublinear-random (Log: /app/results/exp2-ablation/instance_selection/logs/20ng_ablation-cluster-sublinear-random.log)

=================================================
All runs completed successfully.
=================================================

=================================================
Step 2: Generating summary (read_selection_ci.py)
=================================================
20ng:
    - ablation-random-esae-rate: time=0.792 ±0.124 (n=10)  reduction=0.2183 ±0.0126 (n=10)
    - ablation-cluster-uniform: time=0.837 ±0.134 (n=10)  reduction=0.2144 ±0.0125 (n=10)
    - ablation-cluster-sublinear-random: time=0.849 ±0.119 (n=10)  reduction=0.2183 ±0.0126 (n=10)
    - sublinear-ae-is: time=11.560 ±0.571 (n=10)  reduction=0.2500 ±0.0000 (n=10)
    - entropy-sublinear-ae-is: time=11.913 ±0.948 (n=10)  reduction=0.2247 ±0.0069 (n=10)

books:
    - ablation-cluster-uniform: time=1.070 ±0.110 (n=10)  reduction=0.1780 ±0.0045 (n=10)
    - ablation-random-esae-rate: time=1.085 ±0.095 (n=10)  reduction=0.1808 ±0.0045 (n=10)
    - ablation-cluster-sublinear-random: time=1.120 ±0.081 (n=10)  reduction=0.1808 ±0.0045 (n=10)
    - sublinear-ae-is: time=19.207 ±0.600 (n=10)  reduction=0.2500 ±0.0000 (n=10)
    - entropy-sublinear-ae-is: time=19.867 ±1.129 (n=10)  reduction=0.1863 ±0.0080 (n=10)

ohsumed:
    - ablation-cluster-sublinear-random: time=0.766 ±0.102 (n=10)  reduction=0.1202 ±0.0091 (n=10)
    - ablation-cluster-uniform: time=0.809 ±0.116 (n=10)  reduction=0.1163 ±0.0091 (n=10)
    - ablation-random-esae-rate: time=0.816 ±0.121 (n=10)  reduction=0.1202 ±0.0091 (n=10)
    - sublinear-ae-is: time=11.320 ±0.638 (n=10)  reduction=0.2500 ±0.0001 (n=10)
    - entropy-sublinear-ae-is: time=11.526 ±1.033 (n=10)  reduction=0.1390 ±0.0072 (n=10)

reuters90:
    - ablation-random-esae-rate: time=0.586 ±0.080 (n=10)  reduction=0.2310 ±0.0119 (n=10)
    - ablation-cluster-uniform: time=0.675 ±0.111 (n=10)  reduction=0.2261 ±0.0119 (n=10)
    - ablation-cluster-sublinear-random: time=0.728 ±0.109 (n=10)  reduction=0.2310 ±0.0120 (n=10)
    - entropy-sublinear-ae-is: time=8.226 ±0.751 (n=10)  reduction=0.2423 ±0.0059 (n=10)
    - sublinear-ae-is: time=8.321 ±1.099 (n=10)  reduction=0.2499 ±0.0001 (n=10)

sst2:
    - ablation-random-esae-rate: time=0.543 ±0.076 (n=10)  reduction=0.2328 ±0.0228 (n=10)
    - ablation-cluster-sublinear-random: time=0.617 ±0.101 (n=10)  reduction=0.2328 ±0.0228 (n=10)
    - ablation-cluster-uniform: time=0.710 ±0.098 (n=10)  reduction=0.2273 ±0.0229 (n=10)
    - entropy-sublinear-ae-is: time=6.399 ±0.384 (n=10)  reduction=0.2985 ±0.0080 (n=10)
    - sublinear-ae-is: time=6.459 ±0.354 (n=10)  reduction=0.2500 ±0.0001 (n=10)

trec:
    - ablation-random-esae-rate: time=0.440 ±0.032 (n=10)  reduction=0.1400 ±0.0108 (n=10)
    - ablation-cluster-uniform: time=0.449 ±0.019 (n=10)  reduction=0.1332 ±0.0108 (n=10)
    - ablation-cluster-sublinear-random: time=0.457 ±0.018 (n=10)  reduction=0.1400 ±0.0107 (n=10)
    - entropy-sublinear-ae-is: time=4.490 ±0.378 (n=10)  reduction=0.2393 ±0.0104 (n=10)
    - sublinear-ae-is: time=4.549 ±0.447 (n=10)  reduction=0.2500 ±0.0001 (n=10)

Wrote: /app/results/exp2-ablation/instance_selection/selection_summary.json
Wrote: /app/results/exp2-ablation/instance_selection/selection_summary.csv

=================================================
Step 3: Running atcBench
=================================================
Running with 1 concurrent processes...
Methods  : ablation-random-esae-rate ablation-cluster-uniform ablation-cluster-sublinear-random
Datasets : sst2 ohsumed reuters90 books trec 20ng
xargs: warning: options --max-args and --replace/-I/-i are mutually exclusive, ignoring previous --max-args value
[RUN] Iniciando sst2_ablation-random-esae-rate (Acompanhe os detalhes em /app/results/exp2-ablation/classificacao/logs_modernbert/sst2/ablation-random-esae-rate.log)
[DONE] Finalizado sst2_ablation-random-esae-rate
[RUN] Iniciando sst2_ablation-cluster-uniform (Acompanhe os detalhes em /app/results/exp2-ablation/classificacao/logs_modernbert/sst2/ablation-cluster-uniform.log)
[DONE] Finalizado sst2_ablation-cluster-uniform
[RUN] Iniciando sst2_ablation-cluster-sublinear-random (Acompanhe os detalhes em /app/results/exp2-ablation/classificacao/logs_modernbert/sst2/ablation-cluster-sublinear-random.log)
[DONE] Finalizado sst2_ablation-cluster-sublinear-random
[RUN] Iniciando ohsumed_ablation-random-esae-rate (Acompanhe os detalhes em /app/results/exp2-ablation/classificacao/logs_modernbert/ohsumed/ablation-random-esae-rate.log)
[DONE] Finalizado ohsumed_ablation-random-esae-rate
[RUN] Iniciando ohsumed_ablation-cluster-uniform (Acompanhe os detalhes em /app/results/exp2-ablation/classificacao/logs_modernbert/ohsumed/ablation-cluster-uniform.log)
[DONE] Finalizado ohsumed_ablation-cluster-uniform
[RUN] Iniciando ohsumed_ablation-cluster-sublinear-random (Acompanhe os detalhes em /app/results/exp2-ablation/classificacao/logs_modernbert/ohsumed/ablation-cluster-sublinear-random.log)
[DONE] Finalizado ohsumed_ablation-cluster-sublinear-random
[RUN] Iniciando reuters90_ablation-random-esae-rate (Acompanhe os detalhes em /app/results/exp2-ablation/classificacao/logs_modernbert/reuters90/ablation-random-esae-rate.log)
[DONE] Finalizado reuters90_ablation-random-esae-rate
[RUN] Iniciando reuters90_ablation-cluster-uniform (Acompanhe os detalhes em /app/results/exp2-ablation/classificacao/logs_modernbert/reuters90/ablation-cluster-uniform.log)
[DONE] Finalizado reuters90_ablation-cluster-uniform
[RUN] Iniciando reuters90_ablation-cluster-sublinear-random (Acompanhe os detalhes em /app/results/exp2-ablation/classificacao/logs_modernbert/reuters90/ablation-cluster-sublinear-random.log)
[DONE] Finalizado reuters90_ablation-cluster-sublinear-random
[RUN] Iniciando books_ablation-random-esae-rate (Acompanhe os detalhes em /app/results/exp2-ablation/classificacao/logs_modernbert/books/ablation-random-esae-rate.log)
[DONE] Finalizado books_ablation-random-esae-rate
[RUN] Iniciando books_ablation-cluster-uniform (Acompanhe os detalhes em /app/results/exp2-ablation/classificacao/logs_modernbert/books/ablation-cluster-uniform.log)
[DONE] Finalizado books_ablation-cluster-uniform
[RUN] Iniciando books_ablation-cluster-sublinear-random (Acompanhe os detalhes em /app/results/exp2-ablation/classificacao/logs_modernbert/books/ablation-cluster-sublinear-random.log)
[DONE] Finalizado books_ablation-cluster-sublinear-random
[RUN] Iniciando trec_ablation-random-esae-rate (Acompanhe os detalhes em /app/results/exp2-ablation/classificacao/logs_modernbert/trec/ablation-random-esae-rate.log)
[DONE] Finalizado trec_ablation-random-esae-rate
[RUN] Iniciando trec_ablation-cluster-uniform (Acompanhe os detalhes em /app/results/exp2-ablation/classificacao/logs_modernbert/trec/ablation-cluster-uniform.log)
[DONE] Finalizado trec_ablation-cluster-uniform
[RUN] Iniciando trec_ablation-cluster-sublinear-random (Acompanhe os detalhes em /app/results/exp2-ablation/classificacao/logs_modernbert/trec/ablation-cluster-sublinear-random.log)
[DONE] Finalizado trec_ablation-cluster-sublinear-random
[RUN] Iniciando 20ng_ablation-random-esae-rate (Acompanhe os detalhes em /app/results/exp2-ablation/classificacao/logs_modernbert/20ng/ablation-random-esae-rate.log)
[DONE] Finalizado 20ng_ablation-random-esae-rate
[RUN] Iniciando 20ng_ablation-cluster-uniform (Acompanhe os detalhes em /app/results/exp2-ablation/classificacao/logs_modernbert/20ng/ablation-cluster-uniform.log)
[DONE] Finalizado 20ng_ablation-cluster-uniform
[RUN] Iniciando 20ng_ablation-cluster-sublinear-random (Acompanhe os detalhes em /app/results/exp2-ablation/classificacao/logs_modernbert/20ng/ablation-cluster-sublinear-random.log)
[DONE] Finalizado 20ng_ablation-cluster-sublinear-random
All runs finished.

=================================================
Step 4: Generating results CSV (Metrics)
=================================================
Loaded selection CSV with 30 entries from: /app/results/exp2-ablation/instance_selection/selection_summary.csv
Processing: dataset=20ng, method=ablation-cluster-sublinear-random, model=modernbert, reduction=0.21826036512467462
Processing: dataset=20ng, method=ablation-cluster-uniform, model=modernbert, reduction=0.2143574028280027
Processing: dataset=20ng, method=ablation-random-esae-rate, model=modernbert, reduction=0.21826626308987662
Processing: dataset=20ng, method=entropy-sublinear-ae-is, model=modernbert, reduction=0.22468768222588711
Processing: dataset=20ng, method=sublinear-ae-is, model=modernbert, reduction=0.249979367897558
Processing: dataset=books, method=ablation-cluster-sublinear-random, model=modernbert, reduction=0.18082931066133529
Processing: dataset=books, method=ablation-cluster-uniform, model=modernbert, reduction=0.17798157952119872
Processing: dataset=books, method=ablation-random-esae-rate, model=modernbert, reduction=0.18084584800597125
Processing: dataset=books, method=entropy-sublinear-ae-is, model=modernbert, reduction=0.1863163333933142
Processing: dataset=books, method=sublinear-ae-is, model=modernbert, reduction=0.2499983465062037
Processing: dataset=ohsumed, method=ablation-cluster-sublinear-random, model=modernbert, reduction=0.12016297154234226
Processing: dataset=ohsumed, method=ablation-cluster-uniform, model=modernbert, reduction=0.11631397114017546
Processing: dataset=ohsumed, method=ablation-random-esae-rate, model=modernbert, reduction=0.12016904245055013
Processing: dataset=ohsumed, method=entropy-sublinear-ae-is, model=modernbert, reduction=0.13904383590108438
Processing: dataset=ohsumed, method=sublinear-ae-is, model=modernbert, reduction=0.2499544683727318
Processing: dataset=reuters90, method=ablation-cluster-sublinear-random, model=modernbert, reduction=0.2309710427207498
Processing: dataset=reuters90, method=ablation-cluster-uniform, model=modernbert, reduction=0.22612696603272012
Processing: dataset=reuters90, method=ablation-random-esae-rate, model=modernbert, reduction=0.23102106592226912
Processing: dataset=reuters90, method=entropy-sublinear-ae-is, model=modernbert, reduction=0.24226558673055637
Processing: dataset=reuters90, method=sublinear-ae-is, model=modernbert, reduction=0.24993538058599013
Processing: dataset=sst2, method=ablation-cluster-sublinear-random, model=modernbert, reduction=0.2327863788017954
Processing: dataset=sst2, method=ablation-cluster-uniform, model=modernbert, reduction=0.2273423771008651
Processing: dataset=sst2, method=ablation-random-esae-rate, model=modernbert, reduction=0.23279793682306216
Processing: dataset=sst2, method=entropy-sublinear-ae-is, model=modernbert, reduction=0.29854270600011873
Processing: dataset=sst2, method=sublinear-ae-is, model=modernbert, reduction=0.24995087807560804
Processing: dataset=trec, method=ablation-cluster-sublinear-random, model=modernbert, reduction=0.13995297380198
Processing: dataset=trec, method=ablation-cluster-uniform, model=modernbert, reduction=0.13317653519304204
Processing: dataset=trec, method=ablation-random-esae-rate, model=modernbert, reduction=0.13999031161617634
Processing: dataset=trec, method=entropy-sublinear-ae-is, model=modernbert, reduction=0.23934044962632908
Processing: dataset=trec, method=sublinear-ae-is, model=modernbert, reduction=0.24996265521524189
Wrote CSV to: /app/results/exp2-ablation/classificacao/results/results_modernbert.csv

=================================================
Step 5: Generating results CSV (Times)
=================================================
Loaded selection CSV with 30 entries from: /app/results/exp2-ablation/instance_selection/selection_summary.csv
Processing: dataset=20ng, method=ablation-cluster-sublinear-random, model=modernbert, IS_time=0.85
Processing: dataset=20ng, method=ablation-cluster-uniform, model=modernbert, IS_time=0.84
Processing: dataset=20ng, method=ablation-random-esae-rate, model=modernbert, IS_time=0.79
Processing: dataset=20ng, method=entropy-sublinear-ae-is, model=modernbert, IS_time=11.91
Processing: dataset=20ng, method=sublinear-ae-is, model=modernbert, IS_time=11.56
Processing: dataset=books, method=ablation-cluster-sublinear-random, model=modernbert, IS_time=1.12
Processing: dataset=books, method=ablation-cluster-uniform, model=modernbert, IS_time=1.07
Processing: dataset=books, method=ablation-random-esae-rate, model=modernbert, IS_time=1.08
Processing: dataset=books, method=entropy-sublinear-ae-is, model=modernbert, IS_time=19.87
Processing: dataset=books, method=sublinear-ae-is, model=modernbert, IS_time=19.21
Processing: dataset=ohsumed, method=ablation-cluster-sublinear-random, model=modernbert, IS_time=0.77
Processing: dataset=ohsumed, method=ablation-cluster-uniform, model=modernbert, IS_time=0.81
Processing: dataset=ohsumed, method=ablation-random-esae-rate, model=modernbert, IS_time=0.82
Processing: dataset=ohsumed, method=entropy-sublinear-ae-is, model=modernbert, IS_time=11.53
Processing: dataset=ohsumed, method=sublinear-ae-is, model=modernbert, IS_time=11.32
Processing: dataset=reuters90, method=ablation-cluster-sublinear-random, model=modernbert, IS_time=0.73
Processing: dataset=reuters90, method=ablation-cluster-uniform, model=modernbert, IS_time=0.67
Processing: dataset=reuters90, method=ablation-random-esae-rate, model=modernbert, IS_time=0.59
Processing: dataset=reuters90, method=entropy-sublinear-ae-is, model=modernbert, IS_time=8.23
Processing: dataset=reuters90, method=sublinear-ae-is, model=modernbert, IS_time=8.32
Processing: dataset=sst2, method=ablation-cluster-sublinear-random, model=modernbert, IS_time=0.62
Processing: dataset=sst2, method=ablation-cluster-uniform, model=modernbert, IS_time=0.71
Processing: dataset=sst2, method=ablation-random-esae-rate, model=modernbert, IS_time=0.54
Processing: dataset=sst2, method=entropy-sublinear-ae-is, model=modernbert, IS_time=6.40
Processing: dataset=sst2, method=sublinear-ae-is, model=modernbert, IS_time=6.46
Processing: dataset=trec, method=ablation-cluster-sublinear-random, model=modernbert, IS_time=0.46
Processing: dataset=trec, method=ablation-cluster-uniform, model=modernbert, IS_time=0.45
Processing: dataset=trec, method=ablation-random-esae-rate, model=modernbert, IS_time=0.44
Processing: dataset=trec, method=entropy-sublinear-ae-is, model=modernbert, IS_time=4.49
Processing: dataset=trec, method=sublinear-ae-is, model=modernbert, IS_time=4.55
Wrote CSV to: /app/results/exp2-ablation/classificacao/results/times_modernbert.csv

=================================================
Pipeline execution completed successfully!
=================================================
