═══════════════════════════════════════════════════════════════════
  Exp 4: SAE-IS at Fixed Reduction Rates
  Datasets:    sst2,ohsumed,reuters90,books,trec,20ng
  Input Rep:   jina-v5
  Rates:       10 15 20 25 30 35 40
  Results Dir: /app/host/results/exp4-fixed-rates
═══════════════════════════════════════════════════════════════════

───────────────────────────────────────────────────────────────
  Running SAE-IS at 10% reduction → /app/host/results/exp4-fixed-rates/rate_10
───────────────────────────────────────────────────────────────
Methods  : sae-rate-10
Datasets : sst2,ohsumed,reuters90,books,trec,20ng
Steps    : All (1, 2, 3, 4, 5)
=================================================
Step 1: Running unsupervised selection
=================================================
Methods  : sae-rate-10
Datasets : sst2 ohsumed reuters90 books trec 20ng
Dataset: sst2
  Iniciando sst2 e sae-rate-10 (Log: /app/host/results/exp4-fixed-rates/rate_10/instance_selection/logs/sst2_sae-rate-10.log)
Dataset: ohsumed
  Iniciando ohsumed e sae-rate-10 (Log: /app/host/results/exp4-fixed-rates/rate_10/instance_selection/logs/ohsumed_sae-rate-10.log)
Dataset: reuters90
  Iniciando reuters90 e sae-rate-10 (Log: /app/host/results/exp4-fixed-rates/rate_10/instance_selection/logs/reuters90_sae-rate-10.log)
Dataset: books
  Iniciando books e sae-rate-10 (Log: /app/host/results/exp4-fixed-rates/rate_10/instance_selection/logs/books_sae-rate-10.log)
Dataset: trec
  Iniciando trec e sae-rate-10 (Log: /app/host/results/exp4-fixed-rates/rate_10/instance_selection/logs/trec_sae-rate-10.log)
Dataset: 20ng
  Iniciando 20ng e sae-rate-10 (Log: /app/host/results/exp4-fixed-rates/rate_10/instance_selection/logs/20ng_sae-rate-10.log)

=================================================
All runs completed successfully.
=================================================

=================================================
Step 2: Generating summary (read_selection_ci.py)
=================================================
20ng:
    - sae-rate-10: time=11.697 ±0.773 (n=10)  reduction=0.1000 ±0.0000 (n=10)

books:
    - sae-rate-10: time=19.471 ±0.647 (n=10)  reduction=0.1000 ±0.0000 (n=10)

ohsumed:
    - sae-rate-10: time=11.306 ±0.514 (n=10)  reduction=0.1000 ±0.0000 (n=10)

reuters90:
    - sae-rate-10: time=8.610 ±1.183 (n=10)  reduction=0.1000 ±0.0000 (n=10)

sst2:
    - sae-rate-10: time=6.536 ±0.341 (n=10)  reduction=0.1001 ±0.0000 (n=10)

trec:
    - sae-rate-10: time=4.461 ±0.395 (n=10)  reduction=0.1000 ±0.0002 (n=10)

Wrote: /app/host/results/exp4-fixed-rates/rate_10/instance_selection/selection_summary.json
Wrote: /app/host/results/exp4-fixed-rates/rate_10/instance_selection/selection_summary.csv

=================================================
Step 3: Running atcBench
=================================================
Running with 1 concurrent processes...
Methods  : sae-rate-10
Datasets : sst2 ohsumed reuters90 books trec 20ng
xargs: warning: options --max-args and --replace/-I/-i are mutually exclusive, ignoring previous --max-args value
[RUN] Iniciando sst2_sae-rate-10 (Acompanhe os detalhes em /app/host/results/exp4-fixed-rates/rate_10/classificacao/logs_modernbert/sst2/sae-rate-10.log)
[DONE] Finalizado sst2_sae-rate-10
[RUN] Iniciando ohsumed_sae-rate-10 (Acompanhe os detalhes em /app/host/results/exp4-fixed-rates/rate_10/classificacao/logs_modernbert/ohsumed/sae-rate-10.log)
[DONE] Finalizado ohsumed_sae-rate-10
[RUN] Iniciando reuters90_sae-rate-10 (Acompanhe os detalhes em /app/host/results/exp4-fixed-rates/rate_10/classificacao/logs_modernbert/reuters90/sae-rate-10.log)
[DONE] Finalizado reuters90_sae-rate-10
[RUN] Iniciando books_sae-rate-10 (Acompanhe os detalhes em /app/host/results/exp4-fixed-rates/rate_10/classificacao/logs_modernbert/books/sae-rate-10.log)
[DONE] Finalizado books_sae-rate-10
[RUN] Iniciando trec_sae-rate-10 (Acompanhe os detalhes em /app/host/results/exp4-fixed-rates/rate_10/classificacao/logs_modernbert/trec/sae-rate-10.log)
[DONE] Finalizado trec_sae-rate-10
[RUN] Iniciando 20ng_sae-rate-10 (Acompanhe os detalhes em /app/host/results/exp4-fixed-rates/rate_10/classificacao/logs_modernbert/20ng/sae-rate-10.log)
[DONE] Finalizado 20ng_sae-rate-10
All runs finished.

=================================================
Step 4: Generating results CSV (Metrics)
=================================================
Loaded selection CSV with 6 entries from: /app/host/results/exp4-fixed-rates/rate_10/instance_selection/selection_summary.csv
Processing: dataset=20ng, method=sae-rate-10, model=modernbert, reduction=0.0999858489160742
Processing: dataset=books, method=sae-rate-10, model=modernbert, reduction=0.10000793786416451
Processing: dataset=ohsumed, method=sae-rate-10, model=modernbert, reduction=0.10001942720113048
Processing: dataset=reuters90, method=sae-rate-10, model=modernbert, reduction=0.10001414133313674
Processing: dataset=sst2, method=sae-rate-10, model=modernbert, reduction=0.10006125844793691
Processing: dataset=trec, method=sae-rate-10, model=modernbert, reduction=0.09996640189220082
Wrote CSV to: /app/host/results/exp4-fixed-rates/rate_10/classificacao/results/results_modernbert.csv

=================================================
Step 5: Generating results CSV (Times)
=================================================
Loaded selection CSV with 6 entries from: /app/host/results/exp4-fixed-rates/rate_10/instance_selection/selection_summary.csv
Processing: dataset=20ng, method=sae-rate-10, model=modernbert, IS_time=11.70
Processing: dataset=books, method=sae-rate-10, model=modernbert, IS_time=19.47
Processing: dataset=ohsumed, method=sae-rate-10, model=modernbert, IS_time=11.31
Processing: dataset=reuters90, method=sae-rate-10, model=modernbert, IS_time=8.61
Processing: dataset=sst2, method=sae-rate-10, model=modernbert, IS_time=6.54
Processing: dataset=trec, method=sae-rate-10, model=modernbert, IS_time=4.46
Wrote CSV to: /app/host/results/exp4-fixed-rates/rate_10/classificacao/results/times_modernbert.csv

=================================================
Pipeline execution completed successfully!
=================================================

───────────────────────────────────────────────────────────────
  Running SAE-IS at 15% reduction → /app/host/results/exp4-fixed-rates/rate_15
───────────────────────────────────────────────────────────────
Methods  : sae-rate-15
Datasets : sst2,ohsumed,reuters90,books,trec,20ng
Steps    : All (1, 2, 3, 4, 5)
=================================================
Step 1: Running unsupervised selection
=================================================
Methods  : sae-rate-15
Datasets : sst2 ohsumed reuters90 books trec 20ng
Dataset: sst2
  Iniciando sst2 e sae-rate-15 (Log: /app/host/results/exp4-fixed-rates/rate_15/instance_selection/logs/sst2_sae-rate-15.log)
Dataset: ohsumed
  Iniciando ohsumed e sae-rate-15 (Log: /app/host/results/exp4-fixed-rates/rate_15/instance_selection/logs/ohsumed_sae-rate-15.log)
Dataset: reuters90
  Iniciando reuters90 e sae-rate-15 (Log: /app/host/results/exp4-fixed-rates/rate_15/instance_selection/logs/reuters90_sae-rate-15.log)
Dataset: books
  Iniciando books e sae-rate-15 (Log: /app/host/results/exp4-fixed-rates/rate_15/instance_selection/logs/books_sae-rate-15.log)
Dataset: trec
  Iniciando trec e sae-rate-15 (Log: /app/host/results/exp4-fixed-rates/rate_15/instance_selection/logs/trec_sae-rate-15.log)
Dataset: 20ng
  Iniciando 20ng e sae-rate-15 (Log: /app/host/results/exp4-fixed-rates/rate_15/instance_selection/logs/20ng_sae-rate-15.log)

=================================================
All runs completed successfully.
=================================================

=================================================
Step 2: Generating summary (read_selection_ci.py)
=================================================
20ng:
    - sae-rate-15: time=11.740 ±1.173 (n=10)  reduction=0.1500 ±0.0000 (n=10)

books:
    - sae-rate-15: time=19.801 ±0.971 (n=10)  reduction=0.1500 ±0.0000 (n=10)

ohsumed:
    - sae-rate-15: time=11.228 ±0.359 (n=10)  reduction=0.1500 ±0.0000 (n=10)

reuters90:
    - sae-rate-15: time=8.561 ±1.444 (n=10)  reduction=0.1500 ±0.0000 (n=10)

sst2:
    - sae-rate-15: time=6.476 ±0.510 (n=10)  reduction=0.1500 ±0.0001 (n=10)

trec:
    - sae-rate-15: time=4.472 ±0.383 (n=10)  reduction=0.1498 ±0.0002 (n=10)

Wrote: /app/host/results/exp4-fixed-rates/rate_15/instance_selection/selection_summary.json
Wrote: /app/host/results/exp4-fixed-rates/rate_15/instance_selection/selection_summary.csv

=================================================
Step 3: Running atcBench
=================================================
Running with 1 concurrent processes...
Methods  : sae-rate-15
Datasets : sst2 ohsumed reuters90 books trec 20ng
xargs: warning: options --max-args and --replace/-I/-i are mutually exclusive, ignoring previous --max-args value
[RUN] Iniciando sst2_sae-rate-15 (Acompanhe os detalhes em /app/host/results/exp4-fixed-rates/rate_15/classificacao/logs_modernbert/sst2/sae-rate-15.log)
[DONE] Finalizado sst2_sae-rate-15
[RUN] Iniciando ohsumed_sae-rate-15 (Acompanhe os detalhes em /app/host/results/exp4-fixed-rates/rate_15/classificacao/logs_modernbert/ohsumed/sae-rate-15.log)
[DONE] Finalizado ohsumed_sae-rate-15
[RUN] Iniciando reuters90_sae-rate-15 (Acompanhe os detalhes em /app/host/results/exp4-fixed-rates/rate_15/classificacao/logs_modernbert/reuters90/sae-rate-15.log)
[DONE] Finalizado reuters90_sae-rate-15
[RUN] Iniciando books_sae-rate-15 (Acompanhe os detalhes em /app/host/results/exp4-fixed-rates/rate_15/classificacao/logs_modernbert/books/sae-rate-15.log)
[DONE] Finalizado books_sae-rate-15
[RUN] Iniciando trec_sae-rate-15 (Acompanhe os detalhes em /app/host/results/exp4-fixed-rates/rate_15/classificacao/logs_modernbert/trec/sae-rate-15.log)
[DONE] Finalizado trec_sae-rate-15
[RUN] Iniciando 20ng_sae-rate-15 (Acompanhe os detalhes em /app/host/results/exp4-fixed-rates/rate_15/classificacao/logs_modernbert/20ng/sae-rate-15.log)
[DONE] Finalizado 20ng_sae-rate-15
All runs finished.

=================================================
Step 4: Generating results CSV (Metrics)
=================================================
Loaded selection CSV with 6 entries from: /app/host/results/exp4-fixed-rates/rate_15/instance_selection/selection_summary.csv
Processing: dataset=20ng, method=sae-rate-15, model=modernbert, reduction=0.14998761337205443
Processing: dataset=books, method=sae-rate-15, model=modernbert, reduction=0.15002348311252273
Processing: dataset=ohsumed, method=sae-rate-15, model=modernbert, reduction=0.14996539571264067
Processing: dataset=reuters90, method=sae-rate-15, model=modernbert, reduction=0.1500212771248653
Processing: dataset=sst2, method=sae-rate-15, model=modernbert, reduction=0.14997052711257142
Processing: dataset=trec, method=sae-rate-15, model=modernbert, reduction=0.14979092845512973
Wrote CSV to: /app/host/results/exp4-fixed-rates/rate_15/classificacao/results/results_modernbert.csv

=================================================
Step 5: Generating results CSV (Times)
=================================================
Loaded selection CSV with 6 entries from: /app/host/results/exp4-fixed-rates/rate_15/instance_selection/selection_summary.csv
Processing: dataset=20ng, method=sae-rate-15, model=modernbert, IS_time=11.74
Processing: dataset=books, method=sae-rate-15, model=modernbert, IS_time=19.80
Processing: dataset=ohsumed, method=sae-rate-15, model=modernbert, IS_time=11.23
Processing: dataset=reuters90, method=sae-rate-15, model=modernbert, IS_time=8.56
Processing: dataset=sst2, method=sae-rate-15, model=modernbert, IS_time=6.48
Processing: dataset=trec, method=sae-rate-15, model=modernbert, IS_time=4.47
Wrote CSV to: /app/host/results/exp4-fixed-rates/rate_15/classificacao/results/times_modernbert.csv

=================================================
Pipeline execution completed successfully!
=================================================

───────────────────────────────────────────────────────────────
  Running SAE-IS at 20% reduction → /app/host/results/exp4-fixed-rates/rate_20
───────────────────────────────────────────────────────────────
Methods  : sae-rate-20
Datasets : sst2,ohsumed,reuters90,books,trec,20ng
Steps    : All (1, 2, 3, 4, 5)
=================================================
Step 1: Running unsupervised selection
=================================================
Methods  : sae-rate-20
Datasets : sst2 ohsumed reuters90 books trec 20ng
Dataset: sst2
  Iniciando sst2 e sae-rate-20 (Log: /app/host/results/exp4-fixed-rates/rate_20/instance_selection/logs/sst2_sae-rate-20.log)
Dataset: ohsumed
  Iniciando ohsumed e sae-rate-20 (Log: /app/host/results/exp4-fixed-rates/rate_20/instance_selection/logs/ohsumed_sae-rate-20.log)
Dataset: reuters90
  Iniciando reuters90 e sae-rate-20 (Log: /app/host/results/exp4-fixed-rates/rate_20/instance_selection/logs/reuters90_sae-rate-20.log)
Dataset: books
  Iniciando books e sae-rate-20 (Log: /app/host/results/exp4-fixed-rates/rate_20/instance_selection/logs/books_sae-rate-20.log)
Dataset: trec
  Iniciando trec e sae-rate-20 (Log: /app/host/results/exp4-fixed-rates/rate_20/instance_selection/logs/trec_sae-rate-20.log)
Dataset: 20ng
  Iniciando 20ng e sae-rate-20 (Log: /app/host/results/exp4-fixed-rates/rate_20/instance_selection/logs/20ng_sae-rate-20.log)

=================================================
All runs completed successfully.
=================================================

=================================================
Step 2: Generating summary (read_selection_ci.py)
=================================================
20ng:
    - sae-rate-20: time=11.421 ±0.386 (n=10)  reduction=0.2000 ±0.0000 (n=10)

books:
    - sae-rate-20: time=19.709 ±0.764 (n=10)  reduction=0.2000 ±0.0000 (n=10)

ohsumed:
    - sae-rate-20: time=11.271 ±0.638 (n=10)  reduction=0.2000 ±0.0000 (n=10)

reuters90:
    - sae-rate-20: time=8.118 ±0.800 (n=10)  reduction=0.2000 ±0.0001 (n=10)

sst2:
    - sae-rate-20: time=6.771 ±0.533 (n=10)  reduction=0.2000 ±0.0001 (n=10)

trec:
    - sae-rate-20: time=4.606 ±0.706 (n=10)  reduction=0.1999 ±0.0002 (n=10)

Wrote: /app/host/results/exp4-fixed-rates/rate_20/instance_selection/selection_summary.json
Wrote: /app/host/results/exp4-fixed-rates/rate_20/instance_selection/selection_summary.csv

=================================================
Step 3: Running atcBench
=================================================
Running with 1 concurrent processes...
Methods  : sae-rate-20
Datasets : sst2 ohsumed reuters90 books trec 20ng
xargs: warning: options --max-args and --replace/-I/-i are mutually exclusive, ignoring previous --max-args value
[RUN] Iniciando sst2_sae-rate-20 (Acompanhe os detalhes em /app/host/results/exp4-fixed-rates/rate_20/classificacao/logs_modernbert/sst2/sae-rate-20.log)
[DONE] Finalizado sst2_sae-rate-20
[RUN] Iniciando ohsumed_sae-rate-20 (Acompanhe os detalhes em /app/host/results/exp4-fixed-rates/rate_20/classificacao/logs_modernbert/ohsumed/sae-rate-20.log)
[DONE] Finalizado ohsumed_sae-rate-20
[RUN] Iniciando reuters90_sae-rate-20 (Acompanhe os detalhes em /app/host/results/exp4-fixed-rates/rate_20/classificacao/logs_modernbert/reuters90/sae-rate-20.log)
[DONE] Finalizado reuters90_sae-rate-20
[RUN] Iniciando books_sae-rate-20 (Acompanhe os detalhes em /app/host/results/exp4-fixed-rates/rate_20/classificacao/logs_modernbert/books/sae-rate-20.log)
[DONE] Finalizado books_sae-rate-20
[RUN] Iniciando trec_sae-rate-20 (Acompanhe os detalhes em /app/host/results/exp4-fixed-rates/rate_20/classificacao/logs_modernbert/trec/sae-rate-20.log)
[DONE] Finalizado trec_sae-rate-20
[RUN] Iniciando 20ng_sae-rate-20 (Acompanhe os detalhes em /app/host/results/exp4-fixed-rates/rate_20/classificacao/logs_modernbert/20ng/sae-rate-20.log)
[DONE] Finalizado 20ng_sae-rate-20
All runs finished.

=================================================
Step 4: Generating results CSV (Metrics)
=================================================
Loaded selection CSV with 6 entries from: /app/host/results/exp4-fixed-rates/rate_20/instance_selection/selection_summary.csv
Processing: dataset=20ng, method=sae-rate-20, model=modernbert, reduction=0.19998939207342234
Processing: dataset=books, method=sae-rate-20, model=modernbert, reduction=0.19999933860248148
Processing: dataset=ohsumed, method=sae-rate-20, model=modernbert, reduction=0.19998421622839016
Processing: dataset=reuters90, method=sae-rate-20, model=modernbert, reduction=0.19999491158943286
Processing: dataset=sst2, method=sae-rate-20, model=modernbert, reduction=0.200018492032407
Processing: dataset=trec, method=sae-rate-20, model=modernbert, reduction=0.19991412964938213
Wrote CSV to: /app/host/results/exp4-fixed-rates/rate_20/classificacao/results/results_modernbert.csv

=================================================
Step 5: Generating results CSV (Times)
=================================================
Loaded selection CSV with 6 entries from: /app/host/results/exp4-fixed-rates/rate_20/instance_selection/selection_summary.csv
Processing: dataset=20ng, method=sae-rate-20, model=modernbert, IS_time=11.42
Processing: dataset=books, method=sae-rate-20, model=modernbert, IS_time=19.71
Processing: dataset=ohsumed, method=sae-rate-20, model=modernbert, IS_time=11.27
Processing: dataset=reuters90, method=sae-rate-20, model=modernbert, IS_time=8.12
Processing: dataset=sst2, method=sae-rate-20, model=modernbert, IS_time=6.77
Processing: dataset=trec, method=sae-rate-20, model=modernbert, IS_time=4.61
Wrote CSV to: /app/host/results/exp4-fixed-rates/rate_20/classificacao/results/times_modernbert.csv

=================================================
Pipeline execution completed successfully!
=================================================

───────────────────────────────────────────────────────────────
  Running SAE-IS at 25% reduction → /app/host/results/exp4-fixed-rates/rate_25
───────────────────────────────────────────────────────────────
Methods  : sae-rate-25
Datasets : sst2,ohsumed,reuters90,books,trec,20ng
Steps    : All (1, 2, 3, 4, 5)
=================================================
Step 1: Running unsupervised selection
=================================================
Methods  : sae-rate-25
Datasets : sst2 ohsumed reuters90 books trec 20ng
Dataset: sst2
  Iniciando sst2 e sae-rate-25 (Log: /app/host/results/exp4-fixed-rates/rate_25/instance_selection/logs/sst2_sae-rate-25.log)
Dataset: ohsumed
  Iniciando ohsumed e sae-rate-25 (Log: /app/host/results/exp4-fixed-rates/rate_25/instance_selection/logs/ohsumed_sae-rate-25.log)
Dataset: reuters90
  Iniciando reuters90 e sae-rate-25 (Log: /app/host/results/exp4-fixed-rates/rate_25/instance_selection/logs/reuters90_sae-rate-25.log)
Dataset: books
  Iniciando books e sae-rate-25 (Log: /app/host/results/exp4-fixed-rates/rate_25/instance_selection/logs/books_sae-rate-25.log)
Dataset: trec
  Iniciando trec e sae-rate-25 (Log: /app/host/results/exp4-fixed-rates/rate_25/instance_selection/logs/trec_sae-rate-25.log)
Dataset: 20ng
  Iniciando 20ng e sae-rate-25 (Log: /app/host/results/exp4-fixed-rates/rate_25/instance_selection/logs/20ng_sae-rate-25.log)

=================================================
All runs completed successfully.
=================================================

=================================================
Step 2: Generating summary (read_selection_ci.py)
=================================================
20ng:
    - sae-rate-25: time=11.750 ±0.483 (n=10)  reduction=0.2500 ±0.0000 (n=10)

books:
    - sae-rate-25: time=19.365 ±0.521 (n=10)  reduction=0.2500 ±0.0000 (n=10)

ohsumed:
    - sae-rate-25: time=11.160 ±0.392 (n=10)  reduction=0.2500 ±0.0001 (n=10)

reuters90:
    - sae-rate-25: time=8.539 ±1.212 (n=10)  reduction=0.2499 ±0.0001 (n=10)

sst2:
    - sae-rate-25: time=6.449 ±0.481 (n=10)  reduction=0.2500 ±0.0001 (n=10)

trec:
    - sae-rate-25: time=4.700 ±0.938 (n=10)  reduction=0.2500 ±0.0001 (n=10)

Wrote: /app/host/results/exp4-fixed-rates/rate_25/instance_selection/selection_summary.json
Wrote: /app/host/results/exp4-fixed-rates/rate_25/instance_selection/selection_summary.csv

=================================================
Step 3: Running atcBench
=================================================
Running with 1 concurrent processes...
Methods  : sae-rate-25
Datasets : sst2 ohsumed reuters90 books trec 20ng
xargs: warning: options --max-args and --replace/-I/-i are mutually exclusive, ignoring previous --max-args value
[RUN] Iniciando sst2_sae-rate-25 (Acompanhe os detalhes em /app/host/results/exp4-fixed-rates/rate_25/classificacao/logs_modernbert/sst2/sae-rate-25.log)
[DONE] Finalizado sst2_sae-rate-25
[RUN] Iniciando ohsumed_sae-rate-25 (Acompanhe os detalhes em /app/host/results/exp4-fixed-rates/rate_25/classificacao/logs_modernbert/ohsumed/sae-rate-25.log)
[DONE] Finalizado ohsumed_sae-rate-25
[RUN] Iniciando reuters90_sae-rate-25 (Acompanhe os detalhes em /app/host/results/exp4-fixed-rates/rate_25/classificacao/logs_modernbert/reuters90/sae-rate-25.log)
[DONE] Finalizado reuters90_sae-rate-25
[RUN] Iniciando books_sae-rate-25 (Acompanhe os detalhes em /app/host/results/exp4-fixed-rates/rate_25/classificacao/logs_modernbert/books/sae-rate-25.log)
[DONE] Finalizado books_sae-rate-25
[RUN] Iniciando trec_sae-rate-25 (Acompanhe os detalhes em /app/host/results/exp4-fixed-rates/rate_25/classificacao/logs_modernbert/trec/sae-rate-25.log)
[DONE] Finalizado trec_sae-rate-25
[RUN] Iniciando 20ng_sae-rate-25 (Acompanhe os detalhes em /app/host/results/exp4-fixed-rates/rate_25/classificacao/logs_modernbert/20ng/sae-rate-25.log)
[DONE] Finalizado 20ng_sae-rate-25
All runs finished.

=================================================
Step 4: Generating results CSV (Metrics)
=================================================
Loaded selection CSV with 6 entries from: /app/host/results/exp4-fixed-rates/rate_25/instance_selection/selection_summary.csv
Processing: dataset=20ng, method=sae-rate-25, model=modernbert, reduction=0.249979367897558
Processing: dataset=books, method=sae-rate-25, model=modernbert, reduction=0.2499983465062037
Processing: dataset=ohsumed, method=sae-rate-25, model=modernbert, reduction=0.2499544683727318
Processing: dataset=reuters90, method=sae-rate-25, model=modernbert, reduction=0.24993538058599013
Processing: dataset=sst2, method=sae-rate-25, model=modernbert, reduction=0.24995087807560804
Processing: dataset=trec, method=sae-rate-25, model=modernbert, reduction=0.24996265521524189
Wrote CSV to: /app/host/results/exp4-fixed-rates/rate_25/classificacao/results/results_modernbert.csv

=================================================
Step 5: Generating results CSV (Times)
=================================================
Loaded selection CSV with 6 entries from: /app/host/results/exp4-fixed-rates/rate_25/instance_selection/selection_summary.csv
Processing: dataset=20ng, method=sae-rate-25, model=modernbert, IS_time=11.75
Processing: dataset=books, method=sae-rate-25, model=modernbert, IS_time=19.37
Processing: dataset=ohsumed, method=sae-rate-25, model=modernbert, IS_time=11.16
Processing: dataset=reuters90, method=sae-rate-25, model=modernbert, IS_time=8.54
Processing: dataset=sst2, method=sae-rate-25, model=modernbert, IS_time=6.45
Processing: dataset=trec, method=sae-rate-25, model=modernbert, IS_time=4.70
Wrote CSV to: /app/host/results/exp4-fixed-rates/rate_25/classificacao/results/times_modernbert.csv

=================================================
Pipeline execution completed successfully!
=================================================

───────────────────────────────────────────────────────────────
  Running SAE-IS at 30% reduction → /app/host/results/exp4-fixed-rates/rate_30
───────────────────────────────────────────────────────────────
Methods  : sae-rate-30
Datasets : sst2,ohsumed,reuters90,books,trec,20ng
Steps    : All (1, 2, 3, 4, 5)
=================================================
Step 1: Running unsupervised selection
=================================================
Methods  : sae-rate-30
Datasets : sst2 ohsumed reuters90 books trec 20ng
Dataset: sst2
  Iniciando sst2 e sae-rate-30 (Log: /app/host/results/exp4-fixed-rates/rate_30/instance_selection/logs/sst2_sae-rate-30.log)
Dataset: ohsumed
  Iniciando ohsumed e sae-rate-30 (Log: /app/host/results/exp4-fixed-rates/rate_30/instance_selection/logs/ohsumed_sae-rate-30.log)
Dataset: reuters90
  Iniciando reuters90 e sae-rate-30 (Log: /app/host/results/exp4-fixed-rates/rate_30/instance_selection/logs/reuters90_sae-rate-30.log)
Dataset: books
  Iniciando books e sae-rate-30 (Log: /app/host/results/exp4-fixed-rates/rate_30/instance_selection/logs/books_sae-rate-30.log)
Dataset: trec
  Iniciando trec e sae-rate-30 (Log: /app/host/results/exp4-fixed-rates/rate_30/instance_selection/logs/trec_sae-rate-30.log)
Dataset: 20ng
  Iniciando 20ng e sae-rate-30 (Log: /app/host/results/exp4-fixed-rates/rate_30/instance_selection/logs/20ng_sae-rate-30.log)

=================================================
All runs completed successfully.
=================================================

=================================================
Step 2: Generating summary (read_selection_ci.py)
=================================================
20ng:
    - sae-rate-30: time=12.012 ±0.781 (n=10)  reduction=0.3000 ±0.0001 (n=10)

books:
    - sae-rate-30: time=20.639 ±0.576 (n=10)  reduction=0.3000 ±0.0000 (n=10)

ohsumed:
    - sae-rate-30: time=11.433 ±0.417 (n=10)  reduction=0.3000 ±0.0001 (n=10)

reuters90:
    - sae-rate-30: time=8.506 ±0.862 (n=10)  reduction=0.3000 ±0.0001 (n=10)

sst2:
    - sae-rate-30: time=7.141 ±0.480 (n=10)  reduction=0.2999 ±0.0001 (n=10)

trec:
    - sae-rate-30: time=4.652 ±0.314 (n=10)  reduction=0.2998 ±0.0002 (n=10)

Wrote: /app/host/results/exp4-fixed-rates/rate_30/instance_selection/selection_summary.json
Wrote: /app/host/results/exp4-fixed-rates/rate_30/instance_selection/selection_summary.csv

=================================================
Step 3: Running atcBench
=================================================
Running with 1 concurrent processes...
Methods  : sae-rate-30
Datasets : sst2 ohsumed reuters90 books trec 20ng
xargs: warning: options --max-args and --replace/-I/-i are mutually exclusive, ignoring previous --max-args value
[RUN] Iniciando sst2_sae-rate-30 (Acompanhe os detalhes em /app/host/results/exp4-fixed-rates/rate_30/classificacao/logs_modernbert/sst2/sae-rate-30.log)
[DONE] Finalizado sst2_sae-rate-30
[RUN] Iniciando ohsumed_sae-rate-30 (Acompanhe os detalhes em /app/host/results/exp4-fixed-rates/rate_30/classificacao/logs_modernbert/ohsumed/sae-rate-30.log)
[DONE] Finalizado ohsumed_sae-rate-30
[RUN] Iniciando reuters90_sae-rate-30 (Acompanhe os detalhes em /app/host/results/exp4-fixed-rates/rate_30/classificacao/logs_modernbert/reuters90/sae-rate-30.log)
[DONE] Finalizado reuters90_sae-rate-30
[RUN] Iniciando books_sae-rate-30 (Acompanhe os detalhes em /app/host/results/exp4-fixed-rates/rate_30/classificacao/logs_modernbert/books/sae-rate-30.log)
[DONE] Finalizado books_sae-rate-30
[RUN] Iniciando trec_sae-rate-30 (Acompanhe os detalhes em /app/host/results/exp4-fixed-rates/rate_30/classificacao/logs_modernbert/trec/sae-rate-30.log)
[DONE] Finalizado trec_sae-rate-30
[RUN] Iniciando 20ng_sae-rate-30 (Acompanhe os detalhes em /app/host/results/exp4-fixed-rates/rate_30/classificacao/logs_modernbert/20ng/sae-rate-30.log)
[DONE] Finalizado 20ng_sae-rate-30
All runs finished.

=================================================
Step 4: Generating results CSV (Metrics)
=================================================
Loaded selection CSV with 6 entries from: /app/host/results/exp4-fixed-rates/rate_30/instance_selection/selection_summary.csv
Processing: dataset=20ng, method=sae-rate-30, model=modernbert, reduction=0.29996344923431245
Processing: dataset=books, method=sae-rate-30, model=modernbert, reduction=0.300017198960943
Processing: dataset=ohsumed, method=sae-rate-30, model=modernbert, reduction=0.29996721724311015
Processing: dataset=reuters90, method=sae-rate-30, model=modernbert, reduction=0.3000091483246077
Processing: dataset=sst2, method=sae-rate-30, model=modernbert, reduction=0.29990638149737553
Processing: dataset=trec, method=sae-rate-30, model=modernbert, reduction=0.2998245300482098
Wrote CSV to: /app/host/results/exp4-fixed-rates/rate_30/classificacao/results/results_modernbert.csv

=================================================
Step 5: Generating results CSV (Times)
=================================================
Loaded selection CSV with 6 entries from: /app/host/results/exp4-fixed-rates/rate_30/instance_selection/selection_summary.csv
Processing: dataset=20ng, method=sae-rate-30, model=modernbert, IS_time=12.01
Processing: dataset=books, method=sae-rate-30, model=modernbert, IS_time=20.64
Processing: dataset=ohsumed, method=sae-rate-30, model=modernbert, IS_time=11.43
Processing: dataset=reuters90, method=sae-rate-30, model=modernbert, IS_time=8.51
Processing: dataset=sst2, method=sae-rate-30, model=modernbert, IS_time=7.14
Processing: dataset=trec, method=sae-rate-30, model=modernbert, IS_time=4.65
Wrote CSV to: /app/host/results/exp4-fixed-rates/rate_30/classificacao/results/times_modernbert.csv

=================================================
Pipeline execution completed successfully!
=================================================

───────────────────────────────────────────────────────────────
  Running SAE-IS at 35% reduction → /app/host/results/exp4-fixed-rates/rate_35
───────────────────────────────────────────────────────────────
Methods  : sae-rate-35
Datasets : sst2,ohsumed,reuters90,books,trec,20ng
Steps    : All (1, 2, 3, 4, 5)
=================================================
Step 1: Running unsupervised selection
=================================================
Methods  : sae-rate-35
Datasets : sst2 ohsumed reuters90 books trec 20ng
Dataset: sst2
  Iniciando sst2 e sae-rate-35 (Log: /app/host/results/exp4-fixed-rates/rate_35/instance_selection/logs/sst2_sae-rate-35.log)
Dataset: ohsumed
  Iniciando ohsumed e sae-rate-35 (Log: /app/host/results/exp4-fixed-rates/rate_35/instance_selection/logs/ohsumed_sae-rate-35.log)
Dataset: reuters90
  Iniciando reuters90 e sae-rate-35 (Log: /app/host/results/exp4-fixed-rates/rate_35/instance_selection/logs/reuters90_sae-rate-35.log)
Dataset: books
  Iniciando books e sae-rate-35 (Log: /app/host/results/exp4-fixed-rates/rate_35/instance_selection/logs/books_sae-rate-35.log)
Dataset: trec
  Iniciando trec e sae-rate-35 (Log: /app/host/results/exp4-fixed-rates/rate_35/instance_selection/logs/trec_sae-rate-35.log)
Dataset: 20ng
  Iniciando 20ng e sae-rate-35 (Log: /app/host/results/exp4-fixed-rates/rate_35/instance_selection/logs/20ng_sae-rate-35.log)

=================================================
All runs completed successfully.
=================================================

=================================================
Step 2: Generating summary (read_selection_ci.py)
=================================================
20ng:
    - sae-rate-35: time=11.915 ±0.558 (n=10)  reduction=0.3500 ±0.0000 (n=10)

books:
    - sae-rate-35: time=20.585 ±0.955 (n=10)  reduction=0.3500 ±0.0000 (n=10)

ohsumed:
    - sae-rate-35: time=12.212 ±0.544 (n=10)  reduction=0.3500 ±0.0000 (n=10)

reuters90:
    - sae-rate-35: time=8.571 ±0.793 (n=10)  reduction=0.3500 ±0.0001 (n=10)

sst2:
    - sae-rate-35: time=6.744 ±0.296 (n=10)  reduction=0.3500 ±0.0001 (n=10)

trec:
    - sae-rate-35: time=4.631 ±0.342 (n=10)  reduction=0.3498 ±0.0002 (n=10)

Wrote: /app/host/results/exp4-fixed-rates/rate_35/instance_selection/selection_summary.json
Wrote: /app/host/results/exp4-fixed-rates/rate_35/instance_selection/selection_summary.csv

=================================================
Step 3: Running atcBench
=================================================
Running with 1 concurrent processes...
Methods  : sae-rate-35
Datasets : sst2 ohsumed reuters90 books trec 20ng
xargs: warning: options --max-args and --replace/-I/-i are mutually exclusive, ignoring previous --max-args value
[RUN] Iniciando sst2_sae-rate-35 (Acompanhe os detalhes em /app/host/results/exp4-fixed-rates/rate_35/classificacao/logs_modernbert/sst2/sae-rate-35.log)
[DONE] Finalizado sst2_sae-rate-35
[RUN] Iniciando ohsumed_sae-rate-35 (Acompanhe os detalhes em /app/host/results/exp4-fixed-rates/rate_35/classificacao/logs_modernbert/ohsumed/sae-rate-35.log)
[DONE] Finalizado ohsumed_sae-rate-35
[RUN] Iniciando reuters90_sae-rate-35 (Acompanhe os detalhes em /app/host/results/exp4-fixed-rates/rate_35/classificacao/logs_modernbert/reuters90/sae-rate-35.log)
[DONE] Finalizado reuters90_sae-rate-35
[RUN] Iniciando books_sae-rate-35 (Acompanhe os detalhes em /app/host/results/exp4-fixed-rates/rate_35/classificacao/logs_modernbert/books/sae-rate-35.log)
[DONE] Finalizado books_sae-rate-35
[RUN] Iniciando trec_sae-rate-35 (Acompanhe os detalhes em /app/host/results/exp4-fixed-rates/rate_35/classificacao/logs_modernbert/trec/sae-rate-35.log)
[DONE] Finalizado trec_sae-rate-35
[RUN] Iniciando 20ng_sae-rate-35 (Acompanhe os detalhes em /app/host/results/exp4-fixed-rates/rate_35/classificacao/logs_modernbert/20ng/sae-rate-35.log)
[DONE] Finalizado 20ng_sae-rate-35
All runs finished.

=================================================
Step 4: Generating results CSV (Metrics)
=================================================
Loaded selection CSV with 6 entries from: /app/host/results/exp4-fixed-rates/rate_35/instance_selection/selection_summary.csv
Processing: dataset=20ng, method=sae-rate-35, model=modernbert, reduction=0.35000649352978946
Processing: dataset=books, method=sae-rate-35, model=modernbert, reduction=0.3500062839327913
Processing: dataset=ohsumed, method=sae-rate-35, model=modernbert, reduction=0.3499981784695305
Processing: dataset=reuters90, method=sae-rate-35, model=modernbert, reduction=0.34999133100151897
Processing: dataset=sst2, method=sae-rate-35, model=modernbert, reduction=0.3500236945448117
Processing: dataset=trec, method=sae-rate-35, model=modernbert, reduction=0.34976105262732327
Wrote CSV to: /app/host/results/exp4-fixed-rates/rate_35/classificacao/results/results_modernbert.csv

=================================================
Step 5: Generating results CSV (Times)
=================================================
Loaded selection CSV with 6 entries from: /app/host/results/exp4-fixed-rates/rate_35/instance_selection/selection_summary.csv
Processing: dataset=20ng, method=sae-rate-35, model=modernbert, IS_time=11.92
Processing: dataset=books, method=sae-rate-35, model=modernbert, IS_time=20.59
Processing: dataset=ohsumed, method=sae-rate-35, model=modernbert, IS_time=12.21
Processing: dataset=reuters90, method=sae-rate-35, model=modernbert, IS_time=8.57
Processing: dataset=sst2, method=sae-rate-35, model=modernbert, IS_time=6.74
Processing: dataset=trec, method=sae-rate-35, model=modernbert, IS_time=4.63
Wrote CSV to: /app/host/results/exp4-fixed-rates/rate_35/classificacao/results/times_modernbert.csv

=================================================
Pipeline execution completed successfully!
=================================================

───────────────────────────────────────────────────────────────
  Running SAE-IS at 40% reduction → /app/host/results/exp4-fixed-rates/rate_40
───────────────────────────────────────────────────────────────
Methods  : sae-rate-40
Datasets : sst2,ohsumed,reuters90,books,trec,20ng
Steps    : All (1, 2, 3, 4, 5)
=================================================
Step 1: Running unsupervised selection
=================================================
Methods  : sae-rate-40
Datasets : sst2 ohsumed reuters90 books trec 20ng
Dataset: sst2
  Iniciando sst2 e sae-rate-40 (Log: /app/host/results/exp4-fixed-rates/rate_40/instance_selection/logs/sst2_sae-rate-40.log)
Dataset: ohsumed
  Iniciando ohsumed e sae-rate-40 (Log: /app/host/results/exp4-fixed-rates/rate_40/instance_selection/logs/ohsumed_sae-rate-40.log)
Dataset: reuters90
  Iniciando reuters90 e sae-rate-40 (Log: /app/host/results/exp4-fixed-rates/rate_40/instance_selection/logs/reuters90_sae-rate-40.log)
Dataset: books
  Iniciando books e sae-rate-40 (Log: /app/host/results/exp4-fixed-rates/rate_40/instance_selection/logs/books_sae-rate-40.log)
Dataset: trec
  Iniciando trec e sae-rate-40 (Log: /app/host/results/exp4-fixed-rates/rate_40/instance_selection/logs/trec_sae-rate-40.log)
Dataset: 20ng
  Iniciando 20ng e sae-rate-40 (Log: /app/host/results/exp4-fixed-rates/rate_40/instance_selection/logs/20ng_sae-rate-40.log)

=================================================
All runs completed successfully.
=================================================

=================================================
Step 2: Generating summary (read_selection_ci.py)
=================================================
20ng:
    - sae-rate-40: time=12.379 ±0.889 (n=10)  reduction=0.4000 ±0.0001 (n=10)

books:
    - sae-rate-40: time=20.597 ±0.745 (n=10)  reduction=0.4000 ±0.0000 (n=10)

ohsumed:
    - sae-rate-40: time=12.049 ±0.558 (n=10)  reduction=0.3999 ±0.0001 (n=10)

reuters90:
    - sae-rate-40: time=8.530 ±0.704 (n=10)  reduction=0.4000 ±0.0001 (n=10)

sst2:
    - sae-rate-40: time=6.997 ±0.802 (n=10)  reduction=0.3999 ±0.0001 (n=10)

trec:
    - sae-rate-40: time=4.735 ±0.430 (n=10)  reduction=0.3996 ±0.0003 (n=10)

Wrote: /app/host/results/exp4-fixed-rates/rate_40/instance_selection/selection_summary.json
Wrote: /app/host/results/exp4-fixed-rates/rate_40/instance_selection/selection_summary.csv

=================================================
Step 3: Running atcBench
=================================================
Running with 1 concurrent processes...
Methods  : sae-rate-40
Datasets : sst2 ohsumed reuters90 books trec 20ng
xargs: warning: options --max-args and --replace/-I/-i are mutually exclusive, ignoring previous --max-args value
[RUN] Iniciando sst2_sae-rate-40 (Acompanhe os detalhes em /app/host/results/exp4-fixed-rates/rate_40/classificacao/logs_modernbert/sst2/sae-rate-40.log)
[DONE] Finalizado sst2_sae-rate-40
[RUN] Iniciando ohsumed_sae-rate-40 (Acompanhe os detalhes em /app/host/results/exp4-fixed-rates/rate_40/classificacao/logs_modernbert/ohsumed/sae-rate-40.log)
[DONE] Finalizado ohsumed_sae-rate-40
[RUN] Iniciando reuters90_sae-rate-40 (Acompanhe os detalhes em /app/host/results/exp4-fixed-rates/rate_40/classificacao/logs_modernbert/reuters90/sae-rate-40.log)
[DONE] Finalizado reuters90_sae-rate-40
[RUN] Iniciando books_sae-rate-40 (Acompanhe os detalhes em /app/host/results/exp4-fixed-rates/rate_40/classificacao/logs_modernbert/books/sae-rate-40.log)
[DONE] Finalizado books_sae-rate-40
[RUN] Iniciando trec_sae-rate-40 (Acompanhe os detalhes em /app/host/results/exp4-fixed-rates/rate_40/classificacao/logs_modernbert/trec/sae-rate-40.log)
[DONE] Finalizado trec_sae-rate-40
[RUN] Iniciando 20ng_sae-rate-40 (Acompanhe os detalhes em /app/host/results/exp4-fixed-rates/rate_40/classificacao/logs_modernbert/20ng/sae-rate-40.log)
[DONE] Finalizado 20ng_sae-rate-40
All runs finished.

=================================================
Step 4: Generating results CSV (Metrics)
=================================================
Loaded selection CSV with 6 entries from: /app/host/results/exp4-fixed-rates/rate_40/instance_selection/selection_summary.csv
Processing: dataset=20ng, method=sae-rate-40, model=modernbert, reduction=0.39998467794383386
Processing: dataset=books, method=sae-rate-40, model=modernbert, reduction=0.39999867709556874
Processing: dataset=ohsumed, method=sae-rate-40, model=modernbert, reduction=0.3999441480867856
Processing: dataset=reuters90, method=sae-rate-40, model=modernbert, reduction=0.3999649820169486
Processing: dataset=sst2, method=sae-rate-40, model=modernbert, reduction=0.39994452123071295
Processing: dataset=trec, method=sae-rate-40, model=modernbert, reduction=0.39964159113946796
Wrote CSV to: /app/host/results/exp4-fixed-rates/rate_40/classificacao/results/results_modernbert.csv

=================================================
Step 5: Generating results CSV (Times)
=================================================
Loaded selection CSV with 6 entries from: /app/host/results/exp4-fixed-rates/rate_40/instance_selection/selection_summary.csv
Processing: dataset=20ng, method=sae-rate-40, model=modernbert, IS_time=12.38
Processing: dataset=books, method=sae-rate-40, model=modernbert, IS_time=20.60
Processing: dataset=ohsumed, method=sae-rate-40, model=modernbert, IS_time=12.05
Processing: dataset=reuters90, method=sae-rate-40, model=modernbert, IS_time=8.53
Processing: dataset=sst2, method=sae-rate-40, model=modernbert, IS_time=7.00
Processing: dataset=trec, method=sae-rate-40, model=modernbert, IS_time=4.73
Wrote CSV to: /app/host/results/exp4-fixed-rates/rate_40/classificacao/results/times_modernbert.csv

=================================================
Pipeline execution completed successfully!
=================================================

═══════════════════════════════════════════════════════════════════
  Exp 4: Fixed Rates COMPLETE
  Results in: /app/host/results/exp4-fixed-rates
═══════════════════════════════════════════════════════════════════
