Exp 5: Entropy vs Empirical Optimal Rate
  Exp 4 dir: /app/results/exp4-fixed-rates
  ESAE dir:  /app/results/exp2-ablation
  Output:    /app/results/exp5-entropy-vs-empirical

[Step 1] Loading Exp 4 fixed-rate results...
  Loaded rate 10%: /app/results/exp4-fixed-rates/rate_10/classificacao/results/results_modernbert.csv
  Loaded rate 15%: /app/results/exp4-fixed-rates/rate_15/classificacao/results/results_modernbert.csv
  Loaded rate 20%: /app/results/exp4-fixed-rates/rate_20/classificacao/results/results_modernbert.csv
  Loaded rate 25%: /app/results/exp4-fixed-rates/rate_25/classificacao/results/results_modernbert.csv
  Loaded rate 30%: /app/results/exp4-fixed-rates/rate_30/classificacao/results/results_modernbert.csv
  Loaded rate 35%: /app/results/exp4-fixed-rates/rate_35/classificacao/results/results_modernbert.csv
  Loaded rate 40%: /app/results/exp4-fixed-rates/rate_40/classificacao/results/results_modernbert.csv

[Step 2] Loading ESAE baseline results...
  sst2: reduction_mean=0.29854270600011873
  ohsumed: reduction_mean=0.13904383590108438
  reuters90: reduction_mean=0.24226558673055637
  books: reduction_mean=0.1863163333933142
  trec: reduction_mean=0.23934044962632908
  20ng: reduction_mean=0.22468768222588711

[Step 3] Generating per-dataset F1 vs Rate plots...

[Step 4] Generating Entropy vs Best Empirical Rate plot...
  Summary saved to /app/results/exp5-entropy-vs-empirical/entropy_vs_empirical_summary.csv
  Not enough data for entropy vs rate plot (need Exp 4 results first)

======================================================================
  Exp 5 complete. Results in /app/results/exp5-entropy-vs-empirical
======================================================================

  Summary:
  dataset entropy_H  esae_rate  esae_f1  best_empirical_rate  best_empirical_f1  delta_rate
     sst2      None   0.298543 0.930311                 0.10           0.933014    0.198543
  ohsumed      None   0.139044 0.772341                 0.10           0.771567    0.039044
reuters90      None   0.242266 0.392631                 0.30           0.401805   -0.057734
    books      None   0.186316 0.857420                 0.15           0.860332    0.036316
     trec      None   0.239340 0.951882                 0.10           0.950651    0.139340
     20ng      None   0.224688 0.718399                 0.10           0.726890    0.124688
