T3/T4: Entropy Estimator Analysis
  Exp7 dir:      /app/results/exp7-entropy-instrumentation
  Exp4 dir:      /app/results/exp4-fixed-rates
  Baseline CSV:  /app/results/jina-v5/classificacao/results/results_modernbert.csv
  Output:        /app/results/exp8-entropy-estimator

[T3] Computing estimators E0–E4...
  Wrote /app/results/exp8-entropy-estimator/estimators.csv (1755 rows)

[T3] Computing empirical tolerance...
  Wrote /app/results/exp8-entropy-estimator/tolerance.csv
  dataset  tolerance  n_points tolerance_source
     sst2  -0.003036         7           7point
  ohsumed  -0.087082         7           7point
reuters90   0.013246         7           7point
    books  -0.073181         7           7point
     trec  -0.010656         7           7point
     20ng  -0.078157         7           7point
   agnews   0.002527         2           2point
  medline  -0.022219         2           2point

======================================================================
[T4] Running validation tests V1–V3
======================================================================

  V1 Results:
    estimator      coef  ci95_low  ci95_high       p_value  r2_within  pass
         E0_H -0.013991 -0.014555  -0.013426 1.640742e-262   0.708243 False
        E1_dH  0.012005  0.011470   0.012540 2.186746e-233   0.665144 False
   E1_dH_norm  0.012152  0.011613   0.012691 1.030018e-234   0.667239 False
      E2_gini  0.089200  0.087096   0.091303  0.000000e+00   0.876526 False
E3_keff_ratio -0.091985 -0.094387  -0.089584  0.000000e+00   0.852732 False
  E4_cv_ratio -1.470325 -1.528471  -1.412180 2.048608e-268   0.716279 False

  V2 Results:
    estimator      coef  p_value  spearman_N  spearman_p  pass
         E0_H  0.004692 0.122064    0.452050    0.045387 False
        E1_dH -0.004194 0.163633   -0.426476    0.060771 False
   E1_dH_norm -0.004216 0.162065   -0.426476    0.060771 False
      E2_gini -0.001791 0.890276   -0.091012    0.702756  True
E3_keff_ratio  0.003505 0.759821    0.134637    0.571440  True
  E4_cv_ratio  1.813484 0.000024    0.676194    0.001063 False

  V3 Results:
    estimator  spearman  p_value expected_sign  correct_sign  pass  n_datasets
         E0_H -0.607143 0.148231      negative          True False           7
        E1_dH  0.607143 0.148231      positive          True False           7
   E1_dH_norm  0.607143 0.148231      positive          True False           7
      E2_gini  0.821429 0.023449      positive          True  True           7
E3_keff_ratio -0.821429 0.023449      negative          True  True           7
  E4_cv_ratio  0.250000 0.588724      positive          True False           7

[T4] Generating verdict...

  Verdict: PROCEED_TO_T5
  Recommended estimator: None
  Wrote /app/results/exp8-entropy-estimator/verdict.json

======================================================================
  T3/T4 complete. Results in /app/results/exp8-entropy-estimator
======================================================================
