nohup: ignoring input
Loading model jinaai/jina-embeddings-v5-text-small ...
Loading weights:   0%|          | 0/310 [00:00<?, ?it/s]Loading weights: 100%|██████████| 310/310 [00:00<00:00, 8323.04it/s]
Fetching 8 files:   0%|          | 0/8 [00:00<?, ?it/s]Fetching 8 files: 100%|██████████| 8/8 [00:00<00:00, 14327.26it/s]
Model loaded on cuda:0.
Processing agnews ...
  [agnews] encoding 127600 texts once ...
  [0/127600] encoding texts...
  [5000/127600] encoding texts... elapsed=00:01:01 ETA=00:25:06
  [10000/127600] encoding texts... elapsed=00:02:02 ETA=00:24:03
  [15000/127600] encoding texts... elapsed=00:03:16 ETA=00:24:34
  [20000/127600] encoding texts... elapsed=00:04:16 ETA=00:23:02
  [25000/127600] encoding texts... elapsed=00:05:17 ETA=00:21:43
  [30000/127600] encoding texts... elapsed=00:06:26 ETA=00:20:57
  [35000/127600] encoding texts... elapsed=00:07:28 ETA=00:19:46
  [40000/127600] encoding texts... elapsed=00:08:31 ETA=00:18:39
  [45000/127600] encoding texts... elapsed=00:09:32 ETA=00:17:31
  [50000/127600] encoding texts... elapsed=00:10:33 ETA=00:16:22
  [55000/127600] encoding texts... elapsed=00:11:34 ETA=00:15:16
  [60000/127600] encoding texts... elapsed=00:12:48 ETA=00:14:25
  [65000/127600] encoding texts... elapsed=00:13:52 ETA=00:13:21
  [70000/127600] encoding texts... elapsed=00:14:53 ETA=00:12:15
  [75000/127600] encoding texts... elapsed=00:15:54 ETA=00:11:09
  [80000/127600] encoding texts... elapsed=00:16:55 ETA=00:10:04
  [85000/127600] encoding texts... elapsed=00:17:55 ETA=00:08:59
  [90000/127600] encoding texts... elapsed=00:18:57 ETA=00:07:55
  [95000/127600] encoding texts... elapsed=00:19:58 ETA=00:06:51
  [100000/127600] encoding texts... elapsed=00:20:59 ETA=00:05:47
  [105000/127600] encoding texts... elapsed=00:22:00 ETA=00:04:44
  [110000/127600] encoding texts... elapsed=00:23:01 ETA=00:03:41
  [115000/127600] encoding texts... elapsed=00:24:02 ETA=00:02:38
  [120000/127600] encoding texts... elapsed=00:25:02 ETA=00:01:35
  [125000/127600] encoding texts... elapsed=00:26:03 ETA=00:00:32
  [agnews] n_folds=5 done — encode 1595.20s total
Processing yelp_2013 ...
Processing medline ...
  [medline] encoding 860424 texts once ...
  [0/860424] encoding texts...
  [5000/860424] encoding texts... elapsed=00:01:17 ETA=03:42:23
  [10000/860424] encoding texts... elapsed=00:02:33 ETA=03:37:13
  [15000/860424] encoding texts... elapsed=00:03:47 ETA=03:33:53
  [20000/860424] encoding texts... elapsed=00:04:58 ETA=03:29:15
  [25000/860424] encoding texts... elapsed=00:06:24 ETA=03:34:06
  [30000/860424] encoding texts... elapsed=00:07:32 ETA=03:28:52
  [35000/860424] encoding texts... elapsed=00:08:41 ETA=03:24:56
  [40000/860424] encoding texts... elapsed=00:09:50 ETA=03:21:45
  [45000/860424] encoding texts... elapsed=00:10:53 ETA=03:17:26
  [50000/860424] encoding texts... elapsed=00:12:00 ETA=03:14:39
  [55000/860424] encoding texts... elapsed=00:13:10 ETA=03:12:49
  [60000/860424] encoding texts... elapsed=00:14:18 ETA=03:10:47
  [65000/860424] encoding texts... elapsed=00:15:30 ETA=03:09:44
  [70000/860424] encoding texts... elapsed=00:16:42 ETA=03:08:34
  [75000/860424] encoding texts... elapsed=00:17:50 ETA=03:06:46
  [80000/860424] encoding texts... elapsed=00:19:05 ETA=03:06:12
  [85000/860424] encoding texts... elapsed=00:20:10 ETA=03:04:04
  [90000/860424] encoding texts... elapsed=00:21:16 ETA=03:02:07
  [95000/860424] encoding texts... elapsed=00:22:21 ETA=03:00:07
  [100000/860424] encoding texts... elapsed=00:23:24 ETA=02:58:03
  [105000/860424] encoding texts... elapsed=00:24:27 ETA=02:55:55
  [110000/860424] encoding texts... elapsed=00:25:29 ETA=02:53:54
  [115000/860424] encoding texts... elapsed=00:26:36 ETA=02:52:26
  [120000/860424] encoding texts... elapsed=00:27:50 ETA=02:51:48
  [125000/860424] encoding texts... elapsed=00:29:05 ETA=02:51:09
  [130000/860424] encoding texts... elapsed=00:30:19 ETA=02:50:23
  [135000/860424] encoding texts... elapsed=00:31:34 ETA=02:49:39
  [140000/860424] encoding texts... elapsed=00:32:48 ETA=02:48:51
  [145000/860424] encoding texts... elapsed=00:34:01 ETA=02:47:51
  [150000/860424] encoding texts... elapsed=00:35:11 ETA=02:46:41
  [155000/860424] encoding texts... elapsed=00:36:24 ETA=02:45:42
  [160000/860424] encoding texts... elapsed=00:37:39 ETA=02:44:49
  [165000/860424] encoding texts... elapsed=00:38:54 ETA=02:43:57
  [170000/860424] encoding texts... elapsed=00:40:08 ETA=02:43:00
  [175000/860424] encoding texts... elapsed=00:41:23 ETA=02:42:05
  [180000/860424] encoding texts... elapsed=00:42:39 ETA=02:41:14
  [185000/860424] encoding texts... elapsed=00:43:51 ETA=02:40:05
  [190000/860424] encoding texts... elapsed=00:45:04 ETA=02:39:03
  [195000/860424] encoding texts... elapsed=00:46:18 ETA=02:38:02
  [200000/860424] encoding texts... elapsed=00:47:31 ETA=02:36:57
  [205000/860424] encoding texts... elapsed=00:48:44 ETA=02:35:50
  [210000/860424] encoding texts... elapsed=00:49:56 ETA=02:34:41
  [215000/860424] encoding texts... elapsed=00:51:07 ETA=02:33:28
  [220000/860424] encoding texts... elapsed=00:52:17 ETA=02:32:13
  [225000/860424] encoding texts... elapsed=00:53:28 ETA=02:31:01
  [230000/860424] encoding texts... elapsed=00:54:39 ETA=02:29:48
  [235000/860424] encoding texts... elapsed=00:55:49 ETA=02:28:34
  [240000/860424] encoding texts... elapsed=00:57:00 ETA=02:27:21
  [245000/860424] encoding texts... elapsed=00:58:10 ETA=02:26:07
  [250000/860424] encoding texts... elapsed=00:59:21 ETA=02:24:54
  [255000/860424] encoding texts... elapsed=01:00:28 ETA=02:23:34
  [260000/860424] encoding texts... elapsed=01:01:36 ETA=02:22:17
  [265000/860424] encoding texts... elapsed=01:02:46 ETA=02:21:02
  [270000/860424] encoding texts... elapsed=01:03:54 ETA=02:19:46
  [275000/860424] encoding texts... elapsed=01:05:04 ETA=02:18:32
  [280000/860424] encoding texts... elapsed=01:06:13 ETA=02:17:16
  [285000/860424] encoding texts... elapsed=01:07:20 ETA=02:15:58
  [290000/860424] encoding texts... elapsed=01:08:32 ETA=02:14:49
  [295000/860424] encoding texts... elapsed=01:09:44 ETA=02:13:40
  [300000/860424] encoding texts... elapsed=01:10:58 ETA=02:12:34
  [305000/860424] encoding texts... elapsed=01:12:08 ETA=02:11:22
  [310000/860424] encoding texts... elapsed=01:13:15 ETA=02:10:04
  [315000/860424] encoding texts... elapsed=01:14:21 ETA=02:08:44
  [320000/860424] encoding texts... elapsed=01:15:27 ETA=02:07:26
  [325000/860424] encoding texts... elapsed=01:16:35 ETA=02:06:10
  [330000/860424] encoding texts... elapsed=01:17:42 ETA=02:04:55
  [335000/860424] encoding texts... elapsed=01:18:50 ETA=02:03:39
  [340000/860424] encoding texts... elapsed=01:19:57 ETA=02:02:22
  [345000/860424] encoding texts... elapsed=01:21:03 ETA=02:01:05
  [350000/860424] encoding texts... elapsed=01:22:10 ETA=01:59:50
  [355000/860424] encoding texts... elapsed=01:23:18 ETA=01:58:36
  [360000/860424] encoding texts... elapsed=01:24:24 ETA=01:57:20
  [365000/860424] encoding texts... elapsed=01:25:30 ETA=01:56:03
  [370000/860424] encoding texts... elapsed=01:26:34 ETA=01:54:44
  [375000/860424] encoding texts... elapsed=01:27:38 ETA=01:53:27
  [380000/860424] encoding texts... elapsed=01:28:44 ETA=01:52:11
  [385000/860424] encoding texts... elapsed=01:29:50 ETA=01:50:56
  [390000/860424] encoding texts... elapsed=01:30:58 ETA=01:49:44
  [395000/860424] encoding texts... elapsed=01:32:06 ETA=01:48:31
  [400000/860424] encoding texts... elapsed=01:33:15 ETA=01:47:21
  [405000/860424] encoding texts... elapsed=01:34:26 ETA=01:46:11
  [410000/860424] encoding texts... elapsed=01:35:35 ETA=01:45:00
  [415000/860424] encoding texts... elapsed=01:36:43 ETA=01:43:48
  [420000/860424] encoding texts... elapsed=01:37:52 ETA=01:42:37
  [425000/860424] encoding texts... elapsed=01:39:00 ETA=01:41:26
  [430000/860424] encoding texts... elapsed=01:40:10 ETA=01:40:16
  [435000/860424] encoding texts... elapsed=01:41:18 ETA=01:39:05
  [440000/860424] encoding texts... elapsed=01:42:22 ETA=01:37:49
  [445000/860424] encoding texts... elapsed=01:43:26 ETA=01:36:33
  [450000/860424] encoding texts... elapsed=01:44:28 ETA=01:35:17
  [455000/860424] encoding texts... elapsed=01:45:31 ETA=01:34:01
  [460000/860424] encoding texts... elapsed=01:46:33 ETA=01:32:45
  [465000/860424] encoding texts... elapsed=01:47:35 ETA=01:31:29
  [470000/860424] encoding texts... elapsed=01:48:37 ETA=01:30:13
  [475000/860424] encoding texts... elapsed=01:49:39 ETA=01:28:58
  [480000/860424] encoding texts... elapsed=01:50:43 ETA=01:27:45
  [485000/860424] encoding texts... elapsed=01:51:46 ETA=01:26:30
  [490000/860424] encoding texts... elapsed=01:52:48 ETA=01:25:16
  [495000/860424] encoding texts... elapsed=01:53:53 ETA=01:24:05
  [500000/860424] encoding texts... elapsed=01:55:00 ETA=01:22:54
  [505000/860424] encoding texts... elapsed=01:56:06 ETA=01:21:42
  [510000/860424] encoding texts... elapsed=01:57:08 ETA=01:20:29
  [515000/860424] encoding texts... elapsed=01:58:09 ETA=01:19:15
  [520000/860424] encoding texts... elapsed=01:59:10 ETA=01:18:01
  [525000/860424] encoding texts... elapsed=02:00:16 ETA=01:16:50
  [530000/860424] encoding texts... elapsed=02:01:33 ETA=01:15:47
  [535000/860424] encoding texts... elapsed=02:02:48 ETA=01:14:42
  [540000/860424] encoding texts... elapsed=02:03:59 ETA=01:13:34
  [545000/860424] encoding texts... elapsed=02:05:08 ETA=01:12:25
  [550000/860424] encoding texts... elapsed=02:06:17 ETA=01:11:16
  [555000/860424] encoding texts... elapsed=02:07:29 ETA=01:10:09
  [560000/860424] encoding texts... elapsed=02:08:34 ETA=01:08:58
  [565000/860424] encoding texts... elapsed=02:09:38 ETA=01:07:47
  [570000/860424] encoding texts... elapsed=02:10:42 ETA=01:06:35
  [575000/860424] encoding texts... elapsed=02:11:44 ETA=01:05:23
  [580000/860424] encoding texts... elapsed=02:12:46 ETA=01:04:11
  [585000/860424] encoding texts... elapsed=02:13:48 ETA=01:02:59
  [590000/860424] encoding texts... elapsed=02:14:49 ETA=01:01:47
  [595000/860424] encoding texts... elapsed=02:15:50 ETA=01:00:35
  [600000/860424] encoding texts... elapsed=02:16:50 ETA=00:59:23
  [605000/860424] encoding texts... elapsed=02:17:50 ETA=00:58:11
  [610000/860424] encoding texts... elapsed=02:19:04 ETA=00:57:05
  [615000/860424] encoding texts... elapsed=02:20:19 ETA=00:56:00
  [620000/860424] encoding texts... elapsed=02:21:32 ETA=00:54:53
  [625000/860424] encoding texts... elapsed=02:22:42 ETA=00:53:45
  [630000/860424] encoding texts... elapsed=02:23:50 ETA=00:52:36
  [635000/860424] encoding texts... elapsed=02:25:01 ETA=00:51:28
  [640000/860424] encoding texts... elapsed=02:26:04 ETA=00:50:18
  [645000/860424] encoding texts... elapsed=02:28:46 ETA=00:49:41
  [650000/860424] encoding texts... elapsed=02:30:14 ETA=00:48:38
  [655000/860424] encoding texts... elapsed=02:31:30 ETA=00:47:30
  [660000/860424] encoding texts... elapsed=02:32:43 ETA=00:46:22
  [665000/860424] encoding texts... elapsed=02:33:57 ETA=00:45:14
  [670000/860424] encoding texts... elapsed=02:35:10 ETA=00:44:06
  [675000/860424] encoding texts... elapsed=02:36:23 ETA=00:42:57
  [680000/860424] encoding texts... elapsed=02:37:36 ETA=00:41:48
  [685000/860424] encoding texts... elapsed=02:38:49 ETA=00:40:40
  [690000/860424] encoding texts... elapsed=02:40:00 ETA=00:39:31
  [695000/860424] encoding texts... elapsed=02:41:10 ETA=00:38:21
  [700000/860424] encoding texts... elapsed=02:42:20 ETA=00:37:12
  [705000/860424] encoding texts... elapsed=02:43:30 ETA=00:36:02
  [710000/860424] encoding texts... elapsed=02:44:38 ETA=00:34:52
  [715000/860424] encoding texts... elapsed=02:45:48 ETA=00:33:43
  [720000/860424] encoding texts... elapsed=02:46:56 ETA=00:32:33
  [725000/860424] encoding texts... elapsed=02:48:05 ETA=00:31:23
  [730000/860424] encoding texts... elapsed=02:49:13 ETA=00:30:13
  [735000/860424] encoding texts... elapsed=02:50:20 ETA=00:29:04
  [740000/860424] encoding texts... elapsed=02:51:27 ETA=00:27:54
  [745000/860424] encoding texts... elapsed=02:52:34 ETA=00:26:44
  [750000/860424] encoding texts... elapsed=02:53:41 ETA=00:25:34
  [755000/860424] encoding texts... elapsed=02:54:47 ETA=00:24:24
  [760000/860424] encoding texts... elapsed=02:55:53 ETA=00:23:14
  [765000/860424] encoding texts... elapsed=02:56:59 ETA=00:22:04
  [770000/860424] encoding texts... elapsed=02:58:04 ETA=00:20:54
  [775000/860424] encoding texts... elapsed=02:59:11 ETA=00:19:45
  [780000/860424] encoding texts... elapsed=03:00:18 ETA=00:18:35
  [785000/860424] encoding texts... elapsed=03:01:26 ETA=00:17:25
  [790000/860424] encoding texts... elapsed=03:02:33 ETA=00:16:16
  [795000/860424] encoding texts... elapsed=03:03:41 ETA=00:15:06
  [800000/860424] encoding texts... elapsed=03:04:48 ETA=00:13:57
  [805000/860424] encoding texts... elapsed=03:05:54 ETA=00:12:47
  [810000/860424] encoding texts... elapsed=03:06:57 ETA=00:11:38
  [815000/860424] encoding texts... elapsed=03:08:02 ETA=00:10:28
  [820000/860424] encoding texts... elapsed=03:09:05 ETA=00:09:19
  [825000/860424] encoding texts... elapsed=03:10:07 ETA=00:08:09
  [830000/860424] encoding texts... elapsed=03:11:11 ETA=00:07:00
  [835000/860424] encoding texts... elapsed=03:12:20 ETA=00:05:51
  [840000/860424] encoding texts... elapsed=03:13:31 ETA=00:04:42
  [845000/860424] encoding texts... elapsed=03:14:35 ETA=00:03:33
  [850000/860424] encoding texts... elapsed=03:15:37 ETA=00:02:23
  [855000/860424] encoding texts... elapsed=03:16:40 ETA=00:01:14
  [860000/860424] encoding texts... elapsed=03:17:42 ETA=00:00:05
  [medline] n_folds=5 done — encode 11868.70s total
Done.
