Methods  : sublinear-ae-is
Datasets : trec,wos5736,sst1,pang_movie,movie_review,vader_movie,mpqa,subj,sst2,yelp_reviews,acm,twitter,wos11967,webkb,books,20ng
Steps    : 1,2,3,4,5
=================================================
Step 1: Running unsupervised selection
=================================================
Methods  : sublinear-ae-is
Datasets : trec wos5736 sst1 pang_movie movie_review vader_movie mpqa subj sst2 yelp_reviews acm twitter wos11967 webkb books 20ng
Dataset: trec
  Iniciando trec e sublinear-ae-is (Log: /data/bernardolemos/results/jina-v5/instance_selection/logs/trec_sublinear-ae-is.log)
Dataset: wos5736
  Iniciando wos5736 e sublinear-ae-is (Log: /data/bernardolemos/results/jina-v5/instance_selection/logs/wos5736_sublinear-ae-is.log)
Dataset: sst1
  Iniciando sst1 e sublinear-ae-is (Log: /data/bernardolemos/results/jina-v5/instance_selection/logs/sst1_sublinear-ae-is.log)
Dataset: pang_movie
  Iniciando pang_movie e sublinear-ae-is (Log: /data/bernardolemos/results/jina-v5/instance_selection/logs/pang_movie_sublinear-ae-is.log)
Dataset: movie_review
  Iniciando movie_review e sublinear-ae-is (Log: /data/bernardolemos/results/jina-v5/instance_selection/logs/movie_review_sublinear-ae-is.log)
Dataset: vader_movie
  Iniciando vader_movie e sublinear-ae-is (Log: /data/bernardolemos/results/jina-v5/instance_selection/logs/vader_movie_sublinear-ae-is.log)
Dataset: mpqa
  Iniciando mpqa e sublinear-ae-is (Log: /data/bernardolemos/results/jina-v5/instance_selection/logs/mpqa_sublinear-ae-is.log)
Dataset: subj
  Iniciando subj e sublinear-ae-is (Log: /data/bernardolemos/results/jina-v5/instance_selection/logs/subj_sublinear-ae-is.log)
Dataset: sst2
  Iniciando sst2 e sublinear-ae-is (Log: /data/bernardolemos/results/jina-v5/instance_selection/logs/sst2_sublinear-ae-is.log)
Dataset: yelp_reviews
  Iniciando yelp_reviews e sublinear-ae-is (Log: /data/bernardolemos/results/jina-v5/instance_selection/logs/yelp_reviews_sublinear-ae-is.log)
Dataset: acm
  Iniciando acm e sublinear-ae-is (Log: /data/bernardolemos/results/jina-v5/instance_selection/logs/acm_sublinear-ae-is.log)
Dataset: twitter
  Iniciando twitter e sublinear-ae-is (Log: /data/bernardolemos/results/jina-v5/instance_selection/logs/twitter_sublinear-ae-is.log)
Dataset: wos11967
  Iniciando wos11967 e sublinear-ae-is (Log: /data/bernardolemos/results/jina-v5/instance_selection/logs/wos11967_sublinear-ae-is.log)
Dataset: webkb
  Iniciando webkb e sublinear-ae-is (Log: /data/bernardolemos/results/jina-v5/instance_selection/logs/webkb_sublinear-ae-is.log)
Dataset: books
  Iniciando books e sublinear-ae-is (Log: /data/bernardolemos/results/jina-v5/instance_selection/logs/books_sublinear-ae-is.log)
Dataset: 20ng
  Iniciando 20ng e sublinear-ae-is (Log: /data/bernardolemos/results/jina-v5/instance_selection/logs/20ng_sublinear-ae-is.log)

=================================================
Step 2: Generating summary (read_selection_ci.py)
=================================================
20ng:
    - no-is: time=0.030 ±0.002 (n=10)  reduction=0.0000 ±0.0000 (n=10)
    - adaptive-perplexity: time=6.116 ±0.429 (n=10)  reduction=0.3576 ±0.0023 (n=10)
    - gmm-is: time=6.568 ±1.867 (n=10)  reduction=0.3000 ±0.0000 (n=10)
    - sublinear-ae-is: time=11.655 ±0.698 (n=10)  reduction=0.3500 ±0.0000 (n=10)
    - autoencoder-is: time=11.899 ±0.613 (n=10)  reduction=0.3000 ±0.0000 (n=10)
    - adaptive-cluster-is: time=14.584 ±0.640 (n=10)  reduction=0.4031 ±0.0070 (n=10)
    - biois: time=14.939 ±0.439 (n=10)  reduction=0.3911 ±0.0006 (n=10)

acm:
    - no-is: time=0.038 ±0.001 (n=10)  reduction=0.0000 ±0.0000 (n=10)
    - adaptive-perplexity: time=8.210 ±0.863 (n=10)  reduction=0.3802 ±0.0026 (n=10)
    - sublinear-ae-is: time=14.900 ±0.517 (n=10)  reduction=0.3500 ±0.0000 (n=10)
    - gmm-is: time=15.455 ±6.164 (n=10)  reduction=0.3000 ±0.0000 (n=10)
    - autoencoder-is: time=15.470 ±0.497 (n=10)  reduction=0.3000 ±0.0000 (n=10)
    - adaptive-cluster-is: time=19.340 ±0.668 (n=10)  reduction=0.3993 ±0.0072 (n=10)
    - biois: time=20.811 ±0.323 (n=10)  reduction=0.3627 ±0.0004 (n=10)

books:
    - no-is: time=0.053 ±0.007 (n=10)  reduction=0.0000 ±0.0000 (n=10)
    - adaptive-perplexity: time=11.259 ±1.091 (n=10)  reduction=0.3955 ±0.0014 (n=10)
    - gmm-is: time=11.418 ±4.134 (n=10)  reduction=0.3000 ±0.0000 (n=10)
    - sublinear-ae-is: time=19.789 ±0.882 (n=10)  reduction=0.3500 ±0.0000 (n=10)
    - autoencoder-is: time=20.889 ±0.985 (n=10)  reduction=0.3000 ±0.0000 (n=10)
    - biois: time=24.637 ±0.280 (n=10)  reduction=0.3601 ±0.0003 (n=10)
    - adaptive-cluster-is: time=28.642 ±0.645 (n=10)  reduction=0.4007 ±0.0069 (n=10)

dblp:
    - no-is: time=0.063 ±0.007 (n=10)  reduction=0.0000 ±0.0000 (n=10)
    - gmm-is: time=13.315 ±3.996 (n=10)  reduction=0.3000 ±0.0000 (n=10)
    - adaptive-perplexity: time=15.185 ±0.555 (n=10)  reduction=0.4042 ±0.0026 (n=10)
    - biois: time=27.590 ±0.577 (n=10)  reduction=0.3403 ±0.0003 (n=10)
    - autoencoder-is: time=29.127 ±0.748 (n=10)  reduction=0.3000 ±0.0000 (n=10)
    - adaptive-cluster-is: time=49.407 ±0.572 (n=10)  reduction=0.4083 ±0.0088 (n=10)

movie_review:
    - no-is: time=0.013 ±0.001 (n=10)  reduction=0.0000 ±0.0000 (n=10)
    - biois: time=1.038 ±0.048 (n=10)  reduction=0.3440 ±0.0005 (n=10)
    - adaptive-perplexity: time=3.792 ±0.824 (n=10)  reduction=0.3621 ±0.0025 (n=10)
    - autoencoder-is: time=6.649 ±0.477 (n=10)  reduction=0.2998 ±0.0000 (n=10)
    - adaptive-cluster-is: time=6.704 ±0.303 (n=10)  reduction=0.4202 ±0.0081 (n=10)
    - sublinear-ae-is: time=7.292 ±0.489 (n=10)  reduction=0.3500 ±0.0001 (n=10)
    - gmm-is: time=13.301 ±4.637 (n=10)  reduction=0.2998 ±0.0000 (n=10)

mpqa:
    - no-is: time=0.015 ±0.001 (n=10)  reduction=0.0000 ±0.0000 (n=10)
    - biois: time=0.835 ±0.029 (n=10)  reduction=0.3067 ±0.0003 (n=10)
    - adaptive-perplexity: time=3.584 ±0.406 (n=10)  reduction=0.2614 ±0.0120 (n=10)
    - adaptive-cluster-is: time=6.624 ±0.351 (n=10)  reduction=0.4511 ±0.0075 (n=10)
    - autoencoder-is: time=6.817 ±0.932 (n=10)  reduction=0.2998 ±0.0000 (n=10)
    - sublinear-ae-is: time=7.136 ±0.386 (n=10)  reduction=0.3500 ±0.0001 (n=10)
    - gmm-is: time=15.031 ±4.797 (n=10)  reduction=0.2998 ±0.0000 (n=10)

ohsumed:
    - no-is: time=0.028 ±0.001 (n=10)  reduction=0.0000 ±0.0000 (n=10)
    - adaptive-perplexity: time=6.001 ±0.459 (n=10)  reduction=0.4172 ±0.0040 (n=10)
    - gmm-is: time=10.614 ±3.742 (n=10)  reduction=0.3000 ±0.0000 (n=10)
    - sublinear-ae-is: time=11.670 ±1.394 (n=10)  reduction=0.3500 ±0.0000 (n=10)
    - autoencoder-is: time=11.710 ±0.449 (n=10)  reduction=0.3000 ±0.0000 (n=10)
    - adaptive-cluster-is: time=13.492 ±0.814 (n=10)  reduction=0.4050 ±0.0039 (n=10)
    - biois: time=24.381 ±0.323 (n=10)  reduction=0.3904 ±0.0004 (n=10)

pang_movie:
    - no-is: time=0.016 ±0.001 (n=10)  reduction=0.0000 ±0.0000 (n=10)
    - biois: time=1.014 ±0.019 (n=10)  reduction=0.3431 ±0.0007 (n=10)
    - adaptive-perplexity: time=3.750 ±0.738 (n=10)  reduction=0.3580 ±0.0036 (n=10)
    - adaptive-cluster-is: time=6.767 ±0.387 (n=10)  reduction=0.4268 ±0.0057 (n=10)
    - autoencoder-is: time=6.978 ±1.020 (n=10)  reduction=0.2998 ±0.0000 (n=10)
    - sublinear-ae-is: time=7.078 ±0.459 (n=10)  reduction=0.3499 ±0.0001 (n=10)
    - gmm-is: time=13.775 ±4.753 (n=10)  reduction=0.2998 ±0.0000 (n=10)

reuters90:
    - no-is: time=0.019 ±0.003 (n=10)  reduction=0.0000 ±0.0000 (n=10)
    - adaptive-perplexity: time=4.589 ±0.987 (n=10)  reduction=0.4138 ±0.0033 (n=10)
    - autoencoder-is: time=8.409 ±0.653 (n=10)  reduction=0.2999 ±0.0001 (n=10)
    - sublinear-ae-is: time=8.941 ±1.936 (n=10)  reduction=0.3500 ±0.0001 (n=10)
    - adaptive-cluster-is: time=9.276 ±0.442 (n=10)  reduction=0.4182 ±0.0076 (n=10)
    - gmm-is: time=13.989 ±8.921 (n=10)  reduction=0.2999 ±0.0000 (n=10)
    - biois: time=278.648 ±5.108 (n=10)  reduction=0.3931 ±0.0006 (n=10)

sst1:
    - no-is: time=0.019 ±0.005 (n=10)  reduction=0.0000 ±0.0000 (n=10)
    - adaptive-perplexity: time=4.273 ±0.969 (n=10)  reduction=0.3563 ±0.0030 (n=10)
    - adaptive-cluster-is: time=7.293 ±0.393 (n=10)  reduction=0.4225 ±0.0061 (n=10)
    - autoencoder-is: time=7.612 ±0.626 (n=10)  reduction=0.2999 ±0.0000 (n=10)
    - sublinear-ae-is: time=7.672 ±0.359 (n=10)  reduction=0.3500 ±0.0001 (n=10)
    - biois: time=9.107 ±0.050 (n=10)  reduction=0.5121 ±0.0005 (n=10)
    - gmm-is: time=12.313 ±4.732 (n=10)  reduction=0.2999 ±0.0000 (n=10)

sst2:
    - no-is: time=0.014 ±0.002 (n=10)  reduction=0.0000 ±0.0000 (n=10)
    - biois: time=0.724 ±0.008 (n=10)  reduction=0.3215 ±0.0007 (n=10)
    - adaptive-perplexity: time=3.297 ±0.495 (n=10)  reduction=0.3604 ±0.0030 (n=10)
    - autoencoder-is: time=6.199 ±0.499 (n=10)  reduction=0.2999 ±0.0000 (n=10)
    - adaptive-cluster-is: time=6.213 ±0.211 (n=10)  reduction=0.4286 ±0.0064 (n=10)
    - sublinear-ae-is: time=6.749 ±0.852 (n=10)  reduction=0.3500 ±0.0001 (n=10)
    - gmm-is: time=15.590 ±8.424 (n=10)  reduction=0.2999 ±0.0000 (n=10)

subj:
    - no-is: time=0.014 ±0.002 (n=10)  reduction=0.0000 ±0.0000 (n=10)
    - biois: time=0.681 ±0.018 (n=10)  reduction=0.2891 ±0.0004 (n=10)
    - adaptive-perplexity: time=3.525 ±0.520 (n=10)  reduction=0.3586 ±0.0026 (n=10)
    - adaptive-cluster-is: time=6.490 ±0.240 (n=10)  reduction=0.4216 ±0.0106 (n=10)
    - autoencoder-is: time=6.498 ±1.038 (n=10)  reduction=0.3000 ±0.0000 (n=10)
    - sublinear-ae-is: time=6.877 ±0.377 (n=10)  reduction=0.3498 ±0.0001 (n=10)
    - gmm-is: time=13.369 ±4.667 (n=10)  reduction=0.3000 ±0.0000 (n=10)

trec:
    - no-is: time=0.008 ±0.001 (n=10)  reduction=0.0000 ±0.0000 (n=10)
    - adaptive-perplexity: time=2.155 ±0.420 (n=10)  reduction=0.3094 ±0.0131 (n=10)
    - biois: time=3.124 ±0.093 (n=10)  reduction=0.3635 ±0.0009 (n=10)
    - autoencoder-is: time=3.928 ±0.526 (n=10)  reduction=0.2998 ±0.0000 (n=10)
    - adaptive-cluster-is: time=4.343 ±0.459 (n=10)  reduction=0.3970 ±0.0051 (n=10)
    - sublinear-ae-is: time=4.689 ±0.773 (n=10)  reduction=0.3498 ±0.0002 (n=10)
    - gmm-is: time=5.270 ±1.850 (n=10)  reduction=0.2998 ±0.0000 (n=10)

twitter:
    - no-is: time=0.010 ±0.002 (n=10)  reduction=0.0000 ±0.0000 (n=10)
    - biois: time=2.402 ±0.057 (n=10)  reduction=0.3034 ±0.0007 (n=10)
    - adaptive-perplexity: time=2.417 ±0.400 (n=10)  reduction=0.3353 ±0.0042 (n=10)
    - autoencoder-is: time=4.719 ±0.955 (n=10)  reduction=0.2999 ±0.0000 (n=10)
    - sublinear-ae-is: time=5.230 ±0.394 (n=10)  reduction=0.3499 ±0.0001 (n=10)
    - adaptive-cluster-is: time=5.313 ±0.809 (n=10)  reduction=0.4143 ±0.0116 (n=10)
    - gmm-is: time=5.455 ±2.231 (n=10)  reduction=0.2999 ±0.0000 (n=10)

vader_movie:
    - no-is: time=0.016 ±0.002 (n=10)  reduction=0.0000 ±0.0000 (n=10)
    - biois: time=1.029 ±0.033 (n=10)  reduction=0.3313 ±0.0004 (n=10)
    - adaptive-perplexity: time=3.701 ±0.571 (n=10)  reduction=0.3669 ±0.0027 (n=10)
    - autoencoder-is: time=6.810 ±0.781 (n=10)  reduction=0.2999 ±0.0000 (n=10)
    - adaptive-cluster-is: time=6.827 ±0.401 (n=10)  reduction=0.4217 ±0.0128 (n=10)
    - sublinear-ae-is: time=7.113 ±0.493 (n=10)  reduction=0.3498 ±0.0002 (n=10)
    - gmm-is: time=14.190 ±4.454 (n=10)  reduction=0.2999 ±0.0000 (n=10)

webkb:
    - no-is: time=0.013 ±0.002 (n=10)  reduction=0.0000 ±0.0000 (n=10)
    - adaptive-perplexity: time=2.855 ±0.596 (n=10)  reduction=0.4052 ±0.0029 (n=10)
    - autoencoder-is: time=5.373 ±0.726 (n=10)  reduction=0.2999 ±0.0000 (n=10)
    - adaptive-cluster-is: time=5.443 ±0.366 (n=10)  reduction=0.4251 ±0.0087 (n=10)
    - biois: time=5.481 ±0.071 (n=10)  reduction=0.3849 ±0.0004 (n=10)
    - sublinear-ae-is: time=6.024 ±0.826 (n=10)  reduction=0.3500 ±0.0000 (n=10)
    - gmm-is: time=7.881 ±3.520 (n=10)  reduction=0.2999 ±0.0000 (n=10)

wos11967:
    - no-is: time=0.018 ±0.002 (n=10)  reduction=0.0000 ±0.0000 (n=10)
    - adaptive-perplexity: time=4.216 ±0.539 (n=10)  reduction=0.3783 ±0.0069 (n=10)
    - autoencoder-is: time=7.532 ±0.552 (n=10)  reduction=0.2999 ±0.0000 (n=10)
    - adaptive-cluster-is: time=7.653 ±0.366 (n=10)  reduction=0.3989 ±0.0036 (n=10)
    - gmm-is: time=7.897 ±2.646 (n=10)  reduction=0.2999 ±0.0000 (n=10)
    - sublinear-ae-is: time=7.926 ±0.406 (n=10)  reduction=0.3499 ±0.0001 (n=10)
    - biois: time=11.089 ±0.267 (n=10)  reduction=0.3679 ±0.0005 (n=10)

wos5736:
    - no-is: time=0.010 ±0.005 (n=10)  reduction=0.0000 ±0.0000 (n=10)
    - adaptive-perplexity: time=2.213 ±0.550 (n=10)  reduction=0.4082 ±0.0033 (n=10)
    - biois: time=3.313 ±0.113 (n=10)  reduction=0.3553 ±0.0006 (n=10)
    - autoencoder-is: time=3.707 ±0.452 (n=10)  reduction=0.2999 ±0.0000 (n=10)
    - adaptive-cluster-is: time=4.170 ±0.470 (n=10)  reduction=0.4094 ±0.0067 (n=10)
    - sublinear-ae-is: time=4.405 ±0.489 (n=10)  reduction=0.3498 ±0.0004 (n=10)
    - gmm-is: time=8.243 ±3.185 (n=10)  reduction=0.2999 ±0.0000 (n=10)

yelp_reviews:
    - no-is: time=0.008 ±0.001 (n=10)  reduction=0.0000 ±0.0000 (n=10)
    - biois: time=0.257 ±0.016 (n=10)  reduction=0.2713 ±0.0005 (n=10)
    - adaptive-perplexity: time=1.986 ±0.923 (n=10)  reduction=0.3940 ±0.0039 (n=10)
    - autoencoder-is: time=3.482 ±0.865 (n=10)  reduction=0.3000 ±0.0000 (n=10)
    - sublinear-ae-is: time=3.998 ±0.561 (n=10)  reduction=0.3495 ±0.0005 (n=10)
    - adaptive-cluster-is: time=4.034 ±0.720 (n=10)  reduction=0.4457 ±0.0111 (n=10)
    - gmm-is: time=6.555 ±3.400 (n=10)  reduction=0.3000 ±0.0000 (n=10)

Wrote: /data/bernardolemos/results/jina-v5/instance_selection/selection_summary.json
Wrote: /data/bernardolemos/results/jina-v5/instance_selection/selection_summary.csv

=================================================
Step 3: Running atcBench
=================================================
Running with 1 concurrent processes...
Methods  : sublinear-ae-is
Datasets : trec wos5736 sst1 pang_movie movie_review vader_movie mpqa subj sst2 yelp_reviews acm twitter wos11967 webkb books 20ng
xargs: warning: options --max-args and --replace/-I/-i are mutually exclusive, ignoring previous --max-args value
[RUN] Iniciando trec_sublinear-ae-is (Acompanhe os detalhes em /data/bernardolemos/results/jina-v5/classificacao/logs/trec/sublinear-ae-is.log)
[DONE] Finalizado trec_sublinear-ae-is
[RUN] Iniciando wos5736_sublinear-ae-is (Acompanhe os detalhes em /data/bernardolemos/results/jina-v5/classificacao/logs/wos5736/sublinear-ae-is.log)
[DONE] Finalizado wos5736_sublinear-ae-is
[RUN] Iniciando sst1_sublinear-ae-is (Acompanhe os detalhes em /data/bernardolemos/results/jina-v5/classificacao/logs/sst1/sublinear-ae-is.log)
[DONE] Finalizado sst1_sublinear-ae-is
[RUN] Iniciando pang_movie_sublinear-ae-is (Acompanhe os detalhes em /data/bernardolemos/results/jina-v5/classificacao/logs/pang_movie/sublinear-ae-is.log)
[DONE] Finalizado pang_movie_sublinear-ae-is
[RUN] Iniciando movie_review_sublinear-ae-is (Acompanhe os detalhes em /data/bernardolemos/results/jina-v5/classificacao/logs/movie_review/sublinear-ae-is.log)
[DONE] Finalizado movie_review_sublinear-ae-is
[RUN] Iniciando vader_movie_sublinear-ae-is (Acompanhe os detalhes em /data/bernardolemos/results/jina-v5/classificacao/logs/vader_movie/sublinear-ae-is.log)
[DONE] Finalizado vader_movie_sublinear-ae-is
[RUN] Iniciando mpqa_sublinear-ae-is (Acompanhe os detalhes em /data/bernardolemos/results/jina-v5/classificacao/logs/mpqa/sublinear-ae-is.log)
[DONE] Finalizado mpqa_sublinear-ae-is
[RUN] Iniciando subj_sublinear-ae-is (Acompanhe os detalhes em /data/bernardolemos/results/jina-v5/classificacao/logs/subj/sublinear-ae-is.log)
[DONE] Finalizado subj_sublinear-ae-is
[RUN] Iniciando sst2_sublinear-ae-is (Acompanhe os detalhes em /data/bernardolemos/results/jina-v5/classificacao/logs/sst2/sublinear-ae-is.log)
[DONE] Finalizado sst2_sublinear-ae-is
[RUN] Iniciando yelp_reviews_sublinear-ae-is (Acompanhe os detalhes em /data/bernardolemos/results/jina-v5/classificacao/logs/yelp_reviews/sublinear-ae-is.log)
[DONE] Finalizado yelp_reviews_sublinear-ae-is
[RUN] Iniciando acm_sublinear-ae-is (Acompanhe os detalhes em /data/bernardolemos/results/jina-v5/classificacao/logs/acm/sublinear-ae-is.log)
[DONE] Finalizado acm_sublinear-ae-is
[RUN] Iniciando twitter_sublinear-ae-is (Acompanhe os detalhes em /data/bernardolemos/results/jina-v5/classificacao/logs/twitter/sublinear-ae-is.log)
[DONE] Finalizado twitter_sublinear-ae-is
[RUN] Iniciando wos11967_sublinear-ae-is (Acompanhe os detalhes em /data/bernardolemos/results/jina-v5/classificacao/logs/wos11967/sublinear-ae-is.log)
[DONE] Finalizado wos11967_sublinear-ae-is
[RUN] Iniciando webkb_sublinear-ae-is (Acompanhe os detalhes em /data/bernardolemos/results/jina-v5/classificacao/logs/webkb/sublinear-ae-is.log)
[DONE] Finalizado webkb_sublinear-ae-is
[RUN] Iniciando books_sublinear-ae-is (Acompanhe os detalhes em /data/bernardolemos/results/jina-v5/classificacao/logs/books/sublinear-ae-is.log)
[DONE] Finalizado books_sublinear-ae-is
[RUN] Iniciando 20ng_sublinear-ae-is (Acompanhe os detalhes em /data/bernardolemos/results/jina-v5/classificacao/logs/20ng/sublinear-ae-is.log)
[DONE] Finalizado 20ng_sublinear-ae-is
All runs finished.

=================================================
Step 4: Generating results CSV (Metrics)
=================================================
Loaded selection CSV with 132 entries from: /data/bernardolemos/results/jina-v5/instance_selection/selection_summary.csv
Processing: dataset=20ng, method=adaptive-cluster-is, model=roberta, reduction=0.40309016628485994
Processing: dataset=20ng, method=adaptive-perplexity, model=roberta, reduction=0.35757104648370813
Processing: dataset=20ng, method=autoencoder-is, model=roberta, reduction=0.299951656431839
Processing: dataset=20ng, method=biois, model=roberta, reduction=0.39107037981563786
Processing: dataset=20ng, method=gmm-is, model=roberta, reduction=0.299951656431839
Processing: dataset=20ng, method=no-is, model=roberta, reduction=0.0
Processing: dataset=20ng, method=sublinear-ae-is, model=roberta, reduction=0.35000649352978946
Processing: dataset=acm, method=adaptive-cluster-is, model=roberta, reduction=0.399276777462931
Processing: dataset=acm, method=adaptive-perplexity, model=roberta, reduction=0.38016162992447516
Processing: dataset=acm, method=autoencoder-is, model=roberta, reduction=0.2999647443549308
Processing: dataset=acm, method=biois, model=roberta, reduction=0.3627299767991165
Processing: dataset=acm, method=gmm-is, model=roberta, reduction=0.2999602820613119
Processing: dataset=acm, method=no-is, model=roberta, reduction=0.0
Processing: dataset=acm, method=sublinear-ae-is, model=roberta, reduction=0.3499930798300666
Processing: dataset=books, method=adaptive-cluster-is, model=roberta, reduction=0.4007032776775964
Processing: dataset=books, method=adaptive-perplexity, model=roberta, reduction=0.3954806605823127
Processing: dataset=books, method=autoencoder-is, model=roberta, reduction=0.2999874316968405
Processing: dataset=books, method=biois, model=roberta, reduction=0.36014698394800476
Processing: dataset=books, method=gmm-is, model=roberta, reduction=0.2999874316968405
Processing: dataset=books, method=no-is, model=roberta, reduction=0.0
Processing: dataset=books, method=sublinear-ae-is, model=roberta, reduction=0.3500062839327913
Processing: dataset=dblp, method=adaptive-cluster-is, model=roberta, reduction=0.40834386213980556
Processing: dataset=dblp, method=adaptive-perplexity, model=roberta, reduction=0.4041707428436757
Processing: dataset=dblp, method=autoencoder-is, model=roberta, reduction=0.29998368074202386
Processing: dataset=dblp, method=biois, model=roberta, reduction=0.3403418921402079
Processing: dataset=dblp, method=gmm-is, model=roberta, reduction=0.29998368074202386
Processing: dataset=dblp, method=no-is, model=roberta, reduction=0.0
Processing: dataset=movie_review, method=adaptive-cluster-is, model=roberta, reduction=0.42021510287094177
Processing: dataset=movie_review, method=adaptive-perplexity, model=roberta, reduction=0.3620855050556283
Processing: dataset=movie_review, method=autoencoder-is, model=roberta, reduction=0.2998186711894243
Processing: dataset=movie_review, method=biois, model=roberta, reduction=0.3440046617044057
Processing: dataset=movie_review, method=gmm-is, model=roberta, reduction=0.2998186711894243
Processing: dataset=movie_review, method=no-is, model=roberta, reduction=0.0
Processing: dataset=movie_review, method=sublinear-ae-is, model=roberta, reduction=0.349955190205403
Processing: dataset=mpqa, method=adaptive-cluster-is, model=roberta, reduction=0.45109699366426986
Processing: dataset=mpqa, method=adaptive-perplexity, model=roberta, reduction=0.2613930956795235
Processing: dataset=mpqa, method=autoencoder-is, model=roberta, reduction=0.2998302855342338
Processing: dataset=mpqa, method=biois, model=roberta, reduction=0.30670270511719216
Processing: dataset=mpqa, method=gmm-is, model=roberta, reduction=0.2998302855342338
Processing: dataset=mpqa, method=no-is, model=roberta, reduction=0.0
Processing: dataset=mpqa, method=sublinear-ae-is, model=roberta, reduction=0.3499800958266976
Processing: dataset=ohsumed, method=adaptive-cluster-is, model=roberta, reduction=0.40500729732675994
Processing: dataset=ohsumed, method=adaptive-perplexity, model=roberta, reduction=0.4171978398668459
Processing: dataset=ohsumed, method=autoencoder-is, model=roberta, reduction=0.29995507432094953
Processing: dataset=ohsumed, method=biois, model=roberta, reduction=0.3904248471764685
Processing: dataset=ohsumed, method=gmm-is, model=roberta, reduction=0.29995507432094953
Processing: dataset=ohsumed, method=no-is, model=roberta, reduction=0.0
Processing: dataset=ohsumed, method=sublinear-ae-is, model=roberta, reduction=0.3499981784695305
Processing: dataset=pang_movie, method=adaptive-cluster-is, model=roberta, reduction=0.42679059086098603
Processing: dataset=pang_movie, method=adaptive-perplexity, model=roberta, reduction=0.35795870056690116
Processing: dataset=pang_movie, method=autoencoder-is, model=roberta, reduction=0.299818671840805
Processing: dataset=pang_movie, method=biois, model=roberta, reduction=0.34311886041392237
Processing: dataset=pang_movie, method=gmm-is, model=roberta, reduction=0.299818671840805
Processing: dataset=pang_movie, method=no-is, model=roberta, reduction=0.0
Processing: dataset=pang_movie, method=sublinear-ae-is, model=roberta, reduction=0.34993434351728964
Processing: dataset=reuters90, method=adaptive-cluster-is, model=roberta, reduction=0.41819141909981655
Processing: dataset=reuters90, method=adaptive-perplexity, model=roberta, reduction=0.4137733393474242
Processing: dataset=reuters90, method=autoencoder-is, model=roberta, reduction=0.2998841847494271
Processing: dataset=reuters90, method=biois, model=roberta, reduction=0.39306925329033093
Processing: dataset=reuters90, method=gmm-is, model=roberta, reduction=0.2999341166680657
Processing: dataset=reuters90, method=no-is, model=roberta, reduction=0.0
Processing: dataset=reuters90, method=sublinear-ae-is, model=roberta, reduction=0.34999133100151897
Processing: dataset=sst1, method=adaptive-cluster-is, model=roberta, reduction=0.42251260670514645
Processing: dataset=sst1, method=adaptive-perplexity, model=roberta, reduction=0.35632406969082353
Processing: dataset=sst1, method=autoencoder-is, model=roberta, reduction=0.29992033432002585
Processing: dataset=sst1, method=biois, model=roberta, reduction=0.5121326956682303
Processing: dataset=sst1, method=gmm-is, model=roberta, reduction=0.29992033432002585
Processing: dataset=sst1, method=no-is, model=roberta, reduction=0.0
Processing: dataset=sst1, method=sublinear-ae-is, model=roberta, reduction=0.3500257760508047
Processing: dataset=sst2, method=adaptive-cluster-is, model=roberta, reduction=0.4286324719180565
Processing: dataset=sst2, method=adaptive-perplexity, model=roberta, reduction=0.36035696636718684
Processing: dataset=sst2, method=autoencoder-is, model=roberta, reduction=0.2999410528891098
Processing: dataset=sst2, method=biois, model=roberta, reduction=0.32148596473311164
Processing: dataset=sst2, method=gmm-is, model=roberta, reduction=0.2999410528891098
Processing: dataset=sst2, method=no-is, model=roberta, reduction=0.0
Processing: dataset=sst2, method=sublinear-ae-is, model=roberta, reduction=0.3500236945448117
Processing: dataset=subj, method=adaptive-cluster-is, model=roberta, reduction=0.4215777777777778
Processing: dataset=subj, method=adaptive-perplexity, model=roberta, reduction=0.35863333333333336
Processing: dataset=subj, method=autoencoder-is, model=roberta, reduction=0.3
Processing: dataset=subj, method=biois, model=roberta, reduction=0.2891
Processing: dataset=subj, method=gmm-is, model=roberta, reduction=0.3
Processing: dataset=subj, method=no-is, model=roberta, reduction=0.0
Processing: dataset=subj, method=sublinear-ae-is, model=roberta, reduction=0.34983333333333333
Processing: dataset=trec, method=adaptive-cluster-is, model=roberta, reduction=0.39699061330209034
Processing: dataset=trec, method=adaptive-perplexity, model=roberta, reduction=0.30941973140194867
Processing: dataset=trec, method=autoencoder-is, model=roberta, reduction=0.2998058559131903
Processing: dataset=trec, method=biois, model=roberta, reduction=0.3634633124695125
Processing: dataset=trec, method=gmm-is, model=roberta, reduction=0.2998058559131903
Processing: dataset=trec, method=no-is, model=roberta, reduction=0.0
Processing: dataset=trec, method=sublinear-ae-is, model=roberta, reduction=0.34976105262732327
Processing: dataset=twitter, method=adaptive-cluster-is, model=roberta, reduction=0.4142565103183665
Processing: dataset=twitter, method=adaptive-perplexity, model=roberta, reduction=0.33534999023916834
Processing: dataset=twitter, method=autoencoder-is, model=roberta, reduction=0.29985866588116056
Processing: dataset=twitter, method=biois, model=roberta, reduction=0.30336812738230734
Processing: dataset=twitter, method=gmm-is, model=roberta, reduction=0.29985866588116056
Processing: dataset=twitter, method=no-is, model=roberta, reduction=0.0
Processing: dataset=twitter, method=sublinear-ae-is, model=roberta, reduction=0.3498801089481283
Processing: dataset=vader_movie, method=adaptive-cluster-is, model=roberta, reduction=0.4217244898181104
Processing: dataset=vader_movie, method=adaptive-perplexity, model=roberta, reduction=0.36686231916090994
Processing: dataset=vader_movie, method=autoencoder-is, model=roberta, reduction=0.299899064683082
Processing: dataset=vader_movie, method=biois, model=roberta, reduction=0.3312831184672829
Processing: dataset=vader_movie, method=gmm-is, model=roberta, reduction=0.299899064683082
Processing: dataset=vader_movie, method=no-is, model=roberta, reduction=0.0
Processing: dataset=vader_movie, method=sublinear-ae-is, model=roberta, reduction=0.34984018261548144
Processing: dataset=webkb, method=adaptive-cluster-is, model=roberta, reduction=0.4251458711508005
Processing: dataset=webkb, method=adaptive-perplexity, model=roberta, reduction=0.4052255877437614
Processing: dataset=webkb, method=autoencoder-is, model=roberta, reduction=0.2998604117436791
Processing: dataset=webkb, method=biois, model=roberta, reduction=0.3849385269690523
Processing: dataset=webkb, method=gmm-is, model=roberta, reduction=0.2998604117436791
Processing: dataset=webkb, method=no-is, model=roberta, reduction=0.0
Processing: dataset=webkb, method=sublinear-ae-is, model=roberta, reduction=0.34998848137241384
Processing: dataset=wos11967, method=adaptive-cluster-is, model=roberta, reduction=0.39889316691446053
Processing: dataset=wos11967, method=adaptive-perplexity, model=roberta, reduction=0.37827155640851706
Processing: dataset=wos11967, method=autoencoder-is, model=roberta, reduction=0.2998987963053238
Processing: dataset=wos11967, method=biois, model=roberta, reduction=0.3679191787639132
Processing: dataset=wos11967, method=gmm-is, model=roberta, reduction=0.2998987963053238
Processing: dataset=wos11967, method=no-is, model=roberta, reduction=0.0
Processing: dataset=wos11967, method=sublinear-ae-is, model=roberta, reduction=0.3499159698999178
Processing: dataset=wos5736, method=adaptive-cluster-is, model=roberta, reduction=0.4093641701304614
Processing: dataset=wos5736, method=adaptive-perplexity, model=roberta, reduction=0.4082014922589825
Processing: dataset=wos5736, method=autoencoder-is, model=roberta, reduction=0.2998605326863431
Processing: dataset=wos5736, method=biois, model=roberta, reduction=0.3553192203068011
Processing: dataset=wos5736, method=gmm-is, model=roberta, reduction=0.2998605326863431
Processing: dataset=wos5736, method=no-is, model=roberta, reduction=0.0
Processing: dataset=wos5736, method=sublinear-ae-is, model=roberta, reduction=0.3497597687716738
Processing: dataset=yelp_reviews, method=adaptive-cluster-is, model=roberta, reduction=0.44566666666666666
Processing: dataset=yelp_reviews, method=adaptive-perplexity, model=roberta, reduction=0.3940444444444444
Processing: dataset=yelp_reviews, method=autoencoder-is, model=roberta, reduction=0.3
Processing: dataset=yelp_reviews, method=biois, model=roberta, reduction=0.2713333333333333
Processing: dataset=yelp_reviews, method=gmm-is, model=roberta, reduction=0.3
Processing: dataset=yelp_reviews, method=no-is, model=roberta, reduction=0.0
Processing: dataset=yelp_reviews, method=sublinear-ae-is, model=roberta, reduction=0.34946666666666665
Wrote CSV to: /data/bernardolemos/results/jina-v5/classificacao/results/results_from_outputs.csv

=================================================
Step 5: Generating results CSV (Times)
=================================================
Loaded selection CSV with 132 entries from: /data/bernardolemos/results/jina-v5/instance_selection/selection_summary.csv
Processing: dataset=20ng, method=adaptive-cluster-is, model=roberta, IS_time=14.58
Processing: dataset=20ng, method=adaptive-perplexity, model=roberta, IS_time=6.12
Processing: dataset=20ng, method=autoencoder-is, model=roberta, IS_time=11.90
Processing: dataset=20ng, method=biois, model=roberta, IS_time=14.94
Processing: dataset=20ng, method=gmm-is, model=roberta, IS_time=6.57
Processing: dataset=20ng, method=no-is, model=roberta, IS_time=0.03
Processing: dataset=20ng, method=sublinear-ae-is, model=roberta, IS_time=11.66
Processing: dataset=acm, method=adaptive-cluster-is, model=roberta, IS_time=19.34
Processing: dataset=acm, method=adaptive-perplexity, model=roberta, IS_time=8.21
Processing: dataset=acm, method=autoencoder-is, model=roberta, IS_time=15.47
Processing: dataset=acm, method=biois, model=roberta, IS_time=20.81
Processing: dataset=acm, method=gmm-is, model=roberta, IS_time=15.46
Processing: dataset=acm, method=no-is, model=roberta, IS_time=0.04
Processing: dataset=acm, method=sublinear-ae-is, model=roberta, IS_time=14.90
Processing: dataset=books, method=adaptive-cluster-is, model=roberta, IS_time=28.64
Processing: dataset=books, method=adaptive-perplexity, model=roberta, IS_time=11.26
Processing: dataset=books, method=autoencoder-is, model=roberta, IS_time=20.89
Processing: dataset=books, method=biois, model=roberta, IS_time=24.64
Processing: dataset=books, method=gmm-is, model=roberta, IS_time=11.42
Processing: dataset=books, method=no-is, model=roberta, IS_time=0.05
Processing: dataset=books, method=sublinear-ae-is, model=roberta, IS_time=19.79
Processing: dataset=dblp, method=adaptive-cluster-is, model=roberta, IS_time=49.41
Processing: dataset=dblp, method=adaptive-perplexity, model=roberta, IS_time=15.18
Processing: dataset=dblp, method=autoencoder-is, model=roberta, IS_time=29.13
Processing: dataset=dblp, method=biois, model=roberta, IS_time=27.59
Processing: dataset=dblp, method=gmm-is, model=roberta, IS_time=13.32
Processing: dataset=dblp, method=no-is, model=roberta, IS_time=0.06
Processing: dataset=movie_review, method=adaptive-cluster-is, model=roberta, IS_time=6.70
Processing: dataset=movie_review, method=adaptive-perplexity, model=roberta, IS_time=3.79
Processing: dataset=movie_review, method=autoencoder-is, model=roberta, IS_time=6.65
Processing: dataset=movie_review, method=biois, model=roberta, IS_time=1.04
Processing: dataset=movie_review, method=gmm-is, model=roberta, IS_time=13.30
Processing: dataset=movie_review, method=no-is, model=roberta, IS_time=0.01
Processing: dataset=movie_review, method=sublinear-ae-is, model=roberta, IS_time=7.29
Processing: dataset=mpqa, method=adaptive-cluster-is, model=roberta, IS_time=6.62
Processing: dataset=mpqa, method=adaptive-perplexity, model=roberta, IS_time=3.58
Processing: dataset=mpqa, method=autoencoder-is, model=roberta, IS_time=6.82
Processing: dataset=mpqa, method=biois, model=roberta, IS_time=0.83
Processing: dataset=mpqa, method=gmm-is, model=roberta, IS_time=15.03
Processing: dataset=mpqa, method=no-is, model=roberta, IS_time=0.02
Processing: dataset=mpqa, method=sublinear-ae-is, model=roberta, IS_time=7.14
Processing: dataset=ohsumed, method=adaptive-cluster-is, model=roberta, IS_time=13.49
Processing: dataset=ohsumed, method=adaptive-perplexity, model=roberta, IS_time=6.00
Processing: dataset=ohsumed, method=autoencoder-is, model=roberta, IS_time=11.71
Processing: dataset=ohsumed, method=biois, model=roberta, IS_time=24.38
Processing: dataset=ohsumed, method=gmm-is, model=roberta, IS_time=10.61
Processing: dataset=ohsumed, method=no-is, model=roberta, IS_time=0.03
Processing: dataset=ohsumed, method=sublinear-ae-is, model=roberta, IS_time=11.67
Processing: dataset=pang_movie, method=adaptive-cluster-is, model=roberta, IS_time=6.77
Processing: dataset=pang_movie, method=adaptive-perplexity, model=roberta, IS_time=3.75
Processing: dataset=pang_movie, method=autoencoder-is, model=roberta, IS_time=6.98
Processing: dataset=pang_movie, method=biois, model=roberta, IS_time=1.01
Processing: dataset=pang_movie, method=gmm-is, model=roberta, IS_time=13.77
Processing: dataset=pang_movie, method=no-is, model=roberta, IS_time=0.02
Processing: dataset=pang_movie, method=sublinear-ae-is, model=roberta, IS_time=7.08
Processing: dataset=reuters90, method=adaptive-cluster-is, model=roberta, IS_time=9.28
Processing: dataset=reuters90, method=adaptive-perplexity, model=roberta, IS_time=4.59
Processing: dataset=reuters90, method=autoencoder-is, model=roberta, IS_time=8.41
Processing: dataset=reuters90, method=biois, model=roberta, IS_time=278.65
Processing: dataset=reuters90, method=gmm-is, model=roberta, IS_time=13.99
Processing: dataset=reuters90, method=no-is, model=roberta, IS_time=0.02
Processing: dataset=reuters90, method=sublinear-ae-is, model=roberta, IS_time=8.94
Processing: dataset=sst1, method=adaptive-cluster-is, model=roberta, IS_time=7.29
Processing: dataset=sst1, method=adaptive-perplexity, model=roberta, IS_time=4.27
Processing: dataset=sst1, method=autoencoder-is, model=roberta, IS_time=7.61
Processing: dataset=sst1, method=biois, model=roberta, IS_time=9.11
Processing: dataset=sst1, method=gmm-is, model=roberta, IS_time=12.31
Processing: dataset=sst1, method=no-is, model=roberta, IS_time=0.02
Processing: dataset=sst1, method=sublinear-ae-is, model=roberta, IS_time=7.67
Processing: dataset=sst2, method=adaptive-cluster-is, model=roberta, IS_time=6.21
Processing: dataset=sst2, method=adaptive-perplexity, model=roberta, IS_time=3.30
Processing: dataset=sst2, method=autoencoder-is, model=roberta, IS_time=6.20
Processing: dataset=sst2, method=biois, model=roberta, IS_time=0.72
Processing: dataset=sst2, method=gmm-is, model=roberta, IS_time=15.59
Processing: dataset=sst2, method=no-is, model=roberta, IS_time=0.01
Processing: dataset=sst2, method=sublinear-ae-is, model=roberta, IS_time=6.75
Processing: dataset=subj, method=adaptive-cluster-is, model=roberta, IS_time=6.49
Processing: dataset=subj, method=adaptive-perplexity, model=roberta, IS_time=3.52
Processing: dataset=subj, method=autoencoder-is, model=roberta, IS_time=6.50
Processing: dataset=subj, method=biois, model=roberta, IS_time=0.68
Processing: dataset=subj, method=gmm-is, model=roberta, IS_time=13.37
Processing: dataset=subj, method=no-is, model=roberta, IS_time=0.01
Processing: dataset=subj, method=sublinear-ae-is, model=roberta, IS_time=6.88
Processing: dataset=trec, method=adaptive-cluster-is, model=roberta, IS_time=4.34
Processing: dataset=trec, method=adaptive-perplexity, model=roberta, IS_time=2.15
Processing: dataset=trec, method=autoencoder-is, model=roberta, IS_time=3.93
Processing: dataset=trec, method=biois, model=roberta, IS_time=3.12
Processing: dataset=trec, method=gmm-is, model=roberta, IS_time=5.27
Processing: dataset=trec, method=no-is, model=roberta, IS_time=0.01
Processing: dataset=trec, method=sublinear-ae-is, model=roberta, IS_time=4.69
Processing: dataset=twitter, method=adaptive-cluster-is, model=roberta, IS_time=5.31
Processing: dataset=twitter, method=adaptive-perplexity, model=roberta, IS_time=2.42
Processing: dataset=twitter, method=autoencoder-is, model=roberta, IS_time=4.72
Processing: dataset=twitter, method=biois, model=roberta, IS_time=2.40
Processing: dataset=twitter, method=gmm-is, model=roberta, IS_time=5.45
Processing: dataset=twitter, method=no-is, model=roberta, IS_time=0.01
Processing: dataset=twitter, method=sublinear-ae-is, model=roberta, IS_time=5.23
Processing: dataset=vader_movie, method=adaptive-cluster-is, model=roberta, IS_time=6.83
Processing: dataset=vader_movie, method=adaptive-perplexity, model=roberta, IS_time=3.70
Processing: dataset=vader_movie, method=autoencoder-is, model=roberta, IS_time=6.81
Processing: dataset=vader_movie, method=biois, model=roberta, IS_time=1.03
Processing: dataset=vader_movie, method=gmm-is, model=roberta, IS_time=14.19
Processing: dataset=vader_movie, method=no-is, model=roberta, IS_time=0.02
Processing: dataset=vader_movie, method=sublinear-ae-is, model=roberta, IS_time=7.11
Processing: dataset=webkb, method=adaptive-cluster-is, model=roberta, IS_time=5.44
Processing: dataset=webkb, method=adaptive-perplexity, model=roberta, IS_time=2.85
Processing: dataset=webkb, method=autoencoder-is, model=roberta, IS_time=5.37
Processing: dataset=webkb, method=biois, model=roberta, IS_time=5.48
Processing: dataset=webkb, method=gmm-is, model=roberta, IS_time=7.88
Processing: dataset=webkb, method=no-is, model=roberta, IS_time=0.01
Processing: dataset=webkb, method=sublinear-ae-is, model=roberta, IS_time=6.02
Processing: dataset=wos11967, method=adaptive-cluster-is, model=roberta, IS_time=7.65
Processing: dataset=wos11967, method=adaptive-perplexity, model=roberta, IS_time=4.22
Processing: dataset=wos11967, method=autoencoder-is, model=roberta, IS_time=7.53
Processing: dataset=wos11967, method=biois, model=roberta, IS_time=11.09
Processing: dataset=wos11967, method=gmm-is, model=roberta, IS_time=7.90
Processing: dataset=wos11967, method=no-is, model=roberta, IS_time=0.02
Processing: dataset=wos11967, method=sublinear-ae-is, model=roberta, IS_time=7.93
Processing: dataset=wos5736, method=adaptive-cluster-is, model=roberta, IS_time=4.17
Processing: dataset=wos5736, method=adaptive-perplexity, model=roberta, IS_time=2.21
Processing: dataset=wos5736, method=autoencoder-is, model=roberta, IS_time=3.71
Processing: dataset=wos5736, method=biois, model=roberta, IS_time=3.31
Processing: dataset=wos5736, method=gmm-is, model=roberta, IS_time=8.24
Processing: dataset=wos5736, method=no-is, model=roberta, IS_time=0.01
Processing: dataset=wos5736, method=sublinear-ae-is, model=roberta, IS_time=4.40
Processing: dataset=yelp_reviews, method=adaptive-cluster-is, model=roberta, IS_time=4.03
Processing: dataset=yelp_reviews, method=adaptive-perplexity, model=roberta, IS_time=1.99
Processing: dataset=yelp_reviews, method=autoencoder-is, model=roberta, IS_time=3.48
Processing: dataset=yelp_reviews, method=biois, model=roberta, IS_time=0.26
Processing: dataset=yelp_reviews, method=gmm-is, model=roberta, IS_time=6.56
Processing: dataset=yelp_reviews, method=no-is, model=roberta, IS_time=0.01
Processing: dataset=yelp_reviews, method=sublinear-ae-is, model=roberta, IS_time=4.00
Wrote CSV to: /data/bernardolemos/results/jina-v5/classificacao/results/times_from_outputs.csv

=================================================
Pipeline execution completed successfully!
=================================================
