Methods  : entropy-sublinear-ae-is,autoencoder-is,sublinear-ae-is,no-is,biois, 
Datasets : mpqa,trec,sst2,twitter,vader_movie,movie_review,sst1,pang_movie,subj,yelp_reviews,wos5736,reuters90,webkb,wos11967,acm,ohsumed,20ng,dblp,books
Steps    : 3,4,5

=================================================
Step 3: Running atcBench
=================================================
Running with 1 concurrent processes...
Methods  : entropy-sublinear-ae-is autoencoder-is sublinear-ae-is no-is biois  
Datasets : mpqa trec sst2 twitter vader_movie movie_review sst1 pang_movie subj yelp_reviews wos5736 reuters90 webkb wos11967 acm ohsumed 20ng dblp books
xargs: warning: options --max-args and --replace/-I/-i are mutually exclusive, ignoring previous --max-args value
[RUN] Iniciando mpqa_entropy-sublinear-ae-is (Acompanhe os detalhes em /data/bernardolemos/results/jina-v5/classificacao/logs_modernbert/mpqa/entropy-sublinear-ae-is.log)
[DONE] Finalizado mpqa_entropy-sublinear-ae-is
[RUN] Iniciando mpqa_autoencoder-is (Acompanhe os detalhes em /data/bernardolemos/results/jina-v5/classificacao/logs_modernbert/mpqa/autoencoder-is.log)
[DONE] Finalizado mpqa_autoencoder-is
[RUN] Iniciando mpqa_sublinear-ae-is (Acompanhe os detalhes em /data/bernardolemos/results/jina-v5/classificacao/logs_modernbert/mpqa/sublinear-ae-is.log)
[DONE] Finalizado mpqa_sublinear-ae-is
[RUN] Iniciando mpqa_no-is (Acompanhe os detalhes em /data/bernardolemos/results/jina-v5/classificacao/logs_modernbert/mpqa/no-is.log)
[DONE] Finalizado mpqa_no-is
[RUN] Iniciando mpqa_biois (Acompanhe os detalhes em /data/bernardolemos/results/jina-v5/classificacao/logs_modernbert/mpqa/biois.log)
[DONE] Finalizado mpqa_biois
[RUN] Iniciando mpqa_  (Acompanhe os detalhes em /data/bernardolemos/results/jina-v5/classificacao/logs_modernbert/mpqa/ .log)
[DONE] Finalizado mpqa_ 
[RUN] Iniciando trec_entropy-sublinear-ae-is (Acompanhe os detalhes em /data/bernardolemos/results/jina-v5/classificacao/logs_modernbert/trec/entropy-sublinear-ae-is.log)
[DONE] Finalizado trec_entropy-sublinear-ae-is
[RUN] Iniciando trec_autoencoder-is (Acompanhe os detalhes em /data/bernardolemos/results/jina-v5/classificacao/logs_modernbert/trec/autoencoder-is.log)
[DONE] Finalizado trec_autoencoder-is
[RUN] Iniciando trec_sublinear-ae-is (Acompanhe os detalhes em /data/bernardolemos/results/jina-v5/classificacao/logs_modernbert/trec/sublinear-ae-is.log)
[DONE] Finalizado trec_sublinear-ae-is
[RUN] Iniciando trec_no-is (Acompanhe os detalhes em /data/bernardolemos/results/jina-v5/classificacao/logs_modernbert/trec/no-is.log)
[DONE] Finalizado trec_no-is
[RUN] Iniciando trec_biois (Acompanhe os detalhes em /data/bernardolemos/results/jina-v5/classificacao/logs_modernbert/trec/biois.log)
[DONE] Finalizado trec_biois
[RUN] Iniciando trec_  (Acompanhe os detalhes em /data/bernardolemos/results/jina-v5/classificacao/logs_modernbert/trec/ .log)
[DONE] Finalizado trec_ 
[RUN] Iniciando sst2_entropy-sublinear-ae-is (Acompanhe os detalhes em /data/bernardolemos/results/jina-v5/classificacao/logs_modernbert/sst2/entropy-sublinear-ae-is.log)
[DONE] Finalizado sst2_entropy-sublinear-ae-is
[RUN] Iniciando sst2_autoencoder-is (Acompanhe os detalhes em /data/bernardolemos/results/jina-v5/classificacao/logs_modernbert/sst2/autoencoder-is.log)
[DONE] Finalizado sst2_autoencoder-is
[RUN] Iniciando sst2_sublinear-ae-is (Acompanhe os detalhes em /data/bernardolemos/results/jina-v5/classificacao/logs_modernbert/sst2/sublinear-ae-is.log)
[DONE] Finalizado sst2_sublinear-ae-is
[RUN] Iniciando sst2_no-is (Acompanhe os detalhes em /data/bernardolemos/results/jina-v5/classificacao/logs_modernbert/sst2/no-is.log)
[DONE] Finalizado sst2_no-is
[RUN] Iniciando sst2_biois (Acompanhe os detalhes em /data/bernardolemos/results/jina-v5/classificacao/logs_modernbert/sst2/biois.log)
[DONE] Finalizado sst2_biois
[RUN] Iniciando sst2_  (Acompanhe os detalhes em /data/bernardolemos/results/jina-v5/classificacao/logs_modernbert/sst2/ .log)
[DONE] Finalizado sst2_ 
[RUN] Iniciando twitter_entropy-sublinear-ae-is (Acompanhe os detalhes em /data/bernardolemos/results/jina-v5/classificacao/logs_modernbert/twitter/entropy-sublinear-ae-is.log)
[DONE] Finalizado twitter_entropy-sublinear-ae-is
[RUN] Iniciando twitter_autoencoder-is (Acompanhe os detalhes em /data/bernardolemos/results/jina-v5/classificacao/logs_modernbert/twitter/autoencoder-is.log)
[DONE] Finalizado twitter_autoencoder-is
[RUN] Iniciando twitter_sublinear-ae-is (Acompanhe os detalhes em /data/bernardolemos/results/jina-v5/classificacao/logs_modernbert/twitter/sublinear-ae-is.log)
[DONE] Finalizado twitter_sublinear-ae-is
[RUN] Iniciando twitter_no-is (Acompanhe os detalhes em /data/bernardolemos/results/jina-v5/classificacao/logs_modernbert/twitter/no-is.log)
[DONE] Finalizado twitter_no-is
[RUN] Iniciando twitter_biois (Acompanhe os detalhes em /data/bernardolemos/results/jina-v5/classificacao/logs_modernbert/twitter/biois.log)
[DONE] Finalizado twitter_biois
[RUN] Iniciando twitter_  (Acompanhe os detalhes em /data/bernardolemos/results/jina-v5/classificacao/logs_modernbert/twitter/ .log)
[DONE] Finalizado twitter_ 
[RUN] Iniciando vader_movie_entropy-sublinear-ae-is (Acompanhe os detalhes em /data/bernardolemos/results/jina-v5/classificacao/logs_modernbert/vader_movie/entropy-sublinear-ae-is.log)
[DONE] Finalizado vader_movie_entropy-sublinear-ae-is
[RUN] Iniciando vader_movie_autoencoder-is (Acompanhe os detalhes em /data/bernardolemos/results/jina-v5/classificacao/logs_modernbert/vader_movie/autoencoder-is.log)
[DONE] Finalizado vader_movie_autoencoder-is
[RUN] Iniciando vader_movie_sublinear-ae-is (Acompanhe os detalhes em /data/bernardolemos/results/jina-v5/classificacao/logs_modernbert/vader_movie/sublinear-ae-is.log)
[DONE] Finalizado vader_movie_sublinear-ae-is
[RUN] Iniciando vader_movie_no-is (Acompanhe os detalhes em /data/bernardolemos/results/jina-v5/classificacao/logs_modernbert/vader_movie/no-is.log)
[DONE] Finalizado vader_movie_no-is
[RUN] Iniciando vader_movie_biois (Acompanhe os detalhes em /data/bernardolemos/results/jina-v5/classificacao/logs_modernbert/vader_movie/biois.log)
[DONE] Finalizado vader_movie_biois
[RUN] Iniciando vader_movie_  (Acompanhe os detalhes em /data/bernardolemos/results/jina-v5/classificacao/logs_modernbert/vader_movie/ .log)
[DONE] Finalizado vader_movie_ 
[RUN] Iniciando movie_review_entropy-sublinear-ae-is (Acompanhe os detalhes em /data/bernardolemos/results/jina-v5/classificacao/logs_modernbert/movie_review/entropy-sublinear-ae-is.log)
[DONE] Finalizado movie_review_entropy-sublinear-ae-is
[RUN] Iniciando movie_review_autoencoder-is (Acompanhe os detalhes em /data/bernardolemos/results/jina-v5/classificacao/logs_modernbert/movie_review/autoencoder-is.log)
[DONE] Finalizado movie_review_autoencoder-is
[RUN] Iniciando movie_review_sublinear-ae-is (Acompanhe os detalhes em /data/bernardolemos/results/jina-v5/classificacao/logs_modernbert/movie_review/sublinear-ae-is.log)
[DONE] Finalizado movie_review_sublinear-ae-is
[RUN] Iniciando movie_review_no-is (Acompanhe os detalhes em /data/bernardolemos/results/jina-v5/classificacao/logs_modernbert/movie_review/no-is.log)
[DONE] Finalizado movie_review_no-is
[RUN] Iniciando movie_review_biois (Acompanhe os detalhes em /data/bernardolemos/results/jina-v5/classificacao/logs_modernbert/movie_review/biois.log)
[DONE] Finalizado movie_review_biois
[RUN] Iniciando movie_review_  (Acompanhe os detalhes em /data/bernardolemos/results/jina-v5/classificacao/logs_modernbert/movie_review/ .log)
[DONE] Finalizado movie_review_ 
[RUN] Iniciando sst1_entropy-sublinear-ae-is (Acompanhe os detalhes em /data/bernardolemos/results/jina-v5/classificacao/logs_modernbert/sst1/entropy-sublinear-ae-is.log)
[DONE] Finalizado sst1_entropy-sublinear-ae-is
[RUN] Iniciando sst1_autoencoder-is (Acompanhe os detalhes em /data/bernardolemos/results/jina-v5/classificacao/logs_modernbert/sst1/autoencoder-is.log)
[DONE] Finalizado sst1_autoencoder-is
[RUN] Iniciando sst1_sublinear-ae-is (Acompanhe os detalhes em /data/bernardolemos/results/jina-v5/classificacao/logs_modernbert/sst1/sublinear-ae-is.log)
[DONE] Finalizado sst1_sublinear-ae-is
[RUN] Iniciando sst1_no-is (Acompanhe os detalhes em /data/bernardolemos/results/jina-v5/classificacao/logs_modernbert/sst1/no-is.log)
[DONE] Finalizado sst1_no-is
[RUN] Iniciando sst1_biois (Acompanhe os detalhes em /data/bernardolemos/results/jina-v5/classificacao/logs_modernbert/sst1/biois.log)
[DONE] Finalizado sst1_biois
[RUN] Iniciando sst1_  (Acompanhe os detalhes em /data/bernardolemos/results/jina-v5/classificacao/logs_modernbert/sst1/ .log)
[DONE] Finalizado sst1_ 
[RUN] Iniciando pang_movie_entropy-sublinear-ae-is (Acompanhe os detalhes em /data/bernardolemos/results/jina-v5/classificacao/logs_modernbert/pang_movie/entropy-sublinear-ae-is.log)
[DONE] Finalizado pang_movie_entropy-sublinear-ae-is
[RUN] Iniciando pang_movie_autoencoder-is (Acompanhe os detalhes em /data/bernardolemos/results/jina-v5/classificacao/logs_modernbert/pang_movie/autoencoder-is.log)
[DONE] Finalizado pang_movie_autoencoder-is
[RUN] Iniciando pang_movie_sublinear-ae-is (Acompanhe os detalhes em /data/bernardolemos/results/jina-v5/classificacao/logs_modernbert/pang_movie/sublinear-ae-is.log)
[DONE] Finalizado pang_movie_sublinear-ae-is
[RUN] Iniciando pang_movie_no-is (Acompanhe os detalhes em /data/bernardolemos/results/jina-v5/classificacao/logs_modernbert/pang_movie/no-is.log)
[DONE] Finalizado pang_movie_no-is
[RUN] Iniciando pang_movie_biois (Acompanhe os detalhes em /data/bernardolemos/results/jina-v5/classificacao/logs_modernbert/pang_movie/biois.log)
[DONE] Finalizado pang_movie_biois
[RUN] Iniciando pang_movie_  (Acompanhe os detalhes em /data/bernardolemos/results/jina-v5/classificacao/logs_modernbert/pang_movie/ .log)
[DONE] Finalizado pang_movie_ 
[RUN] Iniciando subj_entropy-sublinear-ae-is (Acompanhe os detalhes em /data/bernardolemos/results/jina-v5/classificacao/logs_modernbert/subj/entropy-sublinear-ae-is.log)
[DONE] Finalizado subj_entropy-sublinear-ae-is
[RUN] Iniciando subj_autoencoder-is (Acompanhe os detalhes em /data/bernardolemos/results/jina-v5/classificacao/logs_modernbert/subj/autoencoder-is.log)
[DONE] Finalizado subj_autoencoder-is
[RUN] Iniciando subj_sublinear-ae-is (Acompanhe os detalhes em /data/bernardolemos/results/jina-v5/classificacao/logs_modernbert/subj/sublinear-ae-is.log)
[DONE] Finalizado subj_sublinear-ae-is
[RUN] Iniciando subj_no-is (Acompanhe os detalhes em /data/bernardolemos/results/jina-v5/classificacao/logs_modernbert/subj/no-is.log)
[DONE] Finalizado subj_no-is
[RUN] Iniciando subj_biois (Acompanhe os detalhes em /data/bernardolemos/results/jina-v5/classificacao/logs_modernbert/subj/biois.log)
[DONE] Finalizado subj_biois
[RUN] Iniciando subj_  (Acompanhe os detalhes em /data/bernardolemos/results/jina-v5/classificacao/logs_modernbert/subj/ .log)
[DONE] Finalizado subj_ 
[RUN] Iniciando yelp_reviews_entropy-sublinear-ae-is (Acompanhe os detalhes em /data/bernardolemos/results/jina-v5/classificacao/logs_modernbert/yelp_reviews/entropy-sublinear-ae-is.log)
[DONE] Finalizado yelp_reviews_entropy-sublinear-ae-is
[RUN] Iniciando yelp_reviews_autoencoder-is (Acompanhe os detalhes em /data/bernardolemos/results/jina-v5/classificacao/logs_modernbert/yelp_reviews/autoencoder-is.log)
[DONE] Finalizado yelp_reviews_autoencoder-is
[RUN] Iniciando yelp_reviews_sublinear-ae-is (Acompanhe os detalhes em /data/bernardolemos/results/jina-v5/classificacao/logs_modernbert/yelp_reviews/sublinear-ae-is.log)
[DONE] Finalizado yelp_reviews_sublinear-ae-is
[RUN] Iniciando yelp_reviews_no-is (Acompanhe os detalhes em /data/bernardolemos/results/jina-v5/classificacao/logs_modernbert/yelp_reviews/no-is.log)
[DONE] Finalizado yelp_reviews_no-is
[RUN] Iniciando yelp_reviews_biois (Acompanhe os detalhes em /data/bernardolemos/results/jina-v5/classificacao/logs_modernbert/yelp_reviews/biois.log)
[DONE] Finalizado yelp_reviews_biois
[RUN] Iniciando yelp_reviews_  (Acompanhe os detalhes em /data/bernardolemos/results/jina-v5/classificacao/logs_modernbert/yelp_reviews/ .log)
[DONE] Finalizado yelp_reviews_ 
[RUN] Iniciando wos5736_entropy-sublinear-ae-is (Acompanhe os detalhes em /data/bernardolemos/results/jina-v5/classificacao/logs_modernbert/wos5736/entropy-sublinear-ae-is.log)
[DONE] Finalizado wos5736_entropy-sublinear-ae-is
[RUN] Iniciando wos5736_autoencoder-is (Acompanhe os detalhes em /data/bernardolemos/results/jina-v5/classificacao/logs_modernbert/wos5736/autoencoder-is.log)
[DONE] Finalizado wos5736_autoencoder-is
[RUN] Iniciando wos5736_sublinear-ae-is (Acompanhe os detalhes em /data/bernardolemos/results/jina-v5/classificacao/logs_modernbert/wos5736/sublinear-ae-is.log)
[DONE] Finalizado wos5736_sublinear-ae-is
[RUN] Iniciando wos5736_no-is (Acompanhe os detalhes em /data/bernardolemos/results/jina-v5/classificacao/logs_modernbert/wos5736/no-is.log)
[DONE] Finalizado wos5736_no-is
[RUN] Iniciando wos5736_biois (Acompanhe os detalhes em /data/bernardolemos/results/jina-v5/classificacao/logs_modernbert/wos5736/biois.log)
[DONE] Finalizado wos5736_biois
[RUN] Iniciando wos5736_  (Acompanhe os detalhes em /data/bernardolemos/results/jina-v5/classificacao/logs_modernbert/wos5736/ .log)
[DONE] Finalizado wos5736_ 
[RUN] Iniciando reuters90_entropy-sublinear-ae-is (Acompanhe os detalhes em /data/bernardolemos/results/jina-v5/classificacao/logs_modernbert/reuters90/entropy-sublinear-ae-is.log)
[DONE] Finalizado reuters90_entropy-sublinear-ae-is
[RUN] Iniciando reuters90_autoencoder-is (Acompanhe os detalhes em /data/bernardolemos/results/jina-v5/classificacao/logs_modernbert/reuters90/autoencoder-is.log)
[DONE] Finalizado reuters90_autoencoder-is
[RUN] Iniciando reuters90_sublinear-ae-is (Acompanhe os detalhes em /data/bernardolemos/results/jina-v5/classificacao/logs_modernbert/reuters90/sublinear-ae-is.log)
[DONE] Finalizado reuters90_sublinear-ae-is
[RUN] Iniciando reuters90_no-is (Acompanhe os detalhes em /data/bernardolemos/results/jina-v5/classificacao/logs_modernbert/reuters90/no-is.log)
[DONE] Finalizado reuters90_no-is
[RUN] Iniciando reuters90_biois (Acompanhe os detalhes em /data/bernardolemos/results/jina-v5/classificacao/logs_modernbert/reuters90/biois.log)
[DONE] Finalizado reuters90_biois
[RUN] Iniciando reuters90_  (Acompanhe os detalhes em /data/bernardolemos/results/jina-v5/classificacao/logs_modernbert/reuters90/ .log)
[DONE] Finalizado reuters90_ 
[RUN] Iniciando webkb_entropy-sublinear-ae-is (Acompanhe os detalhes em /data/bernardolemos/results/jina-v5/classificacao/logs_modernbert/webkb/entropy-sublinear-ae-is.log)
[DONE] Finalizado webkb_entropy-sublinear-ae-is
[RUN] Iniciando webkb_autoencoder-is (Acompanhe os detalhes em /data/bernardolemos/results/jina-v5/classificacao/logs_modernbert/webkb/autoencoder-is.log)
[DONE] Finalizado webkb_autoencoder-is
[RUN] Iniciando webkb_sublinear-ae-is (Acompanhe os detalhes em /data/bernardolemos/results/jina-v5/classificacao/logs_modernbert/webkb/sublinear-ae-is.log)
[DONE] Finalizado webkb_sublinear-ae-is
[RUN] Iniciando webkb_no-is (Acompanhe os detalhes em /data/bernardolemos/results/jina-v5/classificacao/logs_modernbert/webkb/no-is.log)
[DONE] Finalizado webkb_no-is
[RUN] Iniciando webkb_biois (Acompanhe os detalhes em /data/bernardolemos/results/jina-v5/classificacao/logs_modernbert/webkb/biois.log)
[DONE] Finalizado webkb_biois
[RUN] Iniciando webkb_  (Acompanhe os detalhes em /data/bernardolemos/results/jina-v5/classificacao/logs_modernbert/webkb/ .log)
[DONE] Finalizado webkb_ 
[RUN] Iniciando wos11967_entropy-sublinear-ae-is (Acompanhe os detalhes em /data/bernardolemos/results/jina-v5/classificacao/logs_modernbert/wos11967/entropy-sublinear-ae-is.log)
[DONE] Finalizado wos11967_entropy-sublinear-ae-is
[RUN] Iniciando wos11967_autoencoder-is (Acompanhe os detalhes em /data/bernardolemos/results/jina-v5/classificacao/logs_modernbert/wos11967/autoencoder-is.log)
[DONE] Finalizado wos11967_autoencoder-is
[RUN] Iniciando wos11967_sublinear-ae-is (Acompanhe os detalhes em /data/bernardolemos/results/jina-v5/classificacao/logs_modernbert/wos11967/sublinear-ae-is.log)
[DONE] Finalizado wos11967_sublinear-ae-is
[RUN] Iniciando wos11967_no-is (Acompanhe os detalhes em /data/bernardolemos/results/jina-v5/classificacao/logs_modernbert/wos11967/no-is.log)
[DONE] Finalizado wos11967_no-is
[RUN] Iniciando wos11967_biois (Acompanhe os detalhes em /data/bernardolemos/results/jina-v5/classificacao/logs_modernbert/wos11967/biois.log)
[DONE] Finalizado wos11967_biois
[RUN] Iniciando wos11967_  (Acompanhe os detalhes em /data/bernardolemos/results/jina-v5/classificacao/logs_modernbert/wos11967/ .log)
[DONE] Finalizado wos11967_ 
[RUN] Iniciando acm_entropy-sublinear-ae-is (Acompanhe os detalhes em /data/bernardolemos/results/jina-v5/classificacao/logs_modernbert/acm/entropy-sublinear-ae-is.log)
[DONE] Finalizado acm_entropy-sublinear-ae-is
[RUN] Iniciando acm_autoencoder-is (Acompanhe os detalhes em /data/bernardolemos/results/jina-v5/classificacao/logs_modernbert/acm/autoencoder-is.log)
[DONE] Finalizado acm_autoencoder-is
[RUN] Iniciando acm_sublinear-ae-is (Acompanhe os detalhes em /data/bernardolemos/results/jina-v5/classificacao/logs_modernbert/acm/sublinear-ae-is.log)
[DONE] Finalizado acm_sublinear-ae-is
[RUN] Iniciando acm_no-is (Acompanhe os detalhes em /data/bernardolemos/results/jina-v5/classificacao/logs_modernbert/acm/no-is.log)
[DONE] Finalizado acm_no-is
[RUN] Iniciando acm_biois (Acompanhe os detalhes em /data/bernardolemos/results/jina-v5/classificacao/logs_modernbert/acm/biois.log)
[DONE] Finalizado acm_biois
[RUN] Iniciando acm_  (Acompanhe os detalhes em /data/bernardolemos/results/jina-v5/classificacao/logs_modernbert/acm/ .log)
[DONE] Finalizado acm_ 
[RUN] Iniciando ohsumed_entropy-sublinear-ae-is (Acompanhe os detalhes em /data/bernardolemos/results/jina-v5/classificacao/logs_modernbert/ohsumed/entropy-sublinear-ae-is.log)
[DONE] Finalizado ohsumed_entropy-sublinear-ae-is
[RUN] Iniciando ohsumed_autoencoder-is (Acompanhe os detalhes em /data/bernardolemos/results/jina-v5/classificacao/logs_modernbert/ohsumed/autoencoder-is.log)
[DONE] Finalizado ohsumed_autoencoder-is
[RUN] Iniciando ohsumed_sublinear-ae-is (Acompanhe os detalhes em /data/bernardolemos/results/jina-v5/classificacao/logs_modernbert/ohsumed/sublinear-ae-is.log)
[DONE] Finalizado ohsumed_sublinear-ae-is
[RUN] Iniciando ohsumed_no-is (Acompanhe os detalhes em /data/bernardolemos/results/jina-v5/classificacao/logs_modernbert/ohsumed/no-is.log)
[DONE] Finalizado ohsumed_no-is
[RUN] Iniciando ohsumed_biois (Acompanhe os detalhes em /data/bernardolemos/results/jina-v5/classificacao/logs_modernbert/ohsumed/biois.log)
[DONE] Finalizado ohsumed_biois
[RUN] Iniciando ohsumed_  (Acompanhe os detalhes em /data/bernardolemos/results/jina-v5/classificacao/logs_modernbert/ohsumed/ .log)
[DONE] Finalizado ohsumed_ 
[RUN] Iniciando 20ng_entropy-sublinear-ae-is (Acompanhe os detalhes em /data/bernardolemos/results/jina-v5/classificacao/logs_modernbert/20ng/entropy-sublinear-ae-is.log)
[DONE] Finalizado 20ng_entropy-sublinear-ae-is
[RUN] Iniciando 20ng_autoencoder-is (Acompanhe os detalhes em /data/bernardolemos/results/jina-v5/classificacao/logs_modernbert/20ng/autoencoder-is.log)
[DONE] Finalizado 20ng_autoencoder-is
[RUN] Iniciando 20ng_sublinear-ae-is (Acompanhe os detalhes em /data/bernardolemos/results/jina-v5/classificacao/logs_modernbert/20ng/sublinear-ae-is.log)
[DONE] Finalizado 20ng_sublinear-ae-is
[RUN] Iniciando 20ng_no-is (Acompanhe os detalhes em /data/bernardolemos/results/jina-v5/classificacao/logs_modernbert/20ng/no-is.log)
[DONE] Finalizado 20ng_no-is
[RUN] Iniciando 20ng_biois (Acompanhe os detalhes em /data/bernardolemos/results/jina-v5/classificacao/logs_modernbert/20ng/biois.log)
[DONE] Finalizado 20ng_biois
[RUN] Iniciando 20ng_  (Acompanhe os detalhes em /data/bernardolemos/results/jina-v5/classificacao/logs_modernbert/20ng/ .log)
[DONE] Finalizado 20ng_ 
[RUN] Iniciando dblp_entropy-sublinear-ae-is (Acompanhe os detalhes em /data/bernardolemos/results/jina-v5/classificacao/logs_modernbert/dblp/entropy-sublinear-ae-is.log)
[DONE] Finalizado dblp_entropy-sublinear-ae-is
[RUN] Iniciando dblp_autoencoder-is (Acompanhe os detalhes em /data/bernardolemos/results/jina-v5/classificacao/logs_modernbert/dblp/autoencoder-is.log)
[DONE] Finalizado dblp_autoencoder-is
[RUN] Iniciando dblp_sublinear-ae-is (Acompanhe os detalhes em /data/bernardolemos/results/jina-v5/classificacao/logs_modernbert/dblp/sublinear-ae-is.log)
[DONE] Finalizado dblp_sublinear-ae-is
[RUN] Iniciando dblp_no-is (Acompanhe os detalhes em /data/bernardolemos/results/jina-v5/classificacao/logs_modernbert/dblp/no-is.log)
[DONE] Finalizado dblp_no-is
[RUN] Iniciando dblp_biois (Acompanhe os detalhes em /data/bernardolemos/results/jina-v5/classificacao/logs_modernbert/dblp/biois.log)
[DONE] Finalizado dblp_biois
[RUN] Iniciando dblp_  (Acompanhe os detalhes em /data/bernardolemos/results/jina-v5/classificacao/logs_modernbert/dblp/ .log)
[DONE] Finalizado dblp_ 
[RUN] Iniciando books_entropy-sublinear-ae-is (Acompanhe os detalhes em /data/bernardolemos/results/jina-v5/classificacao/logs_modernbert/books/entropy-sublinear-ae-is.log)
[DONE] Finalizado books_entropy-sublinear-ae-is
[RUN] Iniciando books_autoencoder-is (Acompanhe os detalhes em /data/bernardolemos/results/jina-v5/classificacao/logs_modernbert/books/autoencoder-is.log)
[DONE] Finalizado books_autoencoder-is
[RUN] Iniciando books_sublinear-ae-is (Acompanhe os detalhes em /data/bernardolemos/results/jina-v5/classificacao/logs_modernbert/books/sublinear-ae-is.log)
[DONE] Finalizado books_sublinear-ae-is
[RUN] Iniciando books_no-is (Acompanhe os detalhes em /data/bernardolemos/results/jina-v5/classificacao/logs_modernbert/books/no-is.log)
[DONE] Finalizado books_no-is
[RUN] Iniciando books_biois (Acompanhe os detalhes em /data/bernardolemos/results/jina-v5/classificacao/logs_modernbert/books/biois.log)
[DONE] Finalizado books_biois
[RUN] Iniciando books_  (Acompanhe os detalhes em /data/bernardolemos/results/jina-v5/classificacao/logs_modernbert/books/ .log)
[DONE] Finalizado books_ 
All runs finished.

=================================================
Step 4: Generating results CSV (Metrics)
=================================================
Loaded selection CSV with 152 entries from: /data/bernardolemos/results/jina-v5/instance_selection/selection_summary.csv
Processing: dataset=20ng, method=adaptive-cluster-is, model=roberta, reduction=0.40309016628485994
Processing: dataset=20ng, method=adaptive-perplexity, model=roberta, reduction=0.35757104648370813
Processing: dataset=20ng, method=autoencoder-is, model=modernbert, reduction=0.24995577986228623
Processing: dataset=20ng, method=autoencoder-is, model=roberta, reduction=0.24995577986228623
Processing: dataset=20ng, method=biois, model=modernbert, reduction=0.39107037981563786
Processing: dataset=20ng, method=biois, model=roberta, reduction=0.39107037981563786
Processing: dataset=20ng, method=entropy-sublinear-ae-is, model=modernbert, reduction=0.22468768222588711
Processing: dataset=20ng, method=entropy-sublinear-ae-is, model=roberta, reduction=0.22468768222588711
Processing: dataset=20ng, method=gmm-is, model=roberta, reduction=0.299951656431839
Processing: dataset=20ng, method=no-is, model=modernbert, reduction=0.0
Processing: dataset=20ng, method=no-is, model=roberta, reduction=0.0
Processing: dataset=20ng, method=sublinear-ae-is, model=modernbert, reduction=0.249979367897558
Processing: dataset=20ng, method=sublinear-ae-is, model=roberta, reduction=0.249979367897558
Processing: dataset=acm, method=adaptive-cluster-is, model=roberta, reduction=0.399276777462931
Processing: dataset=acm, method=adaptive-perplexity, model=roberta, reduction=0.38016162992447516
Processing: dataset=acm, method=autoencoder-is, model=modernbert, reduction=0.2999647443549308
Processing: dataset=acm, method=autoencoder-is, model=roberta, reduction=0.2999647443549308
Processing: dataset=acm, method=biois, model=modernbert, reduction=0.3627299767991165
Processing: dataset=acm, method=biois, model=roberta, reduction=0.3627299767991165
Processing: dataset=acm, method=entropy-sublinear-ae-is, model=modernbert, reduction=0.19215895186864532
Processing: dataset=acm, method=entropy-sublinear-ae-is, model=roberta, reduction=0.19215895186864532
Processing: dataset=acm, method=gmm-is, model=roberta, reduction=0.2999602820613119
Processing: dataset=acm, method=no-is, model=modernbert, reduction=0.0
Processing: dataset=acm, method=no-is, model=roberta, reduction=0.0
Processing: dataset=acm, method=sublinear-ae-is, model=modernbert, reduction=0.3499930798300666
Processing: dataset=acm, method=sublinear-ae-is, model=roberta, reduction=0.3499930798300666
Processing: dataset=books, method=adaptive-cluster-is, model=roberta, reduction=0.4007032776775964
Processing: dataset=books, method=adaptive-perplexity, model=roberta, reduction=0.3954806605823127
Processing: dataset=books, method=autoencoder-is, model=modernbert, reduction=0.24997850151760975
Processing: dataset=books, method=autoencoder-is, model=roberta, reduction=0.24997850151760975
Processing: dataset=books, method=biois, model=modernbert, reduction=0.36014698394800476
Processing: dataset=books, method=biois, model=roberta, reduction=0.36014698394800476
Processing: dataset=books, method=entropy-sublinear-ae-is, model=modernbert, reduction=0.1863163333933142
Processing: dataset=books, method=entropy-sublinear-ae-is, model=roberta, reduction=0.1863163333933142
Processing: dataset=books, method=gmm-is, model=roberta, reduction=0.2999874316968405
Processing: dataset=books, method=no-is, model=modernbert, reduction=0.0
Processing: dataset=books, method=no-is, model=roberta, reduction=0.0
Processing: dataset=books, method=sublinear-ae-is, model=modernbert, reduction=0.2499983465062037
Processing: dataset=books, method=sublinear-ae-is, model=roberta, reduction=0.2499983465062037
Processing: dataset=dblp, method=adaptive-cluster-is, model=roberta, reduction=0.40834386213980556
Processing: dataset=dblp, method=adaptive-perplexity, model=roberta, reduction=0.4041707428436757
Processing: dataset=dblp, method=autoencoder-is, model=modernbert, reduction=0.24997668675005638
Processing: dataset=dblp, method=autoencoder-is, model=roberta, reduction=0.24997668675005638
Processing: dataset=dblp, method=biois, model=modernbert, reduction=0.3403418921402079
Processing: dataset=dblp, method=biois, model=roberta, reduction=0.3403418921402079
Processing: dataset=dblp, method=entropy-sublinear-ae-is, model=modernbert, reduction=0.16870948874222738
Processing: dataset=dblp, method=entropy-sublinear-ae-is, model=roberta, reduction=0.16870948874222738
Processing: dataset=dblp, method=gmm-is, model=roberta, reduction=0.29998368074202386
Processing: dataset=dblp, method=no-is, model=modernbert, reduction=0.0
Processing: dataset=dblp, method=no-is, model=roberta, reduction=0.0
Processing: dataset=dblp, method=sublinear-ae-is, model=modernbert, reduction=0.24998834337502818
Processing: dataset=dblp, method=sublinear-ae-is, model=roberta, reduction=0.24998834337502818
Processing: dataset=movie_review, method=adaptive-cluster-is, model=roberta, reduction=0.42021510287094177
Processing: dataset=movie_review, method=adaptive-perplexity, model=roberta, reduction=0.3620855050556283
Processing: dataset=movie_review, method=autoencoder-is, model=modernbert, reduction=0.24990099878770922
Processing: dataset=movie_review, method=autoencoder-is, model=roberta, reduction=0.24990099878770922
Processing: dataset=movie_review, method=biois, model=modernbert, reduction=0.3440046617044057
Processing: dataset=movie_review, method=biois, model=roberta, reduction=0.3440046617044057
Processing: dataset=movie_review, method=entropy-sublinear-ae-is, model=modernbert, reduction=0.2972134591862468
Processing: dataset=movie_review, method=entropy-sublinear-ae-is, model=roberta, reduction=0.2972134591862468
Processing: dataset=movie_review, method=gmm-is, model=roberta, reduction=0.2998186711894243
Processing: dataset=movie_review, method=no-is, model=modernbert, reduction=0.0
Processing: dataset=movie_review, method=no-is, model=roberta, reduction=0.0
Processing: dataset=movie_review, method=sublinear-ae-is, model=modernbert, reduction=0.24991141871037545
Processing: dataset=movie_review, method=sublinear-ae-is, model=roberta, reduction=0.24991141871037545
Processing: dataset=mpqa, method=adaptive-cluster-is, model=roberta, reduction=0.45109699366426986
Processing: dataset=mpqa, method=adaptive-perplexity, model=roberta, reduction=0.2613930956795235
Processing: dataset=mpqa, method=autoencoder-is, model=modernbert, reduction=0.2499633337822089
Processing: dataset=mpqa, method=autoencoder-is, model=roberta, reduction=0.2499633337822089
Processing: dataset=mpqa, method=biois, model=modernbert, reduction=0.30670270511719216
Processing: dataset=mpqa, method=biois, model=roberta, reduction=0.30670270511719216
Processing: dataset=mpqa, method=entropy-sublinear-ae-is, model=modernbert, reduction=0.3051100705393103
Processing: dataset=mpqa, method=entropy-sublinear-ae-is, model=roberta, reduction=0.3051100705393103
Processing: dataset=mpqa, method=gmm-is, model=roberta, reduction=0.2998302855342338
Processing: dataset=mpqa, method=no-is, model=modernbert, reduction=0.0
Processing: dataset=mpqa, method=no-is, model=roberta, reduction=0.0
Processing: dataset=mpqa, method=sublinear-ae-is, model=modernbert, reduction=0.2500471440046525
Processing: dataset=mpqa, method=sublinear-ae-is, model=roberta, reduction=0.2500471440046525
Processing: dataset=ohsumed, method=adaptive-cluster-is, model=roberta, reduction=0.40500729732675994
Processing: dataset=ohsumed, method=adaptive-perplexity, model=roberta, reduction=0.4171978398668459
Processing: dataset=ohsumed, method=autoencoder-is, model=modernbert, reduction=0.2499423258191528
Processing: dataset=ohsumed, method=autoencoder-is, model=roberta, reduction=0.2499423258191528
Processing: dataset=ohsumed, method=biois, model=modernbert, reduction=0.3904248471764685
Processing: dataset=ohsumed, method=biois, model=roberta, reduction=0.3904248471764685
Processing: dataset=ohsumed, method=entropy-sublinear-ae-is, model=modernbert, reduction=0.13904383590108438
Processing: dataset=ohsumed, method=entropy-sublinear-ae-is, model=roberta, reduction=0.13904383590108438
Processing: dataset=ohsumed, method=gmm-is, model=roberta, reduction=0.29995507432094953
Processing: dataset=ohsumed, method=no-is, model=modernbert, reduction=0.0
Processing: dataset=ohsumed, method=no-is, model=roberta, reduction=0.0
Processing: dataset=ohsumed, method=sublinear-ae-is, model=modernbert, reduction=0.2499544683727318
Processing: dataset=ohsumed, method=sublinear-ae-is, model=roberta, reduction=0.2499544683727318
Processing: dataset=pang_movie, method=adaptive-cluster-is, model=roberta, reduction=0.42679059086098603
Processing: dataset=pang_movie, method=adaptive-perplexity, model=roberta, reduction=0.35795870056690116
Processing: dataset=pang_movie, method=autoencoder-is, model=modernbert, reduction=0.24990099933063972
Processing: dataset=pang_movie, method=autoencoder-is, model=roberta, reduction=0.24990099933063972
Processing: dataset=pang_movie, method=biois, model=modernbert, reduction=0.34311886041392237
Processing: dataset=pang_movie, method=biois, model=roberta, reduction=0.34311886041392237
Processing: dataset=pang_movie, method=entropy-sublinear-ae-is, model=modernbert, reduction=0.2935761617371841
Processing: dataset=pang_movie, method=entropy-sublinear-ae-is, model=roberta, reduction=0.2935761617371841
Processing: dataset=pang_movie, method=gmm-is, model=roberta, reduction=0.299818671840805
Processing: dataset=pang_movie, method=no-is, model=modernbert, reduction=0.0
Processing: dataset=pang_movie, method=no-is, model=roberta, reduction=0.0
Processing: dataset=pang_movie, method=sublinear-ae-is, model=modernbert, reduction=0.24994268119325308
Processing: dataset=pang_movie, method=sublinear-ae-is, model=roberta, reduction=0.24994268119325308
Processing: dataset=reuters90, method=adaptive-cluster-is, model=roberta, reduction=0.41819141909981655
Processing: dataset=reuters90, method=adaptive-perplexity, model=roberta, reduction=0.4137733393474242
Processing: dataset=reuters90, method=autoencoder-is, model=modernbert, reduction=0.24988540742707507
Processing: dataset=reuters90, method=autoencoder-is, model=roberta, reduction=0.24988540742707507
Processing: dataset=reuters90, method=biois, model=modernbert, reduction=0.39306925329033093
Processing: dataset=reuters90, method=biois, model=roberta, reduction=0.39306925329033093
Processing: dataset=reuters90, method=entropy-sublinear-ae-is, model=modernbert, reduction=0.24226558673055637
Processing: dataset=reuters90, method=entropy-sublinear-ae-is, model=roberta, reduction=0.24226558673055637
Processing: dataset=reuters90, method=gmm-is, model=roberta, reduction=0.2999341166680657
Processing: dataset=reuters90, method=no-is, model=modernbert, reduction=0.0
Processing: dataset=reuters90, method=no-is, model=roberta, reduction=0.0
Processing: dataset=reuters90, method=sublinear-ae-is, model=modernbert, reduction=0.24993538058599013
Processing: dataset=reuters90, method=sublinear-ae-is, model=roberta, reduction=0.24993538058599013
Processing: dataset=sst1, method=adaptive-cluster-is, model=roberta, reduction=0.42251260670514645
Processing: dataset=sst1, method=adaptive-perplexity, model=roberta, reduction=0.35632406969082353
Processing: dataset=sst1, method=autoencoder-is, model=modernbert, reduction=0.24996485363484655
Processing: dataset=sst1, method=autoencoder-is, model=roberta, reduction=0.24996485363484655
Processing: dataset=sst1, method=biois, model=modernbert, reduction=0.5121326956682303
Processing: dataset=sst1, method=biois, model=roberta, reduction=0.5121326956682303
Processing: dataset=sst1, method=entropy-sublinear-ae-is, model=modernbert, reduction=0.29860802034606476
Processing: dataset=sst1, method=entropy-sublinear-ae-is, model=roberta, reduction=0.29860802034606476
Processing: dataset=sst1, method=gmm-is, model=roberta, reduction=0.29992033432002585
Processing: dataset=sst1, method=no-is, model=modernbert, reduction=0.0
Processing: dataset=sst1, method=no-is, model=roberta, reduction=0.0
Processing: dataset=sst1, method=sublinear-ae-is, model=modernbert, reduction=0.2499648545132861
Processing: dataset=sst1, method=sublinear-ae-is, model=roberta, reduction=0.2499648545132861
Processing: dataset=sst2, method=adaptive-cluster-is, model=roberta, reduction=0.4286324719180565
Processing: dataset=sst2, method=adaptive-perplexity, model=roberta, reduction=0.36035696636718684
Processing: dataset=sst2, method=autoencoder-is, model=modernbert, reduction=0.24989308529720827
Processing: dataset=sst2, method=autoencoder-is, model=roberta, reduction=0.24989308529720827
Processing: dataset=sst2, method=biois, model=modernbert, reduction=0.32148596473311164
Processing: dataset=sst2, method=biois, model=roberta, reduction=0.32148596473311164
Processing: dataset=sst2, method=entropy-sublinear-ae-is, model=modernbert, reduction=0.29854270600011873
Processing: dataset=sst2, method=entropy-sublinear-ae-is, model=roberta, reduction=0.29854270600011873
Processing: dataset=sst2, method=gmm-is, model=roberta, reduction=0.2999410528891098
Processing: dataset=sst2, method=no-is, model=modernbert, reduction=0.0
Processing: dataset=sst2, method=no-is, model=roberta, reduction=0.0
Processing: dataset=sst2, method=sublinear-ae-is, model=modernbert, reduction=0.24995087807560804
Processing: dataset=sst2, method=sublinear-ae-is, model=roberta, reduction=0.24995087807560804
Processing: dataset=subj, method=adaptive-cluster-is, model=roberta, reduction=0.4215777777777778
Processing: dataset=subj, method=adaptive-perplexity, model=roberta, reduction=0.35863333333333336
Processing: dataset=subj, method=autoencoder-is, model=modernbert, reduction=0.24988888888888888
Processing: dataset=subj, method=autoencoder-is, model=roberta, reduction=0.24988888888888888
Processing: dataset=subj, method=biois, model=modernbert, reduction=0.2891
Processing: dataset=subj, method=biois, model=roberta, reduction=0.2891
Processing: dataset=subj, method=entropy-sublinear-ae-is, model=modernbert, reduction=0.26332222222222224
Processing: dataset=subj, method=entropy-sublinear-ae-is, model=roberta, reduction=0.26332222222222224
Processing: dataset=subj, method=gmm-is, model=roberta, reduction=0.3
Processing: dataset=subj, method=no-is, model=modernbert, reduction=0.0
Processing: dataset=subj, method=no-is, model=roberta, reduction=0.0
Processing: dataset=subj, method=sublinear-ae-is, model=modernbert, reduction=0.24993333333333334
Processing: dataset=subj, method=sublinear-ae-is, model=roberta, reduction=0.24993333333333334
Processing: dataset=trec, method=adaptive-cluster-is, model=roberta, reduction=0.39699061330209034
Processing: dataset=trec, method=adaptive-perplexity, model=roberta, reduction=0.30941973140194867
Processing: dataset=trec, method=autoencoder-is, model=modernbert, reduction=0.2497759870559456
Processing: dataset=trec, method=autoencoder-is, model=roberta, reduction=0.2497759870559456
Processing: dataset=trec, method=biois, model=modernbert, reduction=0.3634633124695125
Processing: dataset=trec, method=biois, model=roberta, reduction=0.3634633124695125
Processing: dataset=trec, method=entropy-sublinear-ae-is, model=modernbert, reduction=0.23934044962632908
Processing: dataset=trec, method=entropy-sublinear-ae-is, model=roberta, reduction=0.23934044962632908
Processing: dataset=trec, method=gmm-is, model=roberta, reduction=0.2998058559131903
Processing: dataset=trec, method=no-is, model=modernbert, reduction=0.0
Processing: dataset=trec, method=no-is, model=roberta, reduction=0.0
Processing: dataset=trec, method=sublinear-ae-is, model=modernbert, reduction=0.24996265521524189
Processing: dataset=trec, method=sublinear-ae-is, model=roberta, reduction=0.24996265521524189
Processing: dataset=twitter, method=adaptive-cluster-is, model=roberta, reduction=0.4142565103183665
Processing: dataset=twitter, method=adaptive-perplexity, model=roberta, reduction=0.33534999023916834
Processing: dataset=twitter, method=autoencoder-is, model=modernbert, reduction=0.24978959368766943
Processing: dataset=twitter, method=autoencoder-is, model=roberta, reduction=0.24978959368766943
Processing: dataset=twitter, method=biois, model=modernbert, reduction=0.30336812738230734
Processing: dataset=twitter, method=biois, model=roberta, reduction=0.30336812738230734
Processing: dataset=twitter, method=entropy-sublinear-ae-is, model=modernbert, reduction=0.29935083535421125
Processing: dataset=twitter, method=entropy-sublinear-ae-is, model=roberta, reduction=0.29935083535421125
Processing: dataset=twitter, method=gmm-is, model=roberta, reduction=0.29985866588116056
Processing: dataset=twitter, method=no-is, model=modernbert, reduction=0.0
Processing: dataset=twitter, method=no-is, model=roberta, reduction=0.0
Processing: dataset=twitter, method=sublinear-ae-is, model=modernbert, reduction=0.24986899405640747
Processing: dataset=twitter, method=sublinear-ae-is, model=roberta, reduction=0.24986899405640747
Processing: dataset=vader_movie, method=adaptive-cluster-is, model=roberta, reduction=0.4217244898181104
Processing: dataset=vader_movie, method=adaptive-perplexity, model=roberta, reduction=0.36686231916090994
Processing: dataset=vader_movie, method=autoencoder-is, model=modernbert, reduction=0.24991589018367127
Processing: dataset=vader_movie, method=autoencoder-is, model=roberta, reduction=0.24991589018367127
Processing: dataset=vader_movie, method=biois, model=modernbert, reduction=0.3312831184672829
Processing: dataset=vader_movie, method=biois, model=roberta, reduction=0.3312831184672829
Processing: dataset=vader_movie, method=entropy-sublinear-ae-is, model=modernbert, reduction=0.27642141763870653
Processing: dataset=vader_movie, method=entropy-sublinear-ae-is, model=roberta, reduction=0.27642141763870653
Processing: dataset=vader_movie, method=gmm-is, model=roberta, reduction=0.299899064683082
Processing: dataset=vader_movie, method=no-is, model=modernbert, reduction=0.0
Processing: dataset=vader_movie, method=no-is, model=roberta, reduction=0.0
Processing: dataset=vader_movie, method=sublinear-ae-is, model=modernbert, reduction=0.24997897061113888
Processing: dataset=vader_movie, method=sublinear-ae-is, model=roberta, reduction=0.24997897061113888
Processing: dataset=webkb, method=adaptive-cluster-is, model=roberta, reduction=0.4251458711508005
Processing: dataset=webkb, method=adaptive-perplexity, model=roberta, reduction=0.4052255877437614
Processing: dataset=webkb, method=autoencoder-is, model=modernbert, reduction=0.24985430986672624
Processing: dataset=webkb, method=autoencoder-is, model=roberta, reduction=0.24985430986672624
Processing: dataset=webkb, method=biois, model=modernbert, reduction=0.3849385269690523
Processing: dataset=webkb, method=biois, model=roberta, reduction=0.3849385269690523
Processing: dataset=webkb, method=entropy-sublinear-ae-is, model=modernbert, reduction=0.29645883906215664
Processing: dataset=webkb, method=entropy-sublinear-ae-is, model=roberta, reduction=0.29645883906215664
Processing: dataset=webkb, method=gmm-is, model=roberta, reduction=0.2998604117436791
Processing: dataset=webkb, method=no-is, model=modernbert, reduction=0.0
Processing: dataset=webkb, method=no-is, model=roberta, reduction=0.0
Processing: dataset=webkb, method=sublinear-ae-is, model=modernbert, reduction=0.24993562537270864
Processing: dataset=webkb, method=sublinear-ae-is, model=roberta, reduction=0.24993562537270864
Processing: dataset=wos11967, method=adaptive-cluster-is, model=roberta, reduction=0.39889316691446053
Processing: dataset=wos11967, method=adaptive-perplexity, model=roberta, reduction=0.37827155640851706
Processing: dataset=wos11967, method=autoencoder-is, model=modernbert, reduction=0.24994661289595407
Processing: dataset=wos11967, method=autoencoder-is, model=roberta, reduction=0.24994661289595407
Processing: dataset=wos11967, method=biois, model=modernbert, reduction=0.3679191787639132
Processing: dataset=wos11967, method=biois, model=roberta, reduction=0.3679191787639132
Processing: dataset=wos11967, method=entropy-sublinear-ae-is, model=modernbert, reduction=0.1849622249020225
Processing: dataset=wos11967, method=entropy-sublinear-ae-is, model=roberta, reduction=0.1849622249020225
Processing: dataset=wos11967, method=gmm-is, model=roberta, reduction=0.2998987963053238
Processing: dataset=wos11967, method=no-is, model=modernbert, reduction=0.0
Processing: dataset=wos11967, method=no-is, model=roberta, reduction=0.0
Processing: dataset=wos11967, method=sublinear-ae-is, model=modernbert, reduction=0.2500023206162357
Processing: dataset=wos11967, method=sublinear-ae-is, model=roberta, reduction=0.2500023206162357
Processing: dataset=wos5736, method=adaptive-cluster-is, model=roberta, reduction=0.4093641701304614
Processing: dataset=wos5736, method=adaptive-perplexity, model=roberta, reduction=0.4082014922589825
Processing: dataset=wos5736, method=autoencoder-is, model=modernbert, reduction=0.24988377723861924
Processing: dataset=wos5736, method=autoencoder-is, model=roberta, reduction=0.24988377723861924
Processing: dataset=wos5736, method=biois, model=modernbert, reduction=0.3553192203068011
Processing: dataset=wos5736, method=biois, model=roberta, reduction=0.3553192203068011
Processing: dataset=wos5736, method=entropy-sublinear-ae-is, model=modernbert, reduction=0.2377768024696333
Processing: dataset=wos5736, method=entropy-sublinear-ae-is, model=roberta, reduction=0.2377768024696333
Processing: dataset=wos5736, method=gmm-is, model=roberta, reduction=0.2998605326863431
Processing: dataset=wos5736, method=no-is, model=modernbert, reduction=0.0
Processing: dataset=wos5736, method=no-is, model=roberta, reduction=0.0
Processing: dataset=wos5736, method=sublinear-ae-is, model=modernbert, reduction=0.24978692681354223
Processing: dataset=wos5736, method=sublinear-ae-is, model=roberta, reduction=0.24978692681354223
Processing: dataset=yelp_reviews, method=adaptive-cluster-is, model=roberta, reduction=0.44566666666666666
Processing: dataset=yelp_reviews, method=adaptive-perplexity, model=roberta, reduction=0.3940444444444444
Processing: dataset=yelp_reviews, method=autoencoder-is, model=modernbert, reduction=0.24977777777777777
Processing: dataset=yelp_reviews, method=autoencoder-is, model=roberta, reduction=0.24977777777777777
Processing: dataset=yelp_reviews, method=biois, model=modernbert, reduction=0.2713333333333333
Processing: dataset=yelp_reviews, method=biois, model=roberta, reduction=0.2713333333333333
Processing: dataset=yelp_reviews, method=entropy-sublinear-ae-is, model=modernbert, reduction=0.3209777777777778
Processing: dataset=yelp_reviews, method=entropy-sublinear-ae-is, model=roberta, reduction=0.3209777777777778
Processing: dataset=yelp_reviews, method=gmm-is, model=roberta, reduction=0.3
Processing: dataset=yelp_reviews, method=no-is, model=modernbert, reduction=0.0
Processing: dataset=yelp_reviews, method=no-is, model=roberta, reduction=0.0
Processing: dataset=yelp_reviews, method=sublinear-ae-is, model=modernbert, reduction=0.24988888888888888
Processing: dataset=yelp_reviews, method=sublinear-ae-is, model=roberta, reduction=0.24988888888888888
Wrote CSV to: /data/bernardolemos/results/jina-v5/classificacao/results/results_modernbert.csv

=================================================
Step 5: Generating results CSV (Times)
=================================================
Loaded selection CSV with 152 entries from: /data/bernardolemos/results/jina-v5/instance_selection/selection_summary.csv
Processing: dataset=20ng, method=adaptive-cluster-is, model=roberta, IS_time=14.58
Processing: dataset=20ng, method=adaptive-perplexity, model=roberta, IS_time=6.12
Processing: dataset=20ng, method=autoencoder-is, model=modernbert, IS_time=12.03
Processing: dataset=20ng, method=autoencoder-is, model=roberta, IS_time=12.03
Processing: dataset=20ng, method=biois, model=modernbert, IS_time=14.94
Processing: dataset=20ng, method=biois, model=roberta, IS_time=14.94
Processing: dataset=20ng, method=entropy-sublinear-ae-is, model=modernbert, IS_time=11.67
Processing: dataset=20ng, method=entropy-sublinear-ae-is, model=roberta, IS_time=11.67
Processing: dataset=20ng, method=gmm-is, model=roberta, IS_time=6.57
Processing: dataset=20ng, method=no-is, model=modernbert, IS_time=0.03
Processing: dataset=20ng, method=no-is, model=roberta, IS_time=0.03
Processing: dataset=20ng, method=sublinear-ae-is, model=modernbert, IS_time=11.56
Processing: dataset=20ng, method=sublinear-ae-is, model=roberta, IS_time=11.56
Processing: dataset=acm, method=adaptive-cluster-is, model=roberta, IS_time=19.34
Processing: dataset=acm, method=adaptive-perplexity, model=roberta, IS_time=8.21
Processing: dataset=acm, method=autoencoder-is, model=modernbert, IS_time=15.47
Processing: dataset=acm, method=autoencoder-is, model=roberta, IS_time=15.47
Processing: dataset=acm, method=biois, model=modernbert, IS_time=20.81
Processing: dataset=acm, method=biois, model=roberta, IS_time=20.81
Processing: dataset=acm, method=entropy-sublinear-ae-is, model=modernbert, IS_time=15.23
Processing: dataset=acm, method=entropy-sublinear-ae-is, model=roberta, IS_time=15.23
Processing: dataset=acm, method=gmm-is, model=roberta, IS_time=15.46
Processing: dataset=acm, method=no-is, model=modernbert, IS_time=0.04
Processing: dataset=acm, method=no-is, model=roberta, IS_time=0.04
Processing: dataset=acm, method=sublinear-ae-is, model=modernbert, IS_time=14.90
Processing: dataset=acm, method=sublinear-ae-is, model=roberta, IS_time=14.90
Processing: dataset=books, method=adaptive-cluster-is, model=roberta, IS_time=28.64
Processing: dataset=books, method=adaptive-perplexity, model=roberta, IS_time=11.26
Processing: dataset=books, method=autoencoder-is, model=modernbert, IS_time=20.77
Processing: dataset=books, method=autoencoder-is, model=roberta, IS_time=20.77
Processing: dataset=books, method=biois, model=modernbert, IS_time=24.64
Processing: dataset=books, method=biois, model=roberta, IS_time=24.64
Processing: dataset=books, method=entropy-sublinear-ae-is, model=modernbert, IS_time=19.59
Processing: dataset=books, method=entropy-sublinear-ae-is, model=roberta, IS_time=19.59
Processing: dataset=books, method=gmm-is, model=roberta, IS_time=11.42
Processing: dataset=books, method=no-is, model=modernbert, IS_time=0.05
Processing: dataset=books, method=no-is, model=roberta, IS_time=0.05
Processing: dataset=books, method=sublinear-ae-is, model=modernbert, IS_time=19.85
Processing: dataset=books, method=sublinear-ae-is, model=roberta, IS_time=19.85
Processing: dataset=dblp, method=adaptive-cluster-is, model=roberta, IS_time=49.41
Processing: dataset=dblp, method=adaptive-perplexity, model=roberta, IS_time=15.18
Processing: dataset=dblp, method=autoencoder-is, model=modernbert, IS_time=29.51
Processing: dataset=dblp, method=autoencoder-is, model=roberta, IS_time=29.51
Processing: dataset=dblp, method=biois, model=modernbert, IS_time=27.59
Processing: dataset=dblp, method=biois, model=roberta, IS_time=27.59
Processing: dataset=dblp, method=entropy-sublinear-ae-is, model=modernbert, IS_time=36.93
Processing: dataset=dblp, method=entropy-sublinear-ae-is, model=roberta, IS_time=36.93
Processing: dataset=dblp, method=gmm-is, model=roberta, IS_time=13.32
Processing: dataset=dblp, method=no-is, model=modernbert, IS_time=0.06
Processing: dataset=dblp, method=no-is, model=roberta, IS_time=0.06
Processing: dataset=dblp, method=sublinear-ae-is, model=modernbert, IS_time=37.08
Processing: dataset=dblp, method=sublinear-ae-is, model=roberta, IS_time=37.08
Processing: dataset=movie_review, method=adaptive-cluster-is, model=roberta, IS_time=6.70
Processing: dataset=movie_review, method=adaptive-perplexity, model=roberta, IS_time=3.79
Processing: dataset=movie_review, method=autoencoder-is, model=modernbert, IS_time=6.68
Processing: dataset=movie_review, method=autoencoder-is, model=roberta, IS_time=6.68
Processing: dataset=movie_review, method=biois, model=modernbert, IS_time=1.04
Processing: dataset=movie_review, method=biois, model=roberta, IS_time=1.04
Processing: dataset=movie_review, method=entropy-sublinear-ae-is, model=modernbert, IS_time=7.22
Processing: dataset=movie_review, method=entropy-sublinear-ae-is, model=roberta, IS_time=7.22
Processing: dataset=movie_review, method=gmm-is, model=roberta, IS_time=13.30
Processing: dataset=movie_review, method=no-is, model=modernbert, IS_time=0.01
Processing: dataset=movie_review, method=no-is, model=roberta, IS_time=0.01
Processing: dataset=movie_review, method=sublinear-ae-is, model=modernbert, IS_time=7.35
Processing: dataset=movie_review, method=sublinear-ae-is, model=roberta, IS_time=7.35
Processing: dataset=mpqa, method=adaptive-cluster-is, model=roberta, IS_time=6.62
Processing: dataset=mpqa, method=adaptive-perplexity, model=roberta, IS_time=3.58
Processing: dataset=mpqa, method=autoencoder-is, model=modernbert, IS_time=6.65
Processing: dataset=mpqa, method=autoencoder-is, model=roberta, IS_time=6.65
Processing: dataset=mpqa, method=biois, model=modernbert, IS_time=0.83
Processing: dataset=mpqa, method=biois, model=roberta, IS_time=0.83
Processing: dataset=mpqa, method=entropy-sublinear-ae-is, model=modernbert, IS_time=7.28
Processing: dataset=mpqa, method=entropy-sublinear-ae-is, model=roberta, IS_time=7.28
Processing: dataset=mpqa, method=gmm-is, model=roberta, IS_time=15.03
Processing: dataset=mpqa, method=no-is, model=modernbert, IS_time=0.02
Processing: dataset=mpqa, method=no-is, model=roberta, IS_time=0.02
Processing: dataset=mpqa, method=sublinear-ae-is, model=modernbert, IS_time=7.05
Processing: dataset=mpqa, method=sublinear-ae-is, model=roberta, IS_time=7.05
Processing: dataset=ohsumed, method=adaptive-cluster-is, model=roberta, IS_time=13.49
Processing: dataset=ohsumed, method=adaptive-perplexity, model=roberta, IS_time=6.00
Processing: dataset=ohsumed, method=autoencoder-is, model=modernbert, IS_time=11.55
Processing: dataset=ohsumed, method=autoencoder-is, model=roberta, IS_time=11.55
Processing: dataset=ohsumed, method=biois, model=modernbert, IS_time=24.38
Processing: dataset=ohsumed, method=biois, model=roberta, IS_time=24.38
Processing: dataset=ohsumed, method=entropy-sublinear-ae-is, model=modernbert, IS_time=11.17
Processing: dataset=ohsumed, method=entropy-sublinear-ae-is, model=roberta, IS_time=11.17
Processing: dataset=ohsumed, method=gmm-is, model=roberta, IS_time=10.61
Processing: dataset=ohsumed, method=no-is, model=modernbert, IS_time=0.03
Processing: dataset=ohsumed, method=no-is, model=roberta, IS_time=0.03
Processing: dataset=ohsumed, method=sublinear-ae-is, model=modernbert, IS_time=11.65
Processing: dataset=ohsumed, method=sublinear-ae-is, model=roberta, IS_time=11.65
Processing: dataset=pang_movie, method=adaptive-cluster-is, model=roberta, IS_time=6.77
Processing: dataset=pang_movie, method=adaptive-perplexity, model=roberta, IS_time=3.75
Processing: dataset=pang_movie, method=autoencoder-is, model=modernbert, IS_time=6.81
Processing: dataset=pang_movie, method=autoencoder-is, model=roberta, IS_time=6.81
Processing: dataset=pang_movie, method=biois, model=modernbert, IS_time=1.01
Processing: dataset=pang_movie, method=biois, model=roberta, IS_time=1.01
Processing: dataset=pang_movie, method=entropy-sublinear-ae-is, model=modernbert, IS_time=7.43
Processing: dataset=pang_movie, method=entropy-sublinear-ae-is, model=roberta, IS_time=7.43
Processing: dataset=pang_movie, method=gmm-is, model=roberta, IS_time=13.77
Processing: dataset=pang_movie, method=no-is, model=modernbert, IS_time=0.02
Processing: dataset=pang_movie, method=no-is, model=roberta, IS_time=0.02
Processing: dataset=pang_movie, method=sublinear-ae-is, model=modernbert, IS_time=7.31
Processing: dataset=pang_movie, method=sublinear-ae-is, model=roberta, IS_time=7.31
Processing: dataset=reuters90, method=adaptive-cluster-is, model=roberta, IS_time=9.28
Processing: dataset=reuters90, method=adaptive-perplexity, model=roberta, IS_time=4.59
Processing: dataset=reuters90, method=autoencoder-is, model=modernbert, IS_time=8.51
Processing: dataset=reuters90, method=autoencoder-is, model=roberta, IS_time=8.51
Processing: dataset=reuters90, method=biois, model=modernbert, IS_time=278.65
Processing: dataset=reuters90, method=biois, model=roberta, IS_time=278.65
Processing: dataset=reuters90, method=entropy-sublinear-ae-is, model=modernbert, IS_time=8.46
Processing: dataset=reuters90, method=entropy-sublinear-ae-is, model=roberta, IS_time=8.46
Processing: dataset=reuters90, method=gmm-is, model=roberta, IS_time=13.99
Processing: dataset=reuters90, method=no-is, model=modernbert, IS_time=0.02
Processing: dataset=reuters90, method=no-is, model=roberta, IS_time=0.02
Processing: dataset=reuters90, method=sublinear-ae-is, model=modernbert, IS_time=8.33
Processing: dataset=reuters90, method=sublinear-ae-is, model=roberta, IS_time=8.33
Processing: dataset=sst1, method=adaptive-cluster-is, model=roberta, IS_time=7.29
Processing: dataset=sst1, method=adaptive-perplexity, model=roberta, IS_time=4.27
Processing: dataset=sst1, method=autoencoder-is, model=modernbert, IS_time=7.42
Processing: dataset=sst1, method=autoencoder-is, model=roberta, IS_time=7.42
Processing: dataset=sst1, method=biois, model=modernbert, IS_time=9.11
Processing: dataset=sst1, method=biois, model=roberta, IS_time=9.11
Processing: dataset=sst1, method=entropy-sublinear-ae-is, model=modernbert, IS_time=7.76
Processing: dataset=sst1, method=entropy-sublinear-ae-is, model=roberta, IS_time=7.76
Processing: dataset=sst1, method=gmm-is, model=roberta, IS_time=12.31
Processing: dataset=sst1, method=no-is, model=modernbert, IS_time=0.02
Processing: dataset=sst1, method=no-is, model=roberta, IS_time=0.02
Processing: dataset=sst1, method=sublinear-ae-is, model=modernbert, IS_time=7.75
Processing: dataset=sst1, method=sublinear-ae-is, model=roberta, IS_time=7.75
Processing: dataset=sst2, method=adaptive-cluster-is, model=roberta, IS_time=6.21
Processing: dataset=sst2, method=adaptive-perplexity, model=roberta, IS_time=3.30
Processing: dataset=sst2, method=autoencoder-is, model=modernbert, IS_time=5.98
Processing: dataset=sst2, method=autoencoder-is, model=roberta, IS_time=5.98
Processing: dataset=sst2, method=biois, model=modernbert, IS_time=0.72
Processing: dataset=sst2, method=biois, model=roberta, IS_time=0.72
Processing: dataset=sst2, method=entropy-sublinear-ae-is, model=modernbert, IS_time=6.66
Processing: dataset=sst2, method=entropy-sublinear-ae-is, model=roberta, IS_time=6.66
Processing: dataset=sst2, method=gmm-is, model=roberta, IS_time=15.59
Processing: dataset=sst2, method=no-is, model=modernbert, IS_time=0.01
Processing: dataset=sst2, method=no-is, model=roberta, IS_time=0.01
Processing: dataset=sst2, method=sublinear-ae-is, model=modernbert, IS_time=6.78
Processing: dataset=sst2, method=sublinear-ae-is, model=roberta, IS_time=6.78
Processing: dataset=subj, method=adaptive-cluster-is, model=roberta, IS_time=6.49
Processing: dataset=subj, method=adaptive-perplexity, model=roberta, IS_time=3.52
Processing: dataset=subj, method=autoencoder-is, model=modernbert, IS_time=6.23
Processing: dataset=subj, method=autoencoder-is, model=roberta, IS_time=6.23
Processing: dataset=subj, method=biois, model=modernbert, IS_time=0.68
Processing: dataset=subj, method=biois, model=roberta, IS_time=0.68
Processing: dataset=subj, method=entropy-sublinear-ae-is, model=modernbert, IS_time=6.82
Processing: dataset=subj, method=entropy-sublinear-ae-is, model=roberta, IS_time=6.82
Processing: dataset=subj, method=gmm-is, model=roberta, IS_time=13.37
Processing: dataset=subj, method=no-is, model=modernbert, IS_time=0.01
Processing: dataset=subj, method=no-is, model=roberta, IS_time=0.01
Processing: dataset=subj, method=sublinear-ae-is, model=modernbert, IS_time=7.03
Processing: dataset=subj, method=sublinear-ae-is, model=roberta, IS_time=7.03
Processing: dataset=trec, method=adaptive-cluster-is, model=roberta, IS_time=4.34
Processing: dataset=trec, method=adaptive-perplexity, model=roberta, IS_time=2.15
Processing: dataset=trec, method=autoencoder-is, model=modernbert, IS_time=3.84
Processing: dataset=trec, method=autoencoder-is, model=roberta, IS_time=3.84
Processing: dataset=trec, method=biois, model=modernbert, IS_time=3.12
Processing: dataset=trec, method=biois, model=roberta, IS_time=3.12
Processing: dataset=trec, method=entropy-sublinear-ae-is, model=modernbert, IS_time=4.71
Processing: dataset=trec, method=entropy-sublinear-ae-is, model=roberta, IS_time=4.71
Processing: dataset=trec, method=gmm-is, model=roberta, IS_time=5.27
Processing: dataset=trec, method=no-is, model=modernbert, IS_time=0.01
Processing: dataset=trec, method=no-is, model=roberta, IS_time=0.01
Processing: dataset=trec, method=sublinear-ae-is, model=modernbert, IS_time=4.75
Processing: dataset=trec, method=sublinear-ae-is, model=roberta, IS_time=4.75
Processing: dataset=twitter, method=adaptive-cluster-is, model=roberta, IS_time=5.31
Processing: dataset=twitter, method=adaptive-perplexity, model=roberta, IS_time=2.42
Processing: dataset=twitter, method=autoencoder-is, model=modernbert, IS_time=4.76
Processing: dataset=twitter, method=autoencoder-is, model=roberta, IS_time=4.76
Processing: dataset=twitter, method=biois, model=modernbert, IS_time=2.40
Processing: dataset=twitter, method=biois, model=roberta, IS_time=2.40
Processing: dataset=twitter, method=entropy-sublinear-ae-is, model=modernbert, IS_time=5.08
Processing: dataset=twitter, method=entropy-sublinear-ae-is, model=roberta, IS_time=5.08
Processing: dataset=twitter, method=gmm-is, model=roberta, IS_time=5.45
Processing: dataset=twitter, method=no-is, model=modernbert, IS_time=0.01
Processing: dataset=twitter, method=no-is, model=roberta, IS_time=0.01
Processing: dataset=twitter, method=sublinear-ae-is, model=modernbert, IS_time=5.16
Processing: dataset=twitter, method=sublinear-ae-is, model=roberta, IS_time=5.16
Processing: dataset=vader_movie, method=adaptive-cluster-is, model=roberta, IS_time=6.83
Processing: dataset=vader_movie, method=adaptive-perplexity, model=roberta, IS_time=3.70
Processing: dataset=vader_movie, method=autoencoder-is, model=modernbert, IS_time=6.66
Processing: dataset=vader_movie, method=autoencoder-is, model=roberta, IS_time=6.66
Processing: dataset=vader_movie, method=biois, model=modernbert, IS_time=1.03
Processing: dataset=vader_movie, method=biois, model=roberta, IS_time=1.03
Processing: dataset=vader_movie, method=entropy-sublinear-ae-is, model=modernbert, IS_time=6.91
Processing: dataset=vader_movie, method=entropy-sublinear-ae-is, model=roberta, IS_time=6.91
Processing: dataset=vader_movie, method=gmm-is, model=roberta, IS_time=14.19
Processing: dataset=vader_movie, method=no-is, model=modernbert, IS_time=0.02
Processing: dataset=vader_movie, method=no-is, model=roberta, IS_time=0.02
Processing: dataset=vader_movie, method=sublinear-ae-is, model=modernbert, IS_time=7.50
Processing: dataset=vader_movie, method=sublinear-ae-is, model=roberta, IS_time=7.50
Processing: dataset=webkb, method=adaptive-cluster-is, model=roberta, IS_time=5.44
Processing: dataset=webkb, method=adaptive-perplexity, model=roberta, IS_time=2.85
Processing: dataset=webkb, method=autoencoder-is, model=modernbert, IS_time=5.09
Processing: dataset=webkb, method=autoencoder-is, model=roberta, IS_time=5.09
Processing: dataset=webkb, method=biois, model=modernbert, IS_time=5.48
Processing: dataset=webkb, method=biois, model=roberta, IS_time=5.48
Processing: dataset=webkb, method=entropy-sublinear-ae-is, model=modernbert, IS_time=5.99
Processing: dataset=webkb, method=entropy-sublinear-ae-is, model=roberta, IS_time=5.99
Processing: dataset=webkb, method=gmm-is, model=roberta, IS_time=7.88
Processing: dataset=webkb, method=no-is, model=modernbert, IS_time=0.01
Processing: dataset=webkb, method=no-is, model=roberta, IS_time=0.01
Processing: dataset=webkb, method=sublinear-ae-is, model=modernbert, IS_time=5.88
Processing: dataset=webkb, method=sublinear-ae-is, model=roberta, IS_time=5.88
Processing: dataset=wos11967, method=adaptive-cluster-is, model=roberta, IS_time=7.65
Processing: dataset=wos11967, method=adaptive-perplexity, model=roberta, IS_time=4.22
Processing: dataset=wos11967, method=autoencoder-is, model=modernbert, IS_time=7.58
Processing: dataset=wos11967, method=autoencoder-is, model=roberta, IS_time=7.58
Processing: dataset=wos11967, method=biois, model=modernbert, IS_time=11.09
Processing: dataset=wos11967, method=biois, model=roberta, IS_time=11.09
Processing: dataset=wos11967, method=entropy-sublinear-ae-is, model=modernbert, IS_time=7.77
Processing: dataset=wos11967, method=entropy-sublinear-ae-is, model=roberta, IS_time=7.77
Processing: dataset=wos11967, method=gmm-is, model=roberta, IS_time=7.90
Processing: dataset=wos11967, method=no-is, model=modernbert, IS_time=0.02
Processing: dataset=wos11967, method=no-is, model=roberta, IS_time=0.02
Processing: dataset=wos11967, method=sublinear-ae-is, model=modernbert, IS_time=7.81
Processing: dataset=wos11967, method=sublinear-ae-is, model=roberta, IS_time=7.81
Processing: dataset=wos5736, method=adaptive-cluster-is, model=roberta, IS_time=4.17
Processing: dataset=wos5736, method=adaptive-perplexity, model=roberta, IS_time=2.21
Processing: dataset=wos5736, method=autoencoder-is, model=modernbert, IS_time=3.72
Processing: dataset=wos5736, method=autoencoder-is, model=roberta, IS_time=3.72
Processing: dataset=wos5736, method=biois, model=modernbert, IS_time=3.31
Processing: dataset=wos5736, method=biois, model=roberta, IS_time=3.31
Processing: dataset=wos5736, method=entropy-sublinear-ae-is, model=modernbert, IS_time=4.59
Processing: dataset=wos5736, method=entropy-sublinear-ae-is, model=roberta, IS_time=4.59
Processing: dataset=wos5736, method=gmm-is, model=roberta, IS_time=8.24
Processing: dataset=wos5736, method=no-is, model=modernbert, IS_time=0.01
Processing: dataset=wos5736, method=no-is, model=roberta, IS_time=0.01
Processing: dataset=wos5736, method=sublinear-ae-is, model=modernbert, IS_time=4.74
Processing: dataset=wos5736, method=sublinear-ae-is, model=roberta, IS_time=4.74
Processing: dataset=yelp_reviews, method=adaptive-cluster-is, model=roberta, IS_time=4.03
Processing: dataset=yelp_reviews, method=adaptive-perplexity, model=roberta, IS_time=1.99
Processing: dataset=yelp_reviews, method=autoencoder-is, model=modernbert, IS_time=3.29
Processing: dataset=yelp_reviews, method=autoencoder-is, model=roberta, IS_time=3.29
Processing: dataset=yelp_reviews, method=biois, model=modernbert, IS_time=0.26
Processing: dataset=yelp_reviews, method=biois, model=roberta, IS_time=0.26
Processing: dataset=yelp_reviews, method=entropy-sublinear-ae-is, model=modernbert, IS_time=4.17
Processing: dataset=yelp_reviews, method=entropy-sublinear-ae-is, model=roberta, IS_time=4.17
Processing: dataset=yelp_reviews, method=gmm-is, model=roberta, IS_time=6.56
Processing: dataset=yelp_reviews, method=no-is, model=modernbert, IS_time=0.01
Processing: dataset=yelp_reviews, method=no-is, model=roberta, IS_time=0.01
Processing: dataset=yelp_reviews, method=sublinear-ae-is, model=modernbert, IS_time=4.01
Processing: dataset=yelp_reviews, method=sublinear-ae-is, model=roberta, IS_time=4.01
Wrote CSV to: /data/bernardolemos/results/jina-v5/classificacao/results/times_modernbert.csv

=================================================
Pipeline execution completed successfully!
=================================================
