Methods  : entropy-sublinear-ae-is,e2sc-is,cnn-is,lssm-is,lsbo-is
Datasets : mpqa,trec,sst2,twitter,vader_movie,movie_review,sst1,pang_movie,subj,yelp_reviews,wos5736,reuters90,webkb,wos11967,acm,ohsumed,20ng,dblp,books
Steps    : All (1, 2, 3, 4, 5)
=================================================
Step 1: Running unsupervised selection
=================================================
Methods  : entropy-sublinear-ae-is e2sc-is cnn-is lssm-is lsbo-is
Datasets : mpqa trec sst2 twitter vader_movie movie_review sst1 pang_movie subj yelp_reviews wos5736 reuters90 webkb wos11967 acm ohsumed 20ng dblp books
Dataset: mpqa
  Iniciando mpqa e entropy-sublinear-ae-is (Log: /app/results/jina-v5/instance_selection/logs/mpqa_entropy-sublinear-ae-is.log)
  Iniciando mpqa e e2sc-is (Log: /app/results/jina-v5/instance_selection/logs/mpqa_e2sc-is.log)
  Iniciando mpqa e cnn-is (Log: /app/results/jina-v5/instance_selection/logs/mpqa_cnn-is.log)
  Iniciando mpqa e lssm-is (Log: /app/results/jina-v5/instance_selection/logs/mpqa_lssm-is.log)
  Iniciando mpqa e lsbo-is (Log: /app/results/jina-v5/instance_selection/logs/mpqa_lsbo-is.log)
Dataset: trec
  Iniciando trec e entropy-sublinear-ae-is (Log: /app/results/jina-v5/instance_selection/logs/trec_entropy-sublinear-ae-is.log)
  Iniciando trec e e2sc-is (Log: /app/results/jina-v5/instance_selection/logs/trec_e2sc-is.log)
  Iniciando trec e cnn-is (Log: /app/results/jina-v5/instance_selection/logs/trec_cnn-is.log)
  Iniciando trec e lssm-is (Log: /app/results/jina-v5/instance_selection/logs/trec_lssm-is.log)
  Iniciando trec e lsbo-is (Log: /app/results/jina-v5/instance_selection/logs/trec_lsbo-is.log)
Dataset: sst2
  Iniciando sst2 e entropy-sublinear-ae-is (Log: /app/results/jina-v5/instance_selection/logs/sst2_entropy-sublinear-ae-is.log)
  Iniciando sst2 e e2sc-is (Log: /app/results/jina-v5/instance_selection/logs/sst2_e2sc-is.log)
  Iniciando sst2 e cnn-is (Log: /app/results/jina-v5/instance_selection/logs/sst2_cnn-is.log)
  Iniciando sst2 e lssm-is (Log: /app/results/jina-v5/instance_selection/logs/sst2_lssm-is.log)
  Iniciando sst2 e lsbo-is (Log: /app/results/jina-v5/instance_selection/logs/sst2_lsbo-is.log)
Dataset: twitter
  Iniciando twitter e entropy-sublinear-ae-is (Log: /app/results/jina-v5/instance_selection/logs/twitter_entropy-sublinear-ae-is.log)
  Iniciando twitter e e2sc-is (Log: /app/results/jina-v5/instance_selection/logs/twitter_e2sc-is.log)
  Iniciando twitter e cnn-is (Log: /app/results/jina-v5/instance_selection/logs/twitter_cnn-is.log)
  Iniciando twitter e lssm-is (Log: /app/results/jina-v5/instance_selection/logs/twitter_lssm-is.log)
  Iniciando twitter e lsbo-is (Log: /app/results/jina-v5/instance_selection/logs/twitter_lsbo-is.log)
Dataset: vader_movie
  Iniciando vader_movie e entropy-sublinear-ae-is (Log: /app/results/jina-v5/instance_selection/logs/vader_movie_entropy-sublinear-ae-is.log)
  Iniciando vader_movie e e2sc-is (Log: /app/results/jina-v5/instance_selection/logs/vader_movie_e2sc-is.log)
  Iniciando vader_movie e cnn-is (Log: /app/results/jina-v5/instance_selection/logs/vader_movie_cnn-is.log)
  Iniciando vader_movie e lssm-is (Log: /app/results/jina-v5/instance_selection/logs/vader_movie_lssm-is.log)
  Iniciando vader_movie e lsbo-is (Log: /app/results/jina-v5/instance_selection/logs/vader_movie_lsbo-is.log)
Dataset: movie_review
  Iniciando movie_review e entropy-sublinear-ae-is (Log: /app/results/jina-v5/instance_selection/logs/movie_review_entropy-sublinear-ae-is.log)
  Iniciando movie_review e e2sc-is (Log: /app/results/jina-v5/instance_selection/logs/movie_review_e2sc-is.log)
  Iniciando movie_review e cnn-is (Log: /app/results/jina-v5/instance_selection/logs/movie_review_cnn-is.log)
  Iniciando movie_review e lssm-is (Log: /app/results/jina-v5/instance_selection/logs/movie_review_lssm-is.log)
  Iniciando movie_review e lsbo-is (Log: /app/results/jina-v5/instance_selection/logs/movie_review_lsbo-is.log)
Dataset: sst1
  Iniciando sst1 e entropy-sublinear-ae-is (Log: /app/results/jina-v5/instance_selection/logs/sst1_entropy-sublinear-ae-is.log)
  Iniciando sst1 e e2sc-is (Log: /app/results/jina-v5/instance_selection/logs/sst1_e2sc-is.log)
  ERROR: sst1 / e2sc-is failed (exit code 1). See /app/results/jina-v5/instance_selection/logs/sst1_e2sc-is.log
  Iniciando sst1 e cnn-is (Log: /app/results/jina-v5/instance_selection/logs/sst1_cnn-is.log)
  Iniciando sst1 e lssm-is (Log: /app/results/jina-v5/instance_selection/logs/sst1_lssm-is.log)
  Iniciando sst1 e lsbo-is (Log: /app/results/jina-v5/instance_selection/logs/sst1_lsbo-is.log)
Dataset: pang_movie
  Iniciando pang_movie e entropy-sublinear-ae-is (Log: /app/results/jina-v5/instance_selection/logs/pang_movie_entropy-sublinear-ae-is.log)
  Iniciando pang_movie e e2sc-is (Log: /app/results/jina-v5/instance_selection/logs/pang_movie_e2sc-is.log)
  Iniciando pang_movie e cnn-is (Log: /app/results/jina-v5/instance_selection/logs/pang_movie_cnn-is.log)
  Iniciando pang_movie e lssm-is (Log: /app/results/jina-v5/instance_selection/logs/pang_movie_lssm-is.log)
  Iniciando pang_movie e lsbo-is (Log: /app/results/jina-v5/instance_selection/logs/pang_movie_lsbo-is.log)
Dataset: subj
  Iniciando subj e entropy-sublinear-ae-is (Log: /app/results/jina-v5/instance_selection/logs/subj_entropy-sublinear-ae-is.log)
  Iniciando subj e e2sc-is (Log: /app/results/jina-v5/instance_selection/logs/subj_e2sc-is.log)
  Iniciando subj e cnn-is (Log: /app/results/jina-v5/instance_selection/logs/subj_cnn-is.log)
  Iniciando subj e lssm-is (Log: /app/results/jina-v5/instance_selection/logs/subj_lssm-is.log)
  Iniciando subj e lsbo-is (Log: /app/results/jina-v5/instance_selection/logs/subj_lsbo-is.log)
Dataset: yelp_reviews
  Iniciando yelp_reviews e entropy-sublinear-ae-is (Log: /app/results/jina-v5/instance_selection/logs/yelp_reviews_entropy-sublinear-ae-is.log)
  Iniciando yelp_reviews e e2sc-is (Log: /app/results/jina-v5/instance_selection/logs/yelp_reviews_e2sc-is.log)
  Iniciando yelp_reviews e cnn-is (Log: /app/results/jina-v5/instance_selection/logs/yelp_reviews_cnn-is.log)
  Iniciando yelp_reviews e lssm-is (Log: /app/results/jina-v5/instance_selection/logs/yelp_reviews_lssm-is.log)
  Iniciando yelp_reviews e lsbo-is (Log: /app/results/jina-v5/instance_selection/logs/yelp_reviews_lsbo-is.log)
Dataset: wos5736
  Iniciando wos5736 e entropy-sublinear-ae-is (Log: /app/results/jina-v5/instance_selection/logs/wos5736_entropy-sublinear-ae-is.log)
  Iniciando wos5736 e e2sc-is (Log: /app/results/jina-v5/instance_selection/logs/wos5736_e2sc-is.log)
  Iniciando wos5736 e cnn-is (Log: /app/results/jina-v5/instance_selection/logs/wos5736_cnn-is.log)
  Iniciando wos5736 e lssm-is (Log: /app/results/jina-v5/instance_selection/logs/wos5736_lssm-is.log)
  Iniciando wos5736 e lsbo-is (Log: /app/results/jina-v5/instance_selection/logs/wos5736_lsbo-is.log)
Dataset: reuters90
  Iniciando reuters90 e entropy-sublinear-ae-is (Log: /app/results/jina-v5/instance_selection/logs/reuters90_entropy-sublinear-ae-is.log)
  Iniciando reuters90 e e2sc-is (Log: /app/results/jina-v5/instance_selection/logs/reuters90_e2sc-is.log)
  Iniciando reuters90 e cnn-is (Log: /app/results/jina-v5/instance_selection/logs/reuters90_cnn-is.log)
  Iniciando reuters90 e lssm-is (Log: /app/results/jina-v5/instance_selection/logs/reuters90_lssm-is.log)
  Iniciando reuters90 e lsbo-is (Log: /app/results/jina-v5/instance_selection/logs/reuters90_lsbo-is.log)
Dataset: webkb
  Iniciando webkb e entropy-sublinear-ae-is (Log: /app/results/jina-v5/instance_selection/logs/webkb_entropy-sublinear-ae-is.log)
  Iniciando webkb e e2sc-is (Log: /app/results/jina-v5/instance_selection/logs/webkb_e2sc-is.log)
  Iniciando webkb e cnn-is (Log: /app/results/jina-v5/instance_selection/logs/webkb_cnn-is.log)
  Iniciando webkb e lssm-is (Log: /app/results/jina-v5/instance_selection/logs/webkb_lssm-is.log)
  Iniciando webkb e lsbo-is (Log: /app/results/jina-v5/instance_selection/logs/webkb_lsbo-is.log)
Dataset: wos11967
  Iniciando wos11967 e entropy-sublinear-ae-is (Log: /app/results/jina-v5/instance_selection/logs/wos11967_entropy-sublinear-ae-is.log)
  Iniciando wos11967 e e2sc-is (Log: /app/results/jina-v5/instance_selection/logs/wos11967_e2sc-is.log)
  Iniciando wos11967 e cnn-is (Log: /app/results/jina-v5/instance_selection/logs/wos11967_cnn-is.log)
  Iniciando wos11967 e lssm-is (Log: /app/results/jina-v5/instance_selection/logs/wos11967_lssm-is.log)
  Iniciando wos11967 e lsbo-is (Log: /app/results/jina-v5/instance_selection/logs/wos11967_lsbo-is.log)
Dataset: acm
  Iniciando acm e entropy-sublinear-ae-is (Log: /app/results/jina-v5/instance_selection/logs/acm_entropy-sublinear-ae-is.log)
  Iniciando acm e e2sc-is (Log: /app/results/jina-v5/instance_selection/logs/acm_e2sc-is.log)
  Iniciando acm e cnn-is (Log: /app/results/jina-v5/instance_selection/logs/acm_cnn-is.log)
  Iniciando acm e lssm-is (Log: /app/results/jina-v5/instance_selection/logs/acm_lssm-is.log)
  Iniciando acm e lsbo-is (Log: /app/results/jina-v5/instance_selection/logs/acm_lsbo-is.log)
Dataset: ohsumed
  Iniciando ohsumed e entropy-sublinear-ae-is (Log: /app/results/jina-v5/instance_selection/logs/ohsumed_entropy-sublinear-ae-is.log)
  Iniciando ohsumed e e2sc-is (Log: /app/results/jina-v5/instance_selection/logs/ohsumed_e2sc-is.log)
  Iniciando ohsumed e cnn-is (Log: /app/results/jina-v5/instance_selection/logs/ohsumed_cnn-is.log)
  Iniciando ohsumed e lssm-is (Log: /app/results/jina-v5/instance_selection/logs/ohsumed_lssm-is.log)
  Iniciando ohsumed e lsbo-is (Log: /app/results/jina-v5/instance_selection/logs/ohsumed_lsbo-is.log)
Dataset: 20ng
  Iniciando 20ng e entropy-sublinear-ae-is (Log: /app/results/jina-v5/instance_selection/logs/20ng_entropy-sublinear-ae-is.log)
  Iniciando 20ng e e2sc-is (Log: /app/results/jina-v5/instance_selection/logs/20ng_e2sc-is.log)
  Iniciando 20ng e cnn-is (Log: /app/results/jina-v5/instance_selection/logs/20ng_cnn-is.log)
  Iniciando 20ng e lssm-is (Log: /app/results/jina-v5/instance_selection/logs/20ng_lssm-is.log)
  Iniciando 20ng e lsbo-is (Log: /app/results/jina-v5/instance_selection/logs/20ng_lsbo-is.log)
Dataset: dblp
  Iniciando dblp e entropy-sublinear-ae-is (Log: /app/results/jina-v5/instance_selection/logs/dblp_entropy-sublinear-ae-is.log)
  Iniciando dblp e e2sc-is (Log: /app/results/jina-v5/instance_selection/logs/dblp_e2sc-is.log)
  Iniciando dblp e cnn-is (Log: /app/results/jina-v5/instance_selection/logs/dblp_cnn-is.log)
  Iniciando dblp e lssm-is (Log: /app/results/jina-v5/instance_selection/logs/dblp_lssm-is.log)
  Iniciando dblp e lsbo-is (Log: /app/results/jina-v5/instance_selection/logs/dblp_lsbo-is.log)
Dataset: books
  Iniciando books e entropy-sublinear-ae-is (Log: /app/results/jina-v5/instance_selection/logs/books_entropy-sublinear-ae-is.log)
  Iniciando books e e2sc-is (Log: /app/results/jina-v5/instance_selection/logs/books_e2sc-is.log)
  Iniciando books e cnn-is (Log: /app/results/jina-v5/instance_selection/logs/books_cnn-is.log)
  Iniciando books e lssm-is (Log: /app/results/jina-v5/instance_selection/logs/books_lssm-is.log)
  Iniciando books e lsbo-is (Log: /app/results/jina-v5/instance_selection/logs/books_lsbo-is.log)

=================================================
1 run(s) failed:
  - sst1,e2sc-is
Check individual logs in /app/results/jina-v5/instance_selection/logs/ for details.
=================================================

=================================================
Step 2: Generating summary (read_selection_ci.py)
=================================================
20ng:
    - e2sc-is: time=0.988 ±0.149 (n=10)  reduction=0.5000 ±0.0000 (n=10)
    - entropy-sublinear-ae-is: time=11.784 ±0.686 (n=10)  reduction=0.2183 ±0.0126 (n=10)
    - lssm-is: time=266.898 ±0.775 (n=10)  reduction=0.1879 ±0.0015 (n=10)
    - lsbo-is: time=437.700 ±1.171 (n=10)  reduction=0.8046 ±0.0009 (n=10)
    - cnn-is: time=604.190 ±51.858 (n=10)  reduction=0.5210 ±0.0023 (n=10)

acm:
    - e2sc-is: time=1.828 ±0.555 (n=10)  reduction=0.2500 ±0.0000 (n=10)
    - entropy-sublinear-ae-is: time=14.522 ±0.488 (n=10)  reduction=0.1892 ±0.0100 (n=10)
    - lssm-is: time=455.356 ±1.026 (n=10)  reduction=0.1564 ±0.0005 (n=10)
    - lsbo-is: time=765.268 ±1.973 (n=10)  reduction=0.8162 ±0.0008 (n=10)
    - cnn-is: time=1245.398 ±150.848 (n=10)  reduction=0.5745 ±0.0023 (n=10)

agnews:
    - no-is: time=0.195 ±0.065 (n=5)  reduction=0.0000 ±0.0000 (n=5)
    - biois: time=45.699 ±2.577 (n=5)  reduction=0.2928 ±0.0001 (n=5)
    - sublinear-ae-is: time=75.117 ±8.280 (n=5)  reduction=0.2500 ±0.0000 (n=5)
    - autoencoder-is: time=76.585 ±2.640 (n=5)  reduction=0.2500 ±0.0000 (n=5)
    - entropy-sublinear-ae-is: time=102.038 ±40.397 (n=5)  reduction=0.2088 ±0.0151 (n=5)

books:
    - e2sc-is: time=2.075 ±0.576 (n=10)  reduction=0.2500 ±0.0000 (n=10)
    - entropy-sublinear-ae-is: time=20.482 ±1.320 (n=10)  reduction=0.1808 ±0.0045 (n=10)
    - lssm-is: time=829.493 ±2.306 (n=10)  reduction=0.1302 ±0.0007 (n=10)
    - lsbo-is: time=1448.442 ±6.141 (n=10)  reduction=0.7891 ±0.0007 (n=10)
    - cnn-is: time=1605.413 ±104.271 (n=10)  reduction=0.6341 ±0.0023 (n=10)

dblp:
    - e2sc-is: time=2.132 ±0.681 (n=10)  reduction=0.2500 ±0.0000 (n=10)
    - entropy-sublinear-ae-is: time=37.047 ±0.650 (n=10)  reduction=0.1630 ±0.0074 (n=10)
    - lssm-is: time=1075.298 ±2.547 (n=10)  reduction=0.1361 ±0.0005 (n=10)
    - lsbo-is: time=1850.966 ±3.707 (n=10)  reduction=0.8503 ±0.0007 (n=10)
    - cnn-is: time=1981.257 ±84.847 (n=10)  reduction=0.6249 ±0.0013 (n=10)

medline:
    - no-is: time=1.353 ±0.362 (n=5)  reduction=0.0000 ±0.0000 (n=5)
    - entropy-sublinear-ae-is: time=446.614 ±6.038 (n=5)  reduction=0.0976 ±0.0081 (n=5)
    - sublinear-ae-is: time=462.728 ±42.710 (n=5)  reduction=0.2500 ±0.0000 (n=5)
    - autoencoder-is: time=515.444 ±27.747 (n=5)  reduction=0.2500 ±0.0000 (n=5)
    - biois: time=583.675 ±21.219 (n=5)  reduction=0.3284 ±0.0001 (n=5)

movie_review:
    - e2sc-is: time=0.666 ±0.028 (n=10)  reduction=0.5000 ±0.0000 (n=10)
    - entropy-sublinear-ae-is: time=7.148 ±1.202 (n=10)  reduction=0.2340 ±0.0128 (n=10)
    - lssm-is: time=74.382 ±1.327 (n=10)  reduction=0.1853 ±0.0016 (n=10)
    - lsbo-is: time=121.334 ±0.570 (n=10)  reduction=0.7077 ±0.0019 (n=10)
    - cnn-is: time=204.466 ±13.037 (n=10)  reduction=0.4775 ±0.0027 (n=10)

mpqa:
    - e2sc-is: time=0.726 ±0.058 (n=10)  reduction=0.5000 ±0.0000 (n=10)
    - entropy-sublinear-ae-is: time=6.901 ±0.577 (n=10)  reduction=0.2876 ±0.0120 (n=10)
    - lssm-is: time=72.114 ±0.225 (n=10)  reduction=0.1045 ±0.0011 (n=10)
    - lsbo-is: time=127.348 ±0.378 (n=10)  reduction=0.8624 ±0.0008 (n=10)
    - cnn-is: time=200.507 ±19.926 (n=10)  reduction=0.7040 ±0.0027 (n=10)

ohsumed:
    - e2sc-is: time=1.082 ±0.309 (n=10)  reduction=0.2500 ±0.0000 (n=10)
    - entropy-sublinear-ae-is: time=10.934 ±0.618 (n=10)  reduction=0.1202 ±0.0091 (n=10)
    - lssm-is: time=246.590 ±0.570 (n=10)  reduction=0.1843 ±0.0009 (n=10)
    - lsbo-is: time=411.619 ±1.304 (n=10)  reduction=0.7951 ±0.0008 (n=10)
    - cnn-is: time=503.093 ±31.405 (n=10)  reduction=0.5626 ±0.0012 (n=10)

pang_movie:
    - e2sc-is: time=0.676 ±0.059 (n=10)  reduction=0.5000 ±0.0000 (n=10)
    - entropy-sublinear-ae-is: time=7.059 ±0.617 (n=10)  reduction=0.2341 ±0.0173 (n=10)
    - lssm-is: time=72.884 ±0.196 (n=10)  reduction=0.1834 ±0.0016 (n=10)
    - lsbo-is: time=120.117 ±0.334 (n=10)  reduction=0.7076 ±0.0015 (n=10)
    - cnn-is: time=215.097 ±10.687 (n=10)  reduction=0.4778 ±0.0033 (n=10)

reuters90:
    - e2sc-is: time=0.598 ±0.081 (n=10)  reduction=0.2500 ±0.0000 (n=10)
    - entropy-sublinear-ae-is: time=8.145 ±0.927 (n=10)  reduction=0.2310 ±0.0120 (n=10)
    - lssm-is: time=129.816 ±0.651 (n=10)  reduction=0.2923 ±0.0016 (n=10)
    - lsbo-is: time=194.856 ±0.831 (n=10)  reduction=0.8167 ±0.0021 (n=10)
    - cnn-is: time=403.659 ±45.450 (n=10)  reduction=0.5010 ±0.0019 (n=10)

sst1:
    - entropy-sublinear-ae-is: time=7.470 ±0.386 (n=10)  reduction=0.2479 ±0.0128 (n=10)
    - lssm-is: time=99.139 ±0.325 (n=10)  reduction=0.3926 ±0.0014 (n=10)
    - lsbo-is: time=135.392 ±0.453 (n=10)  reduction=0.6103 ±0.0015 (n=10)
    - cnn-is: time=212.933 ±8.995 (n=10)  reduction=0.1852 ±0.0020 (n=10)

sst2:
    - e2sc-is: time=0.564 ±0.055 (n=10)  reduction=0.5000 ±0.0000 (n=10)
    - entropy-sublinear-ae-is: time=6.326 ±0.414 (n=10)  reduction=0.2328 ±0.0228 (n=10)
    - lssm-is: time=60.365 ±0.062 (n=10)  reduction=0.1700 ±0.0016 (n=10)
    - lsbo-is: time=101.745 ±0.197 (n=10)  reduction=0.7196 ±0.0017 (n=10)
    - cnn-is: time=166.364 ±13.252 (n=10)  reduction=0.5147 ±0.0047 (n=10)

subj:
    - e2sc-is: time=0.632 ±0.035 (n=10)  reduction=0.5000 ±0.0000 (n=10)
    - entropy-sublinear-ae-is: time=6.359 ±0.350 (n=10)  reduction=0.2257 ±0.0200 (n=10)
    - lssm-is: time=65.189 ±0.167 (n=10)  reduction=0.0866 ±0.0009 (n=10)
    - lsbo-is: time=119.137 ±0.247 (n=10)  reduction=0.8271 ±0.0012 (n=10)
    - cnn-is: time=135.119 ±9.070 (n=10)  reduction=0.7065 ±0.0018 (n=10)

trec:
    - e2sc-is: time=0.321 ±0.013 (n=10)  reduction=0.2500 ±0.0000 (n=10)
    - entropy-sublinear-ae-is: time=4.611 ±0.772 (n=10)  reduction=0.1400 ±0.0107 (n=10)
    - lssm-is: time=25.150 ±0.135 (n=10)  reduction=0.2698 ±0.0015 (n=10)
    - lsbo-is: time=38.653 ±0.090 (n=10)  reduction=0.7095 ±0.0014 (n=10)
    - cnn-is: time=58.082 ±3.893 (n=10)  reduction=0.4138 ±0.0032 (n=10)

twitter:
    - e2sc-is: time=0.349 ±0.020 (n=10)  reduction=0.2499 ±0.0000 (n=10)
    - entropy-sublinear-ae-is: time=5.134 ±0.551 (n=10)  reduction=0.2347 ±0.0121 (n=10)
    - lssm-is: time=35.201 ±0.140 (n=10)  reduction=0.0901 ±0.0012 (n=10)
    - cnn-is: time=58.021 ±4.835 (n=10)  reduction=0.7433 ±0.0025 (n=10)
    - lsbo-is: time=62.634 ±0.163 (n=10)  reduction=0.8796 ±0.0011 (n=10)

vader_movie:
    - e2sc-is: time=0.680 ±0.054 (n=10)  reduction=0.5000 ±0.0000 (n=10)
    - entropy-sublinear-ae-is: time=6.769 ±0.604 (n=10)  reduction=0.2348 ±0.0136 (n=10)
    - lssm-is: time=72.024 ±0.183 (n=10)  reduction=0.1741 ±0.0013 (n=10)
    - lsbo-is: time=121.482 ±1.494 (n=10)  reduction=0.7168 ±0.0018 (n=10)
    - cnn-is: time=202.817 ±19.355 (n=10)  reduction=0.5008 ±0.0035 (n=10)

webkb:
    - e2sc-is: time=0.452 ±0.034 (n=10)  reduction=0.2499 ±0.0000 (n=10)
    - entropy-sublinear-ae-is: time=5.461 ±0.338 (n=10)  reduction=0.2268 ±0.0135 (n=10)
    - lssm-is: time=46.676 ±0.121 (n=10)  reduction=0.2265 ±0.0017 (n=10)
    - lsbo-is: time=73.629 ±0.362 (n=10)  reduction=0.7178 ±0.0022 (n=10)
    - cnn-is: time=119.014 ±5.603 (n=10)  reduction=0.4374 ±0.0027 (n=10)

wos11967:
    - e2sc-is: time=0.594 ±0.084 (n=10)  reduction=0.5000 ±0.0000 (n=10)
    - entropy-sublinear-ae-is: time=7.665 ±0.454 (n=10)  reduction=0.1484 ±0.0080 (n=10)
    - lssm-is: time=107.401 ±0.243 (n=10)  reduction=0.2032 ±0.0012 (n=10)
    - lsbo-is: time=173.323 ±0.787 (n=10)  reduction=0.7772 ±0.0018 (n=10)
    - cnn-is: time=222.857 ±19.835 (n=10)  reduction=0.5233 ±0.0031 (n=10)

wos5736:
    - e2sc-is: time=0.241 ±0.015 (n=10)  reduction=0.5000 ±0.0000 (n=10)
    - entropy-sublinear-ae-is: time=3.986 ±0.406 (n=10)  reduction=0.2220 ±0.0138 (n=10)
    - lssm-is: time=23.946 ±0.057 (n=10)  reduction=0.1937 ±0.0023 (n=10)
    - lsbo-is: time=40.395 ±1.251 (n=10)  reduction=0.7792 ±0.0022 (n=10)
    - cnn-is: time=51.784 ±5.536 (n=10)  reduction=0.5388 ±0.0024 (n=10)

yelp_reviews:
    - e2sc-is: time=0.228 ±0.008 (n=10)  reduction=0.5000 ±0.0000 (n=10)
    - entropy-sublinear-ae-is: time=3.740 ±0.410 (n=10)  reduction=0.2735 ±0.0196 (n=10)
    - lssm-is: time=16.747 ±0.075 (n=10)  reduction=0.0920 ±0.0018 (n=10)
    - lsbo-is: time=29.935 ±0.059 (n=10)  reduction=0.7825 ±0.0025 (n=10)
    - cnn-is: time=42.369 ±3.563 (n=10)  reduction=0.6895 ±0.0060 (n=10)

Wrote: /app/results/jina-v5/instance_selection/selection_summary.json
Wrote: /app/results/jina-v5/instance_selection/selection_summary.csv

=================================================
Step 3: Running atcBench
=================================================
Running with 1 concurrent processes...
Methods  : entropy-sublinear-ae-is e2sc-is cnn-is lssm-is lsbo-is
Datasets : mpqa trec sst2 twitter vader_movie movie_review sst1 pang_movie subj yelp_reviews wos5736 reuters90 webkb wos11967 acm ohsumed 20ng dblp books
xargs: warning: options --max-args and --replace/-I/-i are mutually exclusive, ignoring previous --max-args value
[RUN] Iniciando mpqa_entropy-sublinear-ae-is (Acompanhe os detalhes em /app/results/jina-v5/classificacao/logs_modernbert/mpqa/entropy-sublinear-ae-is.log)
[DONE] Finalizado mpqa_entropy-sublinear-ae-is
[RUN] Iniciando mpqa_e2sc-is (Acompanhe os detalhes em /app/results/jina-v5/classificacao/logs_modernbert/mpqa/e2sc-is.log)
[DONE] Finalizado mpqa_e2sc-is
[RUN] Iniciando mpqa_cnn-is (Acompanhe os detalhes em /app/results/jina-v5/classificacao/logs_modernbert/mpqa/cnn-is.log)
[DONE] Finalizado mpqa_cnn-is
[RUN] Iniciando mpqa_lssm-is (Acompanhe os detalhes em /app/results/jina-v5/classificacao/logs_modernbert/mpqa/lssm-is.log)
[DONE] Finalizado mpqa_lssm-is
[RUN] Iniciando mpqa_lsbo-is (Acompanhe os detalhes em /app/results/jina-v5/classificacao/logs_modernbert/mpqa/lsbo-is.log)
[DONE] Finalizado mpqa_lsbo-is
[RUN] Iniciando trec_entropy-sublinear-ae-is (Acompanhe os detalhes em /app/results/jina-v5/classificacao/logs_modernbert/trec/entropy-sublinear-ae-is.log)
[DONE] Finalizado trec_entropy-sublinear-ae-is
[RUN] Iniciando trec_e2sc-is (Acompanhe os detalhes em /app/results/jina-v5/classificacao/logs_modernbert/trec/e2sc-is.log)
[DONE] Finalizado trec_e2sc-is
[RUN] Iniciando trec_cnn-is (Acompanhe os detalhes em /app/results/jina-v5/classificacao/logs_modernbert/trec/cnn-is.log)
[DONE] Finalizado trec_cnn-is
[RUN] Iniciando trec_lssm-is (Acompanhe os detalhes em /app/results/jina-v5/classificacao/logs_modernbert/trec/lssm-is.log)
[DONE] Finalizado trec_lssm-is
[RUN] Iniciando trec_lsbo-is (Acompanhe os detalhes em /app/results/jina-v5/classificacao/logs_modernbert/trec/lsbo-is.log)
[DONE] Finalizado trec_lsbo-is
[RUN] Iniciando sst2_entropy-sublinear-ae-is (Acompanhe os detalhes em /app/results/jina-v5/classificacao/logs_modernbert/sst2/entropy-sublinear-ae-is.log)
[DONE] Finalizado sst2_entropy-sublinear-ae-is
[RUN] Iniciando sst2_e2sc-is (Acompanhe os detalhes em /app/results/jina-v5/classificacao/logs_modernbert/sst2/e2sc-is.log)
[DONE] Finalizado sst2_e2sc-is
[RUN] Iniciando sst2_cnn-is (Acompanhe os detalhes em /app/results/jina-v5/classificacao/logs_modernbert/sst2/cnn-is.log)
[DONE] Finalizado sst2_cnn-is
[RUN] Iniciando sst2_lssm-is (Acompanhe os detalhes em /app/results/jina-v5/classificacao/logs_modernbert/sst2/lssm-is.log)
[DONE] Finalizado sst2_lssm-is
[RUN] Iniciando sst2_lsbo-is (Acompanhe os detalhes em /app/results/jina-v5/classificacao/logs_modernbert/sst2/lsbo-is.log)
[DONE] Finalizado sst2_lsbo-is
[RUN] Iniciando twitter_entropy-sublinear-ae-is (Acompanhe os detalhes em /app/results/jina-v5/classificacao/logs_modernbert/twitter/entropy-sublinear-ae-is.log)
[DONE] Finalizado twitter_entropy-sublinear-ae-is
[RUN] Iniciando twitter_e2sc-is (Acompanhe os detalhes em /app/results/jina-v5/classificacao/logs_modernbert/twitter/e2sc-is.log)
[DONE] Finalizado twitter_e2sc-is
[RUN] Iniciando twitter_cnn-is (Acompanhe os detalhes em /app/results/jina-v5/classificacao/logs_modernbert/twitter/cnn-is.log)
[DONE] Finalizado twitter_cnn-is
[RUN] Iniciando twitter_lssm-is (Acompanhe os detalhes em /app/results/jina-v5/classificacao/logs_modernbert/twitter/lssm-is.log)
[DONE] Finalizado twitter_lssm-is
[RUN] Iniciando twitter_lsbo-is (Acompanhe os detalhes em /app/results/jina-v5/classificacao/logs_modernbert/twitter/lsbo-is.log)
[DONE] Finalizado twitter_lsbo-is
[RUN] Iniciando vader_movie_entropy-sublinear-ae-is (Acompanhe os detalhes em /app/results/jina-v5/classificacao/logs_modernbert/vader_movie/entropy-sublinear-ae-is.log)
[DONE] Finalizado vader_movie_entropy-sublinear-ae-is
[RUN] Iniciando vader_movie_e2sc-is (Acompanhe os detalhes em /app/results/jina-v5/classificacao/logs_modernbert/vader_movie/e2sc-is.log)
[DONE] Finalizado vader_movie_e2sc-is
[RUN] Iniciando vader_movie_cnn-is (Acompanhe os detalhes em /app/results/jina-v5/classificacao/logs_modernbert/vader_movie/cnn-is.log)
[DONE] Finalizado vader_movie_cnn-is
[RUN] Iniciando vader_movie_lssm-is (Acompanhe os detalhes em /app/results/jina-v5/classificacao/logs_modernbert/vader_movie/lssm-is.log)
[DONE] Finalizado vader_movie_lssm-is
[RUN] Iniciando vader_movie_lsbo-is (Acompanhe os detalhes em /app/results/jina-v5/classificacao/logs_modernbert/vader_movie/lsbo-is.log)
[DONE] Finalizado vader_movie_lsbo-is
[RUN] Iniciando movie_review_entropy-sublinear-ae-is (Acompanhe os detalhes em /app/results/jina-v5/classificacao/logs_modernbert/movie_review/entropy-sublinear-ae-is.log)
[DONE] Finalizado movie_review_entropy-sublinear-ae-is
[RUN] Iniciando movie_review_e2sc-is (Acompanhe os detalhes em /app/results/jina-v5/classificacao/logs_modernbert/movie_review/e2sc-is.log)
[DONE] Finalizado movie_review_e2sc-is
[RUN] Iniciando movie_review_cnn-is (Acompanhe os detalhes em /app/results/jina-v5/classificacao/logs_modernbert/movie_review/cnn-is.log)
[DONE] Finalizado movie_review_cnn-is
[RUN] Iniciando movie_review_lssm-is (Acompanhe os detalhes em /app/results/jina-v5/classificacao/logs_modernbert/movie_review/lssm-is.log)
[DONE] Finalizado movie_review_lssm-is
[RUN] Iniciando movie_review_lsbo-is (Acompanhe os detalhes em /app/results/jina-v5/classificacao/logs_modernbert/movie_review/lsbo-is.log)
[DONE] Finalizado movie_review_lsbo-is
[RUN] Iniciando sst1_entropy-sublinear-ae-is (Acompanhe os detalhes em /app/results/jina-v5/classificacao/logs_modernbert/sst1/entropy-sublinear-ae-is.log)
[DONE] Finalizado sst1_entropy-sublinear-ae-is
[RUN] Iniciando sst1_e2sc-is (Acompanhe os detalhes em /app/results/jina-v5/classificacao/logs_modernbert/sst1/e2sc-is.log)
[DONE] Finalizado sst1_e2sc-is
[RUN] Iniciando sst1_cnn-is (Acompanhe os detalhes em /app/results/jina-v5/classificacao/logs_modernbert/sst1/cnn-is.log)
[DONE] Finalizado sst1_cnn-is
[RUN] Iniciando sst1_lssm-is (Acompanhe os detalhes em /app/results/jina-v5/classificacao/logs_modernbert/sst1/lssm-is.log)
[DONE] Finalizado sst1_lssm-is
[RUN] Iniciando sst1_lsbo-is (Acompanhe os detalhes em /app/results/jina-v5/classificacao/logs_modernbert/sst1/lsbo-is.log)
[DONE] Finalizado sst1_lsbo-is
[RUN] Iniciando pang_movie_entropy-sublinear-ae-is (Acompanhe os detalhes em /app/results/jina-v5/classificacao/logs_modernbert/pang_movie/entropy-sublinear-ae-is.log)
[DONE] Finalizado pang_movie_entropy-sublinear-ae-is
[RUN] Iniciando pang_movie_e2sc-is (Acompanhe os detalhes em /app/results/jina-v5/classificacao/logs_modernbert/pang_movie/e2sc-is.log)
[DONE] Finalizado pang_movie_e2sc-is
[RUN] Iniciando pang_movie_cnn-is (Acompanhe os detalhes em /app/results/jina-v5/classificacao/logs_modernbert/pang_movie/cnn-is.log)
[DONE] Finalizado pang_movie_cnn-is
[RUN] Iniciando pang_movie_lssm-is (Acompanhe os detalhes em /app/results/jina-v5/classificacao/logs_modernbert/pang_movie/lssm-is.log)
[DONE] Finalizado pang_movie_lssm-is
[RUN] Iniciando pang_movie_lsbo-is (Acompanhe os detalhes em /app/results/jina-v5/classificacao/logs_modernbert/pang_movie/lsbo-is.log)
[DONE] Finalizado pang_movie_lsbo-is
[RUN] Iniciando subj_entropy-sublinear-ae-is (Acompanhe os detalhes em /app/results/jina-v5/classificacao/logs_modernbert/subj/entropy-sublinear-ae-is.log)
[DONE] Finalizado subj_entropy-sublinear-ae-is
[RUN] Iniciando subj_e2sc-is (Acompanhe os detalhes em /app/results/jina-v5/classificacao/logs_modernbert/subj/e2sc-is.log)
[DONE] Finalizado subj_e2sc-is
[RUN] Iniciando subj_cnn-is (Acompanhe os detalhes em /app/results/jina-v5/classificacao/logs_modernbert/subj/cnn-is.log)
[DONE] Finalizado subj_cnn-is
[RUN] Iniciando subj_lssm-is (Acompanhe os detalhes em /app/results/jina-v5/classificacao/logs_modernbert/subj/lssm-is.log)
[DONE] Finalizado subj_lssm-is
[RUN] Iniciando subj_lsbo-is (Acompanhe os detalhes em /app/results/jina-v5/classificacao/logs_modernbert/subj/lsbo-is.log)
[DONE] Finalizado subj_lsbo-is
[RUN] Iniciando yelp_reviews_entropy-sublinear-ae-is (Acompanhe os detalhes em /app/results/jina-v5/classificacao/logs_modernbert/yelp_reviews/entropy-sublinear-ae-is.log)
[DONE] Finalizado yelp_reviews_entropy-sublinear-ae-is
[RUN] Iniciando yelp_reviews_e2sc-is (Acompanhe os detalhes em /app/results/jina-v5/classificacao/logs_modernbert/yelp_reviews/e2sc-is.log)
[DONE] Finalizado yelp_reviews_e2sc-is
[RUN] Iniciando yelp_reviews_cnn-is (Acompanhe os detalhes em /app/results/jina-v5/classificacao/logs_modernbert/yelp_reviews/cnn-is.log)
[DONE] Finalizado yelp_reviews_cnn-is
[RUN] Iniciando yelp_reviews_lssm-is (Acompanhe os detalhes em /app/results/jina-v5/classificacao/logs_modernbert/yelp_reviews/lssm-is.log)
[DONE] Finalizado yelp_reviews_lssm-is
[RUN] Iniciando yelp_reviews_lsbo-is (Acompanhe os detalhes em /app/results/jina-v5/classificacao/logs_modernbert/yelp_reviews/lsbo-is.log)
[DONE] Finalizado yelp_reviews_lsbo-is
[RUN] Iniciando wos5736_entropy-sublinear-ae-is (Acompanhe os detalhes em /app/results/jina-v5/classificacao/logs_modernbert/wos5736/entropy-sublinear-ae-is.log)
[DONE] Finalizado wos5736_entropy-sublinear-ae-is
[RUN] Iniciando wos5736_e2sc-is (Acompanhe os detalhes em /app/results/jina-v5/classificacao/logs_modernbert/wos5736/e2sc-is.log)
[DONE] Finalizado wos5736_e2sc-is
[RUN] Iniciando wos5736_cnn-is (Acompanhe os detalhes em /app/results/jina-v5/classificacao/logs_modernbert/wos5736/cnn-is.log)
[DONE] Finalizado wos5736_cnn-is
[RUN] Iniciando wos5736_lssm-is (Acompanhe os detalhes em /app/results/jina-v5/classificacao/logs_modernbert/wos5736/lssm-is.log)
[DONE] Finalizado wos5736_lssm-is
[RUN] Iniciando wos5736_lsbo-is (Acompanhe os detalhes em /app/results/jina-v5/classificacao/logs_modernbert/wos5736/lsbo-is.log)
[DONE] Finalizado wos5736_lsbo-is
[RUN] Iniciando reuters90_entropy-sublinear-ae-is (Acompanhe os detalhes em /app/results/jina-v5/classificacao/logs_modernbert/reuters90/entropy-sublinear-ae-is.log)
[DONE] Finalizado reuters90_entropy-sublinear-ae-is
[RUN] Iniciando reuters90_e2sc-is (Acompanhe os detalhes em /app/results/jina-v5/classificacao/logs_modernbert/reuters90/e2sc-is.log)
[DONE] Finalizado reuters90_e2sc-is
[RUN] Iniciando reuters90_cnn-is (Acompanhe os detalhes em /app/results/jina-v5/classificacao/logs_modernbert/reuters90/cnn-is.log)
[DONE] Finalizado reuters90_cnn-is
[RUN] Iniciando reuters90_lssm-is (Acompanhe os detalhes em /app/results/jina-v5/classificacao/logs_modernbert/reuters90/lssm-is.log)
[DONE] Finalizado reuters90_lssm-is
[RUN] Iniciando reuters90_lsbo-is (Acompanhe os detalhes em /app/results/jina-v5/classificacao/logs_modernbert/reuters90/lsbo-is.log)
[DONE] Finalizado reuters90_lsbo-is
[RUN] Iniciando webkb_entropy-sublinear-ae-is (Acompanhe os detalhes em /app/results/jina-v5/classificacao/logs_modernbert/webkb/entropy-sublinear-ae-is.log)
[DONE] Finalizado webkb_entropy-sublinear-ae-is
[RUN] Iniciando webkb_e2sc-is (Acompanhe os detalhes em /app/results/jina-v5/classificacao/logs_modernbert/webkb/e2sc-is.log)
[DONE] Finalizado webkb_e2sc-is
[RUN] Iniciando webkb_cnn-is (Acompanhe os detalhes em /app/results/jina-v5/classificacao/logs_modernbert/webkb/cnn-is.log)
[DONE] Finalizado webkb_cnn-is
[RUN] Iniciando webkb_lssm-is (Acompanhe os detalhes em /app/results/jina-v5/classificacao/logs_modernbert/webkb/lssm-is.log)
[DONE] Finalizado webkb_lssm-is
[RUN] Iniciando webkb_lsbo-is (Acompanhe os detalhes em /app/results/jina-v5/classificacao/logs_modernbert/webkb/lsbo-is.log)
[DONE] Finalizado webkb_lsbo-is
[RUN] Iniciando wos11967_entropy-sublinear-ae-is (Acompanhe os detalhes em /app/results/jina-v5/classificacao/logs_modernbert/wos11967/entropy-sublinear-ae-is.log)
[DONE] Finalizado wos11967_entropy-sublinear-ae-is
[RUN] Iniciando wos11967_e2sc-is (Acompanhe os detalhes em /app/results/jina-v5/classificacao/logs_modernbert/wos11967/e2sc-is.log)
[DONE] Finalizado wos11967_e2sc-is
[RUN] Iniciando wos11967_cnn-is (Acompanhe os detalhes em /app/results/jina-v5/classificacao/logs_modernbert/wos11967/cnn-is.log)
[DONE] Finalizado wos11967_cnn-is
[RUN] Iniciando wos11967_lssm-is (Acompanhe os detalhes em /app/results/jina-v5/classificacao/logs_modernbert/wos11967/lssm-is.log)
[DONE] Finalizado wos11967_lssm-is
[RUN] Iniciando wos11967_lsbo-is (Acompanhe os detalhes em /app/results/jina-v5/classificacao/logs_modernbert/wos11967/lsbo-is.log)
[DONE] Finalizado wos11967_lsbo-is
[RUN] Iniciando acm_entropy-sublinear-ae-is (Acompanhe os detalhes em /app/results/jina-v5/classificacao/logs_modernbert/acm/entropy-sublinear-ae-is.log)
[DONE] Finalizado acm_entropy-sublinear-ae-is
[RUN] Iniciando acm_e2sc-is (Acompanhe os detalhes em /app/results/jina-v5/classificacao/logs_modernbert/acm/e2sc-is.log)
[DONE] Finalizado acm_e2sc-is
[RUN] Iniciando acm_cnn-is (Acompanhe os detalhes em /app/results/jina-v5/classificacao/logs_modernbert/acm/cnn-is.log)
[DONE] Finalizado acm_cnn-is
[RUN] Iniciando acm_lssm-is (Acompanhe os detalhes em /app/results/jina-v5/classificacao/logs_modernbert/acm/lssm-is.log)
[DONE] Finalizado acm_lssm-is
[RUN] Iniciando acm_lsbo-is (Acompanhe os detalhes em /app/results/jina-v5/classificacao/logs_modernbert/acm/lsbo-is.log)
[DONE] Finalizado acm_lsbo-is
[RUN] Iniciando ohsumed_entropy-sublinear-ae-is (Acompanhe os detalhes em /app/results/jina-v5/classificacao/logs_modernbert/ohsumed/entropy-sublinear-ae-is.log)
[DONE] Finalizado ohsumed_entropy-sublinear-ae-is
[RUN] Iniciando ohsumed_e2sc-is (Acompanhe os detalhes em /app/results/jina-v5/classificacao/logs_modernbert/ohsumed/e2sc-is.log)
[DONE] Finalizado ohsumed_e2sc-is
[RUN] Iniciando ohsumed_cnn-is (Acompanhe os detalhes em /app/results/jina-v5/classificacao/logs_modernbert/ohsumed/cnn-is.log)
[DONE] Finalizado ohsumed_cnn-is
[RUN] Iniciando ohsumed_lssm-is (Acompanhe os detalhes em /app/results/jina-v5/classificacao/logs_modernbert/ohsumed/lssm-is.log)
[DONE] Finalizado ohsumed_lssm-is
[RUN] Iniciando ohsumed_lsbo-is (Acompanhe os detalhes em /app/results/jina-v5/classificacao/logs_modernbert/ohsumed/lsbo-is.log)
[DONE] Finalizado ohsumed_lsbo-is
[RUN] Iniciando 20ng_entropy-sublinear-ae-is (Acompanhe os detalhes em /app/results/jina-v5/classificacao/logs_modernbert/20ng/entropy-sublinear-ae-is.log)
[DONE] Finalizado 20ng_entropy-sublinear-ae-is
[RUN] Iniciando 20ng_e2sc-is (Acompanhe os detalhes em /app/results/jina-v5/classificacao/logs_modernbert/20ng/e2sc-is.log)
[DONE] Finalizado 20ng_e2sc-is
[RUN] Iniciando 20ng_cnn-is (Acompanhe os detalhes em /app/results/jina-v5/classificacao/logs_modernbert/20ng/cnn-is.log)
[DONE] Finalizado 20ng_cnn-is
[RUN] Iniciando 20ng_lssm-is (Acompanhe os detalhes em /app/results/jina-v5/classificacao/logs_modernbert/20ng/lssm-is.log)
[DONE] Finalizado 20ng_lssm-is
[RUN] Iniciando 20ng_lsbo-is (Acompanhe os detalhes em /app/results/jina-v5/classificacao/logs_modernbert/20ng/lsbo-is.log)
[DONE] Finalizado 20ng_lsbo-is
[RUN] Iniciando dblp_entropy-sublinear-ae-is (Acompanhe os detalhes em /app/results/jina-v5/classificacao/logs_modernbert/dblp/entropy-sublinear-ae-is.log)
[DONE] Finalizado dblp_entropy-sublinear-ae-is
[RUN] Iniciando dblp_e2sc-is (Acompanhe os detalhes em /app/results/jina-v5/classificacao/logs_modernbert/dblp/e2sc-is.log)
[DONE] Finalizado dblp_e2sc-is
[RUN] Iniciando dblp_cnn-is (Acompanhe os detalhes em /app/results/jina-v5/classificacao/logs_modernbert/dblp/cnn-is.log)
[DONE] Finalizado dblp_cnn-is
[RUN] Iniciando dblp_lssm-is (Acompanhe os detalhes em /app/results/jina-v5/classificacao/logs_modernbert/dblp/lssm-is.log)
[DONE] Finalizado dblp_lssm-is
[RUN] Iniciando dblp_lsbo-is (Acompanhe os detalhes em /app/results/jina-v5/classificacao/logs_modernbert/dblp/lsbo-is.log)
[DONE] Finalizado dblp_lsbo-is
[RUN] Iniciando books_entropy-sublinear-ae-is (Acompanhe os detalhes em /app/results/jina-v5/classificacao/logs_modernbert/books/entropy-sublinear-ae-is.log)
[DONE] Finalizado books_entropy-sublinear-ae-is
[RUN] Iniciando books_e2sc-is (Acompanhe os detalhes em /app/results/jina-v5/classificacao/logs_modernbert/books/e2sc-is.log)
[DONE] Finalizado books_e2sc-is
[RUN] Iniciando books_cnn-is (Acompanhe os detalhes em /app/results/jina-v5/classificacao/logs_modernbert/books/cnn-is.log)
[DONE] Finalizado books_cnn-is
[RUN] Iniciando books_lssm-is (Acompanhe os detalhes em /app/results/jina-v5/classificacao/logs_modernbert/books/lssm-is.log)
