Downloading builder script: 0.00B [00:00, ?B/s]Downloading builder script: 6.79kB [00:00, 11.6MB/s]
/app/atcBench/main.py:45: UserWarning: 
The version_base parameter is not specified.
Please specify a compatability version level, or None.
Will assume defaults for version 1.1
  @hydra.main(config_path=CONFIG_PATH, config_name=CONFIG_NAME)
/app/venv/lib/python3.12/site-packages/hydra/_internal/hydra.py:119: UserWarning: Future Hydra versions will no longer change working directory at job runtime by default.
See https://hydra.cc/docs/1.2/upgrades/1.1_to_1.2/changes_to_job_working_dir/ for more information.
  ret = run_job(
data:
  nfolds: 10
  VALIDATION_SIZE_FOR_LOSS: 0.1
  dataset_name: mpqa
  is_method: entropy-sublinear-ae-is
  dataset: ${data.dataset_name}_${data.is_method}
  texts_path: ${oc.env:DATASETS_DIR,/app/datasets}/${data.dataset_name}/texts.txt
  scores_path: ${oc.env:DATASETS_DIR,/app/datasets}/${data.dataset_name}/score.txt
  external_splits_path: ${oc.env:RESULTS_DIR,/app/results}/instance_selection/selection/${data.dataset_name}/split_10_${data.is_method}.pkl
model:
  type: slm
  model_name: roberta-base
  model_tag: roberta
  training_args:
    max_len: 256
    batch_size: 32
    lr: 5.0e-05
    num_max_epochs: 10
    patience: 3
    weight_decay_rate: 0.01
    min_val_epoch_impro_delta: 0.0001
    max_grad_norm: 1.0
    warmup_ratio: 0.06
  text_representation: raw
paths:
  output_dir: ${oc.env:RESULTS_DIR,/app/results}/classificacao/output/
  output_dir_full_path: ${paths.output_dir}/${model.model_tag}/${data.dataset}/
  DATA_DIR: resources/datasets/${data.dataset_name}/
  SPLITS_DIR: resources/datasets/${data.dataset_name}/splits/
config:
  random_seed: 42

/data/bernardolemos/results/jina-v5/classificacao/output//roberta/mpqa_entropy-sublinear-ae-is/
{'data': {'nfolds': 10, 'VALIDATION_SIZE_FOR_LOSS': 0.1, 'dataset_name': 'mpqa', 'is_method': 'entropy-sublinear-ae-is', 'dataset': '${data.dataset_name}_${data.is_method}', 'texts_path': '${oc.env:DATASETS_DIR,/app/datasets}/${data.dataset_name}/texts.txt', 'scores_path': '${oc.env:DATASETS_DIR,/app/datasets}/${data.dataset_name}/score.txt', 'external_splits_path': '${oc.env:RESULTS_DIR,/app/results}/instance_selection/selection/${data.dataset_name}/split_10_${data.is_method}.pkl'}, 'model': {'type': 'slm', 'model_name': 'roberta-base', 'model_tag': 'roberta', 'training_args': {'max_len': 256, 'batch_size': 32, 'lr': 5e-05, 'num_max_epochs': 10, 'patience': 3, 'weight_decay_rate': 0.01, 'min_val_epoch_impro_delta': 0.0001, 'max_grad_norm': 1.0, 'warmup_ratio': 0.06}, 'text_representation': 'raw'}, 'paths': {'output_dir': '${oc.env:RESULTS_DIR,/app/results}/classificacao/output/', 'output_dir_full_path': '${paths.output_dir}/${model.model_tag}/${data.dataset}/', 'DATA_DIR': 'resources/datasets/${data.dataset_name}/', 'SPLITS_DIR': 'resources/datasets/${data.dataset_name}/splits/'}, 'config': {'random_seed': 42}}
Random seed setted.
[unsupervised-is] fold=0 | train=6558 | test=1061
[init] logging dir: logs/roberta/mpqa_entropy-sublinear-ae-is/
Max Class =1
Classes in y_train: 2
Classes in y_val: 2
[load] loading model 'roberta-base' (2 labels)...
[2026-07-20 12:40:51,340][httpx][INFO] - HTTP Request: HEAD https://huggingface.co/roberta-base/resolve/main/config.json "HTTP/1.1 200 OK"
Warning: You are sending unauthenticated requests to the HF Hub. Please set a HF_TOKEN to enable higher rate limits and faster downloads.
[2026-07-20 12:40:51,340][huggingface_hub.utils._http][WARNING] - Warning: You are sending unauthenticated requests to the HF Hub. Please set a HF_TOKEN to enable higher rate limits and faster downloads.
[2026-07-20 12:40:51,365][httpx][INFO] - HTTP Request: GET https://huggingface.co/roberta-base/resolve/main/config.json "HTTP/1.1 200 OK"
[2026-07-20 12:40:51,388][httpx][INFO] - HTTP Request: HEAD https://huggingface.co/roberta-base/resolve/main/adapter_config.json "HTTP/1.1 404 Not Found"
[2026-07-20 12:40:51,421][httpx][INFO] - HTTP Request: HEAD https://huggingface.co/roberta-base/resolve/main/config.json "HTTP/1.1 200 OK"
[2026-07-20 12:40:51,444][httpx][INFO] - HTTP Request: HEAD https://huggingface.co/roberta-base/resolve/main/model.safetensors "HTTP/1.1 302 Found"
[2026-07-20 12:40:51,463][httpx][INFO] - HTTP Request: GET https://huggingface.co/api/models/FacebookAI/roberta-base/xet-read-token/e2da8e2f811d1448a5b465c236feacd80ffbac7b "HTTP/1.1 200 OK"
