/app/atcBench/main.py:45: UserWarning: 
The version_base parameter is not specified.
Please specify a compatability version level, or None.
Will assume defaults for version 1.1
  @hydra.main(config_path=CONFIG_PATH, config_name=CONFIG_NAME)
/app/venv/lib/python3.12/site-packages/hydra/_internal/hydra.py:119: UserWarning: Future Hydra versions will no longer change working directory at job runtime by default.
See https://hydra.cc/docs/1.2/upgrades/1.1_to_1.2/changes_to_job_working_dir/ for more information.
  ret = run_job(
data:
  nfolds: 10
  VALIDATION_SIZE_FOR_LOSS: 0.1
  dataset_name: webkb
  is_method: entropy-sublinear-ae-is
  dataset: ${data.dataset_name}_${data.is_method}
  texts_path: ${oc.env:DATASETS_DIR,/app/datasets}/${data.dataset_name}/texts.txt
  scores_path: ${oc.env:DATASETS_DIR,/app/datasets}/${data.dataset_name}/score.txt
  external_splits_path: ${oc.env:RESULTS_DIR,/app/results}/instance_selection/selection/${data.dataset_name}/split_10_${data.is_method}.pkl
model:
  type: slm
  model_name: roberta-base
  model_tag: roberta
  training_args:
    max_len: 256
    batch_size: 32
    lr: 5.0e-05
    num_max_epochs: 10
    patience: 3
    weight_decay_rate: 0.01
    min_val_epoch_impro_delta: 0.0001
    max_grad_norm: 1.0
    warmup_ratio: 0.06
  text_representation: raw
paths:
  output_dir: ${oc.env:RESULTS_DIR,/app/results}/classificacao/output/
  output_dir_full_path: ${paths.output_dir}/${model.model_tag}/${data.dataset}/
  DATA_DIR: resources/datasets/${data.dataset_name}/
  SPLITS_DIR: resources/datasets/${data.dataset_name}/splits/
config:
  random_seed: 42

/data/bernardolemos/results/jina-v5/classificacao/output//roberta/webkb_entropy-sublinear-ae-is/
{'data': {'nfolds': 10, 'VALIDATION_SIZE_FOR_LOSS': 0.1, 'dataset_name': 'webkb', 'is_method': 'entropy-sublinear-ae-is', 'dataset': '${data.dataset_name}_${data.is_method}', 'texts_path': '${oc.env:DATASETS_DIR,/app/datasets}/${data.dataset_name}/texts.txt', 'scores_path': '${oc.env:DATASETS_DIR,/app/datasets}/${data.dataset_name}/score.txt', 'external_splits_path': '${oc.env:RESULTS_DIR,/app/results}/instance_selection/selection/${data.dataset_name}/split_10_${data.is_method}.pkl'}, 'model': {'type': 'slm', 'model_name': 'roberta-base', 'model_tag': 'roberta', 'training_args': {'max_len': 256, 'batch_size': 32, 'lr': 5e-05, 'num_max_epochs': 10, 'patience': 3, 'weight_decay_rate': 0.01, 'min_val_epoch_impro_delta': 0.0001, 'max_grad_norm': 1.0, 'warmup_ratio': 0.06}, 'text_representation': 'raw'}, 'paths': {'output_dir': '${oc.env:RESULTS_DIR,/app/results}/classificacao/output/', 'output_dir_full_path': '${paths.output_dir}/${model.model_tag}/${data.dataset}/', 'DATA_DIR': 'resources/datasets/${data.dataset_name}/', 'SPLITS_DIR': 'resources/datasets/${data.dataset_name}/splits/'}, 'config': {'random_seed': 42}}
Random seed setted.
[unsupervised-is] fold=0 | train=5187 | test=823
[init] logging dir: logs/roberta/webkb_entropy-sublinear-ae-is/
Max Class =6
Classes in y_train: 7
Classes in y_val: 7
[load] loading model 'roberta-base' (7 labels)...
[2026-07-05 16:14:59,394][httpx][INFO] - HTTP Request: HEAD https://huggingface.co/roberta-base/resolve/main/config.json "HTTP/1.1 200 OK"
Warning: You are sending unauthenticated requests to the HF Hub. Please set a HF_TOKEN to enable higher rate limits and faster downloads.
[2026-07-05 16:14:59,395][huggingface_hub.utils._http][WARNING] - Warning: You are sending unauthenticated requests to the HF Hub. Please set a HF_TOKEN to enable higher rate limits and faster downloads.
[2026-07-05 16:14:59,435][httpx][INFO] - HTTP Request: HEAD https://huggingface.co/roberta-base/resolve/main/config.json "HTTP/1.1 200 OK"
Loading weights:   0%|          | 0/197 [00:00<?, ?it/s]Loading weights: 100%|██████████| 197/197 [00:00<00:00, 3496.70it/s]
[transformers] [1mRobertaForSequenceClassification LOAD REPORT[0m from: roberta-base
Key                        | Status     | 
---------------------------+------------+-
lm_head.layer_norm.weight  | UNEXPECTED | 
lm_head.layer_norm.bias    | UNEXPECTED | 
lm_head.dense.bias         | UNEXPECTED | 
lm_head.dense.weight       | UNEXPECTED | 
lm_head.bias               | UNEXPECTED | 
classifier.dense.bias      | MISSING    | 
classifier.dense.weight    | MISSING    | 
classifier.out_proj.weight | MISSING    | 
classifier.out_proj.bias   | MISSING    | 

Notes:
- UNEXPECTED:	can be ignored when loading from different task/architecture; not ok if you expect identical arch.
- MISSING:	those params were newly initialized because missing from the checkpoint. Consider training on your downstream task.
[load] loading tokenizer (max_len=256)...
[2026-07-05 16:15:01,188][httpx][INFO] - HTTP Request: HEAD https://huggingface.co/roberta-base/resolve/main/config.json "HTTP/1.1 200 OK"
[2026-07-05 16:15:01,210][httpx][INFO] - HTTP Request: HEAD https://huggingface.co/roberta-base/resolve/main/tokenizer_config.json "HTTP/1.1 200 OK"
[2026-07-05 16:15:01,227][httpx][INFO] - HTTP Request: GET https://huggingface.co/api/models/roberta-base/tree/main/additional_chat_templates?recursive=false&expand=false "HTTP/1.1 307 Temporary Redirect"
[2026-07-05 16:15:01,246][httpx][INFO] - HTTP Request: GET https://huggingface.co/api/models/FacebookAI/roberta-base/tree/main/additional_chat_templates?recursive=false&expand=false "HTTP/1.1 404 Not Found"
[2026-07-05 16:15:01,269][httpx][INFO] - HTTP Request: GET https://huggingface.co/api/models/roberta-base/tree/main?recursive=true&expand=false "HTTP/1.1 307 Temporary Redirect"
[2026-07-05 16:15:01,291][httpx][INFO] - HTTP Request: GET https://huggingface.co/api/models/FacebookAI/roberta-base/tree/main?recursive=true&expand=false "HTTP/1.1 200 OK"
[load] model and tokenizer ready.
Loading training data
Training data loaded.

[fit] model=roberta-base | classes=7 | epochs=10 | patience=3
[fit] lr=5.0e-05 | warmup=87 steps (6% of 1460)
----------------------------------------------------------------------

[epoch 1/10]
  train loss : 1.1417E+00
  val loss   : 8.1530E-01  |  lr: 4.79e-05
  checkpoint : val loss improved → 8.1530E-01 (saved)

[epoch 2/10]
  train loss : 5.5680E-01
  val loss   : 5.6627E-01  |  lr: 4.25e-05
  checkpoint : val loss improved → 5.6627E-01 (saved)

[epoch 3/10]
  train loss : 3.7871E-01
  val loss   : 5.4361E-01  |  lr: 3.72e-05
  checkpoint : val loss improved → 5.4361E-01 (saved)

[epoch 4/10]
  train loss : 2.8123E-01
  val loss   : 4.9375E-01  |  lr: 3.19e-05
  checkpoint : val loss improved → 4.9375E-01 (saved)

[epoch 5/10]
  train loss : 2.1001E-01
  val loss   : 5.0984E-01  |  lr: 2.66e-05
  patience   : 0/3

[epoch 6/10]
  train loss : 1.6018E-01
  val loss   : 6.5150E-01  |  lr: 2.13e-05
  patience   : 1/3

[epoch 7/10]
  train loss : 1.0041E-01
  val loss   : 6.4419E-01  |  lr: 1.60e-05
  patience   : 2/3

[epoch 8/10]
  train loss : 6.7925E-02
  val loss   : 5.7645E-01  |  lr: 1.06e-05
  patience   : 3/3

[fit] early stopping triggered at epoch 8.
[fit] training complete in 347.7s
0.8748481166464156 0.8201862173283205
Saving proba...
Proba Saved
[unsupervised-is] fold=1 | train=5233 | test=822
[init] logging dir: logs/roberta/webkb_entropy-sublinear-ae-is/
Max Class =6
Classes in y_train: 7
Classes in y_val: 7
[load] loading model 'roberta-base' (7 labels)...
[2026-07-05 16:20:55,017][httpx][INFO] - HTTP Request: HEAD https://huggingface.co/roberta-base/resolve/main/config.json "HTTP/1.1 200 OK"
[2026-07-05 16:20:55,039][httpx][INFO] - HTTP Request: HEAD https://huggingface.co/roberta-base/resolve/main/config.json "HTTP/1.1 200 OK"
Loading weights:   0%|          | 0/197 [00:00<?, ?it/s]Loading weights: 100%|██████████| 197/197 [00:00<00:00, 2093.72it/s]
[transformers] [1mRobertaForSequenceClassification LOAD REPORT[0m from: roberta-base
Key                        | Status     | 
---------------------------+------------+-
lm_head.layer_norm.weight  | UNEXPECTED | 
lm_head.layer_norm.bias    | UNEXPECTED | 
lm_head.dense.bias         | UNEXPECTED | 
lm_head.dense.weight       | UNEXPECTED | 
lm_head.bias               | UNEXPECTED | 
classifier.dense.bias      | MISSING    | 
classifier.dense.weight    | MISSING    | 
classifier.out_proj.weight | MISSING    | 
classifier.out_proj.bias   | MISSING    | 

Notes:
- UNEXPECTED:	can be ignored when loading from different task/architecture; not ok if you expect identical arch.
- MISSING:	those params were newly initialized because missing from the checkpoint. Consider training on your downstream task.
[load] loading tokenizer (max_len=256)...
[2026-07-05 16:20:55,213][httpx][INFO] - HTTP Request: HEAD https://huggingface.co/roberta-base/resolve/main/config.json "HTTP/1.1 200 OK"
[2026-07-05 16:20:55,236][httpx][INFO] - HTTP Request: HEAD https://huggingface.co/roberta-base/resolve/main/tokenizer_config.json "HTTP/1.1 200 OK"
[2026-07-05 16:20:55,254][httpx][INFO] - HTTP Request: GET https://huggingface.co/api/models/roberta-base/tree/main/additional_chat_templates?recursive=false&expand=false "HTTP/1.1 307 Temporary Redirect"
[2026-07-05 16:20:55,270][httpx][INFO] - HTTP Request: GET https://huggingface.co/api/models/FacebookAI/roberta-base/tree/main/additional_chat_templates?recursive=false&expand=false "HTTP/1.1 404 Not Found"
[2026-07-05 16:20:55,288][httpx][INFO] - HTTP Request: GET https://huggingface.co/api/models/roberta-base/tree/main?recursive=true&expand=false "HTTP/1.1 307 Temporary Redirect"
[2026-07-05 16:20:55,309][httpx][INFO] - HTTP Request: GET https://huggingface.co/api/models/FacebookAI/roberta-base/tree/main?recursive=true&expand=false "HTTP/1.1 200 OK"
[load] model and tokenizer ready.
Loading training data
Training data loaded.

[fit] model=roberta-base | classes=7 | epochs=10 | patience=3
[fit] lr=5.0e-05 | warmup=88 steps (6% of 1480)
----------------------------------------------------------------------

[epoch 1/10]
  train loss : 1.1109E+00
  val loss   : 7.7175E-01  |  lr: 4.78e-05
  checkpoint : val loss improved → 7.7175E-01 (saved)

[epoch 2/10]
  train loss : 5.5981E-01
  val loss   : 5.3520E-01  |  lr: 4.25e-05
  checkpoint : val loss improved → 5.3520E-01 (saved)

[epoch 3/10]
  train loss : 3.5227E-01
  val loss   : 5.1636E-01  |  lr: 3.72e-05
  checkpoint : val loss improved → 5.1636E-01 (saved)

[epoch 4/10]
  train loss : 2.5744E-01
  val loss   : 6.0392E-01  |  lr: 3.19e-05
  patience   : 0/3

[epoch 5/10]
  train loss : 1.9636E-01
  val loss   : 6.2139E-01  |  lr: 2.66e-05
  patience   : 1/3

[epoch 6/10]
  train loss : 1.3073E-01
  val loss   : 7.4635E-01  |  lr: 2.13e-05
  patience   : 2/3

[epoch 7/10]
  train loss : 8.9311E-02
  val loss   : 7.6243E-01  |  lr: 1.59e-05
  patience   : 3/3

[fit] early stopping triggered at epoch 7.
[fit] training complete in 305.1s
0.8491484184914841 0.7801674484132209
Saving proba...
Proba Saved
[unsupervised-is] fold=2 | train=5243 | test=821
[init] logging dir: logs/roberta/webkb_entropy-sublinear-ae-is/
Max Class =6
Classes in y_train: 7
Classes in y_val: 7
[load] loading model 'roberta-base' (7 labels)...
[2026-07-05 16:26:08,164][httpx][INFO] - HTTP Request: HEAD https://huggingface.co/roberta-base/resolve/main/config.json "HTTP/1.1 200 OK"
[2026-07-05 16:26:08,198][httpx][INFO] - HTTP Request: HEAD https://huggingface.co/roberta-base/resolve/main/config.json "HTTP/1.1 200 OK"
Loading weights:   0%|          | 0/197 [00:00<?, ?it/s]Loading weights: 100%|██████████| 197/197 [00:00<00:00, 2092.94it/s]
[transformers] [1mRobertaForSequenceClassification LOAD REPORT[0m from: roberta-base
Key                        | Status     | 
---------------------------+------------+-
lm_head.layer_norm.weight  | UNEXPECTED | 
lm_head.layer_norm.bias    | UNEXPECTED | 
lm_head.dense.bias         | UNEXPECTED | 
lm_head.dense.weight       | UNEXPECTED | 
lm_head.bias               | UNEXPECTED | 
classifier.dense.bias      | MISSING    | 
classifier.dense.weight    | MISSING    | 
classifier.out_proj.weight | MISSING    | 
classifier.out_proj.bias   | MISSING    | 

Notes:
- UNEXPECTED:	can be ignored when loading from different task/architecture; not ok if you expect identical arch.
- MISSING:	those params were newly initialized because missing from the checkpoint. Consider training on your downstream task.
[load] loading tokenizer (max_len=256)...
[2026-07-05 16:26:08,398][httpx][INFO] - HTTP Request: HEAD https://huggingface.co/roberta-base/resolve/main/config.json "HTTP/1.1 200 OK"
[2026-07-05 16:26:08,429][httpx][INFO] - HTTP Request: HEAD https://huggingface.co/roberta-base/resolve/main/tokenizer_config.json "HTTP/1.1 200 OK"
[2026-07-05 16:26:08,467][httpx][INFO] - HTTP Request: GET https://huggingface.co/api/models/roberta-base/tree/main/additional_chat_templates?recursive=false&expand=false "HTTP/1.1 307 Temporary Redirect"
[2026-07-05 16:26:08,497][httpx][INFO] - HTTP Request: GET https://huggingface.co/api/models/FacebookAI/roberta-base/tree/main/additional_chat_templates?recursive=false&expand=false "HTTP/1.1 404 Not Found"
[2026-07-05 16:26:08,524][httpx][INFO] - HTTP Request: GET https://huggingface.co/api/models/roberta-base/tree/main?recursive=true&expand=false "HTTP/1.1 307 Temporary Redirect"
[2026-07-05 16:26:08,551][httpx][INFO] - HTTP Request: GET https://huggingface.co/api/models/FacebookAI/roberta-base/tree/main?recursive=true&expand=false "HTTP/1.1 200 OK"
[load] model and tokenizer ready.
Loading training data
Training data loaded.

[fit] model=roberta-base | classes=7 | epochs=10 | patience=3
[fit] lr=5.0e-05 | warmup=88 steps (6% of 1480)
----------------------------------------------------------------------

[epoch 1/10]
  train loss : 1.1554E+00
  val loss   : 6.1895E-01  |  lr: 4.78e-05
  checkpoint : val loss improved → 6.1895E-01 (saved)

[epoch 2/10]
  train loss : 5.8433E-01
  val loss   : 6.0008E-01  |  lr: 4.25e-05
  checkpoint : val loss improved → 6.0008E-01 (saved)

[epoch 3/10]
  train loss : 4.0028E-01
  val loss   : 4.9770E-01  |  lr: 3.72e-05
  checkpoint : val loss improved → 4.9770E-01 (saved)

[epoch 4/10]
  train loss : 2.8837E-01
  val loss   : 4.8486E-01  |  lr: 3.19e-05
  checkpoint : val loss improved → 4.8486E-01 (saved)

[epoch 5/10]
  train loss : 2.2316E-01
  val loss   : 5.6308E-01  |  lr: 2.66e-05
  patience   : 0/3

[epoch 6/10]
  train loss : 1.5995E-01
  val loss   : 5.9461E-01  |  lr: 2.13e-05
  patience   : 1/3

[epoch 7/10]
  train loss : 1.1229E-01
  val loss   : 6.1614E-01  |  lr: 1.59e-05
  patience   : 2/3

[epoch 8/10]
  train loss : 7.7589E-02
  val loss   : 7.0155E-01  |  lr: 1.06e-05
  patience   : 3/3

[fit] early stopping triggered at epoch 8.
[fit] training complete in 349.4s
0.8647990255785627 0.7995852469340502
Saving proba...
Proba Saved
[unsupervised-is] fold=3 | train=5127 | test=821
[init] logging dir: logs/roberta/webkb_entropy-sublinear-ae-is/
Max Class =6
Classes in y_train: 7
Classes in y_val: 7
[load] loading model 'roberta-base' (7 labels)...
[2026-07-05 16:32:05,439][httpx][INFO] - HTTP Request: HEAD https://huggingface.co/roberta-base/resolve/main/config.json "HTTP/1.1 200 OK"
[2026-07-05 16:32:05,462][httpx][INFO] - HTTP Request: HEAD https://huggingface.co/roberta-base/resolve/main/config.json "HTTP/1.1 200 OK"
Loading weights:   0%|          | 0/197 [00:00<?, ?it/s]Loading weights: 100%|██████████| 197/197 [00:00<00:00, 2198.30it/s]
[transformers] [1mRobertaForSequenceClassification LOAD REPORT[0m from: roberta-base
Key                        | Status     | 
---------------------------+------------+-
lm_head.layer_norm.weight  | UNEXPECTED | 
lm_head.layer_norm.bias    | UNEXPECTED | 
lm_head.dense.bias         | UNEXPECTED | 
lm_head.dense.weight       | UNEXPECTED | 
lm_head.bias               | UNEXPECTED | 
classifier.dense.bias      | MISSING    | 
classifier.dense.weight    | MISSING    | 
classifier.out_proj.weight | MISSING    | 
classifier.out_proj.bias   | MISSING    | 

Notes:
- UNEXPECTED:	can be ignored when loading from different task/architecture; not ok if you expect identical arch.
- MISSING:	those params were newly initialized because missing from the checkpoint. Consider training on your downstream task.
[load] loading tokenizer (max_len=256)...
[2026-07-05 16:32:05,636][httpx][INFO] - HTTP Request: HEAD https://huggingface.co/roberta-base/resolve/main/config.json "HTTP/1.1 200 OK"
[2026-07-05 16:32:05,657][httpx][INFO] - HTTP Request: HEAD https://huggingface.co/roberta-base/resolve/main/tokenizer_config.json "HTTP/1.1 200 OK"
[2026-07-05 16:32:05,680][httpx][INFO] - HTTP Request: GET https://huggingface.co/api/models/roberta-base/tree/main/additional_chat_templates?recursive=false&expand=false "HTTP/1.1 307 Temporary Redirect"
[2026-07-05 16:32:05,698][httpx][INFO] - HTTP Request: GET https://huggingface.co/api/models/FacebookAI/roberta-base/tree/main/additional_chat_templates?recursive=false&expand=false "HTTP/1.1 404 Not Found"
[2026-07-05 16:32:05,713][httpx][INFO] - HTTP Request: GET https://huggingface.co/api/models/roberta-base/tree/main?recursive=true&expand=false "HTTP/1.1 307 Temporary Redirect"
[2026-07-05 16:32:05,757][httpx][INFO] - HTTP Request: GET https://huggingface.co/api/models/FacebookAI/roberta-base/tree/main?recursive=true&expand=false "HTTP/1.1 200 OK"
[load] model and tokenizer ready.
Loading training data
Training data loaded.

[fit] model=roberta-base | classes=7 | epochs=10 | patience=3
[fit] lr=5.0e-05 | warmup=87 steps (6% of 1450)
----------------------------------------------------------------------

[epoch 1/10]
  train loss : 1.1303E+00
  val loss   : 6.0616E-01  |  lr: 4.79e-05
  checkpoint : val loss improved → 6.0616E-01 (saved)

[epoch 2/10]
  train loss : 5.4782E-01
  val loss   : 4.6435E-01  |  lr: 4.26e-05
  checkpoint : val loss improved → 4.6435E-01 (saved)

[epoch 3/10]
  train loss : 3.7064E-01
  val loss   : 4.5796E-01  |  lr: 3.72e-05
  checkpoint : val loss improved → 4.5796E-01 (saved)

[epoch 4/10]
  train loss : 2.5511E-01
  val loss   : 4.8303E-01  |  lr: 3.19e-05
  patience   : 0/3

[epoch 5/10]
  train loss : 1.8622E-01
  val loss   : 5.8862E-01  |  lr: 2.66e-05
  patience   : 1/3

[epoch 6/10]
  train loss : 1.5767E-01
  val loss   : 6.0492E-01  |  lr: 2.13e-05
  patience   : 2/3

[epoch 7/10]
  train loss : 1.0948E-01
  val loss   : 6.4753E-01  |  lr: 1.60e-05
  patience   : 3/3

[fit] early stopping triggered at epoch 7.
[fit] training complete in 301.4s
0.8392204628501827 0.7512451990956033
Saving proba...
Proba Saved
[unsupervised-is] fold=4 | train=5144 | test=821
[init] logging dir: logs/roberta/webkb_entropy-sublinear-ae-is/
Max Class =6
Classes in y_train: 7
Classes in y_val: 7
[load] loading model 'roberta-base' (7 labels)...
[2026-07-05 16:37:14,779][httpx][INFO] - HTTP Request: HEAD https://huggingface.co/roberta-base/resolve/main/config.json "HTTP/1.1 200 OK"
[2026-07-05 16:37:14,814][httpx][INFO] - HTTP Request: HEAD https://huggingface.co/roberta-base/resolve/main/config.json "HTTP/1.1 200 OK"
Loading weights:   0%|          | 0/197 [00:00<?, ?it/s]Loading weights: 100%|██████████| 197/197 [00:00<00:00, 2996.49it/s]
[transformers] [1mRobertaForSequenceClassification LOAD REPORT[0m from: roberta-base
Key                        | Status     | 
---------------------------+------------+-
lm_head.layer_norm.weight  | UNEXPECTED | 
lm_head.layer_norm.bias    | UNEXPECTED | 
lm_head.dense.bias         | UNEXPECTED | 
lm_head.dense.weight       | UNEXPECTED | 
lm_head.bias               | UNEXPECTED | 
classifier.dense.bias      | MISSING    | 
classifier.dense.weight    | MISSING    | 
classifier.out_proj.weight | MISSING    | 
classifier.out_proj.bias   | MISSING    | 

Notes:
- UNEXPECTED:	can be ignored when loading from different task/architecture; not ok if you expect identical arch.
- MISSING:	those params were newly initialized because missing from the checkpoint. Consider training on your downstream task.
[load] loading tokenizer (max_len=256)...
[2026-07-05 16:37:14,980][httpx][INFO] - HTTP Request: HEAD https://huggingface.co/roberta-base/resolve/main/config.json "HTTP/1.1 200 OK"
[2026-07-05 16:37:15,011][httpx][INFO] - HTTP Request: HEAD https://huggingface.co/roberta-base/resolve/main/tokenizer_config.json "HTTP/1.1 200 OK"
[2026-07-05 16:37:15,047][httpx][INFO] - HTTP Request: GET https://huggingface.co/api/models/roberta-base/tree/main/additional_chat_templates?recursive=false&expand=false "HTTP/1.1 307 Temporary Redirect"
[2026-07-05 16:37:15,074][httpx][INFO] - HTTP Request: GET https://huggingface.co/api/models/FacebookAI/roberta-base/tree/main/additional_chat_templates?recursive=false&expand=false "HTTP/1.1 404 Not Found"
[2026-07-05 16:37:15,103][httpx][INFO] - HTTP Request: GET https://huggingface.co/api/models/roberta-base/tree/main?recursive=true&expand=false "HTTP/1.1 307 Temporary Redirect"
[2026-07-05 16:37:15,134][httpx][INFO] - HTTP Request: GET https://huggingface.co/api/models/FacebookAI/roberta-base/tree/main?recursive=true&expand=false "HTTP/1.1 200 OK"
[load] model and tokenizer ready.
Loading training data
Training data loaded.

[fit] model=roberta-base | classes=7 | epochs=10 | patience=3
[fit] lr=5.0e-05 | warmup=87 steps (6% of 1450)
----------------------------------------------------------------------

[epoch 1/10]
  train loss : 1.1657E+00
  val loss   : 7.5571E-01  |  lr: 4.79e-05
  checkpoint : val loss improved → 7.5571E-01 (saved)

[epoch 2/10]
  train loss : 5.6352E-01
  val loss   : 5.5317E-01  |  lr: 4.26e-05
  checkpoint : val loss improved → 5.5317E-01 (saved)

[epoch 3/10]
  train loss : 3.7342E-01
  val loss   : 5.9651E-01  |  lr: 3.72e-05
  patience   : 0/3

[epoch 4/10]
  train loss : 2.7859E-01
  val loss   : 4.7911E-01  |  lr: 3.19e-05
  checkpoint : val loss improved → 4.7911E-01 (saved)

[epoch 5/10]
  train loss : 1.8511E-01
  val loss   : 7.1837E-01  |  lr: 2.66e-05
  patience   : 1/3

[epoch 6/10]
  train loss : 1.4222E-01
  val loss   : 6.8023E-01  |  lr: 2.13e-05
  patience   : 2/3

[epoch 7/10]
  train loss : 1.0503E-01
  val loss   : 8.6351E-01  |  lr: 1.60e-05
  patience   : 3/3

[fit] early stopping triggered at epoch 7.
[fit] training complete in 300.0s
0.8514007308160779 0.7533429319427593
Saving proba...
Proba Saved
[unsupervised-is] fold=5 | train=5196 | test=820
[init] logging dir: logs/roberta/webkb_entropy-sublinear-ae-is/
Max Class =6
Classes in y_train: 7
Classes in y_val: 7
[load] loading model 'roberta-base' (7 labels)...
[2026-07-05 16:42:22,613][httpx][INFO] - HTTP Request: HEAD https://huggingface.co/roberta-base/resolve/main/config.json "HTTP/1.1 200 OK"
[2026-07-05 16:42:22,631][httpx][INFO] - HTTP Request: HEAD https://huggingface.co/roberta-base/resolve/main/config.json "HTTP/1.1 200 OK"
Loading weights:   0%|          | 0/197 [00:00<?, ?it/s]Loading weights: 100%|██████████| 197/197 [00:00<00:00, 2031.41it/s]
[transformers] [1mRobertaForSequenceClassification LOAD REPORT[0m from: roberta-base
Key                        | Status     | 
---------------------------+------------+-
lm_head.layer_norm.weight  | UNEXPECTED | 
lm_head.layer_norm.bias    | UNEXPECTED | 
lm_head.dense.bias         | UNEXPECTED | 
lm_head.dense.weight       | UNEXPECTED | 
lm_head.bias               | UNEXPECTED | 
classifier.dense.bias      | MISSING    | 
classifier.dense.weight    | MISSING    | 
classifier.out_proj.weight | MISSING    | 
classifier.out_proj.bias   | MISSING    | 

Notes:
- UNEXPECTED:	can be ignored when loading from different task/architecture; not ok if you expect identical arch.
- MISSING:	those params were newly initialized because missing from the checkpoint. Consider training on your downstream task.
[load] loading tokenizer (max_len=256)...
[2026-07-05 16:42:22,806][httpx][INFO] - HTTP Request: HEAD https://huggingface.co/roberta-base/resolve/main/config.json "HTTP/1.1 200 OK"
[2026-07-05 16:42:22,836][httpx][INFO] - HTTP Request: HEAD https://huggingface.co/roberta-base/resolve/main/tokenizer_config.json "HTTP/1.1 200 OK"
[2026-07-05 16:42:22,853][httpx][INFO] - HTTP Request: GET https://huggingface.co/api/models/roberta-base/tree/main/additional_chat_templates?recursive=false&expand=false "HTTP/1.1 307 Temporary Redirect"
[2026-07-05 16:42:22,871][httpx][INFO] - HTTP Request: GET https://huggingface.co/api/models/FacebookAI/roberta-base/tree/main/additional_chat_templates?recursive=false&expand=false "HTTP/1.1 404 Not Found"
[2026-07-05 16:42:22,888][httpx][INFO] - HTTP Request: GET https://huggingface.co/api/models/roberta-base/tree/main?recursive=true&expand=false "HTTP/1.1 307 Temporary Redirect"
[2026-07-05 16:42:22,910][httpx][INFO] - HTTP Request: GET https://huggingface.co/api/models/FacebookAI/roberta-base/tree/main?recursive=true&expand=false "HTTP/1.1 200 OK"
[load] model and tokenizer ready.
Loading training data
Training data loaded.

[fit] model=roberta-base | classes=7 | epochs=10 | patience=3
[fit] lr=5.0e-05 | warmup=88 steps (6% of 1470)
----------------------------------------------------------------------

[epoch 1/10]
  train loss : 1.0848E+00
  val loss   : 6.1812E-01  |  lr: 4.79e-05
  checkpoint : val loss improved → 6.1812E-01 (saved)

[epoch 2/10]
  train loss : 5.1777E-01
  val loss   : 4.1410E-01  |  lr: 4.25e-05
  checkpoint : val loss improved → 4.1410E-01 (saved)

[epoch 3/10]
  train loss : 3.6499E-01
  val loss   : 4.1744E-01  |  lr: 3.72e-05
  patience   : 0/3

[epoch 4/10]
  train loss : 2.5205E-01
  val loss   : 4.4740E-01  |  lr: 3.19e-05
  patience   : 1/3

[epoch 5/10]
  train loss : 1.7609E-01
  val loss   : 5.0841E-01  |  lr: 2.66e-05
  patience   : 2/3

[epoch 6/10]
  train loss : 1.3991E-01
  val loss   : 5.7014E-01  |  lr: 2.13e-05
  patience   : 3/3

[fit] early stopping triggered at epoch 6.
[fit] training complete in 259.8s
0.8512195121951219 0.7974126466039954
Saving proba...
Proba Saved
[unsupervised-is] fold=6 | train=5165 | test=819
[init] logging dir: logs/roberta/webkb_entropy-sublinear-ae-is/
Max Class =6
Classes in y_train: 7
Classes in y_val: 7
[load] loading model 'roberta-base' (7 labels)...
[2026-07-05 16:46:50,313][httpx][INFO] - HTTP Request: HEAD https://huggingface.co/roberta-base/resolve/main/config.json "HTTP/1.1 200 OK"
[2026-07-05 16:46:50,336][httpx][INFO] - HTTP Request: HEAD https://huggingface.co/roberta-base/resolve/main/config.json "HTTP/1.1 200 OK"
Loading weights:   0%|          | 0/197 [00:00<?, ?it/s]Loading weights: 100%|██████████| 197/197 [00:00<00:00, 2055.90it/s]
[transformers] [1mRobertaForSequenceClassification LOAD REPORT[0m from: roberta-base
Key                        | Status     | 
---------------------------+------------+-
lm_head.layer_norm.weight  | UNEXPECTED | 
lm_head.layer_norm.bias    | UNEXPECTED | 
lm_head.dense.bias         | UNEXPECTED | 
lm_head.dense.weight       | UNEXPECTED | 
lm_head.bias               | UNEXPECTED | 
classifier.dense.bias      | MISSING    | 
classifier.dense.weight    | MISSING    | 
classifier.out_proj.weight | MISSING    | 
classifier.out_proj.bias   | MISSING    | 

Notes:
- UNEXPECTED:	can be ignored when loading from different task/architecture; not ok if you expect identical arch.
- MISSING:	those params were newly initialized because missing from the checkpoint. Consider training on your downstream task.
[load] loading tokenizer (max_len=256)...
[2026-07-05 16:46:50,513][httpx][INFO] - HTTP Request: HEAD https://huggingface.co/roberta-base/resolve/main/config.json "HTTP/1.1 200 OK"
[2026-07-05 16:46:50,535][httpx][INFO] - HTTP Request: HEAD https://huggingface.co/roberta-base/resolve/main/tokenizer_config.json "HTTP/1.1 200 OK"
[2026-07-05 16:46:50,562][httpx][INFO] - HTTP Request: GET https://huggingface.co/api/models/roberta-base/tree/main/additional_chat_templates?recursive=false&expand=false "HTTP/1.1 307 Temporary Redirect"
[2026-07-05 16:46:50,581][httpx][INFO] - HTTP Request: GET https://huggingface.co/api/models/FacebookAI/roberta-base/tree/main/additional_chat_templates?recursive=false&expand=false "HTTP/1.1 404 Not Found"
[2026-07-05 16:46:50,598][httpx][INFO] - HTTP Request: GET https://huggingface.co/api/models/roberta-base/tree/main?recursive=true&expand=false "HTTP/1.1 307 Temporary Redirect"
[2026-07-05 16:46:50,624][httpx][INFO] - HTTP Request: GET https://huggingface.co/api/models/FacebookAI/roberta-base/tree/main?recursive=true&expand=false "HTTP/1.1 200 OK"
[load] model and tokenizer ready.
Loading training data
Training data loaded.

[fit] model=roberta-base | classes=7 | epochs=10 | patience=3
[fit] lr=5.0e-05 | warmup=87 steps (6% of 1460)
----------------------------------------------------------------------

[epoch 1/10]
  train loss : 1.0975E+00
  val loss   : 6.5778E-01  |  lr: 4.79e-05
  checkpoint : val loss improved → 6.5778E-01 (saved)

[epoch 2/10]
  train loss : 5.1879E-01
  val loss   : 5.1521E-01  |  lr: 4.25e-05
  checkpoint : val loss improved → 5.1521E-01 (saved)

[epoch 3/10]
  train loss : 3.8005E-01
  val loss   : 4.9410E-01  |  lr: 3.72e-05
  checkpoint : val loss improved → 4.9410E-01 (saved)

[epoch 4/10]
  train loss : 2.7151E-01
  val loss   : 5.1593E-01  |  lr: 3.19e-05
  patience   : 0/3

[epoch 5/10]
  train loss : 2.0025E-01
  val loss   : 6.0186E-01  |  lr: 2.66e-05
  patience   : 1/3

[epoch 6/10]
  train loss : 1.3905E-01
  val loss   : 5.7838E-01  |  lr: 2.13e-05
  patience   : 2/3

[epoch 7/10]
  train loss : 9.8726E-02
  val loss   : 5.9338E-01  |  lr: 1.60e-05
  patience   : 3/3

[fit] early stopping triggered at epoch 7.
[fit] training complete in 301.2s
0.8888888888888888 0.8339882306826916
Saving proba...
Proba Saved
[unsupervised-is] fold=7 | train=5308 | test=818
[init] logging dir: logs/roberta/webkb_entropy-sublinear-ae-is/
Max Class =6
Classes in y_train: 7
Classes in y_val: 7
[load] loading model 'roberta-base' (7 labels)...
[2026-07-05 16:51:59,511][httpx][INFO] - HTTP Request: HEAD https://huggingface.co/roberta-base/resolve/main/config.json "HTTP/1.1 200 OK"
[2026-07-05 16:51:59,551][httpx][INFO] - HTTP Request: HEAD https://huggingface.co/roberta-base/resolve/main/config.json "HTTP/1.1 200 OK"
Loading weights:   0%|          | 0/197 [00:00<?, ?it/s]Loading weights: 100%|██████████| 197/197 [00:00<00:00, 2151.88it/s]
[transformers] [1mRobertaForSequenceClassification LOAD REPORT[0m from: roberta-base
Key                        | Status     | 
---------------------------+------------+-
lm_head.layer_norm.weight  | UNEXPECTED | 
lm_head.layer_norm.bias    | UNEXPECTED | 
lm_head.dense.bias         | UNEXPECTED | 
lm_head.dense.weight       | UNEXPECTED | 
lm_head.bias               | UNEXPECTED | 
classifier.dense.bias      | MISSING    | 
classifier.dense.weight    | MISSING    | 
classifier.out_proj.weight | MISSING    | 
classifier.out_proj.bias   | MISSING    | 

Notes:
- UNEXPECTED:	can be ignored when loading from different task/architecture; not ok if you expect identical arch.
- MISSING:	those params were newly initialized because missing from the checkpoint. Consider training on your downstream task.
[load] loading tokenizer (max_len=256)...
[2026-07-05 16:51:59,733][httpx][INFO] - HTTP Request: HEAD https://huggingface.co/roberta-base/resolve/main/config.json "HTTP/1.1 200 OK"
[2026-07-05 16:51:59,762][httpx][INFO] - HTTP Request: HEAD https://huggingface.co/roberta-base/resolve/main/tokenizer_config.json "HTTP/1.1 200 OK"
[2026-07-05 16:51:59,791][httpx][INFO] - HTTP Request: GET https://huggingface.co/api/models/roberta-base/tree/main/additional_chat_templates?recursive=false&expand=false "HTTP/1.1 307 Temporary Redirect"
[2026-07-05 16:51:59,821][httpx][INFO] - HTTP Request: GET https://huggingface.co/api/models/FacebookAI/roberta-base/tree/main/additional_chat_templates?recursive=false&expand=false "HTTP/1.1 404 Not Found"
[2026-07-05 16:51:59,850][httpx][INFO] - HTTP Request: GET https://huggingface.co/api/models/roberta-base/tree/main?recursive=true&expand=false "HTTP/1.1 307 Temporary Redirect"
[2026-07-05 16:51:59,881][httpx][INFO] - HTTP Request: GET https://huggingface.co/api/models/FacebookAI/roberta-base/tree/main?recursive=true&expand=false "HTTP/1.1 200 OK"
[load] model and tokenizer ready.
Loading training data
Training data loaded.

[fit] model=roberta-base | classes=7 | epochs=10 | patience=3
[fit] lr=5.0e-05 | warmup=90 steps (6% of 1500)
----------------------------------------------------------------------

[epoch 1/10]
  train loss : 1.1598E+00
  val loss   : 7.0823E-01  |  lr: 4.79e-05
  checkpoint : val loss improved → 7.0823E-01 (saved)

[epoch 2/10]
  train loss : 5.6320E-01
  val loss   : 7.3511E-01  |  lr: 4.26e-05
  patience   : 0/3

[epoch 3/10]
  train loss : 3.7589E-01
  val loss   : 5.3005E-01  |  lr: 3.72e-05
  checkpoint : val loss improved → 5.3005E-01 (saved)

[epoch 4/10]
  train loss : 2.7816E-01
  val loss   : 6.1480E-01  |  lr: 3.19e-05
  patience   : 1/3

[epoch 5/10]
  train loss : 2.0143E-01
  val loss   : 4.8063E-01  |  lr: 2.66e-05
  checkpoint : val loss improved → 4.8063E-01 (saved)

[epoch 6/10]
  train loss : 1.4069E-01
  val loss   : 5.7745E-01  |  lr: 2.13e-05
  patience   : 2/3

[epoch 7/10]
  train loss : 9.9725E-02
  val loss   : 5.9882E-01  |  lr: 1.60e-05
  patience   : 3/3

[fit] early stopping triggered at epoch 7.
[fit] training complete in 309.7s
0.8618581907090465 0.7920161484940512
Saving proba...
Proba Saved
[unsupervised-is] fold=8 | train=5153 | test=817
[init] logging dir: logs/roberta/webkb_entropy-sublinear-ae-is/
Max Class =6
Classes in y_train: 7
Classes in y_val: 7
[load] loading model 'roberta-base' (7 labels)...
[2026-07-05 16:57:17,138][httpx][INFO] - HTTP Request: HEAD https://huggingface.co/roberta-base/resolve/main/config.json "HTTP/1.1 200 OK"
[2026-07-05 16:57:17,159][httpx][INFO] - HTTP Request: HEAD https://huggingface.co/roberta-base/resolve/main/config.json "HTTP/1.1 200 OK"
Loading weights:   0%|          | 0/197 [00:00<?, ?it/s]Loading weights: 100%|██████████| 197/197 [00:00<00:00, 2123.27it/s]
[transformers] [1mRobertaForSequenceClassification LOAD REPORT[0m from: roberta-base
Key                        | Status     | 
---------------------------+------------+-
lm_head.layer_norm.weight  | UNEXPECTED | 
lm_head.layer_norm.bias    | UNEXPECTED | 
lm_head.dense.bias         | UNEXPECTED | 
lm_head.dense.weight       | UNEXPECTED | 
lm_head.bias               | UNEXPECTED | 
classifier.dense.bias      | MISSING    | 
classifier.dense.weight    | MISSING    | 
classifier.out_proj.weight | MISSING    | 
classifier.out_proj.bias   | MISSING    | 

Notes:
- UNEXPECTED:	can be ignored when loading from different task/architecture; not ok if you expect identical arch.
- MISSING:	those params were newly initialized because missing from the checkpoint. Consider training on your downstream task.
[load] loading tokenizer (max_len=256)...
[2026-07-05 16:57:17,331][httpx][INFO] - HTTP Request: HEAD https://huggingface.co/roberta-base/resolve/main/config.json "HTTP/1.1 200 OK"
[2026-07-05 16:57:17,351][httpx][INFO] - HTTP Request: HEAD https://huggingface.co/roberta-base/resolve/main/tokenizer_config.json "HTTP/1.1 200 OK"
[2026-07-05 16:57:17,375][httpx][INFO] - HTTP Request: GET https://huggingface.co/api/models/roberta-base/tree/main/additional_chat_templates?recursive=false&expand=false "HTTP/1.1 307 Temporary Redirect"
[2026-07-05 16:57:17,394][httpx][INFO] - HTTP Request: GET https://huggingface.co/api/models/FacebookAI/roberta-base/tree/main/additional_chat_templates?recursive=false&expand=false "HTTP/1.1 404 Not Found"
[2026-07-05 16:57:17,411][httpx][INFO] - HTTP Request: GET https://huggingface.co/api/models/roberta-base/tree/main?recursive=true&expand=false "HTTP/1.1 307 Temporary Redirect"
[2026-07-05 16:57:17,431][httpx][INFO] - HTTP Request: GET https://huggingface.co/api/models/FacebookAI/roberta-base/tree/main?recursive=true&expand=false "HTTP/1.1 200 OK"
[load] model and tokenizer ready.
Loading training data
Training data loaded.

[fit] model=roberta-base | classes=7 | epochs=10 | patience=3
[fit] lr=5.0e-05 | warmup=87 steps (6% of 1450)
----------------------------------------------------------------------

[epoch 1/10]
  train loss : 1.0948E+00
  val loss   : 6.0760E-01  |  lr: 4.79e-05
  checkpoint : val loss improved → 6.0760E-01 (saved)

[epoch 2/10]
  train loss : 5.6753E-01
  val loss   : 4.9627E-01  |  lr: 4.26e-05
  checkpoint : val loss improved → 4.9627E-01 (saved)

[epoch 3/10]
  train loss : 3.7003E-01
  val loss   : 4.1499E-01  |  lr: 3.72e-05
  checkpoint : val loss improved → 4.1499E-01 (saved)

[epoch 4/10]
  train loss : 2.6637E-01
  val loss   : 4.7580E-01  |  lr: 3.19e-05
  patience   : 0/3

[epoch 5/10]
  train loss : 1.7268E-01
  val loss   : 4.9047E-01  |  lr: 2.66e-05
  patience   : 1/3

[epoch 6/10]
  train loss : 1.2500E-01
  val loss   : 6.3196E-01  |  lr: 2.13e-05
  patience   : 2/3

[epoch 7/10]
  train loss : 8.7528E-02
  val loss   : 6.6068E-01  |  lr: 1.60e-05
  patience   : 3/3

[fit] early stopping triggered at epoch 7.
[fit] training complete in 300.5s
0.8714810281517748 0.8364902542713614
Saving proba...
Proba Saved
[unsupervised-is] fold=9 | train=5159 | test=817
[init] logging dir: logs/roberta/webkb_entropy-sublinear-ae-is/
Max Class =6
Classes in y_train: 7
Classes in y_val: 7
[load] loading model 'roberta-base' (7 labels)...
[2026-07-05 17:02:25,483][httpx][INFO] - HTTP Request: HEAD https://huggingface.co/roberta-base/resolve/main/config.json "HTTP/1.1 200 OK"
[2026-07-05 17:02:25,504][httpx][INFO] - HTTP Request: HEAD https://huggingface.co/roberta-base/resolve/main/config.json "HTTP/1.1 200 OK"
Loading weights:   0%|          | 0/197 [00:00<?, ?it/s]Loading weights: 100%|██████████| 197/197 [00:00<00:00, 1989.27it/s]
[transformers] [1mRobertaForSequenceClassification LOAD REPORT[0m from: roberta-base
Key                        | Status     | 
---------------------------+------------+-
lm_head.layer_norm.weight  | UNEXPECTED | 
lm_head.layer_norm.bias    | UNEXPECTED | 
lm_head.dense.bias         | UNEXPECTED | 
lm_head.dense.weight       | UNEXPECTED | 
lm_head.bias               | UNEXPECTED | 
classifier.dense.bias      | MISSING    | 
classifier.dense.weight    | MISSING    | 
classifier.out_proj.weight | MISSING    | 
classifier.out_proj.bias   | MISSING    | 

Notes:
- UNEXPECTED:	can be ignored when loading from different task/architecture; not ok if you expect identical arch.
- MISSING:	those params were newly initialized because missing from the checkpoint. Consider training on your downstream task.
[load] loading tokenizer (max_len=256)...
[2026-07-05 17:02:25,689][httpx][INFO] - HTTP Request: HEAD https://huggingface.co/roberta-base/resolve/main/config.json "HTTP/1.1 200 OK"
[2026-07-05 17:02:25,709][httpx][INFO] - HTTP Request: HEAD https://huggingface.co/roberta-base/resolve/main/tokenizer_config.json "HTTP/1.1 200 OK"
[2026-07-05 17:02:25,729][httpx][INFO] - HTTP Request: GET https://huggingface.co/api/models/roberta-base/tree/main/additional_chat_templates?recursive=false&expand=false "HTTP/1.1 307 Temporary Redirect"
[2026-07-05 17:02:25,745][httpx][INFO] - HTTP Request: GET https://huggingface.co/api/models/FacebookAI/roberta-base/tree/main/additional_chat_templates?recursive=false&expand=false "HTTP/1.1 404 Not Found"
[2026-07-05 17:02:25,763][httpx][INFO] - HTTP Request: GET https://huggingface.co/api/models/roberta-base/tree/main?recursive=true&expand=false "HTTP/1.1 307 Temporary Redirect"
[2026-07-05 17:02:25,782][httpx][INFO] - HTTP Request: GET https://huggingface.co/api/models/FacebookAI/roberta-base/tree/main?recursive=true&expand=false "HTTP/1.1 200 OK"
[load] model and tokenizer ready.
Loading training data
Training data loaded.

[fit] model=roberta-base | classes=7 | epochs=10 | patience=3
[fit] lr=5.0e-05 | warmup=87 steps (6% of 1460)
----------------------------------------------------------------------

[epoch 1/10]
  train loss : 1.1279E+00
  val loss   : 7.2632E-01  |  lr: 4.79e-05
  checkpoint : val loss improved → 7.2632E-01 (saved)

[epoch 2/10]
  train loss : 5.9427E-01
  val loss   : 5.4102E-01  |  lr: 4.25e-05
  checkpoint : val loss improved → 5.4102E-01 (saved)

[epoch 3/10]
  train loss : 4.0199E-01
  val loss   : 7.9231E-01  |  lr: 3.72e-05
  patience   : 0/3

[epoch 4/10]
  train loss : 2.9389E-01
  val loss   : 7.5338E-01  |  lr: 3.19e-05
  patience   : 1/3

[epoch 5/10]
  train loss : 2.0501E-01
  val loss   : 6.0518E-01  |  lr: 2.66e-05
  patience   : 2/3

[epoch 6/10]
  train loss : 1.4073E-01
  val loss   : 5.3237E-01  |  lr: 2.13e-05
  checkpoint : val loss improved → 5.3237E-01 (saved)

[epoch 7/10]
  train loss : 1.0217E-01
  val loss   : 5.4835E-01  |  lr: 1.60e-05
  patience   : 3/3

[fit] early stopping triggered at epoch 7.
[fit] training complete in 300.8s
0.8555691554467564 0.7848219585300972
Saving proba...
Proba Saved
Done.
