/app/atcBench/main.py:45: UserWarning: 
The version_base parameter is not specified.
Please specify a compatability version level, or None.
Will assume defaults for version 1.1
  @hydra.main(config_path=CONFIG_PATH, config_name=CONFIG_NAME)
/app/venv/lib/python3.12/site-packages/hydra/_internal/hydra.py:119: UserWarning: Future Hydra versions will no longer change working directory at job runtime by default.
See https://hydra.cc/docs/1.2/upgrades/1.1_to_1.2/changes_to_job_working_dir/ for more information.
  ret = run_job(
data:
  nfolds: 10
  VALIDATION_SIZE_FOR_LOSS: 0.1
  dataset_name: webkb
  is_method: sublinear-ae-is
  dataset: ${data.dataset_name}_${data.is_method}
  texts_path: ${oc.env:DATASETS_DIR,/app/datasets}/${data.dataset_name}/texts.txt
  scores_path: ${oc.env:DATASETS_DIR,/app/datasets}/${data.dataset_name}/score.txt
  external_splits_path: ${oc.env:RESULTS_DIR,/app/results}/instance_selection/selection/${data.dataset_name}/split_10_${data.is_method}.pkl
model:
  type: slm
  model_name: answerdotai/ModernBERT-base
  model_tag: modernbert
  training_args:
    max_len: 256
    batch_size: 32
    lr: 5.0e-05
    num_max_epochs: 10
    patience: 3
    weight_decay_rate: 0.01
    min_val_epoch_impro_delta: 0.0001
    max_grad_norm: 1.0
    warmup_ratio: 0.06
  text_representation: raw
paths:
  output_dir: ${oc.env:RESULTS_DIR,/app/results}/classificacao/output/
  output_dir_full_path: ${paths.output_dir}/${model.model_tag}/${data.dataset}/
  DATA_DIR: resources/datasets/${data.dataset_name}/
  SPLITS_DIR: resources/datasets/${data.dataset_name}/splits/
config:
  random_seed: 42

/data/bernardolemos/results/jina-v5/classificacao/output//modernbert/webkb_sublinear-ae-is/
{'data': {'nfolds': 10, 'VALIDATION_SIZE_FOR_LOSS': 0.1, 'dataset_name': 'webkb', 'is_method': 'sublinear-ae-is', 'dataset': '${data.dataset_name}_${data.is_method}', 'texts_path': '${oc.env:DATASETS_DIR,/app/datasets}/${data.dataset_name}/texts.txt', 'scores_path': '${oc.env:DATASETS_DIR,/app/datasets}/${data.dataset_name}/score.txt', 'external_splits_path': '${oc.env:RESULTS_DIR,/app/results}/instance_selection/selection/${data.dataset_name}/split_10_${data.is_method}.pkl'}, 'model': {'type': 'slm', 'model_name': 'answerdotai/ModernBERT-base', 'model_tag': 'modernbert', 'training_args': {'max_len': 256, 'batch_size': 32, 'lr': 5e-05, 'num_max_epochs': 10, 'patience': 3, 'weight_decay_rate': 0.01, 'min_val_epoch_impro_delta': 0.0001, 'max_grad_norm': 1.0, 'warmup_ratio': 0.06}, 'text_representation': 'raw'}, 'paths': {'output_dir': '${oc.env:RESULTS_DIR,/app/results}/classificacao/output/', 'output_dir_full_path': '${paths.output_dir}/${model.model_tag}/${data.dataset}/', 'DATA_DIR': 'resources/datasets/${data.dataset_name}/', 'SPLITS_DIR': 'resources/datasets/${data.dataset_name}/splits/'}, 'config': {'random_seed': 42}}
Random seed setted.
[unsupervised-is] fold=0 | train=5532 | test=823
[init] logging dir: logs/modernbert/webkb_sublinear-ae-is/
Max Class =6
Classes in y_train: 7
Classes in y_val: 7
[load] loading model 'answerdotai/ModernBERT-base' (7 labels)...
[2026-07-23 11:26:35,267][httpx][INFO] - HTTP Request: HEAD https://huggingface.co/answerdotai/ModernBERT-base/resolve/main/config.json "HTTP/1.1 307 Temporary Redirect"
[2026-07-23 11:26:35,271][httpx][INFO] - HTTP Request: HEAD https://huggingface.co/api/resolve-cache/models/answerdotai/ModernBERT-base/8949b909ec900327062f0ebf497f51aef5e6f0c8/config.json "HTTP/1.1 200 OK"
[2026-07-23 11:26:35,302][httpx][INFO] - HTTP Request: HEAD https://huggingface.co/answerdotai/ModernBERT-base/resolve/main/config.json "HTTP/1.1 307 Temporary Redirect"
[2026-07-23 11:26:35,307][httpx][INFO] - HTTP Request: HEAD https://huggingface.co/api/resolve-cache/models/answerdotai/ModernBERT-base/8949b909ec900327062f0ebf497f51aef5e6f0c8/config.json "HTTP/1.1 200 OK"
Loading weights:   0%|          | 0/136 [00:00<?, ?it/s]Loading weights: 100%|██████████| 136/136 [00:00<00:00, 2411.66it/s]
[transformers] [1mModernBertForSequenceClassification LOAD REPORT[0m from: answerdotai/ModernBERT-base
Key               | Status     | 
------------------+------------+-
decoder.bias      | UNEXPECTED | 
classifier.weight | MISSING    | 
classifier.bias   | MISSING    | 

Notes:
- UNEXPECTED:	can be ignored when loading from different task/architecture; not ok if you expect identical arch.
- MISSING:	those params were newly initialized because missing from the checkpoint. Consider training on your downstream task.
[load] loading tokenizer (max_len=256)...
[2026-07-23 11:26:37,116][httpx][INFO] - HTTP Request: HEAD https://huggingface.co/answerdotai/ModernBERT-base/resolve/main/config.json "HTTP/1.1 307 Temporary Redirect"
[2026-07-23 11:26:37,122][httpx][INFO] - HTTP Request: HEAD https://huggingface.co/api/resolve-cache/models/answerdotai/ModernBERT-base/8949b909ec900327062f0ebf497f51aef5e6f0c8/config.json "HTTP/1.1 200 OK"
[2026-07-23 11:26:37,140][httpx][INFO] - HTTP Request: HEAD https://huggingface.co/answerdotai/ModernBERT-base/resolve/main/tokenizer_config.json "HTTP/1.1 307 Temporary Redirect"
Warning: You are sending unauthenticated requests to the HF Hub. Please set a HF_TOKEN to enable higher rate limits and faster downloads.
[2026-07-23 11:26:37,140][huggingface_hub.utils._http][WARNING] - Warning: You are sending unauthenticated requests to the HF Hub. Please set a HF_TOKEN to enable higher rate limits and faster downloads.
[2026-07-23 11:26:37,145][httpx][INFO] - HTTP Request: HEAD https://huggingface.co/api/resolve-cache/models/answerdotai/ModernBERT-base/8949b909ec900327062f0ebf497f51aef5e6f0c8/tokenizer_config.json "HTTP/1.1 200 OK"
[2026-07-23 11:26:37,159][httpx][INFO] - HTTP Request: HEAD https://huggingface.co/answerdotai/ModernBERT-base/resolve/main/tokenizer_config.json "HTTP/1.1 307 Temporary Redirect"
[2026-07-23 11:26:37,164][httpx][INFO] - HTTP Request: HEAD https://huggingface.co/api/resolve-cache/models/answerdotai/ModernBERT-base/8949b909ec900327062f0ebf497f51aef5e6f0c8/tokenizer_config.json "HTTP/1.1 200 OK"
[2026-07-23 11:26:37,181][httpx][INFO] - HTTP Request: GET https://huggingface.co/api/models/answerdotai/ModernBERT-base/tree/main/additional_chat_templates?recursive=false&expand=false "HTTP/1.1 404 Not Found"
[2026-07-23 11:26:37,210][httpx][INFO] - HTTP Request: GET https://huggingface.co/api/models/answerdotai/ModernBERT-base/tree/main?recursive=true&expand=false "HTTP/1.1 200 OK"
[load] model and tokenizer ready.
Loading training data
Training data loaded.

[fit] model=answerdotai/ModernBERT-base | classes=7 | epochs=10 | patience=3
[fit] lr=5.0e-05 | warmup=93 steps (6% of 1560)
----------------------------------------------------------------------

[epoch 1/10]
  train loss : 1.0817E+00
  val loss   : 6.6692E-01  |  lr: 4.79e-05
  checkpoint : val loss improved → 6.6692E-01 (saved)

[epoch 2/10]
  train loss : 5.0725E-01
  val loss   : 7.1443E-01  |  lr: 4.25e-05
  patience   : 0/3

[epoch 3/10]
  train loss : 2.7463E-01
  val loss   : 6.4186E-01  |  lr: 3.72e-05
  checkpoint : val loss improved → 6.4186E-01 (saved)

[epoch 4/10]
  train loss : 1.4423E-01
  val loss   : 7.9388E-01  |  lr: 3.19e-05
  patience   : 1/3

[epoch 5/10]
  train loss : 1.0468E-01
  val loss   : 8.5883E-01  |  lr: 2.66e-05
  patience   : 2/3

[epoch 6/10]
  train loss : 5.5111E-02
  val loss   : 1.0044E+00  |  lr: 2.13e-05
  patience   : 3/3

[fit] early stopping triggered at epoch 6.
[fit] training complete in 377.5s
0.8541919805589308 0.7950198018811655
Saving proba...
Proba Saved
[unsupervised-is] fold=1 | train=5535 | test=822
[init] logging dir: logs/modernbert/webkb_sublinear-ae-is/
Max Class =6
Classes in y_train: 7
Classes in y_val: 7
[load] loading model 'answerdotai/ModernBERT-base' (7 labels)...
[2026-07-23 11:33:01,786][httpx][INFO] - HTTP Request: HEAD https://huggingface.co/answerdotai/ModernBERT-base/resolve/main/config.json "HTTP/1.1 307 Temporary Redirect"
[2026-07-23 11:33:01,791][httpx][INFO] - HTTP Request: HEAD https://huggingface.co/api/resolve-cache/models/answerdotai/ModernBERT-base/8949b909ec900327062f0ebf497f51aef5e6f0c8/config.json "HTTP/1.1 200 OK"
[2026-07-23 11:33:01,807][httpx][INFO] - HTTP Request: HEAD https://huggingface.co/answerdotai/ModernBERT-base/resolve/main/config.json "HTTP/1.1 307 Temporary Redirect"
[2026-07-23 11:33:01,812][httpx][INFO] - HTTP Request: HEAD https://huggingface.co/api/resolve-cache/models/answerdotai/ModernBERT-base/8949b909ec900327062f0ebf497f51aef5e6f0c8/config.json "HTTP/1.1 200 OK"
Loading weights:   0%|          | 0/136 [00:00<?, ?it/s]Loading weights:  93%|█████████▎| 126/136 [00:00<00:00, 1250.58it/s]Loading weights: 100%|██████████| 136/136 [00:00<00:00, 1266.71it/s]
[transformers] [1mModernBertForSequenceClassification LOAD REPORT[0m from: answerdotai/ModernBERT-base
Key               | Status     | 
------------------+------------+-
decoder.bias      | UNEXPECTED | 
classifier.weight | MISSING    | 
classifier.bias   | MISSING    | 

Notes:
- UNEXPECTED:	can be ignored when loading from different task/architecture; not ok if you expect identical arch.
- MISSING:	those params were newly initialized because missing from the checkpoint. Consider training on your downstream task.
[load] loading tokenizer (max_len=256)...
[2026-07-23 11:33:02,001][httpx][INFO] - HTTP Request: HEAD https://huggingface.co/answerdotai/ModernBERT-base/resolve/main/config.json "HTTP/1.1 307 Temporary Redirect"
[2026-07-23 11:33:02,006][httpx][INFO] - HTTP Request: HEAD https://huggingface.co/api/resolve-cache/models/answerdotai/ModernBERT-base/8949b909ec900327062f0ebf497f51aef5e6f0c8/config.json "HTTP/1.1 200 OK"
[2026-07-23 11:33:02,028][httpx][INFO] - HTTP Request: HEAD https://huggingface.co/answerdotai/ModernBERT-base/resolve/main/tokenizer_config.json "HTTP/1.1 307 Temporary Redirect"
[2026-07-23 11:33:02,033][httpx][INFO] - HTTP Request: HEAD https://huggingface.co/api/resolve-cache/models/answerdotai/ModernBERT-base/8949b909ec900327062f0ebf497f51aef5e6f0c8/tokenizer_config.json "HTTP/1.1 200 OK"
[2026-07-23 11:33:02,049][httpx][INFO] - HTTP Request: HEAD https://huggingface.co/answerdotai/ModernBERT-base/resolve/main/tokenizer_config.json "HTTP/1.1 307 Temporary Redirect"
[2026-07-23 11:33:02,055][httpx][INFO] - HTTP Request: HEAD https://huggingface.co/api/resolve-cache/models/answerdotai/ModernBERT-base/8949b909ec900327062f0ebf497f51aef5e6f0c8/tokenizer_config.json "HTTP/1.1 200 OK"
[2026-07-23 11:33:02,071][httpx][INFO] - HTTP Request: GET https://huggingface.co/api/models/answerdotai/ModernBERT-base/tree/main/additional_chat_templates?recursive=false&expand=false "HTTP/1.1 404 Not Found"
[2026-07-23 11:33:02,091][httpx][INFO] - HTTP Request: GET https://huggingface.co/api/models/answerdotai/ModernBERT-base/tree/main?recursive=true&expand=false "HTTP/1.1 200 OK"
[load] model and tokenizer ready.
Loading training data
Training data loaded.

[fit] model=answerdotai/ModernBERT-base | classes=7 | epochs=10 | patience=3
[fit] lr=5.0e-05 | warmup=93 steps (6% of 1560)
----------------------------------------------------------------------

[epoch 1/10]
  train loss : 1.1203E+00
  val loss   : 8.3281E-01  |  lr: 4.79e-05
  checkpoint : val loss improved → 8.3281E-01 (saved)

[epoch 2/10]
  train loss : 5.6157E-01
  val loss   : 5.9401E-01  |  lr: 4.25e-05
  checkpoint : val loss improved → 5.9401E-01 (saved)

[epoch 3/10]
  train loss : 3.3064E-01
  val loss   : 5.8984E-01  |  lr: 3.72e-05
  checkpoint : val loss improved → 5.8984E-01 (saved)

[epoch 4/10]
  train loss : 1.6325E-01
  val loss   : 5.9507E-01  |  lr: 3.19e-05
  patience   : 0/3

[epoch 5/10]
  train loss : 9.0033E-02
  val loss   : 9.0388E-01  |  lr: 2.66e-05
  patience   : 1/3

[epoch 6/10]
  train loss : 5.1860E-02
  val loss   : 9.5937E-01  |  lr: 2.13e-05
  patience   : 2/3

[epoch 7/10]
  train loss : 2.3944E-02
  val loss   : 1.0362E+00  |  lr: 1.60e-05
  patience   : 3/3

[fit] early stopping triggered at epoch 7.
[fit] training complete in 437.9s
0.8467153284671532 0.7758081681183603
Saving proba...
Proba Saved
[unsupervised-is] fold=2 | train=5533 | test=821
[init] logging dir: logs/modernbert/webkb_sublinear-ae-is/
Max Class =6
Classes in y_train: 7
Classes in y_val: 7
[load] loading model 'answerdotai/ModernBERT-base' (7 labels)...
[2026-07-23 11:40:28,724][httpx][INFO] - HTTP Request: HEAD https://huggingface.co/answerdotai/ModernBERT-base/resolve/main/config.json "HTTP/1.1 307 Temporary Redirect"
[2026-07-23 11:40:28,728][httpx][INFO] - HTTP Request: HEAD https://huggingface.co/api/resolve-cache/models/answerdotai/ModernBERT-base/8949b909ec900327062f0ebf497f51aef5e6f0c8/config.json "HTTP/1.1 200 OK"
[2026-07-23 11:40:28,750][httpx][INFO] - HTTP Request: HEAD https://huggingface.co/answerdotai/ModernBERT-base/resolve/main/config.json "HTTP/1.1 307 Temporary Redirect"
[2026-07-23 11:40:28,755][httpx][INFO] - HTTP Request: HEAD https://huggingface.co/api/resolve-cache/models/answerdotai/ModernBERT-base/8949b909ec900327062f0ebf497f51aef5e6f0c8/config.json "HTTP/1.1 200 OK"
Loading weights:   0%|          | 0/136 [00:00<?, ?it/s]Loading weights: 100%|██████████| 136/136 [00:00<00:00, 1494.86it/s]
[transformers] [1mModernBertForSequenceClassification LOAD REPORT[0m from: answerdotai/ModernBERT-base
Key               | Status     | 
------------------+------------+-
decoder.bias      | UNEXPECTED | 
classifier.weight | MISSING    | 
classifier.bias   | MISSING    | 

Notes:
- UNEXPECTED:	can be ignored when loading from different task/architecture; not ok if you expect identical arch.
- MISSING:	those params were newly initialized because missing from the checkpoint. Consider training on your downstream task.
[load] loading tokenizer (max_len=256)...
[2026-07-23 11:40:28,959][httpx][INFO] - HTTP Request: HEAD https://huggingface.co/answerdotai/ModernBERT-base/resolve/main/config.json "HTTP/1.1 307 Temporary Redirect"
[2026-07-23 11:40:28,965][httpx][INFO] - HTTP Request: HEAD https://huggingface.co/api/resolve-cache/models/answerdotai/ModernBERT-base/8949b909ec900327062f0ebf497f51aef5e6f0c8/config.json "HTTP/1.1 200 OK"
[2026-07-23 11:40:28,984][httpx][INFO] - HTTP Request: HEAD https://huggingface.co/answerdotai/ModernBERT-base/resolve/main/tokenizer_config.json "HTTP/1.1 307 Temporary Redirect"
[2026-07-23 11:40:28,989][httpx][INFO] - HTTP Request: HEAD https://huggingface.co/api/resolve-cache/models/answerdotai/ModernBERT-base/8949b909ec900327062f0ebf497f51aef5e6f0c8/tokenizer_config.json "HTTP/1.1 200 OK"
[2026-07-23 11:40:29,008][httpx][INFO] - HTTP Request: HEAD https://huggingface.co/answerdotai/ModernBERT-base/resolve/main/tokenizer_config.json "HTTP/1.1 307 Temporary Redirect"
[2026-07-23 11:40:29,013][httpx][INFO] - HTTP Request: HEAD https://huggingface.co/api/resolve-cache/models/answerdotai/ModernBERT-base/8949b909ec900327062f0ebf497f51aef5e6f0c8/tokenizer_config.json "HTTP/1.1 200 OK"
[2026-07-23 11:40:29,034][httpx][INFO] - HTTP Request: GET https://huggingface.co/api/models/answerdotai/ModernBERT-base/tree/main/additional_chat_templates?recursive=false&expand=false "HTTP/1.1 404 Not Found"
[2026-07-23 11:40:29,060][httpx][INFO] - HTTP Request: GET https://huggingface.co/api/models/answerdotai/ModernBERT-base/tree/main?recursive=true&expand=false "HTTP/1.1 200 OK"
[load] model and tokenizer ready.
Loading training data
Training data loaded.

[fit] model=answerdotai/ModernBERT-base | classes=7 | epochs=10 | patience=3
[fit] lr=5.0e-05 | warmup=93 steps (6% of 1560)
----------------------------------------------------------------------

[epoch 1/10]
  train loss : 1.0764E+00
  val loss   : 6.7030E-01  |  lr: 4.79e-05
  checkpoint : val loss improved → 6.7030E-01 (saved)

[epoch 2/10]
  train loss : 4.9292E-01
  val loss   : 5.7084E-01  |  lr: 4.25e-05
  checkpoint : val loss improved → 5.7084E-01 (saved)

[epoch 3/10]
  train loss : 2.5352E-01
  val loss   : 1.2979E+00  |  lr: 3.72e-05
  patience   : 0/3

[epoch 4/10]
  train loss : 1.5703E-01
  val loss   : 8.6337E-01  |  lr: 3.19e-05
  patience   : 1/3

[epoch 5/10]
  train loss : 8.0459E-02
  val loss   : 1.0214E+00  |  lr: 2.66e-05
  patience   : 2/3

[epoch 6/10]
  train loss : 3.0980E-02
  val loss   : 1.0888E+00  |  lr: 2.13e-05
  patience   : 3/3

[fit] early stopping triggered at epoch 6.
[fit] training complete in 377.7s
0.8611449451887941 0.7881720050317366
Saving proba...
Proba Saved
[unsupervised-is] fold=3 | train=5536 | test=821
[init] logging dir: logs/modernbert/webkb_sublinear-ae-is/
Max Class =6
Classes in y_train: 7
Classes in y_val: 7
[load] loading model 'answerdotai/ModernBERT-base' (7 labels)...
[2026-07-23 11:46:55,385][httpx][INFO] - HTTP Request: HEAD https://huggingface.co/answerdotai/ModernBERT-base/resolve/main/config.json "HTTP/1.1 307 Temporary Redirect"
[2026-07-23 11:46:55,390][httpx][INFO] - HTTP Request: HEAD https://huggingface.co/api/resolve-cache/models/answerdotai/ModernBERT-base/8949b909ec900327062f0ebf497f51aef5e6f0c8/config.json "HTTP/1.1 200 OK"
[2026-07-23 11:46:55,407][httpx][INFO] - HTTP Request: HEAD https://huggingface.co/answerdotai/ModernBERT-base/resolve/main/config.json "HTTP/1.1 307 Temporary Redirect"
[2026-07-23 11:46:55,411][httpx][INFO] - HTTP Request: HEAD https://huggingface.co/api/resolve-cache/models/answerdotai/ModernBERT-base/8949b909ec900327062f0ebf497f51aef5e6f0c8/config.json "HTTP/1.1 200 OK"
Loading weights:   0%|          | 0/136 [00:00<?, ?it/s]Loading weights: 100%|██████████| 136/136 [00:00<00:00, 1772.02it/s]
[transformers] [1mModernBertForSequenceClassification LOAD REPORT[0m from: answerdotai/ModernBERT-base
Key               | Status     | 
------------------+------------+-
decoder.bias      | UNEXPECTED | 
classifier.weight | MISSING    | 
classifier.bias   | MISSING    | 

Notes:
- UNEXPECTED:	can be ignored when loading from different task/architecture; not ok if you expect identical arch.
- MISSING:	those params were newly initialized because missing from the checkpoint. Consider training on your downstream task.
[load] loading tokenizer (max_len=256)...
[2026-07-23 11:46:55,602][httpx][INFO] - HTTP Request: HEAD https://huggingface.co/answerdotai/ModernBERT-base/resolve/main/config.json "HTTP/1.1 307 Temporary Redirect"
[2026-07-23 11:46:55,607][httpx][INFO] - HTTP Request: HEAD https://huggingface.co/api/resolve-cache/models/answerdotai/ModernBERT-base/8949b909ec900327062f0ebf497f51aef5e6f0c8/config.json "HTTP/1.1 200 OK"
[2026-07-23 11:46:55,627][httpx][INFO] - HTTP Request: HEAD https://huggingface.co/answerdotai/ModernBERT-base/resolve/main/tokenizer_config.json "HTTP/1.1 307 Temporary Redirect"
[2026-07-23 11:46:55,633][httpx][INFO] - HTTP Request: HEAD https://huggingface.co/api/resolve-cache/models/answerdotai/ModernBERT-base/8949b909ec900327062f0ebf497f51aef5e6f0c8/tokenizer_config.json "HTTP/1.1 200 OK"
[2026-07-23 11:46:55,650][httpx][INFO] - HTTP Request: HEAD https://huggingface.co/answerdotai/ModernBERT-base/resolve/main/tokenizer_config.json "HTTP/1.1 307 Temporary Redirect"
[2026-07-23 11:46:55,655][httpx][INFO] - HTTP Request: HEAD https://huggingface.co/api/resolve-cache/models/answerdotai/ModernBERT-base/8949b909ec900327062f0ebf497f51aef5e6f0c8/tokenizer_config.json "HTTP/1.1 200 OK"
[2026-07-23 11:46:55,693][httpx][INFO] - HTTP Request: GET https://huggingface.co/api/models/answerdotai/ModernBERT-base/tree/main/additional_chat_templates?recursive=false&expand=false "HTTP/1.1 404 Not Found"
[2026-07-23 11:46:55,712][httpx][INFO] - HTTP Request: GET https://huggingface.co/api/models/answerdotai/ModernBERT-base/tree/main?recursive=true&expand=false "HTTP/1.1 200 OK"
[load] model and tokenizer ready.
Loading training data
Training data loaded.

[fit] model=answerdotai/ModernBERT-base | classes=7 | epochs=10 | patience=3
[fit] lr=5.0e-05 | warmup=93 steps (6% of 1560)
----------------------------------------------------------------------

[epoch 1/10]
  train loss : 1.1019E+00
  val loss   : 6.2904E-01  |  lr: 4.79e-05
  checkpoint : val loss improved → 6.2904E-01 (saved)

[epoch 2/10]
  train loss : 5.2068E-01
  val loss   : 5.0277E-01  |  lr: 4.25e-05
  checkpoint : val loss improved → 5.0277E-01 (saved)

[epoch 3/10]
  train loss : 2.5980E-01
  val loss   : 5.8469E-01  |  lr: 3.72e-05
  patience   : 0/3

[epoch 4/10]
  train loss : 1.3704E-01
  val loss   : 8.0611E-01  |  lr: 3.19e-05
  patience   : 1/3

[epoch 5/10]
  train loss : 8.2304E-02
  val loss   : 9.8113E-01  |  lr: 2.66e-05
  patience   : 2/3

[epoch 6/10]
  train loss : 4.5725E-02
  val loss   : 9.2584E-01  |  lr: 2.13e-05
  patience   : 3/3

[fit] early stopping triggered at epoch 6.
[fit] training complete in 375.8s
0.8404384896467723 0.7567037144975813
Saving proba...
Proba Saved
[unsupervised-is] fold=4 | train=5533 | test=821
[init] logging dir: logs/modernbert/webkb_sublinear-ae-is/
Max Class =6
Classes in y_train: 7
Classes in y_val: 7
[load] loading model 'answerdotai/ModernBERT-base' (7 labels)...
[2026-07-23 11:53:20,132][httpx][INFO] - HTTP Request: HEAD https://huggingface.co/answerdotai/ModernBERT-base/resolve/main/config.json "HTTP/1.1 307 Temporary Redirect"
[2026-07-23 11:53:20,136][httpx][INFO] - HTTP Request: HEAD https://huggingface.co/api/resolve-cache/models/answerdotai/ModernBERT-base/8949b909ec900327062f0ebf497f51aef5e6f0c8/config.json "HTTP/1.1 200 OK"
[2026-07-23 11:53:20,154][httpx][INFO] - HTTP Request: HEAD https://huggingface.co/answerdotai/ModernBERT-base/resolve/main/config.json "HTTP/1.1 307 Temporary Redirect"
[2026-07-23 11:53:20,158][httpx][INFO] - HTTP Request: HEAD https://huggingface.co/api/resolve-cache/models/answerdotai/ModernBERT-base/8949b909ec900327062f0ebf497f51aef5e6f0c8/config.json "HTTP/1.1 200 OK"
Loading weights:   0%|          | 0/136 [00:00<?, ?it/s]Loading weights: 100%|██████████| 136/136 [00:00<00:00, 1586.73it/s]
[transformers] [1mModernBertForSequenceClassification LOAD REPORT[0m from: answerdotai/ModernBERT-base
Key               | Status     | 
------------------+------------+-
decoder.bias      | UNEXPECTED | 
classifier.weight | MISSING    | 
classifier.bias   | MISSING    | 

Notes:
- UNEXPECTED:	can be ignored when loading from different task/architecture; not ok if you expect identical arch.
- MISSING:	those params were newly initialized because missing from the checkpoint. Consider training on your downstream task.
[load] loading tokenizer (max_len=256)...
[2026-07-23 11:53:20,327][httpx][INFO] - HTTP Request: HEAD https://huggingface.co/answerdotai/ModernBERT-base/resolve/main/config.json "HTTP/1.1 307 Temporary Redirect"
[2026-07-23 11:53:20,332][httpx][INFO] - HTTP Request: HEAD https://huggingface.co/api/resolve-cache/models/answerdotai/ModernBERT-base/8949b909ec900327062f0ebf497f51aef5e6f0c8/config.json "HTTP/1.1 200 OK"
[2026-07-23 11:53:20,352][httpx][INFO] - HTTP Request: HEAD https://huggingface.co/answerdotai/ModernBERT-base/resolve/main/tokenizer_config.json "HTTP/1.1 307 Temporary Redirect"
[2026-07-23 11:53:20,357][httpx][INFO] - HTTP Request: HEAD https://huggingface.co/api/resolve-cache/models/answerdotai/ModernBERT-base/8949b909ec900327062f0ebf497f51aef5e6f0c8/tokenizer_config.json "HTTP/1.1 200 OK"
[2026-07-23 11:53:20,375][httpx][INFO] - HTTP Request: HEAD https://huggingface.co/answerdotai/ModernBERT-base/resolve/main/tokenizer_config.json "HTTP/1.1 307 Temporary Redirect"
[2026-07-23 11:53:20,380][httpx][INFO] - HTTP Request: HEAD https://huggingface.co/api/resolve-cache/models/answerdotai/ModernBERT-base/8949b909ec900327062f0ebf497f51aef5e6f0c8/tokenizer_config.json "HTTP/1.1 200 OK"
[2026-07-23 11:53:20,399][httpx][INFO] - HTTP Request: GET https://huggingface.co/api/models/answerdotai/ModernBERT-base/tree/main/additional_chat_templates?recursive=false&expand=false "HTTP/1.1 404 Not Found"
[2026-07-23 11:53:20,418][httpx][INFO] - HTTP Request: GET https://huggingface.co/api/models/answerdotai/ModernBERT-base/tree/main?recursive=true&expand=false "HTTP/1.1 200 OK"
[load] model and tokenizer ready.
Loading training data
Training data loaded.

[fit] model=answerdotai/ModernBERT-base | classes=7 | epochs=10 | patience=3
[fit] lr=5.0e-05 | warmup=93 steps (6% of 1560)
----------------------------------------------------------------------

[epoch 1/10]
  train loss : 1.1388E+00
  val loss   : 7.2995E-01  |  lr: 4.79e-05
  checkpoint : val loss improved → 7.2995E-01 (saved)

[epoch 2/10]
  train loss : 5.4775E-01
  val loss   : 7.1348E-01  |  lr: 4.25e-05
  checkpoint : val loss improved → 7.1348E-01 (saved)

[epoch 3/10]
  train loss : 2.9875E-01
  val loss   : 7.7204E-01  |  lr: 3.72e-05
  patience   : 0/3

[epoch 4/10]
  train loss : 1.6349E-01
  val loss   : 7.7787E-01  |  lr: 3.19e-05
  patience   : 1/3

[epoch 5/10]
  train loss : 1.0054E-01
  val loss   : 1.3398E+00  |  lr: 2.66e-05
  patience   : 2/3

[epoch 6/10]
  train loss : 5.7678E-02
  val loss   : 8.2410E-01  |  lr: 2.13e-05
  patience   : 3/3

[fit] early stopping triggered at epoch 6.
[fit] training complete in 375.5s
0.8526187576126675 0.7692923065341658
Saving proba...
Proba Saved
[unsupervised-is] fold=5 | train=5534 | test=820
[init] logging dir: logs/modernbert/webkb_sublinear-ae-is/
Max Class =6
Classes in y_train: 7
Classes in y_val: 7
[load] loading model 'answerdotai/ModernBERT-base' (7 labels)...
[2026-07-23 11:59:44,512][httpx][INFO] - HTTP Request: HEAD https://huggingface.co/answerdotai/ModernBERT-base/resolve/main/config.json "HTTP/1.1 307 Temporary Redirect"
[2026-07-23 11:59:44,517][httpx][INFO] - HTTP Request: HEAD https://huggingface.co/api/resolve-cache/models/answerdotai/ModernBERT-base/8949b909ec900327062f0ebf497f51aef5e6f0c8/config.json "HTTP/1.1 200 OK"
[2026-07-23 11:59:44,536][httpx][INFO] - HTTP Request: HEAD https://huggingface.co/answerdotai/ModernBERT-base/resolve/main/config.json "HTTP/1.1 307 Temporary Redirect"
[2026-07-23 11:59:44,540][httpx][INFO] - HTTP Request: HEAD https://huggingface.co/api/resolve-cache/models/answerdotai/ModernBERT-base/8949b909ec900327062f0ebf497f51aef5e6f0c8/config.json "HTTP/1.1 200 OK"
Loading weights:   0%|          | 0/136 [00:00<?, ?it/s]Loading weights: 100%|██████████| 136/136 [00:00<00:00, 1543.76it/s]
[transformers] [1mModernBertForSequenceClassification LOAD REPORT[0m from: answerdotai/ModernBERT-base
Key               | Status     | 
------------------+------------+-
decoder.bias      | UNEXPECTED | 
classifier.weight | MISSING    | 
classifier.bias   | MISSING    | 

Notes:
- UNEXPECTED:	can be ignored when loading from different task/architecture; not ok if you expect identical arch.
- MISSING:	those params were newly initialized because missing from the checkpoint. Consider training on your downstream task.
[load] loading tokenizer (max_len=256)...
[2026-07-23 11:59:44,703][httpx][INFO] - HTTP Request: HEAD https://huggingface.co/answerdotai/ModernBERT-base/resolve/main/config.json "HTTP/1.1 307 Temporary Redirect"
[2026-07-23 11:59:44,708][httpx][INFO] - HTTP Request: HEAD https://huggingface.co/api/resolve-cache/models/answerdotai/ModernBERT-base/8949b909ec900327062f0ebf497f51aef5e6f0c8/config.json "HTTP/1.1 200 OK"
[2026-07-23 11:59:44,727][httpx][INFO] - HTTP Request: HEAD https://huggingface.co/answerdotai/ModernBERT-base/resolve/main/tokenizer_config.json "HTTP/1.1 307 Temporary Redirect"
[2026-07-23 11:59:44,732][httpx][INFO] - HTTP Request: HEAD https://huggingface.co/api/resolve-cache/models/answerdotai/ModernBERT-base/8949b909ec900327062f0ebf497f51aef5e6f0c8/tokenizer_config.json "HTTP/1.1 200 OK"
[2026-07-23 11:59:44,748][httpx][INFO] - HTTP Request: HEAD https://huggingface.co/answerdotai/ModernBERT-base/resolve/main/tokenizer_config.json "HTTP/1.1 307 Temporary Redirect"
[2026-07-23 11:59:44,753][httpx][INFO] - HTTP Request: HEAD https://huggingface.co/api/resolve-cache/models/answerdotai/ModernBERT-base/8949b909ec900327062f0ebf497f51aef5e6f0c8/tokenizer_config.json "HTTP/1.1 200 OK"
[2026-07-23 11:59:44,798][httpx][INFO] - HTTP Request: GET https://huggingface.co/api/models/answerdotai/ModernBERT-base/tree/main/additional_chat_templates?recursive=false&expand=false "HTTP/1.1 404 Not Found"
[2026-07-23 11:59:44,817][httpx][INFO] - HTTP Request: GET https://huggingface.co/api/models/answerdotai/ModernBERT-base/tree/main?recursive=true&expand=false "HTTP/1.1 200 OK"
[load] model and tokenizer ready.
Loading training data
Training data loaded.

[fit] model=answerdotai/ModernBERT-base | classes=7 | epochs=10 | patience=3
[fit] lr=5.0e-05 | warmup=93 steps (6% of 1560)
----------------------------------------------------------------------

[epoch 1/10]
  train loss : 1.0822E+00
  val loss   : 6.3412E-01  |  lr: 4.79e-05
  checkpoint : val loss improved → 6.3412E-01 (saved)

[epoch 2/10]
  train loss : 5.1693E-01
  val loss   : 4.6532E-01  |  lr: 4.25e-05
  checkpoint : val loss improved → 4.6532E-01 (saved)

[epoch 3/10]
  train loss : 2.7078E-01
  val loss   : 5.2957E-01  |  lr: 3.72e-05
  patience   : 0/3

[epoch 4/10]
  train loss : 1.5787E-01
  val loss   : 5.3597E-01  |  lr: 3.19e-05
  patience   : 1/3

[epoch 5/10]
  train loss : 6.9486E-02
  val loss   : 7.7526E-01  |  lr: 2.66e-05
  patience   : 2/3

[epoch 6/10]
  train loss : 4.0660E-02
  val loss   : 7.9182E-01  |  lr: 2.13e-05
  patience   : 3/3

[fit] early stopping triggered at epoch 6.
[fit] training complete in 375.5s
0.8621951219512195 0.8160225431616464
Saving proba...
Proba Saved
[unsupervised-is] fold=6 | train=5535 | test=819
[init] logging dir: logs/modernbert/webkb_sublinear-ae-is/
Max Class =6
Classes in y_train: 7
Classes in y_val: 7
[load] loading model 'answerdotai/ModernBERT-base' (7 labels)...
[2026-07-23 12:06:11,080][httpx][INFO] - HTTP Request: HEAD https://huggingface.co/answerdotai/ModernBERT-base/resolve/main/config.json "HTTP/1.1 307 Temporary Redirect"
[2026-07-23 12:06:11,086][httpx][INFO] - HTTP Request: HEAD https://huggingface.co/api/resolve-cache/models/answerdotai/ModernBERT-base/8949b909ec900327062f0ebf497f51aef5e6f0c8/config.json "HTTP/1.1 200 OK"
[2026-07-23 12:06:11,104][httpx][INFO] - HTTP Request: HEAD https://huggingface.co/answerdotai/ModernBERT-base/resolve/main/config.json "HTTP/1.1 307 Temporary Redirect"
[2026-07-23 12:06:11,109][httpx][INFO] - HTTP Request: HEAD https://huggingface.co/api/resolve-cache/models/answerdotai/ModernBERT-base/8949b909ec900327062f0ebf497f51aef5e6f0c8/config.json "HTTP/1.1 200 OK"
Loading weights:   0%|          | 0/136 [00:00<?, ?it/s]Loading weights: 100%|██████████| 136/136 [00:00<00:00, 1716.99it/s]
[transformers] [1mModernBertForSequenceClassification LOAD REPORT[0m from: answerdotai/ModernBERT-base
Key               | Status     | 
------------------+------------+-
decoder.bias      | UNEXPECTED | 
classifier.weight | MISSING    | 
classifier.bias   | MISSING    | 

Notes:
- UNEXPECTED:	can be ignored when loading from different task/architecture; not ok if you expect identical arch.
- MISSING:	those params were newly initialized because missing from the checkpoint. Consider training on your downstream task.
[load] loading tokenizer (max_len=256)...
[2026-07-23 12:06:11,271][httpx][INFO] - HTTP Request: HEAD https://huggingface.co/answerdotai/ModernBERT-base/resolve/main/config.json "HTTP/1.1 307 Temporary Redirect"
[2026-07-23 12:06:11,276][httpx][INFO] - HTTP Request: HEAD https://huggingface.co/api/resolve-cache/models/answerdotai/ModernBERT-base/8949b909ec900327062f0ebf497f51aef5e6f0c8/config.json "HTTP/1.1 200 OK"
[2026-07-23 12:06:11,334][httpx][INFO] - HTTP Request: HEAD https://huggingface.co/answerdotai/ModernBERT-base/resolve/main/tokenizer_config.json "HTTP/1.1 307 Temporary Redirect"
[2026-07-23 12:06:11,339][httpx][INFO] - HTTP Request: HEAD https://huggingface.co/api/resolve-cache/models/answerdotai/ModernBERT-base/8949b909ec900327062f0ebf497f51aef5e6f0c8/tokenizer_config.json "HTTP/1.1 200 OK"
[2026-07-23 12:06:11,356][httpx][INFO] - HTTP Request: HEAD https://huggingface.co/answerdotai/ModernBERT-base/resolve/main/tokenizer_config.json "HTTP/1.1 307 Temporary Redirect"
[2026-07-23 12:06:11,361][httpx][INFO] - HTTP Request: HEAD https://huggingface.co/api/resolve-cache/models/answerdotai/ModernBERT-base/8949b909ec900327062f0ebf497f51aef5e6f0c8/tokenizer_config.json "HTTP/1.1 200 OK"
[2026-07-23 12:06:11,379][httpx][INFO] - HTTP Request: GET https://huggingface.co/api/models/answerdotai/ModernBERT-base/tree/main/additional_chat_templates?recursive=false&expand=false "HTTP/1.1 404 Not Found"
[2026-07-23 12:06:11,398][httpx][INFO] - HTTP Request: GET https://huggingface.co/api/models/answerdotai/ModernBERT-base/tree/main?recursive=true&expand=false "HTTP/1.1 200 OK"
[load] model and tokenizer ready.
Loading training data
Training data loaded.

[fit] model=answerdotai/ModernBERT-base | classes=7 | epochs=10 | patience=3
[fit] lr=5.0e-05 | warmup=93 steps (6% of 1560)
----------------------------------------------------------------------

[epoch 1/10]
  train loss : 1.1071E+00
  val loss   : 6.4760E-01  |  lr: 4.79e-05
  checkpoint : val loss improved → 6.4760E-01 (saved)

[epoch 2/10]
  train loss : 5.1992E-01
  val loss   : 7.4371E-01  |  lr: 4.25e-05
  patience   : 0/3

[epoch 3/10]
  train loss : 2.7016E-01
  val loss   : 5.5440E-01  |  lr: 3.72e-05
  checkpoint : val loss improved → 5.5440E-01 (saved)

[epoch 4/10]
  train loss : 1.6009E-01
  val loss   : 5.9350E-01  |  lr: 3.19e-05
  patience   : 1/3

[epoch 5/10]
  train loss : 9.5757E-02
  val loss   : 8.6293E-01  |  lr: 2.66e-05
  patience   : 2/3

[epoch 6/10]
  train loss : 4.0878E-02
  val loss   : 1.0356E+00  |  lr: 2.13e-05
  patience   : 3/3

[fit] early stopping triggered at epoch 6.
[fit] training complete in 375.8s
0.8815628815628815 0.8033563187563498
Saving proba...
Proba Saved
[unsupervised-is] fold=7 | train=5535 | test=818
[init] logging dir: logs/modernbert/webkb_sublinear-ae-is/
Max Class =6
Classes in y_train: 7
Classes in y_val: 7
[load] loading model 'answerdotai/ModernBERT-base' (7 labels)...
[2026-07-23 12:12:35,849][httpx][INFO] - HTTP Request: HEAD https://huggingface.co/answerdotai/ModernBERT-base/resolve/main/config.json "HTTP/1.1 307 Temporary Redirect"
[2026-07-23 12:12:35,853][httpx][INFO] - HTTP Request: HEAD https://huggingface.co/api/resolve-cache/models/answerdotai/ModernBERT-base/8949b909ec900327062f0ebf497f51aef5e6f0c8/config.json "HTTP/1.1 200 OK"
[2026-07-23 12:12:35,873][httpx][INFO] - HTTP Request: HEAD https://huggingface.co/answerdotai/ModernBERT-base/resolve/main/config.json "HTTP/1.1 307 Temporary Redirect"
[2026-07-23 12:12:35,877][httpx][INFO] - HTTP Request: HEAD https://huggingface.co/api/resolve-cache/models/answerdotai/ModernBERT-base/8949b909ec900327062f0ebf497f51aef5e6f0c8/config.json "HTTP/1.1 200 OK"
Loading weights:   0%|          | 0/136 [00:00<?, ?it/s]Loading weights: 100%|██████████| 136/136 [00:00<00:00, 1522.60it/s]
[transformers] [1mModernBertForSequenceClassification LOAD REPORT[0m from: answerdotai/ModernBERT-base
Key               | Status     | 
------------------+------------+-
decoder.bias      | UNEXPECTED | 
classifier.weight | MISSING    | 
classifier.bias   | MISSING    | 

Notes:
- UNEXPECTED:	can be ignored when loading from different task/architecture; not ok if you expect identical arch.
- MISSING:	those params were newly initialized because missing from the checkpoint. Consider training on your downstream task.
[load] loading tokenizer (max_len=256)...
[2026-07-23 12:12:36,331][httpx][INFO] - HTTP Request: HEAD https://huggingface.co/answerdotai/ModernBERT-base/resolve/main/config.json "HTTP/1.1 307 Temporary Redirect"
[2026-07-23 12:12:36,348][httpx][INFO] - HTTP Request: HEAD https://huggingface.co/api/resolve-cache/models/answerdotai/ModernBERT-base/8949b909ec900327062f0ebf497f51aef5e6f0c8/config.json "HTTP/1.1 200 OK"
[2026-07-23 12:12:36,375][httpx][INFO] - HTTP Request: HEAD https://huggingface.co/answerdotai/ModernBERT-base/resolve/main/tokenizer_config.json "HTTP/1.1 307 Temporary Redirect"
[2026-07-23 12:12:36,380][httpx][INFO] - HTTP Request: HEAD https://huggingface.co/api/resolve-cache/models/answerdotai/ModernBERT-base/8949b909ec900327062f0ebf497f51aef5e6f0c8/tokenizer_config.json "HTTP/1.1 200 OK"
[2026-07-23 12:12:36,396][httpx][INFO] - HTTP Request: HEAD https://huggingface.co/answerdotai/ModernBERT-base/resolve/main/tokenizer_config.json "HTTP/1.1 307 Temporary Redirect"
[2026-07-23 12:12:36,401][httpx][INFO] - HTTP Request: HEAD https://huggingface.co/api/resolve-cache/models/answerdotai/ModernBERT-base/8949b909ec900327062f0ebf497f51aef5e6f0c8/tokenizer_config.json "HTTP/1.1 200 OK"
[2026-07-23 12:12:36,420][httpx][INFO] - HTTP Request: GET https://huggingface.co/api/models/answerdotai/ModernBERT-base/tree/main/additional_chat_templates?recursive=false&expand=false "HTTP/1.1 404 Not Found"
[2026-07-23 12:12:36,446][httpx][INFO] - HTTP Request: GET https://huggingface.co/api/models/answerdotai/ModernBERT-base/tree/main?recursive=true&expand=false "HTTP/1.1 200 OK"
[load] model and tokenizer ready.
Loading training data
Training data loaded.

[fit] model=answerdotai/ModernBERT-base | classes=7 | epochs=10 | patience=3
[fit] lr=5.0e-05 | warmup=93 steps (6% of 1560)
----------------------------------------------------------------------

[epoch 1/10]
  train loss : 1.0692E+00
  val loss   : 6.1140E-01  |  lr: 4.79e-05
  checkpoint : val loss improved → 6.1140E-01 (saved)

[epoch 2/10]
  train loss : 4.8694E-01
  val loss   : 6.0067E-01  |  lr: 4.25e-05
  checkpoint : val loss improved → 6.0067E-01 (saved)

[epoch 3/10]
  train loss : 2.4218E-01
  val loss   : 6.7540E-01  |  lr: 3.72e-05
  patience   : 0/3

[epoch 4/10]
  train loss : 1.4668E-01
  val loss   : 6.3058E-01  |  lr: 3.19e-05
  patience   : 1/3

[epoch 5/10]
  train loss : 8.4968E-02
  val loss   : 8.6355E-01  |  lr: 2.66e-05
  patience   : 2/3

[epoch 6/10]
  train loss : 4.4378E-02
  val loss   : 1.0340E+00  |  lr: 2.13e-05
  patience   : 3/3

[fit] early stopping triggered at epoch 6.
[fit] training complete in 375.9s
0.8557457212713936 0.8060960922761975
Saving proba...
Proba Saved
[unsupervised-is] fold=8 | train=5538 | test=817
[init] logging dir: logs/modernbert/webkb_sublinear-ae-is/
Max Class =6
Classes in y_train: 7
Classes in y_val: 7
[load] loading model 'answerdotai/ModernBERT-base' (7 labels)...
[2026-07-23 12:19:00,739][httpx][INFO] - HTTP Request: HEAD https://huggingface.co/answerdotai/ModernBERT-base/resolve/main/config.json "HTTP/1.1 307 Temporary Redirect"
[2026-07-23 12:19:00,745][httpx][INFO] - HTTP Request: HEAD https://huggingface.co/api/resolve-cache/models/answerdotai/ModernBERT-base/8949b909ec900327062f0ebf497f51aef5e6f0c8/config.json "HTTP/1.1 200 OK"
[2026-07-23 12:19:00,762][httpx][INFO] - HTTP Request: HEAD https://huggingface.co/answerdotai/ModernBERT-base/resolve/main/config.json "HTTP/1.1 307 Temporary Redirect"
[2026-07-23 12:19:00,767][httpx][INFO] - HTTP Request: HEAD https://huggingface.co/api/resolve-cache/models/answerdotai/ModernBERT-base/8949b909ec900327062f0ebf497f51aef5e6f0c8/config.json "HTTP/1.1 200 OK"
Loading weights:   0%|          | 0/136 [00:00<?, ?it/s]Loading weights: 100%|██████████| 136/136 [00:00<00:00, 1763.96it/s]
[transformers] [1mModernBertForSequenceClassification LOAD REPORT[0m from: answerdotai/ModernBERT-base
Key               | Status     | 
------------------+------------+-
decoder.bias      | UNEXPECTED | 
classifier.weight | MISSING    | 
classifier.bias   | MISSING    | 

Notes:
- UNEXPECTED:	can be ignored when loading from different task/architecture; not ok if you expect identical arch.
- MISSING:	those params were newly initialized because missing from the checkpoint. Consider training on your downstream task.
[load] loading tokenizer (max_len=256)...
[2026-07-23 12:19:00,930][httpx][INFO] - HTTP Request: HEAD https://huggingface.co/answerdotai/ModernBERT-base/resolve/main/config.json "HTTP/1.1 307 Temporary Redirect"
[2026-07-23 12:19:00,936][httpx][INFO] - HTTP Request: HEAD https://huggingface.co/api/resolve-cache/models/answerdotai/ModernBERT-base/8949b909ec900327062f0ebf497f51aef5e6f0c8/config.json "HTTP/1.1 200 OK"
[2026-07-23 12:19:00,954][httpx][INFO] - HTTP Request: HEAD https://huggingface.co/answerdotai/ModernBERT-base/resolve/main/tokenizer_config.json "HTTP/1.1 307 Temporary Redirect"
[2026-07-23 12:19:00,959][httpx][INFO] - HTTP Request: HEAD https://huggingface.co/api/resolve-cache/models/answerdotai/ModernBERT-base/8949b909ec900327062f0ebf497f51aef5e6f0c8/tokenizer_config.json "HTTP/1.1 200 OK"
[2026-07-23 12:19:00,976][httpx][INFO] - HTTP Request: HEAD https://huggingface.co/answerdotai/ModernBERT-base/resolve/main/tokenizer_config.json "HTTP/1.1 307 Temporary Redirect"
[2026-07-23 12:19:00,981][httpx][INFO] - HTTP Request: HEAD https://huggingface.co/api/resolve-cache/models/answerdotai/ModernBERT-base/8949b909ec900327062f0ebf497f51aef5e6f0c8/tokenizer_config.json "HTTP/1.1 200 OK"
[2026-07-23 12:19:00,998][httpx][INFO] - HTTP Request: GET https://huggingface.co/api/models/answerdotai/ModernBERT-base/tree/main/additional_chat_templates?recursive=false&expand=false "HTTP/1.1 404 Not Found"
[2026-07-23 12:19:01,021][httpx][INFO] - HTTP Request: GET https://huggingface.co/api/models/answerdotai/ModernBERT-base/tree/main?recursive=true&expand=false "HTTP/1.1 200 OK"
[load] model and tokenizer ready.
Loading training data
Training data loaded.

[fit] model=answerdotai/ModernBERT-base | classes=7 | epochs=10 | patience=3
[fit] lr=5.0e-05 | warmup=93 steps (6% of 1560)
----------------------------------------------------------------------

[epoch 1/10]
  train loss : 1.0738E+00
  val loss   : 6.4370E-01  |  lr: 4.79e-05
  checkpoint : val loss improved → 6.4370E-01 (saved)

[epoch 2/10]
  train loss : 5.0380E-01
  val loss   : 4.9490E-01  |  lr: 4.25e-05
  checkpoint : val loss improved → 4.9490E-01 (saved)

[epoch 3/10]
  train loss : 2.6411E-01
  val loss   : 8.5305E-01  |  lr: 3.72e-05
  patience   : 0/3

[epoch 4/10]
  train loss : 1.5313E-01
  val loss   : 1.2307E+00  |  lr: 3.19e-05
  patience   : 1/3

[epoch 5/10]
  train loss : 8.7825E-02
  val loss   : 1.0617E+00  |  lr: 2.66e-05
  patience   : 2/3

[epoch 6/10]
  train loss : 5.0313E-02
  val loss   : 1.1119E+00  |  lr: 2.13e-05
  patience   : 3/3

[fit] early stopping triggered at epoch 6.
[fit] training complete in 375.8s
0.8702570379436965 0.8143191785558421
Saving proba...
Proba Saved
[unsupervised-is] fold=9 | train=5537 | test=817
[init] logging dir: logs/modernbert/webkb_sublinear-ae-is/
Max Class =6
Classes in y_train: 7
Classes in y_val: 7
[load] loading model 'answerdotai/ModernBERT-base' (7 labels)...
[2026-07-23 12:25:26,824][httpx][INFO] - HTTP Request: HEAD https://huggingface.co/answerdotai/ModernBERT-base/resolve/main/config.json "HTTP/1.1 307 Temporary Redirect"
[2026-07-23 12:25:26,831][httpx][INFO] - HTTP Request: HEAD https://huggingface.co/api/resolve-cache/models/answerdotai/ModernBERT-base/8949b909ec900327062f0ebf497f51aef5e6f0c8/config.json "HTTP/1.1 200 OK"
[2026-07-23 12:25:26,873][httpx][INFO] - HTTP Request: HEAD https://huggingface.co/answerdotai/ModernBERT-base/resolve/main/config.json "HTTP/1.1 307 Temporary Redirect"
[2026-07-23 12:25:26,879][httpx][INFO] - HTTP Request: HEAD https://huggingface.co/api/resolve-cache/models/answerdotai/ModernBERT-base/8949b909ec900327062f0ebf497f51aef5e6f0c8/config.json "HTTP/1.1 200 OK"
Loading weights:   0%|          | 0/136 [00:00<?, ?it/s]Loading weights: 100%|██████████| 136/136 [00:00<00:00, 1800.85it/s]
[transformers] [1mModernBertForSequenceClassification LOAD REPORT[0m from: answerdotai/ModernBERT-base
Key               | Status     | 
------------------+------------+-
decoder.bias      | UNEXPECTED | 
classifier.weight | MISSING    | 
classifier.bias   | MISSING    | 

Notes:
- UNEXPECTED:	can be ignored when loading from different task/architecture; not ok if you expect identical arch.
- MISSING:	those params were newly initialized because missing from the checkpoint. Consider training on your downstream task.
[load] loading tokenizer (max_len=256)...
[2026-07-23 12:25:27,107][httpx][INFO] - HTTP Request: HEAD https://huggingface.co/answerdotai/ModernBERT-base/resolve/main/config.json "HTTP/1.1 307 Temporary Redirect"
[2026-07-23 12:25:27,112][httpx][INFO] - HTTP Request: HEAD https://huggingface.co/api/resolve-cache/models/answerdotai/ModernBERT-base/8949b909ec900327062f0ebf497f51aef5e6f0c8/config.json "HTTP/1.1 200 OK"
[2026-07-23 12:25:27,134][httpx][INFO] - HTTP Request: HEAD https://huggingface.co/answerdotai/ModernBERT-base/resolve/main/tokenizer_config.json "HTTP/1.1 307 Temporary Redirect"
[2026-07-23 12:25:27,140][httpx][INFO] - HTTP Request: HEAD https://huggingface.co/api/resolve-cache/models/answerdotai/ModernBERT-base/8949b909ec900327062f0ebf497f51aef5e6f0c8/tokenizer_config.json "HTTP/1.1 200 OK"
[2026-07-23 12:25:27,155][httpx][INFO] - HTTP Request: HEAD https://huggingface.co/answerdotai/ModernBERT-base/resolve/main/tokenizer_config.json "HTTP/1.1 307 Temporary Redirect"
[2026-07-23 12:25:27,160][httpx][INFO] - HTTP Request: HEAD https://huggingface.co/api/resolve-cache/models/answerdotai/ModernBERT-base/8949b909ec900327062f0ebf497f51aef5e6f0c8/tokenizer_config.json "HTTP/1.1 200 OK"
[2026-07-23 12:25:27,182][httpx][INFO] - HTTP Request: GET https://huggingface.co/api/models/answerdotai/ModernBERT-base/tree/main/additional_chat_templates?recursive=false&expand=false "HTTP/1.1 404 Not Found"
[2026-07-23 12:25:27,201][httpx][INFO] - HTTP Request: GET https://huggingface.co/api/models/answerdotai/ModernBERT-base/tree/main?recursive=true&expand=false "HTTP/1.1 200 OK"
[load] model and tokenizer ready.
Loading training data
Training data loaded.

[fit] model=answerdotai/ModernBERT-base | classes=7 | epochs=10 | patience=3
[fit] lr=5.0e-05 | warmup=93 steps (6% of 1560)
----------------------------------------------------------------------

[epoch 1/10]
  train loss : 1.0509E+00
  val loss   : 6.5465E-01  |  lr: 4.79e-05
  checkpoint : val loss improved → 6.5465E-01 (saved)

[epoch 2/10]
  train loss : 4.8866E-01
  val loss   : 6.2912E-01  |  lr: 4.25e-05
  checkpoint : val loss improved → 6.2912E-01 (saved)

[epoch 3/10]
  train loss : 2.6996E-01
  val loss   : 5.5580E-01  |  lr: 3.72e-05
  checkpoint : val loss improved → 5.5580E-01 (saved)

[epoch 4/10]
  train loss : 1.4645E-01
  val loss   : 9.9447E-01  |  lr: 3.19e-05
  patience   : 0/3

[epoch 5/10]
  train loss : 9.0236E-02
  val loss   : 8.1741E-01  |  lr: 2.66e-05
  patience   : 1/3

[epoch 6/10]
  train loss : 3.9331E-02
  val loss   : 1.0632E+00  |  lr: 2.13e-05
  patience   : 2/3

[epoch 7/10]
  train loss : 2.6705E-02
  val loss   : 9.9582E-01  |  lr: 1.60e-05
  patience   : 3/3

[fit] early stopping triggered at epoch 7.
[fit] training complete in 438.3s
0.8580171358629131 0.8161356813421136
Saving proba...
Proba Saved
Done.
