Namespace(dataset='20ng', method='adaptive-cluster-is', folds=10, save=True, inputrep='jina-v5', out='/data/bernardolemos/results/jina-v5/instance_selection', datain='/data/bernardolemos/datasets', overwrite=1, inputdir='/data/bernardolemos/datasets/20ng/jina-v5/', splitdir='/data/bernardolemos/datasets/20ng/splits/', outputdir='/data/bernardolemos/results/jina-v5/instance_selection/selection/20ng/', filename='/data/bernardolemos/results/jina-v5/instance_selection/selection/20ng//saida_adaptive-cluster-is', start_time='30-06-2026 14:14:47')
Namespace(dataset='20ng', method='adaptive-cluster-is', folds=10, save=True, inputrep='jina-v5', out='/data/bernardolemos/results/jina-v5/instance_selection', datain='/data/bernardolemos/datasets', overwrite=1, inputdir='/data/bernardolemos/datasets/20ng/jina-v5/', splitdir='/data/bernardolemos/datasets/20ng/splits/', outputdir='/data/bernardolemos/results/jina-v5/instance_selection/selection/20ng/', filename='/data/bernardolemos/results/jina-v5/instance_selection/selection/20ng//saida_adaptive-cluster-is', start_time='30-06-2026 14:14:47')
/data/bernardolemos/datasets/20ng/splits//split_10.pkl
Fold 0
Fold 0
[AdaptiveClusterIS] Step 1 — scoring via 'autoencoder' …
[AE-IS] Using GPU: NVIDIA A100-SXM4-80GB
[AE-IS] Architecture: 256 → 160 → 64 → 160 → 256
[AE-IS] Training autoencoder on 16954 instances (256 features) for up to 50 epochs …
  Epoch   1/50 — loss: 0.782285 (best: 0.782285)
  Epoch  10/50 — loss: 0.334296 (best: 0.334296)
  Epoch  20/50 — loss: 0.296574 (best: 0.296574)
  Epoch  30/50 — loss: 0.282822 (best: 0.282822)
  Epoch  40/50 — loss: 0.275264 (best: 0.275264)
  Epoch  50/50 — loss: 0.271661 (best: 0.271358)
[AE-IS] Training finished — best loss: 0.271358
[AE-IS] Reconstruction error stats — min: 0.043478, median: 0.185439, max: 0.909868
[AE-IS] Removed 0 redundant + 0 noisy = 0 total instances
[AE-IS] Kept 16954 / 16954 (reduction = 0.00%)
[AdaptiveClusterIS] Step 1.5 — Local Normalization (KNN) …
[AdaptiveClusterIS] Step 2 — clustering into 30 groups …
[AdaptiveClusterIS] Cluster sizes: min=192, median=556, max=918
[AdaptiveClusterIS] Removal rates: min=0.207, median=0.385, max=0.474
[AdaptiveClusterIS] Step 3 — applying cluster selection …
[AdaptiveClusterIS] Done — removed 6742 / 16954 (reduction = 39.77%)
Result: 
[16.916471481323242]
Fold 1
Fold 1
[AdaptiveClusterIS] Step 1 — scoring via 'autoencoder' …
[AE-IS] Using GPU: NVIDIA A100-SXM4-80GB
[AE-IS] Architecture: 256 → 160 → 64 → 160 → 256
[AE-IS] Training autoencoder on 16955 instances (256 features) for up to 50 epochs …
  Epoch   1/50 — loss: 0.780258 (best: 0.780258)
  Epoch  10/50 — loss: 0.334739 (best: 0.334739)
  Epoch  20/50 — loss: 0.296867 (best: 0.296867)
  Epoch  30/50 — loss: 0.283147 (best: 0.283147)
  Epoch  40/50 — loss: 0.275464 (best: 0.275464)
  Epoch  50/50 — loss: 0.270252 (best: 0.270252)
[AE-IS] Training finished — best loss: 0.270252
[AE-IS] Reconstruction error stats — min: 0.044218, median: 0.185682, max: 0.886143
[AE-IS] Removed 0 redundant + 0 noisy = 0 total instances
[AE-IS] Kept 16955 / 16955 (reduction = 0.00%)
[AdaptiveClusterIS] Step 1.5 — Local Normalization (KNN) …
[AdaptiveClusterIS] Step 2 — clustering into 30 groups …
[AdaptiveClusterIS] Cluster sizes: min=144, median=539, max=933
[AdaptiveClusterIS] Removal rates: min=0.174, median=0.385, max=0.483
[AdaptiveClusterIS] Step 3 — applying cluster selection …
[AdaptiveClusterIS] Done — removed 6852 / 16955 (reduction = 40.41%)
Result: 
[16.916471481323242, 14.751508951187134]
Fold 2
Fold 2
[AdaptiveClusterIS] Step 1 — scoring via 'autoencoder' …
[AE-IS] Using GPU: NVIDIA A100-SXM4-80GB
[AE-IS] Architecture: 256 → 160 → 64 → 160 → 256
[AE-IS] Training autoencoder on 16956 instances (256 features) for up to 50 epochs …
  Epoch   1/50 — loss: 0.780519 (best: 0.780519)
  Epoch  10/50 — loss: 0.335119 (best: 0.335119)
  Epoch  20/50 — loss: 0.298227 (best: 0.298227)
  Epoch  30/50 — loss: 0.284268 (best: 0.284268)
  Epoch  40/50 — loss: 0.275595 (best: 0.275595)
  Epoch  50/50 — loss: 0.270847 (best: 0.270844)
[AE-IS] Training finished — best loss: 0.270844
[AE-IS] Reconstruction error stats — min: 0.044265, median: 0.184897, max: 0.875034
[AE-IS] Removed 0 redundant + 0 noisy = 0 total instances
[AE-IS] Kept 16956 / 16956 (reduction = 0.00%)
[AdaptiveClusterIS] Step 1.5 — Local Normalization (KNN) …
[AdaptiveClusterIS] Step 2 — clustering into 30 groups …
[AdaptiveClusterIS] Cluster sizes: min=168, median=562, max=913
[AdaptiveClusterIS] Removal rates: min=0.188, median=0.385, max=0.472
[AdaptiveClusterIS] Step 3 — applying cluster selection …
[AdaptiveClusterIS] Done — removed 6714 / 16956 (reduction = 39.60%)
Result: 
[16.916471481323242, 14.751508951187134, 14.850034475326538]
Fold 3
Fold 3
[AdaptiveClusterIS] Step 1 — scoring via 'autoencoder' …
[AE-IS] Using GPU: NVIDIA A100-SXM4-80GB
[AE-IS] Architecture: 256 → 160 → 64 → 160 → 256
[AE-IS] Training autoencoder on 16958 instances (256 features) for up to 50 epochs …
  Epoch   1/50 — loss: 0.778719 (best: 0.778719)
  Epoch  10/50 — loss: 0.335521 (best: 0.335521)
  Epoch  20/50 — loss: 0.297838 (best: 0.297838)
  Epoch  30/50 — loss: 0.282994 (best: 0.282994)
  Epoch  40/50 — loss: 0.275334 (best: 0.275334)
  Epoch  50/50 — loss: 0.270730 (best: 0.270656)
[AE-IS] Training finished — best loss: 0.270656
[AE-IS] Reconstruction error stats — min: 0.046179, median: 0.185208, max: 0.899828
[AE-IS] Removed 0 redundant + 0 noisy = 0 total instances
[AE-IS] Kept 16958 / 16958 (reduction = 0.00%)
[AdaptiveClusterIS] Step 1.5 — Local Normalization (KNN) …
[AdaptiveClusterIS] Step 2 — clustering into 30 groups …
[AdaptiveClusterIS] Cluster sizes: min=237, median=560, max=998
[AdaptiveClusterIS] Removal rates: min=0.237, median=0.385, max=0.487
[AdaptiveClusterIS] Step 3 — applying cluster selection …
[AdaptiveClusterIS] Done — removed 6782 / 16958 (reduction = 39.99%)
Result: 
[16.916471481323242, 14.751508951187134, 14.850034475326538, 14.548355340957642]
Fold 4
Fold 4
[AdaptiveClusterIS] Step 1 — scoring via 'autoencoder' …
[AE-IS] Using GPU: NVIDIA A100-SXM4-80GB
[AE-IS] Architecture: 256 → 160 → 64 → 160 → 256
[AE-IS] Training autoencoder on 16960 instances (256 features) for up to 50 epochs …
  Epoch   1/50 — loss: 0.780985 (best: 0.780985)
  Epoch  10/50 — loss: 0.333579 (best: 0.333579)
  Epoch  20/50 — loss: 0.297523 (best: 0.297523)
  Epoch  30/50 — loss: 0.283246 (best: 0.283246)
  Epoch  40/50 — loss: 0.276383 (best: 0.275818)
  Epoch  50/50 — loss: 0.270462 (best: 0.270462)
[AE-IS] Training finished — best loss: 0.270462
[AE-IS] Reconstruction error stats — min: 0.042490, median: 0.185038, max: 0.887026
[AE-IS] Removed 0 redundant + 0 noisy = 0 total instances
[AE-IS] Kept 16960 / 16960 (reduction = 0.00%)
[AdaptiveClusterIS] Step 1.5 — Local Normalization (KNN) …
[AdaptiveClusterIS] Step 2 — clustering into 30 groups …
[AdaptiveClusterIS] Cluster sizes: min=178, median=598, max=1148
[AdaptiveClusterIS] Removal rates: min=0.187, median=0.385, max=0.500
[AdaptiveClusterIS] Step 3 — applying cluster selection …
[AdaptiveClusterIS] Done — removed 6636 / 16960 (reduction = 39.13%)
Result: 
[16.916471481323242, 14.751508951187134, 14.850034475326538, 14.548355340957642, 14.036993741989136]
Fold 5
Fold 5
[AdaptiveClusterIS] Step 1 — scoring via 'autoencoder' …
[AE-IS] Using GPU: NVIDIA A100-SXM4-80GB
[AE-IS] Architecture: 256 → 160 → 64 → 160 → 256
[AE-IS] Training autoencoder on 16963 instances (256 features) for up to 50 epochs …
  Epoch   1/50 — loss: 0.779222 (best: 0.779222)
  Epoch  10/50 — loss: 0.333104 (best: 0.333104)
  Epoch  20/50 — loss: 0.296504 (best: 0.296504)
  Epoch  30/50 — loss: 0.283242 (best: 0.283242)
  Epoch  40/50 — loss: 0.274621 (best: 0.274621)
  Epoch  50/50 — loss: 0.269206 (best: 0.269206)
[AE-IS] Training finished — best loss: 0.269206
[AE-IS] Reconstruction error stats — min: 0.040950, median: 0.185512, max: 0.859125
[AE-IS] Removed 0 redundant + 0 noisy = 0 total instances
[AE-IS] Kept 16963 / 16963 (reduction = 0.00%)
[AdaptiveClusterIS] Step 1.5 — Local Normalization (KNN) …
[AdaptiveClusterIS] Step 2 — clustering into 30 groups …
[AdaptiveClusterIS] Cluster sizes: min=133, median=555, max=1114
[AdaptiveClusterIS] Removal rates: min=0.161, median=0.385, max=0.507
[AdaptiveClusterIS] Step 3 — applying cluster selection …
[AdaptiveClusterIS] Done — removed 6905 / 16963 (reduction = 40.71%)
Result: 
[16.916471481323242, 14.751508951187134, 14.850034475326538, 14.548355340957642, 14.036993741989136, 13.818559885025024]
Fold 6
Fold 6
[AdaptiveClusterIS] Step 1 — scoring via 'autoencoder' …
[AE-IS] Using GPU: NVIDIA A100-SXM4-80GB
[AE-IS] Architecture: 256 → 160 → 64 → 160 → 256
[AE-IS] Training autoencoder on 16964 instances (256 features) for up to 50 epochs …
  Epoch   1/50 — loss: 0.780572 (best: 0.780572)
  Epoch  10/50 — loss: 0.333078 (best: 0.333078)
  Epoch  20/50 — loss: 0.296311 (best: 0.296311)
  Epoch  30/50 — loss: 0.281712 (best: 0.281712)
  Epoch  40/50 — loss: 0.275043 (best: 0.275043)
  Epoch  50/50 — loss: 0.270816 (best: 0.270768)
[AE-IS] Training finished — best loss: 0.270768
[AE-IS] Reconstruction error stats — min: 0.044127, median: 0.186062, max: 0.889641
[AE-IS] Removed 0 redundant + 0 noisy = 0 total instances
[AE-IS] Kept 16964 / 16964 (reduction = 0.00%)
[AdaptiveClusterIS] Step 1.5 — Local Normalization (KNN) …
[AdaptiveClusterIS] Step 2 — clustering into 30 groups …
[AdaptiveClusterIS] Cluster sizes: min=201, median=561, max=991
[AdaptiveClusterIS] Removal rates: min=0.212, median=0.385, max=0.486
[AdaptiveClusterIS] Step 3 — applying cluster selection …
[AdaptiveClusterIS] Done — removed 6754 / 16964 (reduction = 39.81%)
Result: 
[16.916471481323242, 14.751508951187134, 14.850034475326538, 14.548355340957642, 14.036993741989136, 13.818559885025024, 14.123720407485962]
Fold 7
Fold 7
[AdaptiveClusterIS] Step 1 — scoring via 'autoencoder' …
[AE-IS] Using GPU: NVIDIA A100-SXM4-80GB
[AE-IS] Architecture: 256 → 160 → 64 → 160 → 256
[AE-IS] Training autoencoder on 16966 instances (256 features) for up to 50 epochs …
  Epoch   1/50 — loss: 0.780145 (best: 0.780145)
  Epoch  10/50 — loss: 0.333617 (best: 0.333617)
  Epoch  20/50 — loss: 0.296906 (best: 0.296906)
  Epoch  30/50 — loss: 0.283618 (best: 0.283618)
  Epoch  40/50 — loss: 0.274805 (best: 0.274805)
  Epoch  50/50 — loss: 0.270346 (best: 0.269489)
[AE-IS] Training finished — best loss: 0.269489
[AE-IS] Reconstruction error stats — min: 0.041927, median: 0.186456, max: 0.894139
[AE-IS] Removed 0 redundant + 0 noisy = 0 total instances
[AE-IS] Kept 16966 / 16966 (reduction = 0.00%)
[AdaptiveClusterIS] Step 1.5 — Local Normalization (KNN) …
[AdaptiveClusterIS] Step 2 — clustering into 30 groups …
[AdaptiveClusterIS] Cluster sizes: min=155, median=501, max=1167
[AdaptiveClusterIS] Removal rates: min=0.192, median=0.385, max=0.531
[AdaptiveClusterIS] Step 3 — applying cluster selection …
[AdaptiveClusterIS] Done — removed 7160 / 16966 (reduction = 42.20%)
Result: 
[16.916471481323242, 14.751508951187134, 14.850034475326538, 14.548355340957642, 14.036993741989136, 13.818559885025024, 14.123720407485962, 13.86531138420105]
Fold 8
Fold 8
[AdaptiveClusterIS] Step 1 — scoring via 'autoencoder' …
[AE-IS] Using GPU: NVIDIA A100-SXM4-80GB
[AE-IS] Architecture: 256 → 160 → 64 → 160 → 256
[AE-IS] Training autoencoder on 16968 instances (256 features) for up to 50 epochs …
  Epoch   1/50 — loss: 0.781665 (best: 0.781665)
  Epoch  10/50 — loss: 0.334859 (best: 0.334859)
  Epoch  20/50 — loss: 0.296290 (best: 0.296290)
  Epoch  30/50 — loss: 0.282812 (best: 0.282812)
  Epoch  40/50 — loss: 0.275650 (best: 0.275650)
  Epoch  50/50 — loss: 0.269876 (best: 0.269876)
[AE-IS] Training finished — best loss: 0.269876
[AE-IS] Reconstruction error stats — min: 0.041707, median: 0.185370, max: 0.864313
[AE-IS] Removed 0 redundant + 0 noisy = 0 total instances
[AE-IS] Kept 16968 / 16968 (reduction = 0.00%)
[AdaptiveClusterIS] Step 1.5 — Local Normalization (KNN) …
[AdaptiveClusterIS] Step 2 — clustering into 30 groups …
[AdaptiveClusterIS] Cluster sizes: min=161, median=568, max=1024
[AdaptiveClusterIS] Removal rates: min=0.181, median=0.385, max=0.489
[AdaptiveClusterIS] Step 3 — applying cluster selection …
[AdaptiveClusterIS] Done — removed 6744 / 16968 (reduction = 39.75%)
Result: 
[16.916471481323242, 14.751508951187134, 14.850034475326538, 14.548355340957642, 14.036993741989136, 13.818559885025024, 14.123720407485962, 13.86531138420105, 14.375757932662964]
Fold 9
Fold 9
[AdaptiveClusterIS] Step 1 — scoring via 'autoencoder' …
[AE-IS] Using GPU: NVIDIA A100-SXM4-80GB
[AE-IS] Architecture: 256 → 160 → 64 → 160 → 256
[AE-IS] Training autoencoder on 16970 instances (256 features) for up to 50 epochs …
  Epoch   1/50 — loss: 0.777510 (best: 0.777510)
  Epoch  10/50 — loss: 0.334154 (best: 0.334154)
  Epoch  20/50 — loss: 0.296626 (best: 0.296626)
  Epoch  30/50 — loss: 0.283156 (best: 0.283156)
  Epoch  40/50 — loss: 0.275261 (best: 0.275122)
  Epoch  50/50 — loss: 0.269673 (best: 0.269673)
[AE-IS] Training finished — best loss: 0.269673
[AE-IS] Reconstruction error stats — min: 0.040613, median: 0.186344, max: 0.898910
[AE-IS] Removed 0 redundant + 0 noisy = 0 total instances
[AE-IS] Kept 16970 / 16970 (reduction = 0.00%)
[AdaptiveClusterIS] Step 1.5 — Local Normalization (KNN) …
[AdaptiveClusterIS] Step 2 — clustering into 30 groups …
[AdaptiveClusterIS] Cluster sizes: min=32, median=522, max=1125
[AdaptiveClusterIS] Removal rates: min=0.062, median=0.385, max=0.519
[AdaptiveClusterIS] Step 3 — applying cluster selection …
[AdaptiveClusterIS] Done — removed 7081 / 16970 (reduction = 41.73%)
Result: 
[16.916471481323242, 14.751508951187134, 14.850034475326538, 14.548355340957642, 14.036993741989136, 13.818559885025024, 14.123720407485962, 13.86531138420105, 14.375757932662964, 14.556518077850342]
time: 14.584323167800903
time std: 0.8484180195902244
reducion: 0.40309016628485994
reducion std: 0.00928588733445143
END
