Namespace(dataset='20ng', method='entropy-sublinear-ae-is', folds=10, save=True, inputrep='jina-v5', out='/data/bernardolemos/results/jina-v5/instance_selection', datain='/data/bernardolemos/datasets', overwrite=1, inputdir='/data/bernardolemos/datasets/20ng/jina-v5/', splitdir='/data/bernardolemos/datasets/20ng/splits/', outputdir='/data/bernardolemos/results/jina-v5/instance_selection/selection/20ng/', filename='/data/bernardolemos/results/jina-v5/instance_selection/selection/20ng//saida_entropy-sublinear-ae-is', start_time='04-07-2026 19:34:23')
Namespace(dataset='20ng', method='entropy-sublinear-ae-is', folds=10, save=True, inputrep='jina-v5', out='/data/bernardolemos/results/jina-v5/instance_selection', datain='/data/bernardolemos/datasets', overwrite=1, inputdir='/data/bernardolemos/datasets/20ng/jina-v5/', splitdir='/data/bernardolemos/datasets/20ng/splits/', outputdir='/data/bernardolemos/results/jina-v5/instance_selection/selection/20ng/', filename='/data/bernardolemos/results/jina-v5/instance_selection/selection/20ng//saida_entropy-sublinear-ae-is', start_time='04-07-2026 19:34:23')
/data/bernardolemos/datasets/20ng/splits//split_10.pkl
Fold 0
Fold 0
[EntropySublinearAEIS] Step 1 — Training Autoencoder for 50 epochs...
[AE-IS] Using GPU: NVIDIA A100-SXM4-80GB
[AE-IS] Architecture: 256 → 192 → 128 → 192 → 256
[AE-IS] Training autoencoder on 16954 instances (256 features) for up to 50 epochs …
  Epoch   1/50 — loss: 0.629080 (best: 0.629080)
  Epoch  10/50 — loss: 0.271260 (best: 0.271260)
  Epoch  20/50 — loss: 0.248173 (best: 0.248173)
  Epoch  30/50 — loss: 0.239886 (best: 0.239886)
  Epoch  40/50 — loss: 0.233054 (best: 0.233054)
  Epoch  50/50 — loss: 0.229783 (best: 0.228668)
[AE-IS] Training finished — best loss: 0.228668
[AE-IS] Reconstruction error stats — min: 0.033464, median: 0.138403, max: 0.796349
[AE-IS] Removed 0 redundant + 0 noisy = 0 total instances
[AE-IS] Kept 16954 / 16954 (reduction = 0.00%)
[EntropySublinearAEIS] AE scores: min=0.0335, median=0.1384, max=0.7963
[EntropySublinearAEIS] Step 2 — Tessellating into 200 micro-clusters...
[EntropySublinearAEIS] Step 3 — Entropy H=0.9596, adaptive reduction=23.05% (Keeping 13046 / 16954)
[EntropySublinearAEIS] Step 4 — Sublinear sampling (gamma=0.5). lambda = 7.9514
[EntropySublinearAEIS] Done — removed 3907 / 16954 (reduction = 23.04%)
Result: 
[14.531855344772339]
Fold 1
Fold 1
[EntropySublinearAEIS] Step 1 — Training Autoencoder for 50 epochs...
[AE-IS] Using GPU: NVIDIA A100-SXM4-80GB
[AE-IS] Architecture: 256 → 192 → 128 → 192 → 256
[AE-IS] Training autoencoder on 16955 instances (256 features) for up to 50 epochs …
  Epoch   1/50 — loss: 0.631682 (best: 0.631682)
  Epoch  10/50 — loss: 0.270931 (best: 0.270931)
  Epoch  20/50 — loss: 0.247838 (best: 0.247838)
  Epoch  30/50 — loss: 0.238063 (best: 0.238063)
  Epoch  40/50 — loss: 0.232428 (best: 0.232428)
  Epoch  50/50 — loss: 0.228048 (best: 0.228048)
[AE-IS] Training finished — best loss: 0.228048
[AE-IS] Reconstruction error stats — min: 0.034636, median: 0.137637, max: 0.795915
[AE-IS] Removed 0 redundant + 0 noisy = 0 total instances
[AE-IS] Kept 16955 / 16955 (reduction = 0.00%)
[EntropySublinearAEIS] AE scores: min=0.0346, median=0.1376, max=0.7959
[EntropySublinearAEIS] Step 2 — Tessellating into 200 micro-clusters...
[EntropySublinearAEIS] Step 3 — Entropy H=0.9599, adaptive reduction=22.94% (Keeping 13066 / 16955)
[EntropySublinearAEIS] Step 4 — Sublinear sampling (gamma=0.5). lambda = 7.9774
[EntropySublinearAEIS] Done — removed 3887 / 16955 (reduction = 22.93%)
Result: 
[14.531855344772339, 11.364417791366577]
Fold 2
Fold 2
[EntropySublinearAEIS] Step 1 — Training Autoencoder for 50 epochs...
[AE-IS] Using GPU: NVIDIA A100-SXM4-80GB
[AE-IS] Architecture: 256 → 192 → 128 → 192 → 256
[AE-IS] Training autoencoder on 16956 instances (256 features) for up to 50 epochs …
  Epoch   1/50 — loss: 0.628277 (best: 0.628277)
  Epoch  10/50 — loss: 0.271555 (best: 0.271555)
  Epoch  20/50 — loss: 0.248898 (best: 0.248898)
  Epoch  30/50 — loss: 0.238699 (best: 0.238699)
  Epoch  40/50 — loss: 0.231772 (best: 0.231772)
  Epoch  50/50 — loss: 0.228167 (best: 0.228167)
[AE-IS] Training finished — best loss: 0.228167
[AE-IS] Reconstruction error stats — min: 0.032786, median: 0.137953, max: 0.751154
[AE-IS] Removed 0 redundant + 0 noisy = 0 total instances
[AE-IS] Kept 16956 / 16956 (reduction = 0.00%)
[EntropySublinearAEIS] AE scores: min=0.0328, median=0.1380, max=0.7512
[EntropySublinearAEIS] Step 2 — Tessellating into 200 micro-clusters...
[EntropySublinearAEIS] Step 3 — Entropy H=0.9568, adaptive reduction=24.22% (Keeping 12849 / 16956)
[EntropySublinearAEIS] Step 4 — Sublinear sampling (gamma=0.5). lambda = 7.8766
[EntropySublinearAEIS] Done — removed 4107 / 16956 (reduction = 24.22%)
Result: 
[14.531855344772339, 11.364417791366577, 11.237190246582031]
Fold 3
Fold 3
[EntropySublinearAEIS] Step 1 — Training Autoencoder for 50 epochs...
[AE-IS] Using GPU: NVIDIA A100-SXM4-80GB
[AE-IS] Architecture: 256 → 192 → 128 → 192 → 256
[AE-IS] Training autoencoder on 16958 instances (256 features) for up to 50 epochs …
  Epoch   1/50 — loss: 0.629606 (best: 0.629606)
  Epoch  10/50 — loss: 0.271251 (best: 0.271251)
  Epoch  20/50 — loss: 0.248121 (best: 0.248121)
  Epoch  30/50 — loss: 0.238954 (best: 0.238954)
  Epoch  40/50 — loss: 0.233401 (best: 0.232949)
  Epoch  50/50 — loss: 0.228911 (best: 0.228911)
[AE-IS] Training finished — best loss: 0.228911
[AE-IS] Reconstruction error stats — min: 0.035968, median: 0.139273, max: 0.796183
[AE-IS] Removed 0 redundant + 0 noisy = 0 total instances
[AE-IS] Kept 16958 / 16958 (reduction = 0.00%)
[EntropySublinearAEIS] AE scores: min=0.0360, median=0.1393, max=0.7962
[EntropySublinearAEIS] Step 2 — Tessellating into 200 micro-clusters...
[EntropySublinearAEIS] Step 3 — Entropy H=0.9626, adaptive reduction=21.78% (Keeping 13264 / 16958)
[EntropySublinearAEIS] Step 4 — Sublinear sampling (gamma=0.5). lambda = 8.0238
[EntropySublinearAEIS] Done — removed 3694 / 16958 (reduction = 21.78%)
Result: 
[14.531855344772339, 11.364417791366577, 11.237190246582031, 11.19673490524292]
Fold 4
Fold 4
[EntropySublinearAEIS] Step 1 — Training Autoencoder for 50 epochs...
[AE-IS] Using GPU: NVIDIA A100-SXM4-80GB
[AE-IS] Architecture: 256 → 192 → 128 → 192 → 256
[AE-IS] Training autoencoder on 16960 instances (256 features) for up to 50 epochs …
  Epoch   1/50 — loss: 0.629631 (best: 0.629631)
  Epoch  10/50 — loss: 0.272626 (best: 0.272626)
  Epoch  20/50 — loss: 0.249699 (best: 0.249699)
  Epoch  30/50 — loss: 0.239118 (best: 0.239118)
  Epoch  40/50 — loss: 0.233096 (best: 0.233096)
  Epoch  50/50 — loss: 0.229807 (best: 0.229594)
[AE-IS] Training finished — best loss: 0.229594
[AE-IS] Reconstruction error stats — min: 0.035014, median: 0.139073, max: 0.798492
[AE-IS] Removed 0 redundant + 0 noisy = 0 total instances
[AE-IS] Kept 16960 / 16960 (reduction = 0.00%)
[EntropySublinearAEIS] AE scores: min=0.0350, median=0.1391, max=0.7985
[EntropySublinearAEIS] Step 2 — Tessellating into 200 micro-clusters...
[EntropySublinearAEIS] Step 3 — Entropy H=0.9611, adaptive reduction=22.41% (Keeping 13159 / 16960)
[EntropySublinearAEIS] Step 4 — Sublinear sampling (gamma=0.5). lambda = 8.0212
[EntropySublinearAEIS] Done — removed 3800 / 16960 (reduction = 22.41%)
Result: 
[14.531855344772339, 11.364417791366577, 11.237190246582031, 11.19673490524292, 11.828143835067749]
Fold 5
Fold 5
[EntropySublinearAEIS] Step 1 — Training Autoencoder for 50 epochs...
[AE-IS] Using GPU: NVIDIA A100-SXM4-80GB
[AE-IS] Architecture: 256 → 192 → 128 → 192 → 256
[AE-IS] Training autoencoder on 16963 instances (256 features) for up to 50 epochs …
  Epoch   1/50 — loss: 0.630000 (best: 0.630000)
  Epoch  10/50 — loss: 0.271486 (best: 0.271486)
  Epoch  20/50 — loss: 0.248310 (best: 0.248310)
  Epoch  30/50 — loss: 0.238091 (best: 0.238091)
  Epoch  40/50 — loss: 0.232659 (best: 0.232427)
  Epoch  50/50 — loss: 0.228233 (best: 0.228233)
[AE-IS] Training finished — best loss: 0.228233
[AE-IS] Reconstruction error stats — min: 0.031216, median: 0.138316, max: 0.695019
[AE-IS] Removed 0 redundant + 0 noisy = 0 total instances
[AE-IS] Kept 16963 / 16963 (reduction = 0.00%)
[EntropySublinearAEIS] AE scores: min=0.0312, median=0.1383, max=0.6950
[EntropySublinearAEIS] Step 2 — Tessellating into 200 micro-clusters...
[EntropySublinearAEIS] Step 3 — Entropy H=0.9634, adaptive reduction=21.41% (Keeping 13331 / 16963)
[EntropySublinearAEIS] Step 4 — Sublinear sampling (gamma=0.5). lambda = 8.0659
[EntropySublinearAEIS] Done — removed 3632 / 16963 (reduction = 21.41%)
Result: 
[14.531855344772339, 11.364417791366577, 11.237190246582031, 11.19673490524292, 11.828143835067749, 11.203267097473145]
Fold 6
Fold 6
[EntropySublinearAEIS] Step 1 — Training Autoencoder for 50 epochs...
[AE-IS] Using GPU: NVIDIA A100-SXM4-80GB
[AE-IS] Architecture: 256 → 192 → 128 → 192 → 256
[AE-IS] Training autoencoder on 16964 instances (256 features) for up to 50 epochs …
  Epoch   1/50 — loss: 0.629070 (best: 0.629070)
  Epoch  10/50 — loss: 0.271609 (best: 0.271609)
  Epoch  20/50 — loss: 0.248493 (best: 0.248493)
  Epoch  30/50 — loss: 0.239838 (best: 0.238927)
  Epoch  40/50 — loss: 0.233456 (best: 0.233456)
  Epoch  50/50 — loss: 0.228585 (best: 0.228585)
[AE-IS] Training finished — best loss: 0.228585
[AE-IS] Reconstruction error stats — min: 0.036030, median: 0.139219, max: 0.788775
[AE-IS] Removed 0 redundant + 0 noisy = 0 total instances
[AE-IS] Kept 16964 / 16964 (reduction = 0.00%)
[EntropySublinearAEIS] AE scores: min=0.0360, median=0.1392, max=0.7888
[EntropySublinearAEIS] Step 2 — Tessellating into 200 micro-clusters...
[EntropySublinearAEIS] Step 3 — Entropy H=0.9633, adaptive reduction=21.46% (Keeping 13322 / 16964)
[EntropySublinearAEIS] Step 4 — Sublinear sampling (gamma=0.5). lambda = 8.0720
[EntropySublinearAEIS] Done — removed 3642 / 16964 (reduction = 21.47%)
Result: 
[14.531855344772339, 11.364417791366577, 11.237190246582031, 11.19673490524292, 11.828143835067749, 11.203267097473145, 11.183436155319214]
Fold 7
Fold 7
[EntropySublinearAEIS] Step 1 — Training Autoencoder for 50 epochs...
[AE-IS] Using GPU: NVIDIA A100-SXM4-80GB
[AE-IS] Architecture: 256 → 192 → 128 → 192 → 256
[AE-IS] Training autoencoder on 16966 instances (256 features) for up to 50 epochs …
  Epoch   1/50 — loss: 0.629701 (best: 0.629701)
  Epoch  10/50 — loss: 0.271077 (best: 0.271077)
  Epoch  20/50 — loss: 0.247727 (best: 0.247727)
  Epoch  30/50 — loss: 0.237648 (best: 0.237648)
  Epoch  40/50 — loss: 0.231825 (best: 0.231825)
  Epoch  50/50 — loss: 0.227730 (best: 0.227730)
[AE-IS] Training finished — best loss: 0.227730
[AE-IS] Reconstruction error stats — min: 0.039783, median: 0.138501, max: 0.763749
[AE-IS] Removed 0 redundant + 0 noisy = 0 total instances
[AE-IS] Kept 16966 / 16966 (reduction = 0.00%)
[EntropySublinearAEIS] AE scores: min=0.0398, median=0.1385, max=0.7637
[EntropySublinearAEIS] Step 2 — Tessellating into 200 micro-clusters...
[EntropySublinearAEIS] Step 3 — Entropy H=0.9628, adaptive reduction=21.70% (Keeping 13284 / 16966)
[EntropySublinearAEIS] Step 4 — Sublinear sampling (gamma=0.5). lambda = 8.0718
[EntropySublinearAEIS] Done — removed 3682 / 16966 (reduction = 21.70%)
Result: 
[14.531855344772339, 11.364417791366577, 11.237190246582031, 11.19673490524292, 11.828143835067749, 11.203267097473145, 11.183436155319214, 11.24579668045044]
Fold 8
Fold 8
[EntropySublinearAEIS] Step 1 — Training Autoencoder for 50 epochs...
[AE-IS] Using GPU: NVIDIA A100-SXM4-80GB
[AE-IS] Architecture: 256 → 192 → 128 → 192 → 256
[AE-IS] Training autoencoder on 16968 instances (256 features) for up to 50 epochs …
  Epoch   1/50 — loss: 0.630539 (best: 0.630539)
  Epoch  10/50 — loss: 0.271311 (best: 0.271311)
  Epoch  20/50 — loss: 0.248155 (best: 0.248155)
  Epoch  30/50 — loss: 0.239117 (best: 0.239117)
  Epoch  40/50 — loss: 0.231761 (best: 0.231761)
  Epoch  50/50 — loss: 0.228705 (best: 0.228133)
[AE-IS] Training finished — best loss: 0.228133
[AE-IS] Reconstruction error stats — min: 0.034982, median: 0.138224, max: 0.792512
[AE-IS] Removed 0 redundant + 0 noisy = 0 total instances
[AE-IS] Kept 16968 / 16968 (reduction = 0.00%)
[EntropySublinearAEIS] AE scores: min=0.0350, median=0.1382, max=0.7925
[EntropySublinearAEIS] Step 2 — Tessellating into 200 micro-clusters...
[EntropySublinearAEIS] Step 3 — Entropy H=0.9582, adaptive reduction=23.65% (Keeping 12954 / 16968)
[EntropySublinearAEIS] Step 4 — Sublinear sampling (gamma=0.5). lambda = 7.9189
[EntropySublinearAEIS] Done — removed 4014 / 16968 (reduction = 23.66%)
Result: 
[14.531855344772339, 11.364417791366577, 11.237190246582031, 11.19673490524292, 11.828143835067749, 11.203267097473145, 11.183436155319214, 11.24579668045044, 11.043399095535278]
Fold 9
Fold 9
[EntropySublinearAEIS] Step 1 — Training Autoencoder for 50 epochs...
[AE-IS] Using GPU: NVIDIA A100-SXM4-80GB
[AE-IS] Architecture: 256 → 192 → 128 → 192 → 256
[AE-IS] Training autoencoder on 16970 instances (256 features) for up to 50 epochs …
  Epoch   1/50 — loss: 0.629606 (best: 0.629606)
  Epoch  10/50 — loss: 0.271580 (best: 0.271580)
  Epoch  20/50 — loss: 0.248706 (best: 0.248706)
  Epoch  30/50 — loss: 0.238486 (best: 0.238486)
  Epoch  40/50 — loss: 0.231918 (best: 0.231918)
  Epoch  50/50 — loss: 0.228428 (best: 0.228428)
[AE-IS] Training finished — best loss: 0.228428
[AE-IS] Reconstruction error stats — min: 0.037377, median: 0.139396, max: 0.783560
[AE-IS] Removed 0 redundant + 0 noisy = 0 total instances
[AE-IS] Kept 16970 / 16970 (reduction = 0.00%)
[EntropySublinearAEIS] AE scores: min=0.0374, median=0.1394, max=0.7836
[EntropySublinearAEIS] Step 2 — Tessellating into 200 micro-clusters...
[EntropySublinearAEIS] Step 3 — Entropy H=0.9619, adaptive reduction=22.07% (Keeping 13225 / 16970)
[EntropySublinearAEIS] Step 4 — Sublinear sampling (gamma=0.5). lambda = 8.0632
[EntropySublinearAEIS] Done — removed 3745 / 16970 (reduction = 22.07%)
Result: 
[14.531855344772339, 11.364417791366577, 11.237190246582031, 11.19673490524292, 11.828143835067749, 11.203267097473145, 11.183436155319214, 11.24579668045044, 11.043399095535278, 11.868653774261475]
time: 11.670289492607116
time std: 0.9892691098375389
reducion: 0.22468768222588711
reducion std: 0.009144498065760294
END
