Namespace(dataset='20ng', method='adaptive-perplexity', folds=10, save=True, inputrep='jina-v5', out='/data/bernardolemos/results/jina-v5/instance_selection', datain='/data/bernardolemos/datasets', overwrite=1, inputdir='/data/bernardolemos/datasets/20ng/jina-v5/', splitdir='/data/bernardolemos/datasets/20ng/splits/', outputdir='/data/bernardolemos/results/jina-v5/instance_selection/selection/20ng/', filename='/data/bernardolemos/results/jina-v5/instance_selection/selection/20ng//saida_adaptive-perplexity', start_time='30-06-2026 14:25:50')
Namespace(dataset='20ng', method='adaptive-perplexity', folds=10, save=True, inputrep='jina-v5', out='/data/bernardolemos/results/jina-v5/instance_selection', datain='/data/bernardolemos/datasets', overwrite=1, inputdir='/data/bernardolemos/datasets/20ng/jina-v5/', splitdir='/data/bernardolemos/datasets/20ng/splits/', outputdir='/data/bernardolemos/results/jina-v5/instance_selection/selection/20ng/', filename='/data/bernardolemos/results/jina-v5/instance_selection/selection/20ng//saida_adaptive-perplexity', start_time='30-06-2026 14:25:50')
/data/bernardolemos/datasets/20ng/splits//split_10.pkl
Fold 0
Fold 0
[Adaptive-IS] Step 1 — computing scores via 'autoencoder' …
[AE-IS] Using GPU: NVIDIA A100-SXM4-80GB
[AE-IS] Architecture: 256 → 134 → 12 → 134 → 256
[AE-IS] Training autoencoder on 16954 instances (256 features) for up to 10 epochs …
  Epoch   1/10 — loss: 0.630792 (best: 0.630792)
  Epoch  10/10 — loss: 0.418018 (best: 0.418018)
[AE-IS] Training finished — best loss: 0.418018
[AE-IS] Reconstruction error stats — min: 0.056704, median: 0.322428, max: 1.354702
[AE-IS] Removed 0 redundant + 0 noisy = 0 total instances
[AE-IS] Kept 16954 / 16954 (reduction = 0.00%)
[Adaptive-IS] Score stats — min: 0.0567, median: 0.3224, max: 1.3547
[Adaptive-IS] Step 2 — estimating thresholds via 'gmm_boundary' …
[Adaptive-IS] Estimated params — low_percentile=56.7, high_percentile=86.4, beta=0.600, theta=0.155, imbalance_proxy=0.455
[Adaptive-IS] GMM component means: [0.22495339810848236, 0.402148574590683, 0.6293098330497742]
[Adaptive-IS] Step 3 — applying selection …
[Adaptive-IS] Redundant candidates: 9621, removing 5772 (beta=0.600)
[Adaptive-IS] Noise candidates: 2299, removing 356 (theta=0.155)
[Adaptive-IS] Removed 6128 instances — kept 10826 / 16954 (reduction = 36.14%)
Result: 
[7.821237802505493]
Fold 1
Fold 1
[Adaptive-IS] Step 1 — computing scores via 'autoencoder' …
[AE-IS] Using GPU: NVIDIA A100-SXM4-80GB
[AE-IS] Architecture: 256 → 134 → 12 → 134 → 256
[AE-IS] Training autoencoder on 16955 instances (256 features) for up to 10 epochs …
  Epoch   1/10 — loss: 0.626229 (best: 0.626229)
  Epoch  10/10 — loss: 0.420666 (best: 0.420666)
[AE-IS] Training finished — best loss: 0.420666
[AE-IS] Reconstruction error stats — min: 0.066300, median: 0.324987, max: 1.332857
[AE-IS] Removed 0 redundant + 0 noisy = 0 total instances
[AE-IS] Kept 16955 / 16955 (reduction = 0.00%)
[Adaptive-IS] Score stats — min: 0.0663, median: 0.3250, max: 1.3329
[Adaptive-IS] Step 2 — estimating thresholds via 'gmm_boundary' …
[Adaptive-IS] Estimated params — low_percentile=57.0, high_percentile=88.0, beta=0.600, theta=0.145, imbalance_proxy=0.451
[Adaptive-IS] GMM component means: [0.22780978679656982, 0.4117181897163391, 0.6336410641670227]
[Adaptive-IS] Step 3 — applying selection …
[Adaptive-IS] Redundant candidates: 9665, removing 5799 (beta=0.600)
[Adaptive-IS] Noise candidates: 2037, removing 295 (theta=0.145)
[Adaptive-IS] Removed 6094 instances — kept 10861 / 16955 (reduction = 35.94%)
Result: 
[7.821237802505493, 6.0070717334747314]
Fold 2
Fold 2
[Adaptive-IS] Step 1 — computing scores via 'autoencoder' …
[AE-IS] Using GPU: NVIDIA A100-SXM4-80GB
[AE-IS] Architecture: 256 → 134 → 12 → 134 → 256
[AE-IS] Training autoencoder on 16956 instances (256 features) for up to 10 epochs …
  Epoch   1/10 — loss: 0.623826 (best: 0.623826)
  Epoch  10/10 — loss: 0.423039 (best: 0.423039)
[AE-IS] Training finished — best loss: 0.423039
[AE-IS] Reconstruction error stats — min: 0.059954, median: 0.331070, max: 1.367888
[AE-IS] Removed 0 redundant + 0 noisy = 0 total instances
[AE-IS] Kept 16956 / 16956 (reduction = 0.00%)
[Adaptive-IS] Score stats — min: 0.0600, median: 0.3311, max: 1.3679
[Adaptive-IS] Step 2 — estimating thresholds via 'gmm_boundary' …
[Adaptive-IS] Estimated params — low_percentile=56.3, high_percentile=87.4, beta=0.600, theta=0.154, imbalance_proxy=0.445
[Adaptive-IS] GMM component means: [0.23020875453948975, 0.4129323661327362, 0.6320064663887024]
[Adaptive-IS] Step 3 — applying selection …
[Adaptive-IS] Redundant candidates: 9553, removing 5731 (beta=0.600)
[Adaptive-IS] Noise candidates: 2140, removing 329 (theta=0.154)
[Adaptive-IS] Removed 6060 instances — kept 10896 / 16956 (reduction = 35.74%)
Result: 
[7.821237802505493, 6.0070717334747314, 5.9715657234191895]
Fold 3
Fold 3
[Adaptive-IS] Step 1 — computing scores via 'autoencoder' …
[AE-IS] Using GPU: NVIDIA A100-SXM4-80GB
[AE-IS] Architecture: 256 → 134 → 12 → 134 → 256
[AE-IS] Training autoencoder on 16958 instances (256 features) for up to 10 epochs …
  Epoch   1/10 — loss: 0.627112 (best: 0.627112)
  Epoch  10/10 — loss: 0.421972 (best: 0.421972)
[AE-IS] Training finished — best loss: 0.421972
[AE-IS] Reconstruction error stats — min: 0.057061, median: 0.330257, max: 1.199211
[AE-IS] Removed 0 redundant + 0 noisy = 0 total instances
[AE-IS] Kept 16958 / 16958 (reduction = 0.00%)
[Adaptive-IS] Score stats — min: 0.0571, median: 0.3303, max: 1.1992
[Adaptive-IS] Step 2 — estimating thresholds via 'gmm_boundary' …
[Adaptive-IS] Estimated params — low_percentile=55.9, high_percentile=86.5, beta=0.600, theta=0.159, imbalance_proxy=0.449
[Adaptive-IS] GMM component means: [0.22726194560527802, 0.4041876494884491, 0.625598132610321]
[Adaptive-IS] Step 3 — applying selection …
[Adaptive-IS] Redundant candidates: 9476, removing 5685 (beta=0.600)
[Adaptive-IS] Noise candidates: 2282, removing 363 (theta=0.159)
[Adaptive-IS] Removed 6048 instances — kept 10910 / 16958 (reduction = 35.66%)
Result: 
[7.821237802505493, 6.0070717334747314, 5.9715657234191895, 5.897317409515381]
Fold 4
Fold 4
[Adaptive-IS] Step 1 — computing scores via 'autoencoder' …
[AE-IS] Using GPU: NVIDIA A100-SXM4-80GB
[AE-IS] Architecture: 256 → 134 → 12 → 134 → 256
[AE-IS] Training autoencoder on 16960 instances (256 features) for up to 10 epochs …
  Epoch   1/10 — loss: 0.624491 (best: 0.624491)
  Epoch  10/10 — loss: 0.424483 (best: 0.424483)
[AE-IS] Training finished — best loss: 0.424483
[AE-IS] Reconstruction error stats — min: 0.064379, median: 0.334106, max: 1.373018
[AE-IS] Removed 0 redundant + 0 noisy = 0 total instances
[AE-IS] Kept 16960 / 16960 (reduction = 0.00%)
[Adaptive-IS] Score stats — min: 0.0644, median: 0.3341, max: 1.3730
[Adaptive-IS] Step 2 — estimating thresholds via 'gmm_boundary' …
[Adaptive-IS] Estimated params — low_percentile=55.3, high_percentile=86.4, beta=0.600, theta=0.161, imbalance_proxy=0.449
[Adaptive-IS] GMM component means: [0.22772839665412903, 0.4069109857082367, 0.6267161965370178]
[Adaptive-IS] Step 3 — applying selection …
[Adaptive-IS] Redundant candidates: 9379, removing 5627 (beta=0.600)
[Adaptive-IS] Noise candidates: 2311, removing 372 (theta=0.161)
[Adaptive-IS] Removed 5999 instances — kept 10961 / 16960 (reduction = 35.37%)
Result: 
[7.821237802505493, 6.0070717334747314, 5.9715657234191895, 5.897317409515381, 5.920380115509033]
Fold 5
Fold 5
[Adaptive-IS] Step 1 — computing scores via 'autoencoder' …
[AE-IS] Using GPU: NVIDIA A100-SXM4-80GB
[AE-IS] Architecture: 256 → 134 → 12 → 134 → 256
[AE-IS] Training autoencoder on 16963 instances (256 features) for up to 10 epochs …
  Epoch   1/10 — loss: 0.626934 (best: 0.626934)
  Epoch  10/10 — loss: 0.428590 (best: 0.428590)
[AE-IS] Training finished — best loss: 0.428590
[AE-IS] Reconstruction error stats — min: 0.064120, median: 0.339292, max: 1.359599
[AE-IS] Removed 0 redundant + 0 noisy = 0 total instances
[AE-IS] Kept 16963 / 16963 (reduction = 0.00%)
[Adaptive-IS] Score stats — min: 0.0641, median: 0.3393, max: 1.3596
[Adaptive-IS] Step 2 — estimating thresholds via 'gmm_boundary' …
[Adaptive-IS] Estimated params — low_percentile=56.3, high_percentile=86.8, beta=0.600, theta=0.163, imbalance_proxy=0.439
[Adaptive-IS] GMM component means: [0.23506733775138855, 0.41443973779678345, 0.6345934271812439]
[Adaptive-IS] Step 3 — applying selection …
[Adaptive-IS] Redundant candidates: 9555, removing 5733 (beta=0.600)
[Adaptive-IS] Noise candidates: 2247, removing 367 (theta=0.163)
[Adaptive-IS] Removed 6100 instances — kept 10863 / 16963 (reduction = 35.96%)
Result: 
[7.821237802505493, 6.0070717334747314, 5.9715657234191895, 5.897317409515381, 5.920380115509033, 5.898035526275635]
Fold 6
Fold 6
[Adaptive-IS] Step 1 — computing scores via 'autoencoder' …
[AE-IS] Using GPU: NVIDIA A100-SXM4-80GB
[AE-IS] Architecture: 256 → 134 → 12 → 134 → 256
[AE-IS] Training autoencoder on 16964 instances (256 features) for up to 10 epochs …
  Epoch   1/10 — loss: 0.626611 (best: 0.626611)
  Epoch  10/10 — loss: 0.425328 (best: 0.425328)
[AE-IS] Training finished — best loss: 0.425328
[AE-IS] Reconstruction error stats — min: 0.064360, median: 0.333741, max: 1.357496
[AE-IS] Removed 0 redundant + 0 noisy = 0 total instances
[AE-IS] Kept 16964 / 16964 (reduction = 0.00%)
[Adaptive-IS] Score stats — min: 0.0644, median: 0.3337, max: 1.3575
[Adaptive-IS] Step 2 — estimating thresholds via 'gmm_boundary' …
[Adaptive-IS] Estimated params — low_percentile=55.7, high_percentile=86.7, beta=0.600, theta=0.162, imbalance_proxy=0.440
[Adaptive-IS] GMM component means: [0.2312171459197998, 0.41270166635513306, 0.6354265213012695]
[Adaptive-IS] Step 3 — applying selection …
[Adaptive-IS] Redundant candidates: 9447, removing 5668 (beta=0.600)
[Adaptive-IS] Noise candidates: 2262, removing 366 (theta=0.162)
[Adaptive-IS] Removed 6034 instances — kept 10930 / 16964 (reduction = 35.57%)
Result: 
[7.821237802505493, 6.0070717334747314, 5.9715657234191895, 5.897317409515381, 5.920380115509033, 5.898035526275635, 5.920180559158325]
Fold 7
Fold 7
[Adaptive-IS] Step 1 — computing scores via 'autoencoder' …
[AE-IS] Using GPU: NVIDIA A100-SXM4-80GB
[AE-IS] Architecture: 256 → 134 → 12 → 134 → 256
[AE-IS] Training autoencoder on 16966 instances (256 features) for up to 10 epochs …
  Epoch   1/10 — loss: 0.627343 (best: 0.627343)
  Epoch  10/10 — loss: 0.421968 (best: 0.421968)
[AE-IS] Training finished — best loss: 0.421968
[AE-IS] Reconstruction error stats — min: 0.057715, median: 0.330775, max: 1.324037
[AE-IS] Removed 0 redundant + 0 noisy = 0 total instances
[AE-IS] Kept 16966 / 16966 (reduction = 0.00%)
[Adaptive-IS] Score stats — min: 0.0577, median: 0.3308, max: 1.3240
[Adaptive-IS] Step 2 — estimating thresholds via 'gmm_boundary' …
[Adaptive-IS] Estimated params — low_percentile=56.4, high_percentile=86.6, beta=0.600, theta=0.159, imbalance_proxy=0.444
[Adaptive-IS] GMM component means: [0.23077629506587982, 0.4078269600868225, 0.6266154646873474]
[Adaptive-IS] Step 3 — applying selection …
[Adaptive-IS] Redundant candidates: 9573, removing 5743 (beta=0.600)
[Adaptive-IS] Noise candidates: 2274, removing 361 (theta=0.159)
[Adaptive-IS] Removed 6104 instances — kept 10862 / 16966 (reduction = 35.98%)
Result: 
[7.821237802505493, 6.0070717334747314, 5.9715657234191895, 5.897317409515381, 5.920380115509033, 5.898035526275635, 5.920180559158325, 5.913739442825317]
Fold 8
Fold 8
[Adaptive-IS] Step 1 — computing scores via 'autoencoder' …
[AE-IS] Using GPU: NVIDIA A100-SXM4-80GB
[AE-IS] Architecture: 256 → 134 → 12 → 134 → 256
[AE-IS] Training autoencoder on 16968 instances (256 features) for up to 10 epochs …
  Epoch   1/10 — loss: 0.626016 (best: 0.626016)
  Epoch  10/10 — loss: 0.421733 (best: 0.421733)
[AE-IS] Training finished — best loss: 0.421733
[AE-IS] Reconstruction error stats — min: 0.059341, median: 0.329895, max: 1.394251
[AE-IS] Removed 0 redundant + 0 noisy = 0 total instances
[AE-IS] Kept 16968 / 16968 (reduction = 0.00%)
[Adaptive-IS] Score stats — min: 0.0593, median: 0.3299, max: 1.3943
[Adaptive-IS] Step 2 — estimating thresholds via 'gmm_boundary' …
[Adaptive-IS] Estimated params — low_percentile=57.0, high_percentile=87.7, beta=0.600, theta=0.151, imbalance_proxy=0.443
[Adaptive-IS] GMM component means: [0.23449306190013885, 0.42035603523254395, 0.6416904926300049]
[Adaptive-IS] Step 3 — applying selection …
[Adaptive-IS] Redundant candidates: 9674, removing 5804 (beta=0.600)
[Adaptive-IS] Noise candidates: 2083, removing 314 (theta=0.151)
[Adaptive-IS] Removed 6118 instances — kept 10850 / 16968 (reduction = 36.06%)
Result: 
[7.821237802505493, 6.0070717334747314, 5.9715657234191895, 5.897317409515381, 5.920380115509033, 5.898035526275635, 5.920180559158325, 5.913739442825317, 5.903761148452759]
Fold 9
Fold 9
[Adaptive-IS] Step 1 — computing scores via 'autoencoder' …
[AE-IS] Using GPU: NVIDIA A100-SXM4-80GB
[AE-IS] Architecture: 256 → 134 → 12 → 134 → 256
[AE-IS] Training autoencoder on 16970 instances (256 features) for up to 10 epochs …
  Epoch   1/10 — loss: 0.629347 (best: 0.629347)
  Epoch  10/10 — loss: 0.423198 (best: 0.423198)
[AE-IS] Training finished — best loss: 0.423198
[AE-IS] Reconstruction error stats — min: 0.057338, median: 0.332564, max: 1.309572
[AE-IS] Removed 0 redundant + 0 noisy = 0 total instances
[AE-IS] Kept 16970 / 16970 (reduction = 0.00%)
[Adaptive-IS] Score stats — min: 0.0573, median: 0.3326, max: 1.3096
[Adaptive-IS] Step 2 — estimating thresholds via 'gmm_boundary' …
[Adaptive-IS] Estimated params — low_percentile=55.0, high_percentile=86.7, beta=0.600, theta=0.164, imbalance_proxy=0.449
[Adaptive-IS] GMM component means: [0.22573071718215942, 0.4060029089450836, 0.6210599541664124]
[Adaptive-IS] Step 3 — applying selection …
[Adaptive-IS] Redundant candidates: 9326, removing 5595 (beta=0.600)
[Adaptive-IS] Noise candidates: 2260, removing 369 (theta=0.164)
[Adaptive-IS] Removed 5964 instances — kept 11006 / 16970 (reduction = 35.14%)
Result: 
[7.821237802505493, 6.0070717334747314, 5.9715657234191895, 5.897317409515381, 5.920380115509033, 5.898035526275635, 5.920180559158325, 5.913739442825317, 5.903761148452759, 5.909988164901733]
time: 6.11632776260376
time std: 0.5692890333927231
reducion: 0.35757104648370813
reducion std: 0.0030535328138402533
END
