Namespace(dataset='20ng', method='autoencoder-is', folds=10, save=True, inputrep='jina-v5', out='/data/bernardolemos/results/jina-v5/instance_selection', datain='/data/bernardolemos/datasets', overwrite=1, inputdir='/data/bernardolemos/datasets/20ng/jina-v5/', splitdir='/data/bernardolemos/datasets/20ng/splits/', outputdir='/data/bernardolemos/results/jina-v5/instance_selection/selection/20ng/', filename='/data/bernardolemos/results/jina-v5/instance_selection/selection/20ng//saida_autoencoder-is', start_time='16-07-2026 22:27:11')
Namespace(dataset='20ng', method='autoencoder-is', folds=10, save=True, inputrep='jina-v5', out='/data/bernardolemos/results/jina-v5/instance_selection', datain='/data/bernardolemos/datasets', overwrite=1, inputdir='/data/bernardolemos/datasets/20ng/jina-v5/', splitdir='/data/bernardolemos/datasets/20ng/splits/', outputdir='/data/bernardolemos/results/jina-v5/instance_selection/selection/20ng/', filename='/data/bernardolemos/results/jina-v5/instance_selection/selection/20ng//saida_autoencoder-is', start_time='16-07-2026 22:27:11')
/data/bernardolemos/datasets/20ng/splits//split_10.pkl
Fold 0
Fold 0
[AE-IS] Using GPU: NVIDIA A100-SXM4-80GB
[AE-IS] Architecture: 256 → 134 → 12 → 134 → 256
[AE-IS] Training autoencoder on 16954 instances (256 features) for up to 20 epochs …
  Epoch   1/20 — loss: 0.630792 (best: 0.630792)
  Epoch  10/20 — loss: 0.418018 (best: 0.418018)
  Epoch  20/20 — loss: 0.403543 (best: 0.403543)
[AE-IS] Training finished — best loss: 0.403543
[AE-IS] Reconstruction error stats — min: 0.063077, median: 0.306249, max: 1.366669
[AE-IS] Redundant instances: 6782, removing 3391 with beta=0.5
[AE-IS] Noise instances: 5086, removing 847 with theta=0.1666666
[AE-IS] Removed 3391 redundant + 847 noisy = 4238 total instances
[AE-IS] Kept 12716 / 16954 (reduction = 25.00%)
Result: 
[14.574493408203125]
Fold 1
Fold 1
[AE-IS] Using GPU: NVIDIA A100-SXM4-80GB
[AE-IS] Architecture: 256 → 134 → 12 → 134 → 256
[AE-IS] Training autoencoder on 16955 instances (256 features) for up to 20 epochs …
  Epoch   1/20 — loss: 0.626229 (best: 0.626229)
  Epoch  10/20 — loss: 0.420666 (best: 0.420666)
  Epoch  20/20 — loss: 0.404726 (best: 0.404726)
[AE-IS] Training finished — best loss: 0.404726
[AE-IS] Reconstruction error stats — min: 0.063760, median: 0.308316, max: 1.331846
[AE-IS] Redundant instances: 6782, removing 3391 with beta=0.5
[AE-IS] Noise instances: 5087, removing 847 with theta=0.1666666
[AE-IS] Removed 3391 redundant + 847 noisy = 4238 total instances
[AE-IS] Kept 12717 / 16955 (reduction = 25.00%)
Result: 
[14.574493408203125, 11.699124813079834]
Fold 2
Fold 2
[AE-IS] Using GPU: NVIDIA A100-SXM4-80GB
[AE-IS] Architecture: 256 → 134 → 12 → 134 → 256
[AE-IS] Training autoencoder on 16956 instances (256 features) for up to 20 epochs …
  Epoch   1/20 — loss: 0.623826 (best: 0.623826)
  Epoch  10/20 — loss: 0.423039 (best: 0.423039)
  Epoch  20/20 — loss: 0.407998 (best: 0.407998)
[AE-IS] Training finished — best loss: 0.407998
[AE-IS] Reconstruction error stats — min: 0.058671, median: 0.313148, max: 1.357193
[AE-IS] Redundant instances: 6782, removing 3391 with beta=0.5
[AE-IS] Noise instances: 5087, removing 847 with theta=0.1666666
[AE-IS] Removed 3391 redundant + 847 noisy = 4238 total instances
[AE-IS] Kept 12718 / 16956 (reduction = 24.99%)
Result: 
[14.574493408203125, 11.699124813079834, 11.739718914031982]
Fold 3
Fold 3
[AE-IS] Using GPU: NVIDIA A100-SXM4-80GB
[AE-IS] Architecture: 256 → 134 → 12 → 134 → 256
[AE-IS] Training autoencoder on 16958 instances (256 features) for up to 20 epochs …
  Epoch   1/20 — loss: 0.627112 (best: 0.627112)
  Epoch  10/20 — loss: 0.421972 (best: 0.421972)
  Epoch  20/20 — loss: 0.405796 (best: 0.404683)
[AE-IS] Training finished — best loss: 0.404683
[AE-IS] Reconstruction error stats — min: 0.056550, median: 0.309534, max: 1.173469
[AE-IS] Redundant instances: 6783, removing 3391 with beta=0.5
[AE-IS] Noise instances: 5088, removing 847 with theta=0.1666666
[AE-IS] Removed 3391 redundant + 847 noisy = 4238 total instances
[AE-IS] Kept 12720 / 16958 (reduction = 24.99%)
Result: 
[14.574493408203125, 11.699124813079834, 11.739718914031982, 11.542641401290894]
Fold 4
Fold 4
[AE-IS] Using GPU: NVIDIA A100-SXM4-80GB
[AE-IS] Architecture: 256 → 134 → 12 → 134 → 256
[AE-IS] Training autoencoder on 16960 instances (256 features) for up to 20 epochs …
  Epoch   1/20 — loss: 0.624491 (best: 0.624491)
  Epoch  10/20 — loss: 0.424483 (best: 0.424483)
  Epoch  20/20 — loss: 0.406605 (best: 0.406605)
[AE-IS] Training finished — best loss: 0.406605
[AE-IS] Reconstruction error stats — min: 0.063223, median: 0.312858, max: 1.385885
[AE-IS] Redundant instances: 6784, removing 3392 with beta=0.5
[AE-IS] Noise instances: 5088, removing 847 with theta=0.1666666
[AE-IS] Removed 3392 redundant + 847 noisy = 4239 total instances
[AE-IS] Kept 12721 / 16960 (reduction = 24.99%)
Result: 
[14.574493408203125, 11.699124813079834, 11.739718914031982, 11.542641401290894, 11.545724153518677]
Fold 5
Fold 5
[AE-IS] Using GPU: NVIDIA A100-SXM4-80GB
[AE-IS] Architecture: 256 → 134 → 12 → 134 → 256
[AE-IS] Training autoencoder on 16963 instances (256 features) for up to 20 epochs …
  Epoch   1/20 — loss: 0.626934 (best: 0.626934)
  Epoch  10/20 — loss: 0.428590 (best: 0.428590)
  Epoch  20/20 — loss: 0.412769 (best: 0.412769)
[AE-IS] Training finished — best loss: 0.412769
[AE-IS] Reconstruction error stats — min: 0.073661, median: 0.322767, max: 1.397398
[AE-IS] Redundant instances: 6785, removing 3392 with beta=0.5
[AE-IS] Noise instances: 5089, removing 848 with theta=0.1666666
[AE-IS] Removed 3392 redundant + 848 noisy = 4240 total instances
[AE-IS] Kept 12723 / 16963 (reduction = 25.00%)
Result: 
[14.574493408203125, 11.699124813079834, 11.739718914031982, 11.542641401290894, 11.545724153518677, 12.04029393196106]
Fold 6
Fold 6
[AE-IS] Using GPU: NVIDIA A100-SXM4-80GB
[AE-IS] Architecture: 256 → 134 → 12 → 134 → 256
[AE-IS] Training autoencoder on 16964 instances (256 features) for up to 20 epochs …
  Epoch   1/20 — loss: 0.626611 (best: 0.626611)
  Epoch  10/20 — loss: 0.425328 (best: 0.425328)
  Epoch  20/20 — loss: 0.410753 (best: 0.410225)
[AE-IS] Training finished — best loss: 0.410225
[AE-IS] Reconstruction error stats — min: 0.062094, median: 0.316439, max: 1.375164
[AE-IS] Redundant instances: 6786, removing 3393 with beta=0.5
[AE-IS] Noise instances: 5089, removing 848 with theta=0.1666666
[AE-IS] Removed 3393 redundant + 848 noisy = 4241 total instances
[AE-IS] Kept 12723 / 16964 (reduction = 25.00%)
Result: 
[14.574493408203125, 11.699124813079834, 11.739718914031982, 11.542641401290894, 11.545724153518677, 12.04029393196106, 11.659795761108398]
Fold 7
Fold 7
[AE-IS] Using GPU: NVIDIA A100-SXM4-80GB
[AE-IS] Architecture: 256 → 134 → 12 → 134 → 256
[AE-IS] Training autoencoder on 16966 instances (256 features) for up to 20 epochs …
  Epoch   1/20 — loss: 0.627343 (best: 0.627343)
  Epoch  10/20 — loss: 0.421968 (best: 0.421968)
  Epoch  20/20 — loss: 0.408228 (best: 0.407672)
[AE-IS] Training finished — best loss: 0.407672
[AE-IS] Reconstruction error stats — min: 0.061965, median: 0.317954, max: 1.303042
[AE-IS] Redundant instances: 6786, removing 3393 with beta=0.5
[AE-IS] Noise instances: 5090, removing 848 with theta=0.1666666
[AE-IS] Removed 3393 redundant + 848 noisy = 4241 total instances
[AE-IS] Kept 12725 / 16966 (reduction = 25.00%)
Result: 
[14.574493408203125, 11.699124813079834, 11.739718914031982, 11.542641401290894, 11.545724153518677, 12.04029393196106, 11.659795761108398, 12.147695779800415]
Fold 8
Fold 8
[AE-IS] Using GPU: NVIDIA A100-SXM4-80GB
[AE-IS] Architecture: 256 → 134 → 12 → 134 → 256
[AE-IS] Training autoencoder on 16968 instances (256 features) for up to 20 epochs …
  Epoch   1/20 — loss: 0.626016 (best: 0.626016)
  Epoch  10/20 — loss: 0.421733 (best: 0.421733)
  Epoch  20/20 — loss: 0.405853 (best: 0.405853)
[AE-IS] Training finished — best loss: 0.405853
[AE-IS] Reconstruction error stats — min: 0.062710, median: 0.308054, max: 1.369486
[AE-IS] Redundant instances: 6787, removing 3393 with beta=0.5
[AE-IS] Noise instances: 5091, removing 848 with theta=0.1666666
[AE-IS] Removed 3393 redundant + 848 noisy = 4241 total instances
[AE-IS] Kept 12727 / 16968 (reduction = 24.99%)
Result: 
[14.574493408203125, 11.699124813079834, 11.739718914031982, 11.542641401290894, 11.545724153518677, 12.04029393196106, 11.659795761108398, 12.147695779800415, 11.714882135391235]
Fold 9
Fold 9
[AE-IS] Using GPU: NVIDIA A100-SXM4-80GB
[AE-IS] Architecture: 256 → 134 → 12 → 134 → 256
[AE-IS] Training autoencoder on 16970 instances (256 features) for up to 20 epochs …
  Epoch   1/20 — loss: 0.629347 (best: 0.629347)
  Epoch  10/20 — loss: 0.423198 (best: 0.423198)
  Epoch  20/20 — loss: 0.407359 (best: 0.407359)
[AE-IS] Training finished — best loss: 0.407359
[AE-IS] Reconstruction error stats — min: 0.059522, median: 0.313044, max: 1.309114
[AE-IS] Redundant instances: 6788, removing 3394 with beta=0.5
[AE-IS] Noise instances: 5091, removing 848 with theta=0.1666666
[AE-IS] Removed 3394 redundant + 848 noisy = 4242 total instances
[AE-IS] Kept 12728 / 16970 (reduction = 25.00%)
Result: 
[14.574493408203125, 11.699124813079834, 11.739718914031982, 11.542641401290894, 11.545724153518677, 12.04029393196106, 11.659795761108398, 12.147695779800415, 11.714882135391235, 11.661384582519531]
time: 12.032575488090515
time std: 0.8675453535765428
reducion: 0.24995577986228623
reducion std: 2.2838234805824836e-05
END
