Namespace(dataset='20ng', method='biois', folds=10, save=True, inputrep='jina-v5', out='/data/bernardolemos/results/jina-v5/instance_selection', datain='/data/bernardolemos/datasets', overwrite=1, inputdir='/data/bernardolemos/datasets/20ng/jina-v5/', splitdir='/data/bernardolemos/datasets/20ng/splits/', outputdir='/data/bernardolemos/results/jina-v5/instance_selection/selection/20ng/', filename='/data/bernardolemos/results/jina-v5/instance_selection/selection/20ng//saida_biois', start_time='30-06-2026 14:18:25')
Namespace(dataset='20ng', method='biois', folds=10, save=True, inputrep='jina-v5', out='/data/bernardolemos/results/jina-v5/instance_selection', datain='/data/bernardolemos/datasets', overwrite=1, inputdir='/data/bernardolemos/datasets/20ng/jina-v5/', splitdir='/data/bernardolemos/datasets/20ng/splits/', outputdir='/data/bernardolemos/results/jina-v5/instance_selection/selection/20ng/', filename='/data/bernardolemos/results/jina-v5/instance_selection/selection/20ng//saida_biois', start_time='30-06-2026 14:18:25')
/data/bernardolemos/datasets/20ng/splits//split_10.pkl
Fold 0
Fold 0
Micro: 0.7172348708269435
Macro: 0.7019459120897084
Result: 
[14.241086959838867]
Fold 1
Fold 1
Micro: 0.7157770569153642
Macro: 0.7003890309851152
Result: 
[14.241086959838867, 15.846508979797363]
Fold 2
Fold 2
Micro: 0.7179169615475348
Macro: 0.7033216004414141
Result: 
[14.241086959838867, 15.846508979797363, 15.121501207351685]
Fold 3
Fold 3
Micro: 0.7190706451232457
Macro: 0.704247169697941
Result: 
[14.241086959838867, 15.846508979797363, 15.121501207351685, 14.22011947631836]
Fold 4
Fold 4
Micro: 0.7172759433962265
Macro: 0.7025642122602676
Result: 
[14.241086959838867, 15.846508979797363, 15.121501207351685, 14.22011947631836, 15.458420753479004]
Fold 5
Fold 5
Micro: 0.7196840181571657
Macro: 0.7039565311762066
Result: 
[14.241086959838867, 15.846508979797363, 15.121501207351685, 14.22011947631836, 15.458420753479004, 14.702208280563354]
Fold 6
Fold 6
Micro: 0.7179910398490922
Macro: 0.7035892068261987
Result: 
[14.241086959838867, 15.846508979797363, 15.121501207351685, 14.22011947631836, 15.458420753479004, 14.702208280563354, 15.820177555084229]
Fold 7
Fold 7
Micro: 0.7141341506542497
Macro: 0.6992932279475852
Result: 
[14.241086959838867, 15.846508979797363, 15.121501207351685, 14.22011947631836, 15.458420753479004, 14.702208280563354, 15.820177555084229, 14.49805998802185]
Fold 8
Fold 8
Micro: 0.7197076850542197
Macro: 0.7045637247782768
Result: 
[14.241086959838867, 15.846508979797363, 15.121501207351685, 14.22011947631836, 15.458420753479004, 14.702208280563354, 15.820177555084229, 14.49805998802185, 15.016676187515259]
Fold 9
Fold 9
Micro: 0.7191514437242192
Macro: 0.7037640806290584
Result: 
[14.241086959838867, 15.846508979797363, 15.121501207351685, 14.22011947631836, 15.458420753479004, 14.702208280563354, 15.820177555084229, 14.49805998802185, 15.016676187515259, 14.466442346572876]
time: 14.939120173454285
time std: 0.581967821691393
reducion: 0.3910703798156379
reducion std: 0.0008449108752664532
END
