Namespace(dataset='20ng', method='sublinear-ae-is', folds=10, save=True, inputrep='jina-v5', out='/data/bernardolemos/results/jina-v5/instance_selection', datain='/data/bernardolemos/datasets', overwrite=1, inputdir='/data/bernardolemos/datasets/20ng/jina-v5/', splitdir='/data/bernardolemos/datasets/20ng/splits/', outputdir='/data/bernardolemos/results/jina-v5/instance_selection/selection/20ng/', filename='/data/bernardolemos/results/jina-v5/instance_selection/selection/20ng//saida_sublinear-ae-is', start_time='16-07-2026 22:29:45')
Namespace(dataset='20ng', method='sublinear-ae-is', folds=10, save=True, inputrep='jina-v5', out='/data/bernardolemos/results/jina-v5/instance_selection', datain='/data/bernardolemos/datasets', overwrite=1, inputdir='/data/bernardolemos/datasets/20ng/jina-v5/', splitdir='/data/bernardolemos/datasets/20ng/splits/', outputdir='/data/bernardolemos/results/jina-v5/instance_selection/selection/20ng/', filename='/data/bernardolemos/results/jina-v5/instance_selection/selection/20ng//saida_sublinear-ae-is', start_time='16-07-2026 22:29:45')
/data/bernardolemos/datasets/20ng/splits//split_10.pkl
Fold 0
Fold 0
[SublinearAEIS] Target reduction: 25.00% (Keeping 12715 / 16954 instances)
[SublinearAEIS] Step 1 — Training Autoencoder for 50 epochs...
[AE-IS] Using GPU: NVIDIA A100-SXM4-80GB
[AE-IS] Architecture: 256 → 192 → 128 → 192 → 256
[AE-IS] Training autoencoder on 16954 instances (256 features) for up to 50 epochs …
  Epoch   1/50 — loss: 0.629080 (best: 0.629080)
  Epoch  10/50 — loss: 0.271260 (best: 0.271260)
  Epoch  20/50 — loss: 0.248173 (best: 0.248173)
  Epoch  30/50 — loss: 0.239886 (best: 0.239886)
  Epoch  40/50 — loss: 0.233054 (best: 0.233054)
  Epoch  50/50 — loss: 0.229783 (best: 0.228668)
[AE-IS] Training finished — best loss: 0.228668
[AE-IS] Reconstruction error stats — min: 0.033464, median: 0.138403, max: 0.796349
[AE-IS] Removed 0 redundant + 0 noisy = 0 total instances
[AE-IS] Kept 16954 / 16954 (reduction = 0.00%)
[SublinearAEIS] Autoencoder scores: min=0.0335, median=0.1384, max=0.7963
[SublinearAEIS] Step 2 — Tessellating space into 200 micro-clusters...
[SublinearAEIS] Step 3 — Sublinear sampling (gamma=0.5). lambda = 7.6892
[SublinearAEIS] Done — removed 4239 / 16954 (reduction = 25.00%)
Result: 
[13.842033624649048]
Fold 1
Fold 1
[SublinearAEIS] Target reduction: 25.00% (Keeping 12716 / 16955 instances)
[SublinearAEIS] Step 1 — Training Autoencoder for 50 epochs...
[AE-IS] Using GPU: NVIDIA A100-SXM4-80GB
[AE-IS] Architecture: 256 → 192 → 128 → 192 → 256
[AE-IS] Training autoencoder on 16955 instances (256 features) for up to 50 epochs …
  Epoch   1/50 — loss: 0.631682 (best: 0.631682)
  Epoch  10/50 — loss: 0.270931 (best: 0.270931)
  Epoch  20/50 — loss: 0.247838 (best: 0.247838)
  Epoch  30/50 — loss: 0.238063 (best: 0.238063)
  Epoch  40/50 — loss: 0.232428 (best: 0.232428)
  Epoch  50/50 — loss: 0.228048 (best: 0.228048)
[AE-IS] Training finished — best loss: 0.228048
[AE-IS] Reconstruction error stats — min: 0.034636, median: 0.137637, max: 0.795915
[AE-IS] Removed 0 redundant + 0 noisy = 0 total instances
[AE-IS] Kept 16955 / 16955 (reduction = 0.00%)
[SublinearAEIS] Autoencoder scores: min=0.0346, median=0.1376, max=0.7959
[SublinearAEIS] Step 2 — Tessellating space into 200 micro-clusters...
[SublinearAEIS] Step 3 — Sublinear sampling (gamma=0.5). lambda = 7.6926
[SublinearAEIS] Done — removed 4237 / 16955 (reduction = 24.99%)
Result: 
[13.842033624649048, 11.488460302352905]
Fold 2
Fold 2
[SublinearAEIS] Target reduction: 25.00% (Keeping 12717 / 16956 instances)
[SublinearAEIS] Step 1 — Training Autoencoder for 50 epochs...
[AE-IS] Using GPU: NVIDIA A100-SXM4-80GB
[AE-IS] Architecture: 256 → 192 → 128 → 192 → 256
[AE-IS] Training autoencoder on 16956 instances (256 features) for up to 50 epochs …
  Epoch   1/50 — loss: 0.628277 (best: 0.628277)
  Epoch  10/50 — loss: 0.271555 (best: 0.271555)
  Epoch  20/50 — loss: 0.248898 (best: 0.248898)
  Epoch  30/50 — loss: 0.238699 (best: 0.238699)
  Epoch  40/50 — loss: 0.231772 (best: 0.231772)
  Epoch  50/50 — loss: 0.228167 (best: 0.228167)
[AE-IS] Training finished — best loss: 0.228167
[AE-IS] Reconstruction error stats — min: 0.032786, median: 0.137953, max: 0.751154
[AE-IS] Removed 0 redundant + 0 noisy = 0 total instances
[AE-IS] Kept 16956 / 16956 (reduction = 0.00%)
[SublinearAEIS] Autoencoder scores: min=0.0328, median=0.1380, max=0.7512
[SublinearAEIS] Step 2 — Tessellating space into 200 micro-clusters...
[SublinearAEIS] Step 3 — Sublinear sampling (gamma=0.5). lambda = 7.7760
[SublinearAEIS] Done — removed 4239 / 16956 (reduction = 25.00%)
Result: 
[13.842033624649048, 11.488460302352905, 11.329442739486694]
Fold 3
Fold 3
[SublinearAEIS] Target reduction: 25.00% (Keeping 12718 / 16958 instances)
[SublinearAEIS] Step 1 — Training Autoencoder for 50 epochs...
[AE-IS] Using GPU: NVIDIA A100-SXM4-80GB
[AE-IS] Architecture: 256 → 192 → 128 → 192 → 256
[AE-IS] Training autoencoder on 16958 instances (256 features) for up to 50 epochs …
  Epoch   1/50 — loss: 0.629606 (best: 0.629606)
  Epoch  10/50 — loss: 0.271251 (best: 0.271251)
  Epoch  20/50 — loss: 0.248121 (best: 0.248121)
  Epoch  30/50 — loss: 0.238954 (best: 0.238954)
  Epoch  40/50 — loss: 0.233401 (best: 0.232949)
  Epoch  50/50 — loss: 0.228911 (best: 0.228911)
[AE-IS] Training finished — best loss: 0.228911
[AE-IS] Reconstruction error stats — min: 0.035968, median: 0.139273, max: 0.796183
[AE-IS] Removed 0 redundant + 0 noisy = 0 total instances
[AE-IS] Kept 16958 / 16958 (reduction = 0.00%)
[SublinearAEIS] Autoencoder scores: min=0.0360, median=0.1393, max=0.7962
[SublinearAEIS] Step 2 — Tessellating space into 200 micro-clusters...
[SublinearAEIS] Step 3 — Sublinear sampling (gamma=0.5). lambda = 7.6020
[SublinearAEIS] Done — removed 4240 / 16958 (reduction = 25.00%)
Result: 
[13.842033624649048, 11.488460302352905, 11.329442739486694, 11.177741289138794]
Fold 4
Fold 4
[SublinearAEIS] Target reduction: 25.00% (Keeping 12720 / 16960 instances)
[SublinearAEIS] Step 1 — Training Autoencoder for 50 epochs...
[AE-IS] Using GPU: NVIDIA A100-SXM4-80GB
[AE-IS] Architecture: 256 → 192 → 128 → 192 → 256
[AE-IS] Training autoencoder on 16960 instances (256 features) for up to 50 epochs …
  Epoch   1/50 — loss: 0.629631 (best: 0.629631)
  Epoch  10/50 — loss: 0.272626 (best: 0.272626)
  Epoch  20/50 — loss: 0.249699 (best: 0.249699)
  Epoch  30/50 — loss: 0.239118 (best: 0.239118)
  Epoch  40/50 — loss: 0.233096 (best: 0.233096)
  Epoch  50/50 — loss: 0.229807 (best: 0.229594)
[AE-IS] Training finished — best loss: 0.229594
[AE-IS] Reconstruction error stats — min: 0.035014, median: 0.139073, max: 0.798492
[AE-IS] Removed 0 redundant + 0 noisy = 0 total instances
[AE-IS] Kept 16960 / 16960 (reduction = 0.00%)
[SublinearAEIS] Autoencoder scores: min=0.0350, median=0.1391, max=0.7985
[SublinearAEIS] Step 2 — Tessellating space into 200 micro-clusters...
[SublinearAEIS] Step 3 — Sublinear sampling (gamma=0.5). lambda = 7.6734
[SublinearAEIS] Done — removed 4240 / 16960 (reduction = 25.00%)
Result: 
[13.842033624649048, 11.488460302352905, 11.329442739486694, 11.177741289138794, 11.24293327331543]
Fold 5
Fold 5
[SublinearAEIS] Target reduction: 25.00% (Keeping 12722 / 16963 instances)
[SublinearAEIS] Step 1 — Training Autoencoder for 50 epochs...
[AE-IS] Using GPU: NVIDIA A100-SXM4-80GB
[AE-IS] Architecture: 256 → 192 → 128 → 192 → 256
[AE-IS] Training autoencoder on 16963 instances (256 features) for up to 50 epochs …
  Epoch   1/50 — loss: 0.630000 (best: 0.630000)
  Epoch  10/50 — loss: 0.271486 (best: 0.271486)
  Epoch  20/50 — loss: 0.248310 (best: 0.248310)
  Epoch  30/50 — loss: 0.238091 (best: 0.238091)
  Epoch  40/50 — loss: 0.232659 (best: 0.232427)
  Epoch  50/50 — loss: 0.228233 (best: 0.228233)
[AE-IS] Training finished — best loss: 0.228233
[AE-IS] Reconstruction error stats — min: 0.031216, median: 0.138316, max: 0.695019
[AE-IS] Removed 0 redundant + 0 noisy = 0 total instances
[AE-IS] Kept 16963 / 16963 (reduction = 0.00%)
[SublinearAEIS] Autoencoder scores: min=0.0312, median=0.1383, max=0.6950
[SublinearAEIS] Step 2 — Tessellating space into 200 micro-clusters...
[SublinearAEIS] Step 3 — Sublinear sampling (gamma=0.5). lambda = 7.5895
[SublinearAEIS] Done — removed 4240 / 16963 (reduction = 25.00%)
Result: 
[13.842033624649048, 11.488460302352905, 11.329442739486694, 11.177741289138794, 11.24293327331543, 11.224173784255981]
Fold 6
Fold 6
[SublinearAEIS] Target reduction: 25.00% (Keeping 12723 / 16964 instances)
[SublinearAEIS] Step 1 — Training Autoencoder for 50 epochs...
[AE-IS] Using GPU: NVIDIA A100-SXM4-80GB
[AE-IS] Architecture: 256 → 192 → 128 → 192 → 256
[AE-IS] Training autoencoder on 16964 instances (256 features) for up to 50 epochs …
  Epoch   1/50 — loss: 0.629070 (best: 0.629070)
  Epoch  10/50 — loss: 0.271609 (best: 0.271609)
  Epoch  20/50 — loss: 0.248493 (best: 0.248493)
  Epoch  30/50 — loss: 0.239838 (best: 0.238927)
  Epoch  40/50 — loss: 0.233456 (best: 0.233456)
  Epoch  50/50 — loss: 0.228585 (best: 0.228585)
[AE-IS] Training finished — best loss: 0.228585
[AE-IS] Reconstruction error stats — min: 0.036030, median: 0.139219, max: 0.788775
[AE-IS] Removed 0 redundant + 0 noisy = 0 total instances
[AE-IS] Kept 16964 / 16964 (reduction = 0.00%)
[SublinearAEIS] Autoencoder scores: min=0.0360, median=0.1392, max=0.7888
[SublinearAEIS] Step 2 — Tessellating space into 200 micro-clusters...
[SublinearAEIS] Step 3 — Sublinear sampling (gamma=0.5). lambda = 7.6026
[SublinearAEIS] Done — removed 4241 / 16964 (reduction = 25.00%)
Result: 
[13.842033624649048, 11.488460302352905, 11.329442739486694, 11.177741289138794, 11.24293327331543, 11.224173784255981, 11.190239429473877]
Fold 7
Fold 7
[SublinearAEIS] Target reduction: 25.00% (Keeping 12724 / 16966 instances)
[SublinearAEIS] Step 1 — Training Autoencoder for 50 epochs...
[AE-IS] Using GPU: NVIDIA A100-SXM4-80GB
[AE-IS] Architecture: 256 → 192 → 128 → 192 → 256
[AE-IS] Training autoencoder on 16966 instances (256 features) for up to 50 epochs …
  Epoch   1/50 — loss: 0.629701 (best: 0.629701)
  Epoch  10/50 — loss: 0.271077 (best: 0.271077)
  Epoch  20/50 — loss: 0.247727 (best: 0.247727)
  Epoch  30/50 — loss: 0.237648 (best: 0.237648)
  Epoch  40/50 — loss: 0.231825 (best: 0.231825)
  Epoch  50/50 — loss: 0.227730 (best: 0.227730)
[AE-IS] Training finished — best loss: 0.227730
[AE-IS] Reconstruction error stats — min: 0.039783, median: 0.138501, max: 0.763749
[AE-IS] Removed 0 redundant + 0 noisy = 0 total instances
[AE-IS] Kept 16966 / 16966 (reduction = 0.00%)
[SublinearAEIS] Autoencoder scores: min=0.0398, median=0.1385, max=0.7637
[SublinearAEIS] Step 2 — Tessellating space into 200 micro-clusters...
[SublinearAEIS] Step 3 — Sublinear sampling (gamma=0.5). lambda = 7.6175
[SublinearAEIS] Done — removed 4241 / 16966 (reduction = 25.00%)
Result: 
[13.842033624649048, 11.488460302352905, 11.329442739486694, 11.177741289138794, 11.24293327331543, 11.224173784255981, 11.190239429473877, 11.638312339782715]
Fold 8
Fold 8
[SublinearAEIS] Target reduction: 25.00% (Keeping 12726 / 16968 instances)
[SublinearAEIS] Step 1 — Training Autoencoder for 50 epochs...
[AE-IS] Using GPU: NVIDIA A100-SXM4-80GB
[AE-IS] Architecture: 256 → 192 → 128 → 192 → 256
[AE-IS] Training autoencoder on 16968 instances (256 features) for up to 50 epochs …
  Epoch   1/50 — loss: 0.630539 (best: 0.630539)
  Epoch  10/50 — loss: 0.271311 (best: 0.271311)
  Epoch  20/50 — loss: 0.248155 (best: 0.248155)
  Epoch  30/50 — loss: 0.239117 (best: 0.239117)
  Epoch  40/50 — loss: 0.231761 (best: 0.231761)
  Epoch  50/50 — loss: 0.228705 (best: 0.228133)
[AE-IS] Training finished — best loss: 0.228133
[AE-IS] Reconstruction error stats — min: 0.034982, median: 0.138224, max: 0.792512
[AE-IS] Removed 0 redundant + 0 noisy = 0 total instances
[AE-IS] Kept 16968 / 16968 (reduction = 0.00%)
[SublinearAEIS] Autoencoder scores: min=0.0350, median=0.1382, max=0.7925
[SublinearAEIS] Step 2 — Tessellating space into 200 micro-clusters...
[SublinearAEIS] Step 3 — Sublinear sampling (gamma=0.5). lambda = 7.7388
[SublinearAEIS] Done — removed 4241 / 16968 (reduction = 24.99%)
Result: 
[13.842033624649048, 11.488460302352905, 11.329442739486694, 11.177741289138794, 11.24293327331543, 11.224173784255981, 11.190239429473877, 11.638312339782715, 11.256500005722046]
Fold 9
Fold 9
[SublinearAEIS] Target reduction: 25.00% (Keeping 12727 / 16970 instances)
[SublinearAEIS] Step 1 — Training Autoencoder for 50 epochs...
[AE-IS] Using GPU: NVIDIA A100-SXM4-80GB
[AE-IS] Architecture: 256 → 192 → 128 → 192 → 256
[AE-IS] Training autoencoder on 16970 instances (256 features) for up to 50 epochs …
  Epoch   1/50 — loss: 0.629606 (best: 0.629606)
  Epoch  10/50 — loss: 0.271580 (best: 0.271580)
  Epoch  20/50 — loss: 0.248706 (best: 0.248706)
  Epoch  30/50 — loss: 0.238486 (best: 0.238486)
  Epoch  40/50 — loss: 0.231918 (best: 0.231918)
  Epoch  50/50 — loss: 0.228428 (best: 0.228428)
[AE-IS] Training finished — best loss: 0.228428
[AE-IS] Reconstruction error stats — min: 0.037377, median: 0.139396, max: 0.783560
[AE-IS] Removed 0 redundant + 0 noisy = 0 total instances
[AE-IS] Kept 16970 / 16970 (reduction = 0.00%)
[SublinearAEIS] Autoencoder scores: min=0.0374, median=0.1394, max=0.7836
[SublinearAEIS] Step 2 — Tessellating space into 200 micro-clusters...
[SublinearAEIS] Step 3 — Sublinear sampling (gamma=0.5). lambda = 7.6856
[SublinearAEIS] Done — removed 4242 / 16970 (reduction = 25.00%)
Result: 
[13.842033624649048, 11.488460302352905, 11.329442739486694, 11.177741289138794, 11.24293327331543, 11.224173784255981, 11.190239429473877, 11.638312339782715, 11.256500005722046, 11.242872953414917]
time: 11.563270974159241
time std: 0.7720631347684873
reducion: 0.249979367897558
reducion std: 3.9115524214104905e-05
END
