Namespace(dataset='acm', method='entropy-sublinear-ae-is', folds=10, save=True, inputrep='jina-v5', out='/data/bernardolemos/results/jina-v5/instance_selection', datain='/data/bernardolemos/datasets', overwrite=1, inputdir='/data/bernardolemos/datasets/acm/jina-v5/', splitdir='/data/bernardolemos/datasets/acm/splits/', outputdir='/data/bernardolemos/results/jina-v5/instance_selection/selection/acm/', filename='/data/bernardolemos/results/jina-v5/instance_selection/selection/acm//saida_entropy-sublinear-ae-is', start_time='04-07-2026 19:36:53')
Namespace(dataset='acm', method='entropy-sublinear-ae-is', folds=10, save=True, inputrep='jina-v5', out='/data/bernardolemos/results/jina-v5/instance_selection', datain='/data/bernardolemos/datasets', overwrite=1, inputdir='/data/bernardolemos/datasets/acm/jina-v5/', splitdir='/data/bernardolemos/datasets/acm/splits/', outputdir='/data/bernardolemos/results/jina-v5/instance_selection/selection/acm/', filename='/data/bernardolemos/results/jina-v5/instance_selection/selection/acm//saida_entropy-sublinear-ae-is', start_time='04-07-2026 19:36:53')
/data/bernardolemos/datasets/acm/splits//split_10.pkl
Fold 0
Fold 0
[EntropySublinearAEIS] Step 1 — Training Autoencoder for 50 epochs...
[AE-IS] Using GPU: NVIDIA A100-SXM4-80GB
[AE-IS] Architecture: 256 → 192 → 128 → 192 → 256
[AE-IS] Training autoencoder on 22402 instances (256 features) for up to 50 epochs …
  Epoch   1/50 — loss: 0.602395 (best: 0.602395)
  Epoch  10/50 — loss: 0.275874 (best: 0.275874)
  Epoch  20/50 — loss: 0.253898 (best: 0.253898)
  Epoch  30/50 — loss: 0.244067 (best: 0.244067)
  Epoch  40/50 — loss: 0.237919 (best: 0.237919)
  Epoch  50/50 — loss: 0.235179 (best: 0.234130)
[AE-IS] Training finished — best loss: 0.234130
[AE-IS] Reconstruction error stats — min: 0.027748, median: 0.126197, max: 0.743662
[AE-IS] Removed 0 redundant + 0 noisy = 0 total instances
[AE-IS] Kept 22402 / 22402 (reduction = 0.00%)
[EntropySublinearAEIS] AE scores: min=0.0277, median=0.1262, max=0.7437
[EntropySublinearAEIS] Step 2 — Tessellating into 200 micro-clusters...
[EntropySublinearAEIS] Step 3 — Entropy H=0.9697, adaptive reduction=18.48% (Keeping 18261 / 22402)
[EntropySublinearAEIS] Step 4 — Sublinear sampling (gamma=0.5). lambda = 9.5332
[EntropySublinearAEIS] Done — removed 4140 / 22402 (reduction = 18.48%)
Result: 
[19.55662751197815]
Fold 1
Fold 1
[EntropySublinearAEIS] Step 1 — Training Autoencoder for 50 epochs...
[AE-IS] Using GPU: NVIDIA A100-SXM4-80GB
[AE-IS] Architecture: 256 → 192 → 128 → 192 → 256
[AE-IS] Training autoencoder on 22403 instances (256 features) for up to 50 epochs …
  Epoch   1/50 — loss: 0.603741 (best: 0.603741)
  Epoch  10/50 — loss: 0.276740 (best: 0.276740)
  Epoch  20/50 — loss: 0.254308 (best: 0.254308)
  Epoch  30/50 — loss: 0.244106 (best: 0.244106)
  Epoch  40/50 — loss: 0.238745 (best: 0.238745)
  Epoch  50/50 — loss: 0.234681 (best: 0.234681)
[AE-IS] Training finished — best loss: 0.234681
[AE-IS] Reconstruction error stats — min: 0.028595, median: 0.126994, max: 0.700547
[AE-IS] Removed 0 redundant + 0 noisy = 0 total instances
[AE-IS] Kept 22403 / 22403 (reduction = 0.00%)
[EntropySublinearAEIS] AE scores: min=0.0286, median=0.1270, max=0.7005
[EntropySublinearAEIS] Step 2 — Tessellating into 200 micro-clusters...
[EntropySublinearAEIS] Step 3 — Entropy H=0.9691, adaptive reduction=18.77% (Keeping 18198 / 22403)
[EntropySublinearAEIS] Step 4 — Sublinear sampling (gamma=0.5). lambda = 9.5479
[EntropySublinearAEIS] Done — removed 4205 / 22403 (reduction = 18.77%)
Result: 
[19.55662751197815, 14.491792678833008]
Fold 2
Fold 2
[EntropySublinearAEIS] Step 1 — Training Autoencoder for 50 epochs...
[AE-IS] Using GPU: NVIDIA A100-SXM4-80GB
[AE-IS] Architecture: 256 → 192 → 128 → 192 → 256
[AE-IS] Training autoencoder on 22404 instances (256 features) for up to 50 epochs …
  Epoch   1/50 — loss: 0.602332 (best: 0.602332)
  Epoch  10/50 — loss: 0.276021 (best: 0.276021)
  Epoch  20/50 — loss: 0.254119 (best: 0.254119)
  Epoch  30/50 — loss: 0.244204 (best: 0.244204)
  Epoch  40/50 — loss: 0.238735 (best: 0.238735)
  Epoch  50/50 — loss: 0.235132 (best: 0.234626)
[AE-IS] Training finished — best loss: 0.234626
[AE-IS] Reconstruction error stats — min: 0.029060, median: 0.128911, max: 0.743199
[AE-IS] Removed 0 redundant + 0 noisy = 0 total instances
[AE-IS] Kept 22404 / 22404 (reduction = 0.00%)
[EntropySublinearAEIS] AE scores: min=0.0291, median=0.1289, max=0.7432
[EntropySublinearAEIS] Step 2 — Tessellating into 200 micro-clusters...
[EntropySublinearAEIS] Step 3 — Entropy H=0.9719, adaptive reduction=17.37% (Keeping 18511 / 22404)
[EntropySublinearAEIS] Step 4 — Sublinear sampling (gamma=0.5). lambda = 9.6253
[EntropySublinearAEIS] Done — removed 3891 / 22404 (reduction = 17.37%)
Result: 
[19.55662751197815, 14.491792678833008, 14.819950342178345]
Fold 3
Fold 3
[EntropySublinearAEIS] Step 1 — Training Autoencoder for 50 epochs...
[AE-IS] Using GPU: NVIDIA A100-SXM4-80GB
[AE-IS] Architecture: 256 → 192 → 128 → 192 → 256
[AE-IS] Training autoencoder on 22406 instances (256 features) for up to 50 epochs …
  Epoch   1/50 — loss: 0.603539 (best: 0.603539)
  Epoch  10/50 — loss: 0.277649 (best: 0.277649)
  Epoch  20/50 — loss: 0.254301 (best: 0.254301)
  Epoch  30/50 — loss: 0.244777 (best: 0.244777)
  Epoch  40/50 — loss: 0.238896 (best: 0.238531)
  Epoch  50/50 — loss: 0.233637 (best: 0.233637)
[AE-IS] Training finished — best loss: 0.233637
[AE-IS] Reconstruction error stats — min: 0.026749, median: 0.125778, max: 0.754895
[AE-IS] Removed 0 redundant + 0 noisy = 0 total instances
[AE-IS] Kept 22406 / 22406 (reduction = 0.00%)
[EntropySublinearAEIS] AE scores: min=0.0267, median=0.1258, max=0.7549
[EntropySublinearAEIS] Step 2 — Tessellating into 200 micro-clusters...
[EntropySublinearAEIS] Step 3 — Entropy H=0.9706, adaptive reduction=18.05% (Keeping 18362 / 22406)
[EntropySublinearAEIS] Step 4 — Sublinear sampling (gamma=0.5). lambda = 9.5488
[EntropySublinearAEIS] Done — removed 4044 / 22406 (reduction = 18.05%)
Result: 
[19.55662751197815, 14.491792678833008, 14.819950342178345, 14.485552310943604]
Fold 4
Fold 4
[EntropySublinearAEIS] Step 1 — Training Autoencoder for 50 epochs...
[AE-IS] Using GPU: NVIDIA A100-SXM4-80GB
[AE-IS] Architecture: 256 → 192 → 128 → 192 → 256
[AE-IS] Training autoencoder on 22407 instances (256 features) for up to 50 epochs …
  Epoch   1/50 — loss: 0.603141 (best: 0.603141)
  Epoch  10/50 — loss: 0.276266 (best: 0.276266)
  Epoch  20/50 — loss: 0.253745 (best: 0.253745)
  Epoch  30/50 — loss: 0.243909 (best: 0.243909)
  Epoch  40/50 — loss: 0.238802 (best: 0.238802)
  Epoch  50/50 — loss: 0.233950 (best: 0.233950)
[AE-IS] Training finished — best loss: 0.233950
[AE-IS] Reconstruction error stats — min: 0.026353, median: 0.125487, max: 0.708537
[AE-IS] Removed 0 redundant + 0 noisy = 0 total instances
[AE-IS] Kept 22407 / 22407 (reduction = 0.00%)
[EntropySublinearAEIS] AE scores: min=0.0264, median=0.1255, max=0.7085
[EntropySublinearAEIS] Step 2 — Tessellating into 200 micro-clusters...
[EntropySublinearAEIS] Step 3 — Entropy H=0.9732, adaptive reduction=16.75% (Keeping 18653 / 22407)
[EntropySublinearAEIS] Step 4 — Sublinear sampling (gamma=0.5). lambda = 9.6562
[EntropySublinearAEIS] Done — removed 3754 / 22407 (reduction = 16.75%)
Result: 
[19.55662751197815, 14.491792678833008, 14.819950342178345, 14.485552310943604, 14.676223993301392]
Fold 5
Fold 5
[EntropySublinearAEIS] Step 1 — Training Autoencoder for 50 epochs...
[AE-IS] Using GPU: NVIDIA A100-SXM4-80GB
[AE-IS] Architecture: 256 → 192 → 128 → 192 → 256
[AE-IS] Training autoencoder on 22409 instances (256 features) for up to 50 epochs …
  Epoch   1/50 — loss: 0.602803 (best: 0.602803)
  Epoch  10/50 — loss: 0.276170 (best: 0.276170)
  Epoch  20/50 — loss: 0.253136 (best: 0.253136)
  Epoch  30/50 — loss: 0.242843 (best: 0.242843)
  Epoch  40/50 — loss: 0.237577 (best: 0.237577)
  Epoch  50/50 — loss: 0.234259 (best: 0.234175)
[AE-IS] Training finished — best loss: 0.234175
[AE-IS] Reconstruction error stats — min: 0.028876, median: 0.126624, max: 0.737961
[AE-IS] Removed 0 redundant + 0 noisy = 0 total instances
[AE-IS] Kept 22409 / 22409 (reduction = 0.00%)
[EntropySublinearAEIS] AE scores: min=0.0289, median=0.1266, max=0.7380
[EntropySublinearAEIS] Step 2 — Tessellating into 200 micro-clusters...
[EntropySublinearAEIS] Step 3 — Entropy H=0.9675, adaptive reduction=19.52% (Keeping 18035 / 22409)
[EntropySublinearAEIS] Step 4 — Sublinear sampling (gamma=0.5). lambda = 9.4474
[EntropySublinearAEIS] Done — removed 4374 / 22409 (reduction = 19.52%)
Result: 
[19.55662751197815, 14.491792678833008, 14.819950342178345, 14.485552310943604, 14.676223993301392, 14.719259262084961]
Fold 6
Fold 6
[EntropySublinearAEIS] Step 1 — Training Autoencoder for 50 epochs...
[AE-IS] Using GPU: NVIDIA A100-SXM4-80GB
[AE-IS] Architecture: 256 → 192 → 128 → 192 → 256
[AE-IS] Training autoencoder on 22409 instances (256 features) for up to 50 epochs …
  Epoch   1/50 — loss: 0.604369 (best: 0.604369)
  Epoch  10/50 — loss: 0.277717 (best: 0.277717)
  Epoch  20/50 — loss: 0.253733 (best: 0.253733)
  Epoch  30/50 — loss: 0.244372 (best: 0.244372)
  Epoch  40/50 — loss: 0.238092 (best: 0.238092)
  Epoch  50/50 — loss: 0.234502 (best: 0.234361)
[AE-IS] Training finished — best loss: 0.234361
[AE-IS] Reconstruction error stats — min: 0.025128, median: 0.125906, max: 0.742938
[AE-IS] Removed 0 redundant + 0 noisy = 0 total instances
[AE-IS] Kept 22409 / 22409 (reduction = 0.00%)
[EntropySublinearAEIS] AE scores: min=0.0251, median=0.1259, max=0.7429
[EntropySublinearAEIS] Step 2 — Tessellating into 200 micro-clusters...
[EntropySublinearAEIS] Step 3 — Entropy H=0.9653, adaptive reduction=20.55% (Keeping 17804 / 22409)
[EntropySublinearAEIS] Step 4 — Sublinear sampling (gamma=0.5). lambda = 9.3572
[EntropySublinearAEIS] Done — removed 4605 / 22409 (reduction = 20.55%)
Result: 
[19.55662751197815, 14.491792678833008, 14.819950342178345, 14.485552310943604, 14.676223993301392, 14.719259262084961, 14.366278409957886]
Fold 7
Fold 7
[EntropySublinearAEIS] Step 1 — Training Autoencoder for 50 epochs...
[AE-IS] Using GPU: NVIDIA A100-SXM4-80GB
[AE-IS] Architecture: 256 → 192 → 128 → 192 → 256
[AE-IS] Training autoencoder on 22410 instances (256 features) for up to 50 epochs …
  Epoch   1/50 — loss: 0.602710 (best: 0.602710)
  Epoch  10/50 — loss: 0.276784 (best: 0.276784)
  Epoch  20/50 — loss: 0.255344 (best: 0.255344)
  Epoch  30/50 — loss: 0.244245 (best: 0.244245)
  Epoch  40/50 — loss: 0.238690 (best: 0.238690)
  Epoch  50/50 — loss: 0.234710 (best: 0.234710)
[AE-IS] Training finished — best loss: 0.234710
[AE-IS] Reconstruction error stats — min: 0.026865, median: 0.127155, max: 0.745846
[AE-IS] Removed 0 redundant + 0 noisy = 0 total instances
[AE-IS] Kept 22410 / 22410 (reduction = 0.00%)
[EntropySublinearAEIS] AE scores: min=0.0269, median=0.1272, max=0.7458
[EntropySublinearAEIS] Step 2 — Tessellating into 200 micro-clusters...
[EntropySublinearAEIS] Step 3 — Entropy H=0.9639, adaptive reduction=21.20% (Keeping 17659 / 22410)
[EntropySublinearAEIS] Step 4 — Sublinear sampling (gamma=0.5). lambda = 9.2828
[EntropySublinearAEIS] Done — removed 4751 / 22410 (reduction = 21.20%)
Result: 
[19.55662751197815, 14.491792678833008, 14.819950342178345, 14.485552310943604, 14.676223993301392, 14.719259262084961, 14.366278409957886, 14.612891435623169]
Fold 8
Fold 8
[EntropySublinearAEIS] Step 1 — Training Autoencoder for 50 epochs...
[AE-IS] Using GPU: NVIDIA A100-SXM4-80GB
[AE-IS] Architecture: 256 → 192 → 128 → 192 → 256
[AE-IS] Training autoencoder on 22411 instances (256 features) for up to 50 epochs …
  Epoch   1/50 — loss: 0.602756 (best: 0.602756)
  Epoch  10/50 — loss: 0.275961 (best: 0.275961)
  Epoch  20/50 — loss: 0.254004 (best: 0.254004)
  Epoch  30/50 — loss: 0.243808 (best: 0.243808)
  Epoch  40/50 — loss: 0.238248 (best: 0.238051)
  Epoch  50/50 — loss: 0.234289 (best: 0.234125)
[AE-IS] Training finished — best loss: 0.234125
[AE-IS] Reconstruction error stats — min: 0.028782, median: 0.126872, max: 0.767844
[AE-IS] Removed 0 redundant + 0 noisy = 0 total instances
[AE-IS] Kept 22411 / 22411 (reduction = 0.00%)
[EntropySublinearAEIS] AE scores: min=0.0288, median=0.1269, max=0.7678
[EntropySublinearAEIS] Step 2 — Tessellating into 200 micro-clusters...
[EntropySublinearAEIS] Step 3 — Entropy H=0.9684, adaptive reduction=19.10% (Keeping 18129 / 22411)
[EntropySublinearAEIS] Step 4 — Sublinear sampling (gamma=0.5). lambda = 9.4491
[EntropySublinearAEIS] Done — removed 4278 / 22411 (reduction = 19.09%)
Result: 
[19.55662751197815, 14.491792678833008, 14.819950342178345, 14.485552310943604, 14.676223993301392, 14.719259262084961, 14.366278409957886, 14.612891435623169, 14.580307722091675]
Fold 9
Fold 9
[EntropySublinearAEIS] Step 1 — Training Autoencoder for 50 epochs...
[AE-IS] Using GPU: NVIDIA A100-SXM4-80GB
[AE-IS] Architecture: 256 → 192 → 128 → 192 → 256
[AE-IS] Training autoencoder on 22412 instances (256 features) for up to 50 epochs …
  Epoch   1/50 — loss: 0.603980 (best: 0.603980)
  Epoch  10/50 — loss: 0.277059 (best: 0.277059)
  Epoch  20/50 — loss: 0.254156 (best: 0.254156)
  Epoch  30/50 — loss: 0.243966 (best: 0.243966)
  Epoch  40/50 — loss: 0.238165 (best: 0.238165)
  Epoch  50/50 — loss: 0.233810 (best: 0.233810)
[AE-IS] Training finished — best loss: 0.233810
[AE-IS] Reconstruction error stats — min: 0.023961, median: 0.126509, max: 0.765733
[AE-IS] Removed 0 redundant + 0 noisy = 0 total instances
[AE-IS] Kept 22412 / 22412 (reduction = 0.00%)
[EntropySublinearAEIS] AE scores: min=0.0240, median=0.1265, max=0.7657
[EntropySublinearAEIS] Step 2 — Tessellating into 200 micro-clusters...
[EntropySublinearAEIS] Step 3 — Entropy H=0.9612, adaptive reduction=22.38% (Keeping 17396 / 22412)
[EntropySublinearAEIS] Step 4 — Sublinear sampling (gamma=0.5). lambda = 9.2333
[EntropySublinearAEIS] Done — removed 5016 / 22412 (reduction = 22.38%)
Result: 
[19.55662751197815, 14.491792678833008, 14.819950342178345, 14.485552310943604, 14.676223993301392, 14.719259262084961, 14.366278409957886, 14.612891435623169, 14.580307722091675, 16.019283533096313]
time: 15.23281672000885
time std: 1.507526116019873
reducion: 0.1921589518686453
reducion std: 0.016560096905246582
END
