Namespace(dataset='books', method='sublinear-ae-is', folds=10, save=True, inputrep='jina-v5', out='/data/bernardolemos/results/jina-v5/instance_selection', datain='/data/bernardolemos/datasets', overwrite=1, inputdir='/data/bernardolemos/datasets/books/jina-v5/', splitdir='/data/bernardolemos/datasets/books/splits/', outputdir='/data/bernardolemos/results/jina-v5/instance_selection/selection/books/', filename='/data/bernardolemos/results/jina-v5/instance_selection/selection/books//saida_sublinear-ae-is', start_time='16-07-2026 22:49:46')
Namespace(dataset='books', method='sublinear-ae-is', folds=10, save=True, inputrep='jina-v5', out='/data/bernardolemos/results/jina-v5/instance_selection', datain='/data/bernardolemos/datasets', overwrite=1, inputdir='/data/bernardolemos/datasets/books/jina-v5/', splitdir='/data/bernardolemos/datasets/books/splits/', outputdir='/data/bernardolemos/results/jina-v5/instance_selection/selection/books/', filename='/data/bernardolemos/results/jina-v5/instance_selection/selection/books//saida_sublinear-ae-is', start_time='16-07-2026 22:49:46')
/data/bernardolemos/datasets/books/splits//split_10.pkl
Fold 0
Fold 0
[SublinearAEIS] Target reduction: 25.00% (Keeping 22675 / 30234 instances)
[SublinearAEIS] Step 1 — Training Autoencoder for 50 epochs...
[AE-IS] Using GPU: NVIDIA A100-SXM4-80GB
[AE-IS] Architecture: 256 → 192 → 128 → 192 → 256
[AE-IS] Training autoencoder on 30234 instances (256 features) for up to 50 epochs …
  Epoch   1/50 — loss: 0.521519 (best: 0.521519)
  Epoch  10/50 — loss: 0.239245 (best: 0.239245)
  Epoch  20/50 — loss: 0.220631 (best: 0.220631)
  Epoch  30/50 — loss: 0.213308 (best: 0.213308)
  Epoch  40/50 — loss: 0.208967 (best: 0.208967)
  Epoch  50/50 — loss: 0.204834 (best: 0.204834)
[AE-IS] Training finished — best loss: 0.204834
[AE-IS] Reconstruction error stats — min: 0.026450, median: 0.115411, max: 0.841484
[AE-IS] Removed 0 redundant + 0 noisy = 0 total instances
[AE-IS] Kept 30234 / 30234 (reduction = 0.00%)
[SublinearAEIS] Autoencoder scores: min=0.0264, median=0.1154, max=0.8415
[SublinearAEIS] Step 2 — Tessellating space into 200 micro-clusters...
[SublinearAEIS] Step 3 — Sublinear sampling (gamma=0.5). lambda = 9.9108
[SublinearAEIS] Done — removed 7559 / 30234 (reduction = 25.00%)
Result: 
[24.54209852218628]
Fold 1
Fold 1
[SublinearAEIS] Target reduction: 25.00% (Keeping 22675 / 30234 instances)
[SublinearAEIS] Step 1 — Training Autoencoder for 50 epochs...
[AE-IS] Using GPU: NVIDIA A100-SXM4-80GB
[AE-IS] Architecture: 256 → 192 → 128 → 192 → 256
[AE-IS] Training autoencoder on 30234 instances (256 features) for up to 50 epochs …
  Epoch   1/50 — loss: 0.523903 (best: 0.523903)
  Epoch  10/50 — loss: 0.239752 (best: 0.239752)
  Epoch  20/50 — loss: 0.221048 (best: 0.221048)
  Epoch  30/50 — loss: 0.212704 (best: 0.212704)
  Epoch  40/50 — loss: 0.208499 (best: 0.208499)
  Epoch  50/50 — loss: 0.204963 (best: 0.204963)
[AE-IS] Training finished — best loss: 0.204963
[AE-IS] Reconstruction error stats — min: 0.027790, median: 0.116627, max: 0.856817
[AE-IS] Removed 0 redundant + 0 noisy = 0 total instances
[AE-IS] Kept 30234 / 30234 (reduction = 0.00%)
[SublinearAEIS] Autoencoder scores: min=0.0278, median=0.1166, max=0.8568
[SublinearAEIS] Step 2 — Tessellating space into 200 micro-clusters...
[SublinearAEIS] Step 3 — Sublinear sampling (gamma=0.5). lambda = 10.0248
[SublinearAEIS] Done — removed 7559 / 30234 (reduction = 25.00%)
Result: 
[24.54209852218628, 19.20496153831482]
Fold 2
Fold 2
[SublinearAEIS] Target reduction: 25.00% (Keeping 22675 / 30234 instances)
[SublinearAEIS] Step 1 — Training Autoencoder for 50 epochs...
[AE-IS] Using GPU: NVIDIA A100-SXM4-80GB
[AE-IS] Architecture: 256 → 192 → 128 → 192 → 256
[AE-IS] Training autoencoder on 30234 instances (256 features) for up to 50 epochs …
  Epoch   1/50 — loss: 0.522835 (best: 0.522835)
  Epoch  10/50 — loss: 0.238998 (best: 0.238998)
  Epoch  20/50 — loss: 0.220991 (best: 0.220991)
  Epoch  30/50 — loss: 0.213336 (best: 0.213336)
  Epoch  40/50 — loss: 0.208466 (best: 0.208466)
  Epoch  50/50 — loss: 0.204899 (best: 0.204899)
[AE-IS] Training finished — best loss: 0.204899
[AE-IS] Reconstruction error stats — min: 0.027916, median: 0.116033, max: 0.838566
[AE-IS] Removed 0 redundant + 0 noisy = 0 total instances
[AE-IS] Kept 30234 / 30234 (reduction = 0.00%)
[SublinearAEIS] Autoencoder scores: min=0.0279, median=0.1160, max=0.8386
[SublinearAEIS] Step 2 — Tessellating space into 200 micro-clusters...
[SublinearAEIS] Step 3 — Sublinear sampling (gamma=0.5). lambda = 9.9574
[SublinearAEIS] Done — removed 7559 / 30234 (reduction = 25.00%)
Result: 
[24.54209852218628, 19.20496153831482, 19.394561052322388]
Fold 3
Fold 3
[SublinearAEIS] Target reduction: 25.00% (Keeping 22675 / 30234 instances)
[SublinearAEIS] Step 1 — Training Autoencoder for 50 epochs...
[AE-IS] Using GPU: NVIDIA A100-SXM4-80GB
[AE-IS] Architecture: 256 → 192 → 128 → 192 → 256
[AE-IS] Training autoencoder on 30234 instances (256 features) for up to 50 epochs …
  Epoch   1/50 — loss: 0.520902 (best: 0.520902)
  Epoch  10/50 — loss: 0.238795 (best: 0.238795)
  Epoch  20/50 — loss: 0.220634 (best: 0.220634)
  Epoch  30/50 — loss: 0.213068 (best: 0.212946)
  Epoch  40/50 — loss: 0.208515 (best: 0.208515)
  Epoch  50/50 — loss: 0.205111 (best: 0.205111)
[AE-IS] Training finished — best loss: 0.205111
[AE-IS] Reconstruction error stats — min: 0.024294, median: 0.115113, max: 0.770094
[AE-IS] Removed 0 redundant + 0 noisy = 0 total instances
[AE-IS] Kept 30234 / 30234 (reduction = 0.00%)
[SublinearAEIS] Autoencoder scores: min=0.0243, median=0.1151, max=0.7701
[SublinearAEIS] Step 2 — Tessellating space into 200 micro-clusters...
[SublinearAEIS] Step 3 — Sublinear sampling (gamma=0.5). lambda = 10.1051
[SublinearAEIS] Done — removed 7559 / 30234 (reduction = 25.00%)
Result: 
[24.54209852218628, 19.20496153831482, 19.394561052322388, 19.342955589294434]
Fold 4
Fold 4
[SublinearAEIS] Target reduction: 25.00% (Keeping 22676 / 30235 instances)
[SublinearAEIS] Step 1 — Training Autoencoder for 50 epochs...
[AE-IS] Using GPU: NVIDIA A100-SXM4-80GB
[AE-IS] Architecture: 256 → 192 → 128 → 192 → 256
[AE-IS] Training autoencoder on 30235 instances (256 features) for up to 50 epochs …
  Epoch   1/50 — loss: 0.521545 (best: 0.521545)
  Epoch  10/50 — loss: 0.239229 (best: 0.239229)
  Epoch  20/50 — loss: 0.221014 (best: 0.221014)
  Epoch  30/50 — loss: 0.213568 (best: 0.213363)
  Epoch  40/50 — loss: 0.208950 (best: 0.208909)
  Epoch  50/50 — loss: 0.205393 (best: 0.205393)
[AE-IS] Training finished — best loss: 0.205393
[AE-IS] Reconstruction error stats — min: 0.028744, median: 0.115796, max: 0.769154
[AE-IS] Removed 0 redundant + 0 noisy = 0 total instances
[AE-IS] Kept 30235 / 30235 (reduction = 0.00%)
[SublinearAEIS] Autoencoder scores: min=0.0287, median=0.1158, max=0.7692
[SublinearAEIS] Step 2 — Tessellating space into 200 micro-clusters...
[SublinearAEIS] Step 3 — Sublinear sampling (gamma=0.5). lambda = 10.0000
[SublinearAEIS] Done — removed 7557 / 30235 (reduction = 24.99%)
Result: 
[24.54209852218628, 19.20496153831482, 19.394561052322388, 19.342955589294434, 19.325160026550293]
Fold 5
Fold 5
[SublinearAEIS] Target reduction: 25.00% (Keeping 22676 / 30235 instances)
[SublinearAEIS] Step 1 — Training Autoencoder for 50 epochs...
[AE-IS] Using GPU: NVIDIA A100-SXM4-80GB
[AE-IS] Architecture: 256 → 192 → 128 → 192 → 256
[AE-IS] Training autoencoder on 30235 instances (256 features) for up to 50 epochs …
  Epoch   1/50 — loss: 0.522783 (best: 0.522783)
  Epoch  10/50 — loss: 0.239190 (best: 0.239190)
  Epoch  20/50 — loss: 0.220813 (best: 0.220813)
  Epoch  30/50 — loss: 0.213176 (best: 0.212751)
  Epoch  40/50 — loss: 0.208436 (best: 0.208436)
  Epoch  50/50 — loss: 0.204993 (best: 0.204993)
[AE-IS] Training finished — best loss: 0.204993
[AE-IS] Reconstruction error stats — min: 0.024848, median: 0.115560, max: 0.749124
[AE-IS] Removed 0 redundant + 0 noisy = 0 total instances
[AE-IS] Kept 30235 / 30235 (reduction = 0.00%)
[SublinearAEIS] Autoencoder scores: min=0.0248, median=0.1156, max=0.7491
[SublinearAEIS] Step 2 — Tessellating space into 200 micro-clusters...
[SublinearAEIS] Step 3 — Sublinear sampling (gamma=0.5). lambda = 9.9216
[SublinearAEIS] Done — removed 7559 / 30235 (reduction = 25.00%)
Result: 
[24.54209852218628, 19.20496153831482, 19.394561052322388, 19.342955589294434, 19.325160026550293, 19.228745460510254]
Fold 6
Fold 6
[SublinearAEIS] Target reduction: 25.00% (Keeping 22676 / 30235 instances)
[SublinearAEIS] Step 1 — Training Autoencoder for 50 epochs...
[AE-IS] Using GPU: NVIDIA A100-SXM4-80GB
[AE-IS] Architecture: 256 → 192 → 128 → 192 → 256
[AE-IS] Training autoencoder on 30235 instances (256 features) for up to 50 epochs …
  Epoch   1/50 — loss: 0.522785 (best: 0.522785)
  Epoch  10/50 — loss: 0.238849 (best: 0.238849)
  Epoch  20/50 — loss: 0.221376 (best: 0.221376)
  Epoch  30/50 — loss: 0.213658 (best: 0.213658)
  Epoch  40/50 — loss: 0.208732 (best: 0.208730)
  Epoch  50/50 — loss: 0.204898 (best: 0.204898)
[AE-IS] Training finished — best loss: 0.204898
[AE-IS] Reconstruction error stats — min: 0.026218, median: 0.115485, max: 0.877465
[AE-IS] Removed 0 redundant + 0 noisy = 0 total instances
[AE-IS] Kept 30235 / 30235 (reduction = 0.00%)
[SublinearAEIS] Autoencoder scores: min=0.0262, median=0.1155, max=0.8775
[SublinearAEIS] Step 2 — Tessellating space into 200 micro-clusters...
[SublinearAEIS] Step 3 — Sublinear sampling (gamma=0.5). lambda = 10.0123
[SublinearAEIS] Done — removed 7558 / 30235 (reduction = 25.00%)
Result: 
[24.54209852218628, 19.20496153831482, 19.394561052322388, 19.342955589294434, 19.325160026550293, 19.228745460510254, 19.34606385231018]
Fold 7
Fold 7
[SublinearAEIS] Target reduction: 25.00% (Keeping 22676 / 30235 instances)
[SublinearAEIS] Step 1 — Training Autoencoder for 50 epochs...
[AE-IS] Using GPU: NVIDIA A100-SXM4-80GB
[AE-IS] Architecture: 256 → 192 → 128 → 192 → 256
[AE-IS] Training autoencoder on 30235 instances (256 features) for up to 50 epochs …
  Epoch   1/50 — loss: 0.522181 (best: 0.522181)
  Epoch  10/50 — loss: 0.238848 (best: 0.238848)
  Epoch  20/50 — loss: 0.221219 (best: 0.221219)
  Epoch  30/50 — loss: 0.212892 (best: 0.212892)
  Epoch  40/50 — loss: 0.209783 (best: 0.209296)
  Epoch  50/50 — loss: 0.204515 (best: 0.204515)
[AE-IS] Training finished — best loss: 0.204515
[AE-IS] Reconstruction error stats — min: 0.028238, median: 0.114802, max: 0.813534
[AE-IS] Removed 0 redundant + 0 noisy = 0 total instances
[AE-IS] Kept 30235 / 30235 (reduction = 0.00%)
[SublinearAEIS] Autoencoder scores: min=0.0282, median=0.1148, max=0.8135
[SublinearAEIS] Step 2 — Tessellating space into 200 micro-clusters...
[SublinearAEIS] Step 3 — Sublinear sampling (gamma=0.5). lambda = 10.0904
[SublinearAEIS] Done — removed 7559 / 30235 (reduction = 25.00%)
Result: 
[24.54209852218628, 19.20496153831482, 19.394561052322388, 19.342955589294434, 19.325160026550293, 19.228745460510254, 19.34606385231018, 19.30416989326477]
Fold 8
Fold 8
[SublinearAEIS] Target reduction: 25.00% (Keeping 22676 / 30235 instances)
[SublinearAEIS] Step 1 — Training Autoencoder for 50 epochs...
[AE-IS] Using GPU: NVIDIA A100-SXM4-80GB
[AE-IS] Architecture: 256 → 192 → 128 → 192 → 256
[AE-IS] Training autoencoder on 30235 instances (256 features) for up to 50 epochs …
  Epoch   1/50 — loss: 0.522767 (best: 0.522767)
  Epoch  10/50 — loss: 0.239055 (best: 0.239055)
  Epoch  20/50 — loss: 0.221014 (best: 0.221014)
  Epoch  30/50 — loss: 0.213801 (best: 0.213801)
  Epoch  40/50 — loss: 0.208938 (best: 0.208833)
  Epoch  50/50 — loss: 0.205263 (best: 0.205263)
[AE-IS] Training finished — best loss: 0.205263
[AE-IS] Reconstruction error stats — min: 0.025167, median: 0.115574, max: 0.760904
[AE-IS] Removed 0 redundant + 0 noisy = 0 total instances
[AE-IS] Kept 30235 / 30235 (reduction = 0.00%)
[SublinearAEIS] Autoencoder scores: min=0.0252, median=0.1156, max=0.7609
[SublinearAEIS] Step 2 — Tessellating space into 200 micro-clusters...
[SublinearAEIS] Step 3 — Sublinear sampling (gamma=0.5). lambda = 9.9454
[SublinearAEIS] Done — removed 7559 / 30235 (reduction = 25.00%)
Result: 
[24.54209852218628, 19.20496153831482, 19.394561052322388, 19.342955589294434, 19.325160026550293, 19.228745460510254, 19.34606385231018, 19.30416989326477, 19.424209117889404]
Fold 9
Fold 9
[SublinearAEIS] Target reduction: 25.00% (Keeping 22676 / 30235 instances)
[SublinearAEIS] Step 1 — Training Autoencoder for 50 epochs...
[AE-IS] Using GPU: NVIDIA A100-SXM4-80GB
[AE-IS] Architecture: 256 → 192 → 128 → 192 → 256
[AE-IS] Training autoencoder on 30235 instances (256 features) for up to 50 epochs …
  Epoch   1/50 — loss: 0.522765 (best: 0.522765)
  Epoch  10/50 — loss: 0.238970 (best: 0.238970)
  Epoch  20/50 — loss: 0.221379 (best: 0.221379)
  Epoch  30/50 — loss: 0.213734 (best: 0.213361)
  Epoch  40/50 — loss: 0.208152 (best: 0.208152)
  Epoch  50/50 — loss: 0.205257 (best: 0.205257)
[AE-IS] Training finished — best loss: 0.205257
[AE-IS] Reconstruction error stats — min: 0.028574, median: 0.116004, max: 0.839552
[AE-IS] Removed 0 redundant + 0 noisy = 0 total instances
[AE-IS] Kept 30235 / 30235 (reduction = 0.00%)
[SublinearAEIS] Autoencoder scores: min=0.0286, median=0.1160, max=0.8396
[SublinearAEIS] Step 2 — Tessellating space into 200 micro-clusters...
[SublinearAEIS] Step 3 — Sublinear sampling (gamma=0.5). lambda = 9.9593
[SublinearAEIS] Done — removed 7558 / 30235 (reduction = 25.00%)
Result: 
[24.54209852218628, 19.20496153831482, 19.394561052322388, 19.342955589294434, 19.325160026550293, 19.228745460510254, 19.34606385231018, 19.30416989326477, 19.424209117889404, 19.394901275634766]
time: 19.85078263282776
time std: 1.5651864034179956
reducion: 0.24999834650620373
reducion std: 2.4191894033707413e-05
END
