Namespace(dataset='books', method='entropy-sublinear-ae-is', folds=10, save=True, inputrep='jina-v5', out='/data/bernardolemos/results/jina-v5/instance_selection', datain='/data/bernardolemos/datasets', overwrite=1, inputdir='/data/bernardolemos/datasets/books/jina-v5/', splitdir='/data/bernardolemos/datasets/books/splits/', outputdir='/data/bernardolemos/results/jina-v5/instance_selection/selection/books/', filename='/data/bernardolemos/results/jina-v5/instance_selection/selection/books//saida_entropy-sublinear-ae-is', start_time='04-07-2026 19:40:07')
Namespace(dataset='books', method='entropy-sublinear-ae-is', folds=10, save=True, inputrep='jina-v5', out='/data/bernardolemos/results/jina-v5/instance_selection', datain='/data/bernardolemos/datasets', overwrite=1, inputdir='/data/bernardolemos/datasets/books/jina-v5/', splitdir='/data/bernardolemos/datasets/books/splits/', outputdir='/data/bernardolemos/results/jina-v5/instance_selection/selection/books/', filename='/data/bernardolemos/results/jina-v5/instance_selection/selection/books//saida_entropy-sublinear-ae-is', start_time='04-07-2026 19:40:07')
/data/bernardolemos/datasets/books/splits//split_10.pkl
Fold 0
Fold 0
[EntropySublinearAEIS] Step 1 — Training Autoencoder for 50 epochs...
[AE-IS] Using GPU: NVIDIA A100-SXM4-80GB
[AE-IS] Architecture: 256 → 192 → 128 → 192 → 256
[AE-IS] Training autoencoder on 30234 instances (256 features) for up to 50 epochs …
  Epoch   1/50 — loss: 0.521519 (best: 0.521519)
  Epoch  10/50 — loss: 0.239245 (best: 0.239245)
  Epoch  20/50 — loss: 0.220631 (best: 0.220631)
  Epoch  30/50 — loss: 0.213308 (best: 0.213308)
  Epoch  40/50 — loss: 0.208967 (best: 0.208967)
  Epoch  50/50 — loss: 0.204834 (best: 0.204834)
[AE-IS] Training finished — best loss: 0.204834
[AE-IS] Reconstruction error stats — min: 0.026450, median: 0.115411, max: 0.841484
[AE-IS] Removed 0 redundant + 0 noisy = 0 total instances
[AE-IS] Kept 30234 / 30234 (reduction = 0.00%)
[EntropySublinearAEIS] AE scores: min=0.0264, median=0.1154, max=0.8415
[EntropySublinearAEIS] Step 2 — Tessellating into 200 micro-clusters...
[EntropySublinearAEIS] Step 3 — Entropy H=0.9727, adaptive reduction=16.97% (Keeping 25103 / 30234)
[EntropySublinearAEIS] Step 4 — Sublinear sampling (gamma=0.5). lambda = 11.2902
[EntropySublinearAEIS] Done — removed 5131 / 30234 (reduction = 16.97%)
Result: 
[21.750214099884033]
Fold 1
Fold 1
[EntropySublinearAEIS] Step 1 — Training Autoencoder for 50 epochs...
[AE-IS] Using GPU: NVIDIA A100-SXM4-80GB
[AE-IS] Architecture: 256 → 192 → 128 → 192 → 256
[AE-IS] Training autoencoder on 30234 instances (256 features) for up to 50 epochs …
  Epoch   1/50 — loss: 0.523903 (best: 0.523903)
  Epoch  10/50 — loss: 0.239752 (best: 0.239752)
  Epoch  20/50 — loss: 0.221048 (best: 0.221048)
  Epoch  30/50 — loss: 0.212704 (best: 0.212704)
  Epoch  40/50 — loss: 0.208499 (best: 0.208499)
  Epoch  50/50 — loss: 0.204963 (best: 0.204963)
[AE-IS] Training finished — best loss: 0.204963
[AE-IS] Reconstruction error stats — min: 0.027790, median: 0.116627, max: 0.856817
[AE-IS] Removed 0 redundant + 0 noisy = 0 total instances
[AE-IS] Kept 30234 / 30234 (reduction = 0.00%)
[EntropySublinearAEIS] AE scores: min=0.0278, median=0.1166, max=0.8568
[EntropySublinearAEIS] Step 2 — Tessellating into 200 micro-clusters...
[EntropySublinearAEIS] Step 3 — Entropy H=0.9684, adaptive reduction=19.09% (Keeping 24461 / 30234)
[EntropySublinearAEIS] Step 4 — Sublinear sampling (gamma=0.5). lambda = 11.0716
[EntropySublinearAEIS] Done — removed 5772 / 30234 (reduction = 19.09%)
Result: 
[21.750214099884033, 19.214245080947876]
Fold 2
Fold 2
[EntropySublinearAEIS] Step 1 — Training Autoencoder for 50 epochs...
[AE-IS] Using GPU: NVIDIA A100-SXM4-80GB
[AE-IS] Architecture: 256 → 192 → 128 → 192 → 256
[AE-IS] Training autoencoder on 30234 instances (256 features) for up to 50 epochs …
  Epoch   1/50 — loss: 0.522835 (best: 0.522835)
  Epoch  10/50 — loss: 0.238998 (best: 0.238998)
  Epoch  20/50 — loss: 0.220991 (best: 0.220991)
  Epoch  30/50 — loss: 0.213336 (best: 0.213336)
  Epoch  40/50 — loss: 0.208466 (best: 0.208466)
  Epoch  50/50 — loss: 0.204899 (best: 0.204899)
[AE-IS] Training finished — best loss: 0.204899
[AE-IS] Reconstruction error stats — min: 0.027916, median: 0.116033, max: 0.838566
[AE-IS] Removed 0 redundant + 0 noisy = 0 total instances
[AE-IS] Kept 30234 / 30234 (reduction = 0.00%)
[EntropySublinearAEIS] AE scores: min=0.0279, median=0.1160, max=0.8386
[EntropySublinearAEIS] Step 2 — Tessellating into 200 micro-clusters...
[EntropySublinearAEIS] Step 3 — Entropy H=0.9701, adaptive reduction=18.29% (Keeping 24703 / 30234)
[EntropySublinearAEIS] Step 4 — Sublinear sampling (gamma=0.5). lambda = 11.1258
[EntropySublinearAEIS] Done — removed 5530 / 30234 (reduction = 18.29%)
Result: 
[21.750214099884033, 19.214245080947876, 19.335832357406616]
Fold 3
Fold 3
[EntropySublinearAEIS] Step 1 — Training Autoencoder for 50 epochs...
[AE-IS] Using GPU: NVIDIA A100-SXM4-80GB
[AE-IS] Architecture: 256 → 192 → 128 → 192 → 256
[AE-IS] Training autoencoder on 30234 instances (256 features) for up to 50 epochs …
  Epoch   1/50 — loss: 0.520902 (best: 0.520902)
  Epoch  10/50 — loss: 0.238795 (best: 0.238795)
  Epoch  20/50 — loss: 0.220634 (best: 0.220634)
  Epoch  30/50 — loss: 0.213068 (best: 0.212946)
  Epoch  40/50 — loss: 0.208515 (best: 0.208515)
  Epoch  50/50 — loss: 0.205111 (best: 0.205111)
[AE-IS] Training finished — best loss: 0.205111
[AE-IS] Reconstruction error stats — min: 0.024294, median: 0.115113, max: 0.770094
[AE-IS] Removed 0 redundant + 0 noisy = 0 total instances
[AE-IS] Kept 30234 / 30234 (reduction = 0.00%)
[EntropySublinearAEIS] AE scores: min=0.0243, median=0.1151, max=0.7701
[EntropySublinearAEIS] Step 2 — Tessellating into 200 micro-clusters...
[EntropySublinearAEIS] Step 3 — Entropy H=0.9666, adaptive reduction=19.98% (Keeping 24191 / 30234)
[EntropySublinearAEIS] Step 4 — Sublinear sampling (gamma=0.5). lambda = 10.9877
[EntropySublinearAEIS] Done — removed 6043 / 30234 (reduction = 19.99%)
Result: 
[21.750214099884033, 19.214245080947876, 19.335832357406616, 19.267624855041504]
Fold 4
Fold 4
[EntropySublinearAEIS] Step 1 — Training Autoencoder for 50 epochs...
[AE-IS] Using GPU: NVIDIA A100-SXM4-80GB
[AE-IS] Architecture: 256 → 192 → 128 → 192 → 256
[AE-IS] Training autoencoder on 30235 instances (256 features) for up to 50 epochs …
  Epoch   1/50 — loss: 0.521545 (best: 0.521545)
  Epoch  10/50 — loss: 0.239229 (best: 0.239229)
  Epoch  20/50 — loss: 0.221014 (best: 0.221014)
  Epoch  30/50 — loss: 0.213568 (best: 0.213363)
  Epoch  40/50 — loss: 0.208950 (best: 0.208909)
  Epoch  50/50 — loss: 0.205393 (best: 0.205393)
[AE-IS] Training finished — best loss: 0.205393
[AE-IS] Reconstruction error stats — min: 0.028744, median: 0.115796, max: 0.769154
[AE-IS] Removed 0 redundant + 0 noisy = 0 total instances
[AE-IS] Kept 30235 / 30235 (reduction = 0.00%)
[EntropySublinearAEIS] AE scores: min=0.0287, median=0.1158, max=0.7692
[EntropySublinearAEIS] Step 2 — Tessellating into 200 micro-clusters...
[EntropySublinearAEIS] Step 3 — Entropy H=0.9687, adaptive reduction=18.99% (Keeping 24493 / 30235)
[EntropySublinearAEIS] Step 4 — Sublinear sampling (gamma=0.5). lambda = 11.0751
[EntropySublinearAEIS] Done — removed 5742 / 30235 (reduction = 18.99%)
Result: 
[21.750214099884033, 19.214245080947876, 19.335832357406616, 19.267624855041504, 19.36601185798645]
Fold 5
Fold 5
[EntropySublinearAEIS] Step 1 — Training Autoencoder for 50 epochs...
[AE-IS] Using GPU: NVIDIA A100-SXM4-80GB
[AE-IS] Architecture: 256 → 192 → 128 → 192 → 256
[AE-IS] Training autoencoder on 30235 instances (256 features) for up to 50 epochs …
  Epoch   1/50 — loss: 0.522783 (best: 0.522783)
  Epoch  10/50 — loss: 0.239190 (best: 0.239190)
  Epoch  20/50 — loss: 0.220813 (best: 0.220813)
  Epoch  30/50 — loss: 0.213176 (best: 0.212751)
  Epoch  40/50 — loss: 0.208436 (best: 0.208436)
  Epoch  50/50 — loss: 0.204993 (best: 0.204993)
[AE-IS] Training finished — best loss: 0.204993
[AE-IS] Reconstruction error stats — min: 0.024848, median: 0.115560, max: 0.749124
[AE-IS] Removed 0 redundant + 0 noisy = 0 total instances
[AE-IS] Kept 30235 / 30235 (reduction = 0.00%)
[EntropySublinearAEIS] AE scores: min=0.0248, median=0.1156, max=0.7491
[EntropySublinearAEIS] Step 2 — Tessellating into 200 micro-clusters...
[EntropySublinearAEIS] Step 3 — Entropy H=0.9721, adaptive reduction=17.28% (Keeping 25010 / 30235)
[EntropySublinearAEIS] Step 4 — Sublinear sampling (gamma=0.5). lambda = 11.2677
[EntropySublinearAEIS] Done — removed 5225 / 30235 (reduction = 17.28%)
Result: 
[21.750214099884033, 19.214245080947876, 19.335832357406616, 19.267624855041504, 19.36601185798645, 19.150220155715942]
Fold 6
Fold 6
[EntropySublinearAEIS] Step 1 — Training Autoencoder for 50 epochs...
[AE-IS] Using GPU: NVIDIA A100-SXM4-80GB
[AE-IS] Architecture: 256 → 192 → 128 → 192 → 256
[AE-IS] Training autoencoder on 30235 instances (256 features) for up to 50 epochs …
  Epoch   1/50 — loss: 0.522785 (best: 0.522785)
  Epoch  10/50 — loss: 0.238849 (best: 0.238849)
  Epoch  20/50 — loss: 0.221376 (best: 0.221376)
  Epoch  30/50 — loss: 0.213658 (best: 0.213658)
  Epoch  40/50 — loss: 0.208732 (best: 0.208730)
  Epoch  50/50 — loss: 0.204898 (best: 0.204898)
[AE-IS] Training finished — best loss: 0.204898
[AE-IS] Reconstruction error stats — min: 0.026218, median: 0.115485, max: 0.877465
[AE-IS] Removed 0 redundant + 0 noisy = 0 total instances
[AE-IS] Kept 30235 / 30235 (reduction = 0.00%)
[EntropySublinearAEIS] AE scores: min=0.0262, median=0.1155, max=0.8775
[EntropySublinearAEIS] Step 2 — Tessellating into 200 micro-clusters...
[EntropySublinearAEIS] Step 3 — Entropy H=0.9697, adaptive reduction=18.50% (Keeping 24642 / 30235)
[EntropySublinearAEIS] Step 4 — Sublinear sampling (gamma=0.5). lambda = 11.1445
[EntropySublinearAEIS] Done — removed 5592 / 30235 (reduction = 18.50%)
Result: 
[21.750214099884033, 19.214245080947876, 19.335832357406616, 19.267624855041504, 19.36601185798645, 19.150220155715942, 19.299587726593018]
Fold 7
Fold 7
[EntropySublinearAEIS] Step 1 — Training Autoencoder for 50 epochs...
[AE-IS] Using GPU: NVIDIA A100-SXM4-80GB
[AE-IS] Architecture: 256 → 192 → 128 → 192 → 256
[AE-IS] Training autoencoder on 30235 instances (256 features) for up to 50 epochs …
  Epoch   1/50 — loss: 0.522181 (best: 0.522181)
  Epoch  10/50 — loss: 0.238848 (best: 0.238848)
  Epoch  20/50 — loss: 0.221219 (best: 0.221219)
  Epoch  30/50 — loss: 0.212892 (best: 0.212892)
  Epoch  40/50 — loss: 0.209783 (best: 0.209296)
  Epoch  50/50 — loss: 0.204515 (best: 0.204515)
[AE-IS] Training finished — best loss: 0.204515
[AE-IS] Reconstruction error stats — min: 0.028238, median: 0.114802, max: 0.813534
[AE-IS] Removed 0 redundant + 0 noisy = 0 total instances
[AE-IS] Kept 30235 / 30235 (reduction = 0.00%)
[EntropySublinearAEIS] AE scores: min=0.0282, median=0.1148, max=0.8135
[EntropySublinearAEIS] Step 2 — Tessellating into 200 micro-clusters...
[EntropySublinearAEIS] Step 3 — Entropy H=0.9651, adaptive reduction=20.64% (Keeping 23993 / 30235)
[EntropySublinearAEIS] Step 4 — Sublinear sampling (gamma=0.5). lambda = 10.8643
[EntropySublinearAEIS] Done — removed 6242 / 30235 (reduction = 20.64%)
Result: 
[21.750214099884033, 19.214245080947876, 19.335832357406616, 19.267624855041504, 19.36601185798645, 19.150220155715942, 19.299587726593018, 19.35339045524597]
Fold 8
Fold 8
[EntropySublinearAEIS] Step 1 — Training Autoencoder for 50 epochs...
[AE-IS] Using GPU: NVIDIA A100-SXM4-80GB
[AE-IS] Architecture: 256 → 192 → 128 → 192 → 256
[AE-IS] Training autoencoder on 30235 instances (256 features) for up to 50 epochs …
  Epoch   1/50 — loss: 0.522767 (best: 0.522767)
  Epoch  10/50 — loss: 0.239055 (best: 0.239055)
  Epoch  20/50 — loss: 0.221014 (best: 0.221014)
  Epoch  30/50 — loss: 0.213801 (best: 0.213801)
  Epoch  40/50 — loss: 0.208938 (best: 0.208833)
  Epoch  50/50 — loss: 0.205263 (best: 0.205263)
[AE-IS] Training finished — best loss: 0.205263
[AE-IS] Reconstruction error stats — min: 0.025167, median: 0.115574, max: 0.760904
[AE-IS] Removed 0 redundant + 0 noisy = 0 total instances
[AE-IS] Kept 30235 / 30235 (reduction = 0.00%)
[EntropySublinearAEIS] AE scores: min=0.0252, median=0.1156, max=0.7609
[EntropySublinearAEIS] Step 2 — Tessellating into 200 micro-clusters...
[EntropySublinearAEIS] Step 3 — Entropy H=0.9695, adaptive reduction=18.58% (Keeping 24618 / 30235)
[EntropySublinearAEIS] Step 4 — Sublinear sampling (gamma=0.5). lambda = 11.1378
[EntropySublinearAEIS] Done — removed 5617 / 30235 (reduction = 18.58%)
Result: 
[21.750214099884033, 19.214245080947876, 19.335832357406616, 19.267624855041504, 19.36601185798645, 19.150220155715942, 19.299587726593018, 19.35339045524597, 19.566241979599]
Fold 9
Fold 9
[EntropySublinearAEIS] Step 1 — Training Autoencoder for 50 epochs...
[AE-IS] Using GPU: NVIDIA A100-SXM4-80GB
[AE-IS] Architecture: 256 → 192 → 128 → 192 → 256
[AE-IS] Training autoencoder on 30235 instances (256 features) for up to 50 epochs …
  Epoch   1/50 — loss: 0.522765 (best: 0.522765)
  Epoch  10/50 — loss: 0.238970 (best: 0.238970)
  Epoch  20/50 — loss: 0.221379 (best: 0.221379)
  Epoch  30/50 — loss: 0.213734 (best: 0.213361)
  Epoch  40/50 — loss: 0.208152 (best: 0.208152)
  Epoch  50/50 — loss: 0.205257 (best: 0.205257)
[AE-IS] Training finished — best loss: 0.205257
[AE-IS] Reconstruction error stats — min: 0.028574, median: 0.116004, max: 0.839552
[AE-IS] Removed 0 redundant + 0 noisy = 0 total instances
[AE-IS] Kept 30235 / 30235 (reduction = 0.00%)
[EntropySublinearAEIS] AE scores: min=0.0286, median=0.1160, max=0.8396
[EntropySublinearAEIS] Step 2 — Tessellating into 200 micro-clusters...
[EntropySublinearAEIS] Step 3 — Entropy H=0.9707, adaptive reduction=17.99% (Keeping 24796 / 30235)
[EntropySublinearAEIS] Step 4 — Sublinear sampling (gamma=0.5). lambda = 11.1494
[EntropySublinearAEIS] Done — removed 5438 / 30235 (reduction = 17.99%)
Result: 
[21.750214099884033, 19.214245080947876, 19.335832357406616, 19.267624855041504, 19.36601185798645, 19.150220155715942, 19.299587726593018, 19.35339045524597, 19.566241979599, 19.558717966079712]
time: 19.58620865345001
time std: 0.732225598546404
reducion: 0.1863163333933142
reducion std: 0.010662177913546114
END
