Namespace(dataset='dblp', method='adaptive-perplexity', folds=10, save=True, inputrep='jina-v5', out='/data/bernardolemos/results/jina-v5/instance_selection', datain='/data/bernardolemos/datasets', overwrite=1, inputdir='/data/bernardolemos/datasets/dblp/jina-v5/', splitdir='/data/bernardolemos/datasets/dblp/splits/', outputdir='/data/bernardolemos/results/jina-v5/instance_selection/selection/dblp/', filename='/data/bernardolemos/results/jina-v5/instance_selection/selection/dblp//saida_adaptive-perplexity', start_time='28-06-2026 17:50:59')
Namespace(dataset='dblp', method='adaptive-perplexity', folds=10, save=True, inputrep='jina-v5', out='/data/bernardolemos/results/jina-v5/instance_selection', datain='/data/bernardolemos/datasets', overwrite=1, inputdir='/data/bernardolemos/datasets/dblp/jina-v5/', splitdir='/data/bernardolemos/datasets/dblp/splits/', outputdir='/data/bernardolemos/results/jina-v5/instance_selection/selection/dblp/', filename='/data/bernardolemos/results/jina-v5/instance_selection/selection/dblp//saida_adaptive-perplexity', start_time='28-06-2026 17:50:59')
/data/bernardolemos/datasets/dblp/splits//split_10.pkl
Fold 0
Fold 0
[Adaptive-IS] Step 1 — computing scores via 'autoencoder' …
[AE-IS] Using GPU: NVIDIA A100-SXM4-80GB
[AE-IS] Architecture: 256 → 134 → 12 → 134 → 256
[AE-IS] Training autoencoder on 34315 instances (256 features) for up to 10 epochs …
  Epoch   1/10 — loss: 0.493773 (best: 0.493773)
  Epoch  10/10 — loss: 0.328600 (best: 0.328600)
[AE-IS] Training finished — best loss: 0.328600
[AE-IS] Reconstruction error stats — min: 0.052048, median: 0.227738, max: 1.808962
[AE-IS] Removed 0 redundant + 0 noisy = 0 total instances
[AE-IS] Kept 34315 / 34315 (reduction = 0.00%)
[Adaptive-IS] Score stats — min: 0.0520, median: 0.2277, max: 1.8090
[Adaptive-IS] Step 2 — estimating thresholds via 'gmm_boundary' …
[Adaptive-IS] Estimated params — low_percentile=67.0, high_percentile=93.0, beta=0.600, theta=0.069, imbalance_proxy=0.468
[Adaptive-IS] GMM component means: [0.18061840534210205, 0.33445438742637634, 0.585743248462677]
[Adaptive-IS] Step 3 — applying selection …
[Adaptive-IS] Redundant candidates: 22997, removing 13798 (beta=0.600)
[Adaptive-IS] Noise candidates: 2399, removing 165 (theta=0.069)
[Adaptive-IS] Removed 13963 instances — kept 20352 / 34315 (reduction = 40.69%)
Result: 
[17.335686683654785]
Fold 1
Fold 1
[Adaptive-IS] Step 1 — computing scores via 'autoencoder' …
[AE-IS] Using GPU: NVIDIA A100-SXM4-80GB
[AE-IS] Architecture: 256 → 134 → 12 → 134 → 256
[AE-IS] Training autoencoder on 34315 instances (256 features) for up to 10 epochs …
  Epoch   1/10 — loss: 0.494517 (best: 0.494517)
  Epoch  10/10 — loss: 0.328518 (best: 0.328518)
[AE-IS] Training finished — best loss: 0.328518
[AE-IS] Reconstruction error stats — min: 0.053724, median: 0.230290, max: 1.697789
[AE-IS] Removed 0 redundant + 0 noisy = 0 total instances
[AE-IS] Kept 34315 / 34315 (reduction = 0.00%)
[Adaptive-IS] Score stats — min: 0.0537, median: 0.2303, max: 1.6978
[Adaptive-IS] Step 2 — estimating thresholds via 'gmm_boundary' …
[Adaptive-IS] Estimated params — low_percentile=65.6, high_percentile=92.4, beta=0.600, theta=0.078, imbalance_proxy=0.462
[Adaptive-IS] GMM component means: [0.17967389523983002, 0.32972753047943115, 0.56830233335495]
[Adaptive-IS] Step 3 — applying selection …
[Adaptive-IS] Redundant candidates: 22512, removing 13507 (beta=0.600)
[Adaptive-IS] Noise candidates: 2592, removing 202 (theta=0.078)
[Adaptive-IS] Removed 13709 instances — kept 20606 / 34315 (reduction = 39.95%)
Result: 
[17.335686683654785, 14.894073247909546]
Fold 2
Fold 2
[Adaptive-IS] Step 1 — computing scores via 'autoencoder' …
[AE-IS] Using GPU: NVIDIA A100-SXM4-80GB
[AE-IS] Architecture: 256 → 134 → 12 → 134 → 256
[AE-IS] Training autoencoder on 34315 instances (256 features) for up to 10 epochs …
  Epoch   1/10 — loss: 0.495602 (best: 0.495602)
  Epoch  10/10 — loss: 0.328645 (best: 0.328645)
[AE-IS] Training finished — best loss: 0.328645
[AE-IS] Reconstruction error stats — min: 0.048571, median: 0.230380, max: 2.005473
[AE-IS] Removed 0 redundant + 0 noisy = 0 total instances
[AE-IS] Kept 34315 / 34315 (reduction = 0.00%)
[Adaptive-IS] Score stats — min: 0.0486, median: 0.2304, max: 2.0055
[Adaptive-IS] Step 2 — estimating thresholds via 'gmm_boundary' …
[Adaptive-IS] Estimated params — low_percentile=66.8, high_percentile=92.9, beta=0.600, theta=0.075, imbalance_proxy=0.451
[Adaptive-IS] GMM component means: [0.18305383622646332, 0.3339848816394806, 0.5710262060165405]
[Adaptive-IS] Step 3 — applying selection …
[Adaptive-IS] Redundant candidates: 22911, removing 13746 (beta=0.600)
[Adaptive-IS] Noise candidates: 2433, removing 183 (theta=0.075)
[Adaptive-IS] Removed 13929 instances — kept 20386 / 34315 (reduction = 40.59%)
Result: 
[17.335686683654785, 14.894073247909546, 15.308987855911255]
Fold 3
Fold 3
[Adaptive-IS] Step 1 — computing scores via 'autoencoder' …
[AE-IS] Using GPU: NVIDIA A100-SXM4-80GB
[AE-IS] Architecture: 256 → 134 → 12 → 134 → 256
[AE-IS] Training autoencoder on 34315 instances (256 features) for up to 10 epochs …
  Epoch   1/10 — loss: 0.495532 (best: 0.495532)
  Epoch  10/10 — loss: 0.327748 (best: 0.327748)
[AE-IS] Training finished — best loss: 0.327748
[AE-IS] Reconstruction error stats — min: 0.050985, median: 0.227614, max: 1.977691
[AE-IS] Removed 0 redundant + 0 noisy = 0 total instances
[AE-IS] Kept 34315 / 34315 (reduction = 0.00%)
[Adaptive-IS] Score stats — min: 0.0510, median: 0.2276, max: 1.9777
[Adaptive-IS] Step 2 — estimating thresholds via 'gmm_boundary' …
[Adaptive-IS] Estimated params — low_percentile=66.1, high_percentile=92.8, beta=0.600, theta=0.073, imbalance_proxy=0.459
[Adaptive-IS] GMM component means: [0.17934301495552063, 0.32884296774864197, 0.5744603276252747]
[Adaptive-IS] Step 3 — applying selection …
[Adaptive-IS] Redundant candidates: 22683, removing 13609 (beta=0.600)
[Adaptive-IS] Noise candidates: 2467, removing 180 (theta=0.073)
[Adaptive-IS] Removed 13789 instances — kept 20526 / 34315 (reduction = 40.18%)
Result: 
[17.335686683654785, 14.894073247909546, 15.308987855911255, 15.117392778396606]
Fold 4
Fold 4
[Adaptive-IS] Step 1 — computing scores via 'autoencoder' …
[AE-IS] Using GPU: NVIDIA A100-SXM4-80GB
[AE-IS] Architecture: 256 → 134 → 12 → 134 → 256
[AE-IS] Training autoencoder on 34315 instances (256 features) for up to 10 epochs …
  Epoch   1/10 — loss: 0.498382 (best: 0.498382)
  Epoch  10/10 — loss: 0.329838 (best: 0.329838)
[AE-IS] Training finished — best loss: 0.329838
[AE-IS] Reconstruction error stats — min: 0.053419, median: 0.230579, max: 1.869806
[AE-IS] Removed 0 redundant + 0 noisy = 0 total instances
[AE-IS] Kept 34315 / 34315 (reduction = 0.00%)
[Adaptive-IS] Score stats — min: 0.0534, median: 0.2306, max: 1.8698
[Adaptive-IS] Step 2 — estimating thresholds via 'gmm_boundary' …
[Adaptive-IS] Estimated params — low_percentile=66.0, high_percentile=92.8, beta=0.600, theta=0.077, imbalance_proxy=0.445
[Adaptive-IS] GMM component means: [0.18283407390117645, 0.332123339176178, 0.5711145997047424]
[Adaptive-IS] Step 3 — applying selection …
[Adaptive-IS] Redundant candidates: 22654, removing 13592 (beta=0.600)
[Adaptive-IS] Noise candidates: 2470, removing 189 (theta=0.077)
[Adaptive-IS] Removed 13781 instances — kept 20534 / 34315 (reduction = 40.16%)
Result: 
[17.335686683654785, 14.894073247909546, 15.308987855911255, 15.117392778396606, 14.84127402305603]
Fold 5
Fold 5
[Adaptive-IS] Step 1 — computing scores via 'autoencoder' …
[AE-IS] Using GPU: NVIDIA A100-SXM4-80GB
[AE-IS] Architecture: 256 → 134 → 12 → 134 → 256
[AE-IS] Training autoencoder on 34315 instances (256 features) for up to 10 epochs …
  Epoch   1/10 — loss: 0.495478 (best: 0.495478)
  Epoch  10/10 — loss: 0.329912 (best: 0.329912)
[AE-IS] Training finished — best loss: 0.329912
[AE-IS] Reconstruction error stats — min: 0.046841, median: 0.232048, max: 1.764846
[AE-IS] Removed 0 redundant + 0 noisy = 0 total instances
[AE-IS] Kept 34315 / 34315 (reduction = 0.00%)
[Adaptive-IS] Score stats — min: 0.0468, median: 0.2320, max: 1.7648
[Adaptive-IS] Step 2 — estimating thresholds via 'gmm_boundary' …
[Adaptive-IS] Estimated params — low_percentile=67.2, high_percentile=93.0, beta=0.600, theta=0.073, imbalance_proxy=0.456
[Adaptive-IS] GMM component means: [0.1835755556821823, 0.3340579867362976, 0.5752136707305908]
[Adaptive-IS] Step 3 — applying selection …
[Adaptive-IS] Redundant candidates: 23048, removing 13828 (beta=0.600)
[Adaptive-IS] Noise candidates: 2417, removing 177 (theta=0.073)
[Adaptive-IS] Removed 14005 instances — kept 20310 / 34315 (reduction = 40.81%)
Result: 
[17.335686683654785, 14.894073247909546, 15.308987855911255, 15.117392778396606, 14.84127402305603, 14.750169277191162]
Fold 6
Fold 6
[Adaptive-IS] Step 1 — computing scores via 'autoencoder' …
[AE-IS] Using GPU: NVIDIA A100-SXM4-80GB
[AE-IS] Architecture: 256 → 134 → 12 → 134 → 256
[AE-IS] Training autoencoder on 34315 instances (256 features) for up to 10 epochs …
  Epoch   1/10 — loss: 0.493780 (best: 0.493780)
  Epoch  10/10 — loss: 0.328669 (best: 0.328669)
[AE-IS] Training finished — best loss: 0.328669
[AE-IS] Reconstruction error stats — min: 0.048100, median: 0.227342, max: 1.803208
[AE-IS] Removed 0 redundant + 0 noisy = 0 total instances
[AE-IS] Kept 34315 / 34315 (reduction = 0.00%)
[Adaptive-IS] Score stats — min: 0.0481, median: 0.2273, max: 1.8032
[Adaptive-IS] Step 2 — estimating thresholds via 'gmm_boundary' …
[Adaptive-IS] Estimated params — low_percentile=65.6, high_percentile=92.8, beta=0.600, theta=0.076, imbalance_proxy=0.453
[Adaptive-IS] GMM component means: [0.17862959206104279, 0.32818806171417236, 0.5632526278495789]
[Adaptive-IS] Step 3 — applying selection …
[Adaptive-IS] Redundant candidates: 22497, removing 13498 (beta=0.600)
[Adaptive-IS] Noise candidates: 2478, removing 188 (theta=0.076)
[Adaptive-IS] Removed 13686 instances — kept 20629 / 34315 (reduction = 39.88%)
Result: 
[17.335686683654785, 14.894073247909546, 15.308987855911255, 15.117392778396606, 14.84127402305603, 14.750169277191162, 15.072044610977173]
Fold 7
Fold 7
[Adaptive-IS] Step 1 — computing scores via 'autoencoder' …
[AE-IS] Using GPU: NVIDIA A100-SXM4-80GB
[AE-IS] Architecture: 256 → 134 → 12 → 134 → 256
[AE-IS] Training autoencoder on 34315 instances (256 features) for up to 10 epochs …
  Epoch   1/10 — loss: 0.497224 (best: 0.497224)
  Epoch  10/10 — loss: 0.328034 (best: 0.328034)
[AE-IS] Training finished — best loss: 0.328034
[AE-IS] Reconstruction error stats — min: 0.049085, median: 0.229158, max: 1.892769
[AE-IS] Removed 0 redundant + 0 noisy = 0 total instances
[AE-IS] Kept 34315 / 34315 (reduction = 0.00%)
[Adaptive-IS] Score stats — min: 0.0491, median: 0.2292, max: 1.8928
[Adaptive-IS] Step 2 — estimating thresholds via 'gmm_boundary' …
[Adaptive-IS] Estimated params — low_percentile=67.4, high_percentile=93.2, beta=0.600, theta=0.070, imbalance_proxy=0.448
[Adaptive-IS] GMM component means: [0.1830369085073471, 0.33286362886428833, 0.5760923624038696]
[Adaptive-IS] Step 3 — applying selection …
[Adaptive-IS] Redundant candidates: 23143, removing 13885 (beta=0.600)
[Adaptive-IS] Noise candidates: 2323, removing 163 (theta=0.070)
[Adaptive-IS] Removed 14048 instances — kept 20267 / 34315 (reduction = 40.94%)
Result: 
[17.335686683654785, 14.894073247909546, 15.308987855911255, 15.117392778396606, 14.84127402305603, 14.750169277191162, 15.072044610977173, 14.95170283317566]
Fold 8
Fold 8
[Adaptive-IS] Step 1 — computing scores via 'autoencoder' …
[AE-IS] Using GPU: NVIDIA A100-SXM4-80GB
[AE-IS] Architecture: 256 → 134 → 12 → 134 → 256
[AE-IS] Training autoencoder on 34316 instances (256 features) for up to 10 epochs …
  Epoch   1/10 — loss: 0.493469 (best: 0.493469)
  Epoch  10/10 — loss: 0.329235 (best: 0.329235)
[AE-IS] Training finished — best loss: 0.329235
[AE-IS] Reconstruction error stats — min: 0.044253, median: 0.230017, max: 1.807844
[AE-IS] Removed 0 redundant + 0 noisy = 0 total instances
[AE-IS] Kept 34316 / 34316 (reduction = 0.00%)
[Adaptive-IS] Score stats — min: 0.0443, median: 0.2300, max: 1.8078
[Adaptive-IS] Step 2 — estimating thresholds via 'gmm_boundary' …
[Adaptive-IS] Estimated params — low_percentile=66.6, high_percentile=92.9, beta=0.600, theta=0.074, imbalance_proxy=0.463
[Adaptive-IS] GMM component means: [0.1811184138059616, 0.3328690528869629, 0.5716373920440674]
[Adaptive-IS] Step 3 — applying selection …
[Adaptive-IS] Redundant candidates: 22841, removing 13704 (beta=0.600)
[Adaptive-IS] Noise candidates: 2447, removing 181 (theta=0.074)
[Adaptive-IS] Removed 13885 instances — kept 20431 / 34316 (reduction = 40.46%)
Result: 
[17.335686683654785, 14.894073247909546, 15.308987855911255, 15.117392778396606, 14.84127402305603, 14.750169277191162, 15.072044610977173, 14.95170283317566, 14.822763681411743]
Fold 9
Fold 9
[Adaptive-IS] Step 1 — computing scores via 'autoencoder' …
[AE-IS] Using GPU: NVIDIA A100-SXM4-80GB
[AE-IS] Architecture: 256 → 134 → 12 → 134 → 256
[AE-IS] Training autoencoder on 34316 instances (256 features) for up to 10 epochs …
  Epoch   1/10 — loss: 0.496940 (best: 0.496940)
  Epoch  10/10 — loss: 0.328187 (best: 0.328187)
[AE-IS] Training finished — best loss: 0.328187
[AE-IS] Reconstruction error stats — min: 0.050266, median: 0.229834, max: 1.901238
[AE-IS] Removed 0 redundant + 0 noisy = 0 total instances
[AE-IS] Kept 34316 / 34316 (reduction = 0.00%)
[Adaptive-IS] Score stats — min: 0.0503, median: 0.2298, max: 1.9012
[Adaptive-IS] Step 2 — estimating thresholds via 'gmm_boundary' …
[Adaptive-IS] Estimated params — low_percentile=66.6, high_percentile=93.0, beta=0.600, theta=0.074, imbalance_proxy=0.457
[Adaptive-IS] GMM component means: [0.18127967417240143, 0.33238038420677185, 0.5698045492172241]
[Adaptive-IS] Step 3 — applying selection …
[Adaptive-IS] Redundant candidates: 22869, removing 13721 (beta=0.600)
[Adaptive-IS] Noise candidates: 2393, removing 176 (theta=0.074)
[Adaptive-IS] Removed 13897 instances — kept 20419 / 34316 (reduction = 40.50%)
Result: 
[17.335686683654785, 14.894073247909546, 15.308987855911255, 15.117392778396606, 14.84127402305603, 14.750169277191162, 15.072044610977173, 14.95170283317566, 14.822763681411743, 14.751238107681274]
time: 15.184533309936523
time std: 0.7364651692766309
reducion: 0.4041707428436757
reducion std: 0.0034135774800108836
END
