Namespace(dataset='dblp', method='no-is', folds=10, save=True, inputrep='jina-v5', out='/data/bernardolemos/results/jina-v5/instance_selection', datain='/data/bernardolemos/datasets', overwrite=1, inputdir='/data/bernardolemos/datasets/dblp/jina-v5/', splitdir='/data/bernardolemos/datasets/dblp/splits/', outputdir='/data/bernardolemos/results/jina-v5/instance_selection/selection/dblp/', filename='/data/bernardolemos/results/jina-v5/instance_selection/selection/dblp//saida_no-is', start_time='28-06-2026 17:34:24')
Namespace(dataset='dblp', method='no-is', folds=10, save=True, inputrep='jina-v5', out='/data/bernardolemos/results/jina-v5/instance_selection', datain='/data/bernardolemos/datasets', overwrite=1, inputdir='/data/bernardolemos/datasets/dblp/jina-v5/', splitdir='/data/bernardolemos/datasets/dblp/splits/', outputdir='/data/bernardolemos/results/jina-v5/instance_selection/selection/dblp/', filename='/data/bernardolemos/results/jina-v5/instance_selection/selection/dblp//saida_no-is', start_time='28-06-2026 17:34:24')
/data/bernardolemos/datasets/dblp/splits//split_10.pkl
Fold 0
Fold 0
Result: 
[0.0816490650177002]
Fold 1
Fold 1
Result: 
[0.0816490650177002, 0.0715484619140625]
Fold 2
Fold 2
Result: 
[0.0816490650177002, 0.0715484619140625, 0.05890822410583496]
Fold 3
Fold 3
Result: 
[0.0816490650177002, 0.0715484619140625, 0.05890822410583496, 0.07603025436401367]
Fold 4
Fold 4
Result: 
[0.0816490650177002, 0.0715484619140625, 0.05890822410583496, 0.07603025436401367, 0.057543277740478516]
Fold 5
Fold 5
Result: 
[0.0816490650177002, 0.0715484619140625, 0.05890822410583496, 0.07603025436401367, 0.057543277740478516, 0.05672740936279297]
Fold 6
Fold 6
Result: 
[0.0816490650177002, 0.0715484619140625, 0.05890822410583496, 0.07603025436401367, 0.057543277740478516, 0.05672740936279297, 0.05721688270568848]
Fold 7
Fold 7
Result: 
[0.0816490650177002, 0.0715484619140625, 0.05890822410583496, 0.07603025436401367, 0.057543277740478516, 0.05672740936279297, 0.05721688270568848, 0.05716562271118164]
Fold 8
Fold 8
Result: 
[0.0816490650177002, 0.0715484619140625, 0.05890822410583496, 0.07603025436401367, 0.057543277740478516, 0.05672740936279297, 0.05721688270568848, 0.05716562271118164, 0.05681443214416504]
Fold 9
Fold 9
Result: 
[0.0816490650177002, 0.0715484619140625, 0.05890822410583496, 0.07603025436401367, 0.057543277740478516, 0.05672740936279297, 0.05721688270568848, 0.05716562271118164, 0.05681443214416504, 0.05736804008483887]
time: 0.06309716701507569
time std: 0.009021559781401806
reducion: 0.0
reducion std: 0.0
END
