Namespace(dataset='dblp', method='entropy-sublinear-ae-is', folds=10, save=True, inputrep='jina-v5', out='/data/bernardolemos/results/jina-v5/instance_selection', datain='/data/bernardolemos/datasets', overwrite=1, inputdir='/data/bernardolemos/datasets/dblp/jina-v5/', splitdir='/data/bernardolemos/datasets/dblp/splits/', outputdir='/data/bernardolemos/results/jina-v5/instance_selection/selection/dblp/', filename='/data/bernardolemos/results/jina-v5/instance_selection/selection/dblp//saida_entropy-sublinear-ae-is', start_time='07-07-2026 02:18:28')
Namespace(dataset='dblp', method='entropy-sublinear-ae-is', folds=10, save=True, inputrep='jina-v5', out='/data/bernardolemos/results/jina-v5/instance_selection', datain='/data/bernardolemos/datasets', overwrite=1, inputdir='/data/bernardolemos/datasets/dblp/jina-v5/', splitdir='/data/bernardolemos/datasets/dblp/splits/', outputdir='/data/bernardolemos/results/jina-v5/instance_selection/selection/dblp/', filename='/data/bernardolemos/results/jina-v5/instance_selection/selection/dblp//saida_entropy-sublinear-ae-is', start_time='07-07-2026 02:18:28')
/data/bernardolemos/datasets/dblp/splits//split_10.pkl
Fold 0
Fold 0
[EntropySublinearAEIS] Step 1 — Training Autoencoder for 50 epochs...
[AE-IS] Using GPU: NVIDIA A100-SXM4-80GB
[AE-IS] Architecture: 256 → 192 → 128 → 192 → 256
[AE-IS] Training autoencoder on 34315 instances (256 features) for up to 50 epochs …
  Epoch   1/50 — loss: 0.456578 (best: 0.456578)
  Epoch  10/50 — loss: 0.203495 (best: 0.203495)
  Epoch  20/50 — loss: 0.190368 (best: 0.190368)
  Epoch  30/50 — loss: 0.184699 (best: 0.184699)
  Epoch  40/50 — loss: 0.180719 (best: 0.180719)
  Epoch  50/50 — loss: 0.178311 (best: 0.178311)
[AE-IS] Training finished — best loss: 0.178311
[AE-IS] Reconstruction error stats — min: 0.027653, median: 0.096497, max: 0.913906
[AE-IS] Removed 0 redundant + 0 noisy = 0 total instances
[AE-IS] Kept 34315 / 34315 (reduction = 0.00%)
[EntropySublinearAEIS] AE scores: min=0.0277, median=0.0965, max=0.9139
[EntropySublinearAEIS] Step 2 — Tessellating into 200 micro-clusters...
[EntropySublinearAEIS] Step 3 — Entropy H=0.9714, adaptive reduction=17.65% (Keeping 28259 / 34315)
[EntropySublinearAEIS] Step 4 — Sublinear sampling (gamma=0.5). lambda = 11.9512
[EntropySublinearAEIS] Done — removed 6056 / 34315 (reduction = 17.65%)
Result: 
[38.56851649284363]
Fold 1
Fold 1
[EntropySublinearAEIS] Step 1 — Training Autoencoder for 50 epochs...
[AE-IS] Using GPU: NVIDIA A100-SXM4-80GB
[AE-IS] Architecture: 256 → 192 → 128 → 192 → 256
[AE-IS] Training autoencoder on 34315 instances (256 features) for up to 50 epochs …
  Epoch   1/50 — loss: 0.455911 (best: 0.455911)
  Epoch  10/50 — loss: 0.203260 (best: 0.203260)
  Epoch  20/50 — loss: 0.190563 (best: 0.190304)
  Epoch  30/50 — loss: 0.184334 (best: 0.184334)
  Epoch  40/50 — loss: 0.181146 (best: 0.181072)
  Epoch  50/50 — loss: 0.178480 (best: 0.178480)
[AE-IS] Training finished — best loss: 0.178480
[AE-IS] Reconstruction error stats — min: 0.026637, median: 0.097377, max: 0.853790
[AE-IS] Removed 0 redundant + 0 noisy = 0 total instances
[AE-IS] Kept 34315 / 34315 (reduction = 0.00%)
[EntropySublinearAEIS] AE scores: min=0.0266, median=0.0974, max=0.8538
[EntropySublinearAEIS] Step 2 — Tessellating into 200 micro-clusters...
[EntropySublinearAEIS] Step 3 — Entropy H=0.9733, adaptive reduction=16.68% (Keeping 28592 / 34315)
[EntropySublinearAEIS] Step 4 — Sublinear sampling (gamma=0.5). lambda = 12.0839
[EntropySublinearAEIS] Done — removed 5723 / 34315 (reduction = 16.68%)
Result: 
[38.56851649284363, 36.98723888397217]
Fold 2
Fold 2
[EntropySublinearAEIS] Step 1 — Training Autoencoder for 50 epochs...
[AE-IS] Using GPU: NVIDIA A100-SXM4-80GB
[AE-IS] Architecture: 256 → 192 → 128 → 192 → 256
[AE-IS] Training autoencoder on 34315 instances (256 features) for up to 50 epochs …
  Epoch   1/50 — loss: 0.455252 (best: 0.455252)
  Epoch  10/50 — loss: 0.203449 (best: 0.203449)
  Epoch  20/50 — loss: 0.190315 (best: 0.190315)
  Epoch  30/50 — loss: 0.183850 (best: 0.183850)
  Epoch  40/50 — loss: 0.181320 (best: 0.181123)
  Epoch  50/50 — loss: 0.178712 (best: 0.178556)
[AE-IS] Training finished — best loss: 0.178556
[AE-IS] Reconstruction error stats — min: 0.028398, median: 0.098977, max: 0.893269
[AE-IS] Removed 0 redundant + 0 noisy = 0 total instances
[AE-IS] Kept 34315 / 34315 (reduction = 0.00%)
[EntropySublinearAEIS] AE scores: min=0.0284, median=0.0990, max=0.8933
[EntropySublinearAEIS] Step 2 — Tessellating into 200 micro-clusters...
[EntropySublinearAEIS] Step 3 — Entropy H=0.9727, adaptive reduction=16.97% (Keeping 28493 / 34315)
[EntropySublinearAEIS] Step 4 — Sublinear sampling (gamma=0.5). lambda = 11.9713
[EntropySublinearAEIS] Done — removed 5820 / 34315 (reduction = 16.96%)
Result: 
[38.56851649284363, 36.98723888397217, 36.778390407562256]
Fold 3
Fold 3
[EntropySublinearAEIS] Step 1 — Training Autoencoder for 50 epochs...
[AE-IS] Using GPU: NVIDIA A100-SXM4-80GB
[AE-IS] Architecture: 256 → 192 → 128 → 192 → 256
[AE-IS] Training autoencoder on 34315 instances (256 features) for up to 50 epochs …
  Epoch   1/50 — loss: 0.455371 (best: 0.455371)
  Epoch  10/50 — loss: 0.204665 (best: 0.204665)
  Epoch  20/50 — loss: 0.190019 (best: 0.190019)
  Epoch  30/50 — loss: 0.184349 (best: 0.184349)
  Epoch  40/50 — loss: 0.180470 (best: 0.180034)
  Epoch  50/50 — loss: 0.178533 (best: 0.178329)
[AE-IS] Training finished — best loss: 0.178329
[AE-IS] Reconstruction error stats — min: 0.026154, median: 0.097958, max: 0.900323
[AE-IS] Removed 0 redundant + 0 noisy = 0 total instances
[AE-IS] Kept 34315 / 34315 (reduction = 0.00%)
[EntropySublinearAEIS] AE scores: min=0.0262, median=0.0980, max=0.9003
[EntropySublinearAEIS] Step 2 — Tessellating into 200 micro-clusters...
[EntropySublinearAEIS] Step 3 — Entropy H=0.9721, adaptive reduction=17.29% (Keeping 28383 / 34315)
[EntropySublinearAEIS] Step 4 — Sublinear sampling (gamma=0.5). lambda = 12.0483
[EntropySublinearAEIS] Done — removed 5932 / 34315 (reduction = 17.29%)
Result: 
[38.56851649284363, 36.98723888397217, 36.778390407562256, 36.5887885093689]
Fold 4
Fold 4
[EntropySublinearAEIS] Step 1 — Training Autoencoder for 50 epochs...
[AE-IS] Using GPU: NVIDIA A100-SXM4-80GB
[AE-IS] Architecture: 256 → 192 → 128 → 192 → 256
[AE-IS] Training autoencoder on 34315 instances (256 features) for up to 50 epochs …
  Epoch   1/50 — loss: 0.454866 (best: 0.454866)
  Epoch  10/50 — loss: 0.203670 (best: 0.203670)
  Epoch  20/50 — loss: 0.190483 (best: 0.190483)
  Epoch  30/50 — loss: 0.184636 (best: 0.184636)
  Epoch  40/50 — loss: 0.181090 (best: 0.180641)
  Epoch  50/50 — loss: 0.178417 (best: 0.177529)
[AE-IS] Training finished — best loss: 0.177529
[AE-IS] Reconstruction error stats — min: 0.027811, median: 0.096672, max: 0.931089
[AE-IS] Removed 0 redundant + 0 noisy = 0 total instances
[AE-IS] Kept 34315 / 34315 (reduction = 0.00%)
[EntropySublinearAEIS] AE scores: min=0.0278, median=0.0967, max=0.9311
[EntropySublinearAEIS] Step 2 — Tessellating into 200 micro-clusters...
[EntropySublinearAEIS] Step 3 — Entropy H=0.9754, adaptive reduction=15.56% (Keeping 28974 / 34315)
[EntropySublinearAEIS] Step 4 — Sublinear sampling (gamma=0.5). lambda = 12.1607
[EntropySublinearAEIS] Done — removed 5341 / 34315 (reduction = 15.56%)
Result: 
[38.56851649284363, 36.98723888397217, 36.778390407562256, 36.5887885093689, 36.73072075843811]
Fold 5
Fold 5
[EntropySublinearAEIS] Step 1 — Training Autoencoder for 50 epochs...
[AE-IS] Using GPU: NVIDIA A100-SXM4-80GB
[AE-IS] Architecture: 256 → 192 → 128 → 192 → 256
[AE-IS] Training autoencoder on 34315 instances (256 features) for up to 50 epochs …
  Epoch   1/50 — loss: 0.456085 (best: 0.456085)
  Epoch  10/50 — loss: 0.203904 (best: 0.203904)
  Epoch  20/50 — loss: 0.190969 (best: 0.190969)
  Epoch  30/50 — loss: 0.184726 (best: 0.184726)
  Epoch  40/50 — loss: 0.180513 (best: 0.180513)
  Epoch  50/50 — loss: 0.178436 (best: 0.178125)
[AE-IS] Training finished — best loss: 0.178125
[AE-IS] Reconstruction error stats — min: 0.029734, median: 0.097597, max: 0.761485
[AE-IS] Removed 0 redundant + 0 noisy = 0 total instances
[AE-IS] Kept 34315 / 34315 (reduction = 0.00%)
[EntropySublinearAEIS] AE scores: min=0.0297, median=0.0976, max=0.7615
[EntropySublinearAEIS] Step 2 — Tessellating into 200 micro-clusters...
[EntropySublinearAEIS] Step 3 — Entropy H=0.9725, adaptive reduction=17.07% (Keeping 28456 / 34315)
[EntropySublinearAEIS] Step 4 — Sublinear sampling (gamma=0.5). lambda = 12.0007
[EntropySublinearAEIS] Done — removed 5859 / 34315 (reduction = 17.07%)
Result: 
[38.56851649284363, 36.98723888397217, 36.778390407562256, 36.5887885093689, 36.73072075843811, 37.01235604286194]
Fold 6
Fold 6
[EntropySublinearAEIS] Step 1 — Training Autoencoder for 50 epochs...
[AE-IS] Using GPU: NVIDIA A100-SXM4-80GB
[AE-IS] Architecture: 256 → 192 → 128 → 192 → 256
[AE-IS] Training autoencoder on 34315 instances (256 features) for up to 50 epochs …
  Epoch   1/50 — loss: 0.455916 (best: 0.455916)
  Epoch  10/50 — loss: 0.203133 (best: 0.203133)
  Epoch  20/50 — loss: 0.190461 (best: 0.190461)
  Epoch  30/50 — loss: 0.184170 (best: 0.184170)
  Epoch  40/50 — loss: 0.181699 (best: 0.181408)
  Epoch  50/50 — loss: 0.178504 (best: 0.178504)
[AE-IS] Training finished — best loss: 0.178504
[AE-IS] Reconstruction error stats — min: 0.026206, median: 0.097832, max: 0.938082
[AE-IS] Removed 0 redundant + 0 noisy = 0 total instances
[AE-IS] Kept 34315 / 34315 (reduction = 0.00%)
[EntropySublinearAEIS] AE scores: min=0.0262, median=0.0978, max=0.9381
[EntropySublinearAEIS] Step 2 — Tessellating into 200 micro-clusters...
[EntropySublinearAEIS] Step 3 — Entropy H=0.9755, adaptive reduction=15.56% (Keeping 28977 / 34315)
[EntropySublinearAEIS] Step 4 — Sublinear sampling (gamma=0.5). lambda = 12.1352
[EntropySublinearAEIS] Done — removed 5338 / 34315 (reduction = 15.56%)
Result: 
[38.56851649284363, 36.98723888397217, 36.778390407562256, 36.5887885093689, 36.73072075843811, 37.01235604286194, 36.489811182022095]
Fold 7
Fold 7
[EntropySublinearAEIS] Step 1 — Training Autoencoder for 50 epochs...
[AE-IS] Using GPU: NVIDIA A100-SXM4-80GB
[AE-IS] Architecture: 256 → 192 → 128 → 192 → 256
[AE-IS] Training autoencoder on 34315 instances (256 features) for up to 50 epochs …
  Epoch   1/50 — loss: 0.455440 (best: 0.455440)
  Epoch  10/50 — loss: 0.204422 (best: 0.204422)
  Epoch  20/50 — loss: 0.191146 (best: 0.191146)
  Epoch  30/50 — loss: 0.184943 (best: 0.184943)
  Epoch  40/50 — loss: 0.180572 (best: 0.180251)
  Epoch  50/50 — loss: 0.179083 (best: 0.178316)
[AE-IS] Training finished — best loss: 0.178316
[AE-IS] Reconstruction error stats — min: 0.028473, median: 0.097169, max: 0.968686
[AE-IS] Removed 0 redundant + 0 noisy = 0 total instances
[AE-IS] Kept 34315 / 34315 (reduction = 0.00%)
[EntropySublinearAEIS] AE scores: min=0.0285, median=0.0972, max=0.9687
[EntropySublinearAEIS] Step 2 — Tessellating into 200 micro-clusters...
[EntropySublinearAEIS] Step 3 — Entropy H=0.9706, adaptive reduction=18.05% (Keeping 28122 / 34315)
[EntropySublinearAEIS] Step 4 — Sublinear sampling (gamma=0.5). lambda = 11.8648
[EntropySublinearAEIS] Done — removed 6193 / 34315 (reduction = 18.05%)
Result: 
[38.56851649284363, 36.98723888397217, 36.778390407562256, 36.5887885093689, 36.73072075843811, 37.01235604286194, 36.489811182022095, 36.82106852531433]
Fold 8
Fold 8
[EntropySublinearAEIS] Step 1 — Training Autoencoder for 50 epochs...
[AE-IS] Using GPU: NVIDIA A100-SXM4-80GB
[AE-IS] Architecture: 256 → 192 → 128 → 192 → 256
[AE-IS] Training autoencoder on 34316 instances (256 features) for up to 50 epochs …
  Epoch   1/50 — loss: 0.457094 (best: 0.457094)
  Epoch  10/50 — loss: 0.202887 (best: 0.202887)
  Epoch  20/50 — loss: 0.189775 (best: 0.189775)
  Epoch  30/50 — loss: 0.184365 (best: 0.184365)
  Epoch  40/50 — loss: 0.180856 (best: 0.180443)
  Epoch  50/50 — loss: 0.177521 (best: 0.177521)
[AE-IS] Training finished — best loss: 0.177521
[AE-IS] Reconstruction error stats — min: 0.026405, median: 0.097324, max: 0.882963
[AE-IS] Removed 0 redundant + 0 noisy = 0 total instances
[AE-IS] Kept 34316 / 34316 (reduction = 0.00%)
[EntropySublinearAEIS] AE scores: min=0.0264, median=0.0973, max=0.8830
[EntropySublinearAEIS] Step 2 — Tessellating into 200 micro-clusters...
[EntropySublinearAEIS] Step 3 — Entropy H=0.9742, adaptive reduction=16.19% (Keeping 28758 / 34316)
[EntropySublinearAEIS] Step 4 — Sublinear sampling (gamma=0.5). lambda = 12.0575
[EntropySublinearAEIS] Done — removed 5558 / 34316 (reduction = 16.20%)
Result: 
[38.56851649284363, 36.98723888397217, 36.778390407562256, 36.5887885093689, 36.73072075843811, 37.01235604286194, 36.489811182022095, 36.82106852531433, 36.69834280014038]
Fold 9
Fold 9
[EntropySublinearAEIS] Step 1 — Training Autoencoder for 50 epochs...
[AE-IS] Using GPU: NVIDIA A100-SXM4-80GB
[AE-IS] Architecture: 256 → 192 → 128 → 192 → 256
[AE-IS] Training autoencoder on 34316 instances (256 features) for up to 50 epochs …
  Epoch   1/50 — loss: 0.456249 (best: 0.456249)
  Epoch  10/50 — loss: 0.203709 (best: 0.203709)
  Epoch  20/50 — loss: 0.190703 (best: 0.190703)
  Epoch  30/50 — loss: 0.184286 (best: 0.184286)
  Epoch  40/50 — loss: 0.180943 (best: 0.180873)
  Epoch  50/50 — loss: 0.177345 (best: 0.177345)
[AE-IS] Training finished — best loss: 0.177345
[AE-IS] Reconstruction error stats — min: 0.025880, median: 0.096345, max: 0.844795
[AE-IS] Removed 0 redundant + 0 noisy = 0 total instances
[AE-IS] Kept 34316 / 34316 (reduction = 0.00%)
[EntropySublinearAEIS] AE scores: min=0.0259, median=0.0963, max=0.8448
[EntropySublinearAEIS] Step 2 — Tessellating into 200 micro-clusters...
[EntropySublinearAEIS] Step 3 — Entropy H=0.9713, adaptive reduction=17.70% (Keeping 28243 / 34316)
[EntropySublinearAEIS] Step 4 — Sublinear sampling (gamma=0.5). lambda = 11.9056
[EntropySublinearAEIS] Done — removed 6073 / 34316 (reduction = 17.70%)
Result: 
[38.56851649284363, 36.98723888397217, 36.778390407562256, 36.5887885093689, 36.73072075843811, 37.01235604286194, 36.489811182022095, 36.82106852531433, 36.69834280014038, 36.591391801834106]
time: 36.92666254043579
time std: 0.5698911752544222
reducion: 0.1687094887422274
reducion std: 0.0082593499336224
END
