Namespace(dataset='dblp', method='adaptive-cluster-is', folds=10, save=True, inputrep='jina-v5', out='/data/bernardolemos/results/jina-v5/instance_selection', datain='/data/bernardolemos/datasets', overwrite=1, inputdir='/data/bernardolemos/datasets/dblp/jina-v5/', splitdir='/data/bernardolemos/datasets/dblp/splits/', outputdir='/data/bernardolemos/results/jina-v5/instance_selection/selection/dblp/', filename='/data/bernardolemos/results/jina-v5/instance_selection/selection/dblp//saida_adaptive-cluster-is', start_time='28-06-2026 17:25:08')
Criando saida /data/bernardolemos/results/jina-v5/instance_selection/selection/dblp/
Namespace(dataset='dblp', method='adaptive-cluster-is', folds=10, save=True, inputrep='jina-v5', out='/data/bernardolemos/results/jina-v5/instance_selection', datain='/data/bernardolemos/datasets', overwrite=1, inputdir='/data/bernardolemos/datasets/dblp/jina-v5/', splitdir='/data/bernardolemos/datasets/dblp/splits/', outputdir='/data/bernardolemos/results/jina-v5/instance_selection/selection/dblp/', filename='/data/bernardolemos/results/jina-v5/instance_selection/selection/dblp//saida_adaptive-cluster-is', start_time='28-06-2026 17:25:08')
/data/bernardolemos/datasets/dblp/splits//split_10.pkl
Fold 0
Fold 0
[AdaptiveClusterIS] Step 1 — scoring via 'autoencoder' …
[AE-IS] Using GPU: NVIDIA A100-SXM4-80GB
[AE-IS] Architecture: 256 → 160 → 64 → 160 → 256
[AE-IS] Training autoencoder on 34315 instances (256 features) for up to 50 epochs …
  Epoch   1/50 — loss: 0.601748 (best: 0.601748)
  Epoch  10/50 — loss: 0.247837 (best: 0.247837)
  Epoch  20/50 — loss: 0.224677 (best: 0.224677)
  Epoch  30/50 — loss: 0.216576 (best: 0.216576)
  Epoch  40/50 — loss: 0.211731 (best: 0.211731)
  Epoch  50/50 — loss: 0.207083 (best: 0.207083)
[AE-IS] Training finished — best loss: 0.207083
[AE-IS] Reconstruction error stats — min: 0.034389, median: 0.125361, max: 1.154161
[AE-IS] Removed 0 redundant + 0 noisy = 0 total instances
[AE-IS] Kept 34315 / 34315 (reduction = 0.00%)
[AdaptiveClusterIS] Step 1.5 — Local Normalization (KNN) …
[AdaptiveClusterIS] Step 2 — clustering into 30 groups …
[AdaptiveClusterIS] Cluster sizes: min=297, median=988, max=3297
[AdaptiveClusterIS] Removal rates: min=0.189, median=0.385, max=0.582
[AdaptiveClusterIS] Step 3 — applying cluster selection …
[AdaptiveClusterIS] Done — removed 14810 / 34315 (reduction = 43.16%)
Result: 
[51.31228232383728]
Fold 1
Fold 1
[AdaptiveClusterIS] Step 1 — scoring via 'autoencoder' …
[AE-IS] Using GPU: NVIDIA A100-SXM4-80GB
[AE-IS] Architecture: 256 → 160 → 64 → 160 → 256
[AE-IS] Training autoencoder on 34315 instances (256 features) for up to 50 epochs …
  Epoch   1/50 — loss: 0.602767 (best: 0.602767)
  Epoch  10/50 — loss: 0.246439 (best: 0.246439)
  Epoch  20/50 — loss: 0.226541 (best: 0.226541)
  Epoch  30/50 — loss: 0.216351 (best: 0.216351)
  Epoch  40/50 — loss: 0.213185 (best: 0.212597)
  Epoch  50/50 — loss: 0.209362 (best: 0.209112)
[AE-IS] Training finished — best loss: 0.209112
[AE-IS] Reconstruction error stats — min: 0.030793, median: 0.127761, max: 1.101985
[AE-IS] Removed 0 redundant + 0 noisy = 0 total instances
[AE-IS] Kept 34315 / 34315 (reduction = 0.00%)
[AdaptiveClusterIS] Step 1.5 — Local Normalization (KNN) …
[AdaptiveClusterIS] Step 2 — clustering into 30 groups …
[AdaptiveClusterIS] Cluster sizes: min=671, median=1101, max=2860
[AdaptiveClusterIS] Removal rates: min=0.296, median=0.385, max=0.547
[AdaptiveClusterIS] Step 3 — applying cluster selection …
[AdaptiveClusterIS] Done — removed 13775 / 34315 (reduction = 40.14%)
Result: 
[51.31228232383728, 48.918476581573486]
Fold 2
Fold 2
[AdaptiveClusterIS] Step 1 — scoring via 'autoencoder' …
[AE-IS] Using GPU: NVIDIA A100-SXM4-80GB
[AE-IS] Architecture: 256 → 160 → 64 → 160 → 256
[AE-IS] Training autoencoder on 34315 instances (256 features) for up to 50 epochs …
  Epoch   1/50 — loss: 0.602079 (best: 0.602079)
  Epoch  10/50 — loss: 0.247323 (best: 0.247323)
  Epoch  20/50 — loss: 0.227172 (best: 0.227172)
  Epoch  30/50 — loss: 0.216928 (best: 0.216528)
  Epoch  40/50 — loss: 0.211926 (best: 0.211610)
  Epoch  50/50 — loss: 0.209144 (best: 0.208798)
[AE-IS] Training finished — best loss: 0.208798
[AE-IS] Reconstruction error stats — min: 0.032721, median: 0.126828, max: 1.169713
[AE-IS] Removed 0 redundant + 0 noisy = 0 total instances
[AE-IS] Kept 34315 / 34315 (reduction = 0.00%)
[AdaptiveClusterIS] Step 1.5 — Local Normalization (KNN) …
[AdaptiveClusterIS] Step 2 — clustering into 30 groups …
[AdaptiveClusterIS] Cluster sizes: min=473, median=1119, max=2391
[AdaptiveClusterIS] Removal rates: min=0.237, median=0.385, max=0.517
[AdaptiveClusterIS] Step 3 — applying cluster selection …
[AdaptiveClusterIS] Done — removed 13765 / 34315 (reduction = 40.11%)
Result: 
[51.31228232383728, 48.918476581573486, 49.25024700164795]
Fold 3
Fold 3
[AdaptiveClusterIS] Step 1 — scoring via 'autoencoder' …
[AE-IS] Using GPU: NVIDIA A100-SXM4-80GB
[AE-IS] Architecture: 256 → 160 → 64 → 160 → 256
[AE-IS] Training autoencoder on 34315 instances (256 features) for up to 50 epochs …
  Epoch   1/50 — loss: 0.602721 (best: 0.602721)
  Epoch  10/50 — loss: 0.246898 (best: 0.246898)
  Epoch  20/50 — loss: 0.226360 (best: 0.226360)
  Epoch  30/50 — loss: 0.217476 (best: 0.217476)
  Epoch  40/50 — loss: 0.212941 (best: 0.212941)
  Epoch  50/50 — loss: 0.208248 (best: 0.208248)
[AE-IS] Training finished — best loss: 0.208248
[AE-IS] Reconstruction error stats — min: 0.033059, median: 0.126741, max: 1.079311
[AE-IS] Removed 0 redundant + 0 noisy = 0 total instances
[AE-IS] Kept 34315 / 34315 (reduction = 0.00%)
[AdaptiveClusterIS] Step 1.5 — Local Normalization (KNN) …
[AdaptiveClusterIS] Step 2 — clustering into 30 groups …
[AdaptiveClusterIS] Cluster sizes: min=637, median=963, max=2339
[AdaptiveClusterIS] Removal rates: min=0.311, median=0.385, max=0.537
[AdaptiveClusterIS] Step 3 — applying cluster selection …
[AdaptiveClusterIS] Done — removed 14658 / 34315 (reduction = 42.72%)
Result: 
[51.31228232383728, 48.918476581573486, 49.25024700164795, 49.173335313797]
Fold 4
Fold 4
[AdaptiveClusterIS] Step 1 — scoring via 'autoencoder' …
[AE-IS] Using GPU: NVIDIA A100-SXM4-80GB
[AE-IS] Architecture: 256 → 160 → 64 → 160 → 256
[AE-IS] Training autoencoder on 34315 instances (256 features) for up to 50 epochs …
  Epoch   1/50 — loss: 0.602264 (best: 0.602264)
  Epoch  10/50 — loss: 0.246920 (best: 0.246920)
  Epoch  20/50 — loss: 0.227978 (best: 0.226960)
  Epoch  30/50 — loss: 0.216251 (best: 0.216251)
  Epoch  40/50 — loss: 0.214030 (best: 0.213043)
  Epoch  50/50 — loss: 0.209615 (best: 0.209188)
[AE-IS] Training finished — best loss: 0.209188
[AE-IS] Reconstruction error stats — min: 0.036019, median: 0.128405, max: 1.151739
[AE-IS] Removed 0 redundant + 0 noisy = 0 total instances
[AE-IS] Kept 34315 / 34315 (reduction = 0.00%)
[AdaptiveClusterIS] Step 1.5 — Local Normalization (KNN) …
[AdaptiveClusterIS] Step 2 — clustering into 30 groups …
[AdaptiveClusterIS] Cluster sizes: min=599, median=1110, max=2105
[AdaptiveClusterIS] Removal rates: min=0.276, median=0.385, max=0.498
[AdaptiveClusterIS] Step 3 — applying cluster selection …
[AdaptiveClusterIS] Done — removed 13724 / 34315 (reduction = 39.99%)
Result: 
[51.31228232383728, 48.918476581573486, 49.25024700164795, 49.173335313797, 49.12627911567688]
Fold 5
Fold 5
[AdaptiveClusterIS] Step 1 — scoring via 'autoencoder' …
[AE-IS] Using GPU: NVIDIA A100-SXM4-80GB
[AE-IS] Architecture: 256 → 160 → 64 → 160 → 256
[AE-IS] Training autoencoder on 34315 instances (256 features) for up to 50 epochs …
  Epoch   1/50 — loss: 0.601692 (best: 0.601692)
  Epoch  10/50 — loss: 0.248383 (best: 0.248383)
  Epoch  20/50 — loss: 0.226684 (best: 0.226684)
  Epoch  30/50 — loss: 0.216859 (best: 0.216859)
  Epoch  40/50 — loss: 0.213725 (best: 0.213238)
  Epoch  50/50 — loss: 0.208761 (best: 0.208761)
[AE-IS] Training finished — best loss: 0.208761
[AE-IS] Reconstruction error stats — min: 0.032128, median: 0.127374, max: 1.053577
[AE-IS] Removed 0 redundant + 0 noisy = 0 total instances
[AE-IS] Kept 34315 / 34315 (reduction = 0.00%)
[AdaptiveClusterIS] Step 1.5 — Local Normalization (KNN) …
[AdaptiveClusterIS] Step 2 — clustering into 30 groups …
[AdaptiveClusterIS] Cluster sizes: min=538, median=1065, max=2196
[AdaptiveClusterIS] Removal rates: min=0.265, median=0.385, max=0.512
[AdaptiveClusterIS] Step 3 — applying cluster selection …
[AdaptiveClusterIS] Done — removed 14026 / 34315 (reduction = 40.87%)
Result: 
[51.31228232383728, 48.918476581573486, 49.25024700164795, 49.173335313797, 49.12627911567688, 48.952845096588135]
Fold 6
Fold 6
[AdaptiveClusterIS] Step 1 — scoring via 'autoencoder' …
[AE-IS] Using GPU: NVIDIA A100-SXM4-80GB
[AE-IS] Architecture: 256 → 160 → 64 → 160 → 256
[AE-IS] Training autoencoder on 34315 instances (256 features) for up to 50 epochs …
  Epoch   1/50 — loss: 0.603416 (best: 0.603416)
  Epoch  10/50 — loss: 0.247448 (best: 0.247448)
  Epoch  20/50 — loss: 0.226890 (best: 0.226890)
  Epoch  30/50 — loss: 0.218207 (best: 0.217881)
  Epoch  40/50 — loss: 0.211866 (best: 0.211866)
  Epoch  50/50 — loss: 0.209377 (best: 0.209377)
[AE-IS] Training finished — best loss: 0.209377
[AE-IS] Reconstruction error stats — min: 0.030985, median: 0.126736, max: 1.190800
[AE-IS] Removed 0 redundant + 0 noisy = 0 total instances
[AE-IS] Kept 34315 / 34315 (reduction = 0.00%)
[AdaptiveClusterIS] Step 1.5 — Local Normalization (KNN) …
[AdaptiveClusterIS] Step 2 — clustering into 30 groups …
[AdaptiveClusterIS] Cluster sizes: min=619, median=1100, max=1885
[AdaptiveClusterIS] Removal rates: min=0.283, median=0.385, max=0.481
[AdaptiveClusterIS] Step 3 — applying cluster selection …
[AdaptiveClusterIS] Done — removed 13746 / 34315 (reduction = 40.06%)
Result: 
[51.31228232383728, 48.918476581573486, 49.25024700164795, 49.173335313797, 49.12627911567688, 48.952845096588135, 50.37647747993469]
Fold 7
Fold 7
[AdaptiveClusterIS] Step 1 — scoring via 'autoencoder' …
[AE-IS] Using GPU: NVIDIA A100-SXM4-80GB
[AE-IS] Architecture: 256 → 160 → 64 → 160 → 256
[AE-IS] Training autoencoder on 34315 instances (256 features) for up to 50 epochs …
  Epoch   1/50 — loss: 0.602076 (best: 0.602076)
  Epoch  10/50 — loss: 0.246882 (best: 0.246882)
  Epoch  20/50 — loss: 0.225221 (best: 0.225221)
  Epoch  30/50 — loss: 0.216893 (best: 0.216893)
  Epoch  40/50 — loss: 0.212654 (best: 0.212625)
  Epoch  50/50 — loss: 0.209433 (best: 0.209349)
[AE-IS] Training finished — best loss: 0.209349
[AE-IS] Reconstruction error stats — min: 0.031821, median: 0.128005, max: 1.104800
[AE-IS] Removed 0 redundant + 0 noisy = 0 total instances
[AE-IS] Kept 34315 / 34315 (reduction = 0.00%)
[AdaptiveClusterIS] Step 1.5 — Local Normalization (KNN) …
[AdaptiveClusterIS] Step 2 — clustering into 30 groups …
[AdaptiveClusterIS] Cluster sizes: min=563, median=1060, max=2972
[AdaptiveClusterIS] Removal rates: min=0.273, median=0.385, max=0.558
[AdaptiveClusterIS] Step 3 — applying cluster selection …
[AdaptiveClusterIS] Done — removed 14040 / 34315 (reduction = 40.92%)
Result: 
[51.31228232383728, 48.918476581573486, 49.25024700164795, 49.173335313797, 49.12627911567688, 48.952845096588135, 50.37647747993469, 49.148420572280884]
Fold 8
Fold 8
[AdaptiveClusterIS] Step 1 — scoring via 'autoencoder' …
[AE-IS] Using GPU: NVIDIA A100-SXM4-80GB
[AE-IS] Architecture: 256 → 160 → 64 → 160 → 256
[AE-IS] Training autoencoder on 34316 instances (256 features) for up to 50 epochs …
  Epoch   1/50 — loss: 0.605848 (best: 0.605848)
  Epoch  10/50 — loss: 0.245023 (best: 0.245023)
  Epoch  20/50 — loss: 0.226032 (best: 0.226032)
  Epoch  30/50 — loss: 0.217711 (best: 0.217443)
  Epoch  40/50 — loss: 0.211075 (best: 0.211075)
  Epoch  50/50 — loss: 0.207738 (best: 0.207738)
[AE-IS] Training finished — best loss: 0.207738
[AE-IS] Reconstruction error stats — min: 0.035865, median: 0.125491, max: 1.130508
[AE-IS] Removed 0 redundant + 0 noisy = 0 total instances
[AE-IS] Kept 34316 / 34316 (reduction = 0.00%)
[AdaptiveClusterIS] Step 1.5 — Local Normalization (KNN) …
[AdaptiveClusterIS] Step 2 — clustering into 30 groups …
[AdaptiveClusterIS] Cluster sizes: min=384, median=1173, max=2057
[AdaptiveClusterIS] Removal rates: min=0.200, median=0.385, max=0.485
[AdaptiveClusterIS] Step 3 — applying cluster selection …
[AdaptiveClusterIS] Done — removed 13506 / 34316 (reduction = 39.36%)
Result: 
[51.31228232383728, 48.918476581573486, 49.25024700164795, 49.173335313797, 49.12627911567688, 48.952845096588135, 50.37647747993469, 49.148420572280884, 48.8926317691803]
Fold 9
Fold 9
[AdaptiveClusterIS] Step 1 — scoring via 'autoencoder' …
[AE-IS] Using GPU: NVIDIA A100-SXM4-80GB
[AE-IS] Architecture: 256 → 160 → 64 → 160 → 256
[AE-IS] Training autoencoder on 34316 instances (256 features) for up to 50 epochs …
  Epoch   1/50 — loss: 0.604192 (best: 0.604192)
  Epoch  10/50 — loss: 0.245419 (best: 0.245419)
  Epoch  20/50 — loss: 0.225374 (best: 0.225374)
  Epoch  30/50 — loss: 0.216516 (best: 0.216516)
  Epoch  40/50 — loss: 0.211595 (best: 0.210412)
  Epoch  50/50 — loss: 0.208451 (best: 0.208451)
[AE-IS] Training finished — best loss: 0.208451
[AE-IS] Reconstruction error stats — min: 0.033216, median: 0.126161, max: 1.138884
[AE-IS] Removed 0 redundant + 0 noisy = 0 total instances
[AE-IS] Kept 34316 / 34316 (reduction = 0.00%)
[AdaptiveClusterIS] Step 1.5 — Local Normalization (KNN) …
[AdaptiveClusterIS] Step 2 — clustering into 30 groups …
[AdaptiveClusterIS] Cluster sizes: min=404, median=1070, max=2721
[AdaptiveClusterIS] Removal rates: min=0.220, median=0.385, max=0.544
[AdaptiveClusterIS] Step 3 — applying cluster selection …
[AdaptiveClusterIS] Done — removed 14074 / 34316 (reduction = 41.01%)
Result: 
[51.31228232383728, 48.918476581573486, 49.25024700164795, 49.173335313797, 49.12627911567688, 48.952845096588135, 50.37647747993469, 49.148420572280884, 48.8926317691803, 48.91565227508545]
time: 49.406664752960204
time std: 0.7580061666916964
reducion: 0.4083438621398055
reducion std: 0.011606348830796625
END
