Namespace(dataset='dblp', method='sublinear-ae-is', folds=10, save=True, inputrep='jina-v5', out='/data/bernardolemos/results/jina-v5/instance_selection', datain='/data/bernardolemos/datasets', overwrite=1, inputdir='/data/bernardolemos/datasets/dblp/jina-v5/', splitdir='/data/bernardolemos/datasets/dblp/splits/', outputdir='/data/bernardolemos/results/jina-v5/instance_selection/selection/dblp/', filename='/data/bernardolemos/results/jina-v5/instance_selection/selection/dblp//saida_sublinear-ae-is', start_time='16-07-2026 22:38:10')
Namespace(dataset='dblp', method='sublinear-ae-is', folds=10, save=True, inputrep='jina-v5', out='/data/bernardolemos/results/jina-v5/instance_selection', datain='/data/bernardolemos/datasets', overwrite=1, inputdir='/data/bernardolemos/datasets/dblp/jina-v5/', splitdir='/data/bernardolemos/datasets/dblp/splits/', outputdir='/data/bernardolemos/results/jina-v5/instance_selection/selection/dblp/', filename='/data/bernardolemos/results/jina-v5/instance_selection/selection/dblp//saida_sublinear-ae-is', start_time='16-07-2026 22:38:10')
/data/bernardolemos/datasets/dblp/splits//split_10.pkl
Fold 0
Fold 0
[SublinearAEIS] Target reduction: 25.00% (Keeping 25736 / 34315 instances)
[SublinearAEIS] Step 1 — Training Autoencoder for 50 epochs...
[AE-IS] Using GPU: NVIDIA A100-SXM4-80GB
[AE-IS] Architecture: 256 → 192 → 128 → 192 → 256
[AE-IS] Training autoencoder on 34315 instances (256 features) for up to 50 epochs …
  Epoch   1/50 — loss: 0.456578 (best: 0.456578)
  Epoch  10/50 — loss: 0.203495 (best: 0.203495)
  Epoch  20/50 — loss: 0.190368 (best: 0.190368)
  Epoch  30/50 — loss: 0.184699 (best: 0.184699)
  Epoch  40/50 — loss: 0.180719 (best: 0.180719)
  Epoch  50/50 — loss: 0.178311 (best: 0.178311)
[AE-IS] Training finished — best loss: 0.178311
[AE-IS] Reconstruction error stats — min: 0.027653, median: 0.096497, max: 0.913906
[AE-IS] Removed 0 redundant + 0 noisy = 0 total instances
[AE-IS] Kept 34315 / 34315 (reduction = 0.00%)
[SublinearAEIS] Autoencoder scores: min=0.0277, median=0.0965, max=0.9139
[SublinearAEIS] Step 2 — Tessellating space into 200 micro-clusters...
[SublinearAEIS] Step 3 — Sublinear sampling (gamma=0.5). lambda = 10.5446
[SublinearAEIS] Done — removed 8578 / 34315 (reduction = 25.00%)
Result: 
[38.9531352519989]
Fold 1
Fold 1
[SublinearAEIS] Target reduction: 25.00% (Keeping 25736 / 34315 instances)
[SublinearAEIS] Step 1 — Training Autoencoder for 50 epochs...
[AE-IS] Using GPU: NVIDIA A100-SXM4-80GB
[AE-IS] Architecture: 256 → 192 → 128 → 192 → 256
[AE-IS] Training autoencoder on 34315 instances (256 features) for up to 50 epochs …
  Epoch   1/50 — loss: 0.455911 (best: 0.455911)
  Epoch  10/50 — loss: 0.203260 (best: 0.203260)
  Epoch  20/50 — loss: 0.190563 (best: 0.190304)
  Epoch  30/50 — loss: 0.184334 (best: 0.184334)
  Epoch  40/50 — loss: 0.181146 (best: 0.181072)
  Epoch  50/50 — loss: 0.178480 (best: 0.178480)
[AE-IS] Training finished — best loss: 0.178480
[AE-IS] Reconstruction error stats — min: 0.026637, median: 0.097377, max: 0.853790
[AE-IS] Removed 0 redundant + 0 noisy = 0 total instances
[AE-IS] Kept 34315 / 34315 (reduction = 0.00%)
[SublinearAEIS] Autoencoder scores: min=0.0266, median=0.0974, max=0.8538
[SublinearAEIS] Step 2 — Tessellating space into 200 micro-clusters...
[SublinearAEIS] Step 3 — Sublinear sampling (gamma=0.5). lambda = 10.4952
[SublinearAEIS] Done — removed 8579 / 34315 (reduction = 25.00%)
Result: 
[38.9531352519989, 36.771764278411865]
Fold 2
Fold 2
[SublinearAEIS] Target reduction: 25.00% (Keeping 25736 / 34315 instances)
[SublinearAEIS] Step 1 — Training Autoencoder for 50 epochs...
[AE-IS] Using GPU: NVIDIA A100-SXM4-80GB
[AE-IS] Architecture: 256 → 192 → 128 → 192 → 256
[AE-IS] Training autoencoder on 34315 instances (256 features) for up to 50 epochs …
  Epoch   1/50 — loss: 0.455252 (best: 0.455252)
  Epoch  10/50 — loss: 0.203449 (best: 0.203449)
  Epoch  20/50 — loss: 0.190315 (best: 0.190315)
  Epoch  30/50 — loss: 0.183850 (best: 0.183850)
  Epoch  40/50 — loss: 0.181320 (best: 0.181123)
  Epoch  50/50 — loss: 0.178712 (best: 0.178556)
[AE-IS] Training finished — best loss: 0.178556
[AE-IS] Reconstruction error stats — min: 0.028398, median: 0.098977, max: 0.893269
[AE-IS] Removed 0 redundant + 0 noisy = 0 total instances
[AE-IS] Kept 34315 / 34315 (reduction = 0.00%)
[SublinearAEIS] Autoencoder scores: min=0.0284, median=0.0990, max=0.8933
[SublinearAEIS] Step 2 — Tessellating space into 200 micro-clusters...
[SublinearAEIS] Step 3 — Sublinear sampling (gamma=0.5). lambda = 10.5001
[SublinearAEIS] Done — removed 8579 / 34315 (reduction = 25.00%)
Result: 
[38.9531352519989, 36.771764278411865, 36.73422360420227]
Fold 3
Fold 3
[SublinearAEIS] Target reduction: 25.00% (Keeping 25736 / 34315 instances)
[SublinearAEIS] Step 1 — Training Autoencoder for 50 epochs...
[AE-IS] Using GPU: NVIDIA A100-SXM4-80GB
[AE-IS] Architecture: 256 → 192 → 128 → 192 → 256
[AE-IS] Training autoencoder on 34315 instances (256 features) for up to 50 epochs …
  Epoch   1/50 — loss: 0.455371 (best: 0.455371)
  Epoch  10/50 — loss: 0.204665 (best: 0.204665)
  Epoch  20/50 — loss: 0.190019 (best: 0.190019)
  Epoch  30/50 — loss: 0.184349 (best: 0.184349)
  Epoch  40/50 — loss: 0.180470 (best: 0.180034)
  Epoch  50/50 — loss: 0.178533 (best: 0.178329)
[AE-IS] Training finished — best loss: 0.178329
[AE-IS] Reconstruction error stats — min: 0.026154, median: 0.097958, max: 0.900323
[AE-IS] Removed 0 redundant + 0 noisy = 0 total instances
[AE-IS] Kept 34315 / 34315 (reduction = 0.00%)
[SublinearAEIS] Autoencoder scores: min=0.0262, median=0.0980, max=0.9003
[SublinearAEIS] Step 2 — Tessellating space into 200 micro-clusters...
[SublinearAEIS] Step 3 — Sublinear sampling (gamma=0.5). lambda = 10.5421
[SublinearAEIS] Done — removed 8578 / 34315 (reduction = 25.00%)
Result: 
[38.9531352519989, 36.771764278411865, 36.73422360420227, 37.01837611198425]
Fold 4
Fold 4
[SublinearAEIS] Target reduction: 25.00% (Keeping 25736 / 34315 instances)
[SublinearAEIS] Step 1 — Training Autoencoder for 50 epochs...
[AE-IS] Using GPU: NVIDIA A100-SXM4-80GB
[AE-IS] Architecture: 256 → 192 → 128 → 192 → 256
[AE-IS] Training autoencoder on 34315 instances (256 features) for up to 50 epochs …
  Epoch   1/50 — loss: 0.454866 (best: 0.454866)
  Epoch  10/50 — loss: 0.203670 (best: 0.203670)
  Epoch  20/50 — loss: 0.190483 (best: 0.190483)
  Epoch  30/50 — loss: 0.184636 (best: 0.184636)
  Epoch  40/50 — loss: 0.181090 (best: 0.180641)
  Epoch  50/50 — loss: 0.178417 (best: 0.177529)
[AE-IS] Training finished — best loss: 0.177529
[AE-IS] Reconstruction error stats — min: 0.027811, median: 0.096672, max: 0.931089
[AE-IS] Removed 0 redundant + 0 noisy = 0 total instances
[AE-IS] Kept 34315 / 34315 (reduction = 0.00%)
[SublinearAEIS] Autoencoder scores: min=0.0278, median=0.0967, max=0.9311
[SublinearAEIS] Step 2 — Tessellating space into 200 micro-clusters...
[SublinearAEIS] Step 3 — Sublinear sampling (gamma=0.5). lambda = 10.4232
[SublinearAEIS] Done — removed 8578 / 34315 (reduction = 25.00%)
Result: 
[38.9531352519989, 36.771764278411865, 36.73422360420227, 37.01837611198425, 36.69338035583496]
Fold 5
Fold 5
[SublinearAEIS] Target reduction: 25.00% (Keeping 25736 / 34315 instances)
[SublinearAEIS] Step 1 — Training Autoencoder for 50 epochs...
[AE-IS] Using GPU: NVIDIA A100-SXM4-80GB
[AE-IS] Architecture: 256 → 192 → 128 → 192 → 256
[AE-IS] Training autoencoder on 34315 instances (256 features) for up to 50 epochs …
  Epoch   1/50 — loss: 0.456085 (best: 0.456085)
  Epoch  10/50 — loss: 0.203904 (best: 0.203904)
  Epoch  20/50 — loss: 0.190969 (best: 0.190969)
  Epoch  30/50 — loss: 0.184726 (best: 0.184726)
  Epoch  40/50 — loss: 0.180513 (best: 0.180513)
  Epoch  50/50 — loss: 0.178436 (best: 0.178125)
[AE-IS] Training finished — best loss: 0.178125
[AE-IS] Reconstruction error stats — min: 0.029734, median: 0.097597, max: 0.761485
[AE-IS] Removed 0 redundant + 0 noisy = 0 total instances
[AE-IS] Kept 34315 / 34315 (reduction = 0.00%)
[SublinearAEIS] Autoencoder scores: min=0.0297, median=0.0976, max=0.7615
[SublinearAEIS] Step 2 — Tessellating space into 200 micro-clusters...
[SublinearAEIS] Step 3 — Sublinear sampling (gamma=0.5). lambda = 10.4918
[SublinearAEIS] Done — removed 8577 / 34315 (reduction = 24.99%)
Result: 
[38.9531352519989, 36.771764278411865, 36.73422360420227, 37.01837611198425, 36.69338035583496, 37.0423047542572]
Fold 6
Fold 6
[SublinearAEIS] Target reduction: 25.00% (Keeping 25736 / 34315 instances)
[SublinearAEIS] Step 1 — Training Autoencoder for 50 epochs...
[AE-IS] Using GPU: NVIDIA A100-SXM4-80GB
[AE-IS] Architecture: 256 → 192 → 128 → 192 → 256
[AE-IS] Training autoencoder on 34315 instances (256 features) for up to 50 epochs …
  Epoch   1/50 — loss: 0.455916 (best: 0.455916)
  Epoch  10/50 — loss: 0.203133 (best: 0.203133)
  Epoch  20/50 — loss: 0.190461 (best: 0.190461)
  Epoch  30/50 — loss: 0.184170 (best: 0.184170)
  Epoch  40/50 — loss: 0.181699 (best: 0.181408)
  Epoch  50/50 — loss: 0.178504 (best: 0.178504)
[AE-IS] Training finished — best loss: 0.178504
[AE-IS] Reconstruction error stats — min: 0.026206, median: 0.097832, max: 0.938082
[AE-IS] Removed 0 redundant + 0 noisy = 0 total instances
[AE-IS] Kept 34315 / 34315 (reduction = 0.00%)
[SublinearAEIS] Autoencoder scores: min=0.0262, median=0.0978, max=0.9381
[SublinearAEIS] Step 2 — Tessellating space into 200 micro-clusters...
[SublinearAEIS] Step 3 — Sublinear sampling (gamma=0.5). lambda = 10.3821
[SublinearAEIS] Done — removed 8579 / 34315 (reduction = 25.00%)
Result: 
[38.9531352519989, 36.771764278411865, 36.73422360420227, 37.01837611198425, 36.69338035583496, 37.0423047542572, 36.75311017036438]
Fold 7
Fold 7
[SublinearAEIS] Target reduction: 25.00% (Keeping 25736 / 34315 instances)
[SublinearAEIS] Step 1 — Training Autoencoder for 50 epochs...
[AE-IS] Using GPU: NVIDIA A100-SXM4-80GB
[AE-IS] Architecture: 256 → 192 → 128 → 192 → 256
[AE-IS] Training autoencoder on 34315 instances (256 features) for up to 50 epochs …
  Epoch   1/50 — loss: 0.455440 (best: 0.455440)
  Epoch  10/50 — loss: 0.204422 (best: 0.204422)
  Epoch  20/50 — loss: 0.191146 (best: 0.191146)
  Epoch  30/50 — loss: 0.184943 (best: 0.184943)
  Epoch  40/50 — loss: 0.180572 (best: 0.180251)
  Epoch  50/50 — loss: 0.179083 (best: 0.178316)
[AE-IS] Training finished — best loss: 0.178316
[AE-IS] Reconstruction error stats — min: 0.028473, median: 0.097169, max: 0.968686
[AE-IS] Removed 0 redundant + 0 noisy = 0 total instances
[AE-IS] Kept 34315 / 34315 (reduction = 0.00%)
[SublinearAEIS] Autoencoder scores: min=0.0285, median=0.0972, max=0.9687
[SublinearAEIS] Step 2 — Tessellating space into 200 micro-clusters...
[SublinearAEIS] Step 3 — Sublinear sampling (gamma=0.5). lambda = 10.5838
[SublinearAEIS] Done — removed 8579 / 34315 (reduction = 25.00%)
Result: 
[38.9531352519989, 36.771764278411865, 36.73422360420227, 37.01837611198425, 36.69338035583496, 37.0423047542572, 36.75311017036438, 37.02778744697571]
Fold 8
Fold 8
[SublinearAEIS] Target reduction: 25.00% (Keeping 25737 / 34316 instances)
[SublinearAEIS] Step 1 — Training Autoencoder for 50 epochs...
[AE-IS] Using GPU: NVIDIA A100-SXM4-80GB
[AE-IS] Architecture: 256 → 192 → 128 → 192 → 256
[AE-IS] Training autoencoder on 34316 instances (256 features) for up to 50 epochs …
  Epoch   1/50 — loss: 0.457094 (best: 0.457094)
  Epoch  10/50 — loss: 0.202887 (best: 0.202887)
  Epoch  20/50 — loss: 0.189775 (best: 0.189775)
  Epoch  30/50 — loss: 0.184365 (best: 0.184365)
  Epoch  40/50 — loss: 0.180856 (best: 0.180443)
  Epoch  50/50 — loss: 0.177521 (best: 0.177521)
[AE-IS] Training finished — best loss: 0.177521
[AE-IS] Reconstruction error stats — min: 0.026405, median: 0.097324, max: 0.882963
[AE-IS] Removed 0 redundant + 0 noisy = 0 total instances
[AE-IS] Kept 34316 / 34316 (reduction = 0.00%)
[SublinearAEIS] Autoencoder scores: min=0.0264, median=0.0973, max=0.8830
[SublinearAEIS] Step 2 — Tessellating space into 200 micro-clusters...
[SublinearAEIS] Step 3 — Sublinear sampling (gamma=0.5). lambda = 10.3947
[SublinearAEIS] Done — removed 8578 / 34316 (reduction = 25.00%)
Result: 
[38.9531352519989, 36.771764278411865, 36.73422360420227, 37.01837611198425, 36.69338035583496, 37.0423047542572, 36.75311017036438, 37.02778744697571, 36.74824285507202]
Fold 9
Fold 9
[SublinearAEIS] Target reduction: 25.00% (Keeping 25737 / 34316 instances)
[SublinearAEIS] Step 1 — Training Autoencoder for 50 epochs...
[AE-IS] Using GPU: NVIDIA A100-SXM4-80GB
[AE-IS] Architecture: 256 → 192 → 128 → 192 → 256
[AE-IS] Training autoencoder on 34316 instances (256 features) for up to 50 epochs …
  Epoch   1/50 — loss: 0.456249 (best: 0.456249)
  Epoch  10/50 — loss: 0.203709 (best: 0.203709)
  Epoch  20/50 — loss: 0.190703 (best: 0.190703)
  Epoch  30/50 — loss: 0.184286 (best: 0.184286)
  Epoch  40/50 — loss: 0.180943 (best: 0.180873)
  Epoch  50/50 — loss: 0.177345 (best: 0.177345)
[AE-IS] Training finished — best loss: 0.177345
[AE-IS] Reconstruction error stats — min: 0.025880, median: 0.096345, max: 0.844795
[AE-IS] Removed 0 redundant + 0 noisy = 0 total instances
[AE-IS] Kept 34316 / 34316 (reduction = 0.00%)
[SublinearAEIS] Autoencoder scores: min=0.0259, median=0.0963, max=0.8448
[SublinearAEIS] Step 2 — Tessellating space into 200 micro-clusters...
[SublinearAEIS] Step 3 — Sublinear sampling (gamma=0.5). lambda = 10.5472
[SublinearAEIS] Done — removed 8579 / 34316 (reduction = 25.00%)
Result: 
[38.9531352519989, 36.771764278411865, 36.73422360420227, 37.01837611198425, 36.69338035583496, 37.0423047542572, 36.75311017036438, 37.02778744697571, 36.74824285507202, 37.032225608825684]
time: 37.077455043792725
time std: 0.64029391467273
reducion: 0.2499883433750282
reducion std: 1.933038969043842e-05
END
