Namespace(dataset='dblp', method='gmm-is', folds=10, save=True, inputrep='jina-v5', out='/data/bernardolemos/results/jina-v5/instance_selection', datain='/data/bernardolemos/datasets', overwrite=1, inputdir='/data/bernardolemos/datasets/dblp/jina-v5/', splitdir='/data/bernardolemos/datasets/dblp/splits/', outputdir='/data/bernardolemos/results/jina-v5/instance_selection/selection/dblp/', filename='/data/bernardolemos/results/jina-v5/instance_selection/selection/dblp//saida_gmm-is', start_time='28-06-2026 17:47:27')
Namespace(dataset='dblp', method='gmm-is', folds=10, save=True, inputrep='jina-v5', out='/data/bernardolemos/results/jina-v5/instance_selection', datain='/data/bernardolemos/datasets', overwrite=1, inputdir='/data/bernardolemos/datasets/dblp/jina-v5/', splitdir='/data/bernardolemos/datasets/dblp/splits/', outputdir='/data/bernardolemos/results/jina-v5/instance_selection/selection/dblp/', filename='/data/bernardolemos/results/jina-v5/instance_selection/selection/dblp//saida_gmm-is', start_time='28-06-2026 17:47:27')
/data/bernardolemos/datasets/dblp/splits//split_10.pkl
Fold 0
Fold 0
[GMM] Redundant instances: 13726, removing 8235 with beta=0.6
[GMM] Noise instances: 10295, removing 2059 with theta=0.2
[GMM] Removed 8235 redundant + 2059 noisy = 10294 total instances
[GMM] Kept 24021 / 34315 (reduction = 30.00%)
Result: 
[8.78603720664978]
Fold 1
Fold 1
[GMM] Redundant instances: 13726, removing 8235 with beta=0.6
[GMM] Noise instances: 10295, removing 2059 with theta=0.2
[GMM] Removed 8235 redundant + 2059 noisy = 10294 total instances
[GMM] Kept 24021 / 34315 (reduction = 30.00%)
Result: 
[8.78603720664978, 11.848534345626831]
Fold 2
Fold 2
[GMM] Redundant instances: 13726, removing 8235 with beta=0.6
[GMM] Noise instances: 10295, removing 2059 with theta=0.2
[GMM] Removed 8235 redundant + 2059 noisy = 10294 total instances
[GMM] Kept 24021 / 34315 (reduction = 30.00%)
Result: 
[8.78603720664978, 11.848534345626831, 10.058542490005493]
Fold 3
Fold 3
[GMM] Redundant instances: 13726, removing 8235 with beta=0.6
[GMM] Noise instances: 10295, removing 2059 with theta=0.2
[GMM] Removed 8235 redundant + 2059 noisy = 10294 total instances
[GMM] Kept 24021 / 34315 (reduction = 30.00%)
Result: 
[8.78603720664978, 11.848534345626831, 10.058542490005493, 19.94358229637146]
Fold 4
Fold 4
[GMM] Redundant instances: 13726, removing 8235 with beta=0.6
[GMM] Noise instances: 10295, removing 2059 with theta=0.2
[GMM] Removed 8235 redundant + 2059 noisy = 10294 total instances
[GMM] Kept 24021 / 34315 (reduction = 30.00%)
Result: 
[8.78603720664978, 11.848534345626831, 10.058542490005493, 19.94358229637146, 10.42705512046814]
Fold 5
Fold 5
[GMM] Redundant instances: 13726, removing 8235 with beta=0.6
[GMM] Noise instances: 10295, removing 2059 with theta=0.2
[GMM] Removed 8235 redundant + 2059 noisy = 10294 total instances
[GMM] Kept 24021 / 34315 (reduction = 30.00%)
Result: 
[8.78603720664978, 11.848534345626831, 10.058542490005493, 19.94358229637146, 10.42705512046814, 22.808316230773926]
Fold 6
Fold 6
[GMM] Redundant instances: 13726, removing 8235 with beta=0.6
[GMM] Noise instances: 10295, removing 2059 with theta=0.2
[GMM] Removed 8235 redundant + 2059 noisy = 10294 total instances
[GMM] Kept 24021 / 34315 (reduction = 30.00%)
Result: 
[8.78603720664978, 11.848534345626831, 10.058542490005493, 19.94358229637146, 10.42705512046814, 22.808316230773926, 20.856716871261597]
Fold 7
Fold 7
[GMM] Redundant instances: 13726, removing 8235 with beta=0.6
[GMM] Noise instances: 10295, removing 2059 with theta=0.2
[GMM] Removed 8235 redundant + 2059 noisy = 10294 total instances
[GMM] Kept 24021 / 34315 (reduction = 30.00%)
Result: 
[8.78603720664978, 11.848534345626831, 10.058542490005493, 19.94358229637146, 10.42705512046814, 22.808316230773926, 20.856716871261597, 8.713865280151367]
Fold 8
Fold 8
[GMM] Redundant instances: 13726, removing 8235 with beta=0.6
[GMM] Noise instances: 10295, removing 2059 with theta=0.2
[GMM] Removed 8235 redundant + 2059 noisy = 10294 total instances
[GMM] Kept 24022 / 34316 (reduction = 30.00%)
Result: 
[8.78603720664978, 11.848534345626831, 10.058542490005493, 19.94358229637146, 10.42705512046814, 22.808316230773926, 20.856716871261597, 8.713865280151367, 8.592796564102173]
Fold 9
Fold 9
[GMM] Redundant instances: 13726, removing 8235 with beta=0.6
[GMM] Noise instances: 10295, removing 2059 with theta=0.2
[GMM] Removed 8235 redundant + 2059 noisy = 10294 total instances
[GMM] Kept 24022 / 34316 (reduction = 30.00%)
Result: 
[8.78603720664978, 11.848534345626831, 10.058542490005493, 19.94358229637146, 10.42705512046814, 22.808316230773926, 20.856716871261597, 8.713865280151367, 8.592796564102173, 11.114747762680054]
time: 13.315019416809083
time std: 5.2995865143273235
reducion: 0.29998368074202386
reducion std: 3.4967412182451696e-06
END
