Namespace(dataset='movie_review', method='autoencoder-is', folds=10, save=True, inputrep='jina-v5', out='/data/bernardolemos/results/jina-v5/instance_selection', datain='/data/bernardolemos/datasets', overwrite=1, inputdir='/data/bernardolemos/datasets/movie_review/jina-v5/', splitdir='/data/bernardolemos/datasets/movie_review/splits/', outputdir='/data/bernardolemos/results/jina-v5/instance_selection/selection/movie_review/', filename='/data/bernardolemos/results/jina-v5/instance_selection/selection/movie_review//saida_autoencoder-is', start_time='16-07-2026 21:57:10')
Namespace(dataset='movie_review', method='autoencoder-is', folds=10, save=True, inputrep='jina-v5', out='/data/bernardolemos/results/jina-v5/instance_selection', datain='/data/bernardolemos/datasets', overwrite=1, inputdir='/data/bernardolemos/datasets/movie_review/jina-v5/', splitdir='/data/bernardolemos/datasets/movie_review/splits/', outputdir='/data/bernardolemos/results/jina-v5/instance_selection/selection/movie_review/', filename='/data/bernardolemos/results/jina-v5/instance_selection/selection/movie_review//saida_autoencoder-is', start_time='16-07-2026 21:57:10')
/data/bernardolemos/datasets/movie_review/splits//split_10.pkl
Fold 0
Fold 0
[AE-IS] Using GPU: NVIDIA A100-SXM4-80GB
[AE-IS] Architecture: 256 → 134 → 12 → 134 → 256
[AE-IS] Training autoencoder on 9595 instances (256 features) for up to 20 epochs …
  Epoch   1/20 — loss: 0.752220 (best: 0.752220)
  Epoch  10/20 — loss: 0.490965 (best: 0.490965)
  Epoch  20/20 — loss: 0.472522 (best: 0.472522)
[AE-IS] Training finished — best loss: 0.472522
[AE-IS] Reconstruction error stats — min: 0.065907, median: 0.363467, max: 2.133924
[AE-IS] Redundant instances: 3838, removing 1919 with beta=0.5
[AE-IS] Noise instances: 2879, removing 479 with theta=0.1666666
[AE-IS] Removed 1919 redundant + 479 noisy = 2398 total instances
[AE-IS] Kept 7197 / 9595 (reduction = 24.99%)
Result: 
[8.439254760742188]
Fold 1
Fold 1
[AE-IS] Using GPU: NVIDIA A100-SXM4-80GB
[AE-IS] Architecture: 256 → 134 → 12 → 134 → 256
[AE-IS] Training autoencoder on 9595 instances (256 features) for up to 20 epochs …
  Epoch   1/20 — loss: 0.745673 (best: 0.745673)
  Epoch  10/20 — loss: 0.490801 (best: 0.490801)
  Epoch  20/20 — loss: 0.473201 (best: 0.473201)
[AE-IS] Training finished — best loss: 0.473201
[AE-IS] Reconstruction error stats — min: 0.054924, median: 0.362961, max: 2.139076
[AE-IS] Redundant instances: 3838, removing 1919 with beta=0.5
[AE-IS] Noise instances: 2879, removing 479 with theta=0.1666666
[AE-IS] Removed 1919 redundant + 479 noisy = 2398 total instances
[AE-IS] Kept 7197 / 9595 (reduction = 24.99%)
Result: 
[8.439254760742188, 6.404866933822632]
Fold 2
Fold 2
[AE-IS] Using GPU: NVIDIA A100-SXM4-80GB
[AE-IS] Architecture: 256 → 134 → 12 → 134 → 256
[AE-IS] Training autoencoder on 9596 instances (256 features) for up to 20 epochs …
  Epoch   1/20 — loss: 0.752912 (best: 0.752912)
  Epoch  10/20 — loss: 0.493388 (best: 0.493388)
  Epoch  20/20 — loss: 0.474737 (best: 0.474737)
[AE-IS] Training finished — best loss: 0.474737
[AE-IS] Reconstruction error stats — min: 0.074456, median: 0.365671, max: 2.189755
[AE-IS] Redundant instances: 3838, removing 1919 with beta=0.5
[AE-IS] Noise instances: 2879, removing 479 with theta=0.1666666
[AE-IS] Removed 1919 redundant + 479 noisy = 2398 total instances
[AE-IS] Kept 7198 / 9596 (reduction = 24.99%)
Result: 
[8.439254760742188, 6.404866933822632, 6.612903118133545]
Fold 3
Fold 3
[AE-IS] Using GPU: NVIDIA A100-SXM4-80GB
[AE-IS] Architecture: 256 → 134 → 12 → 134 → 256
[AE-IS] Training autoencoder on 9596 instances (256 features) for up to 20 epochs …
  Epoch   1/20 — loss: 0.751995 (best: 0.751995)
  Epoch  10/20 — loss: 0.490732 (best: 0.490732)
  Epoch  20/20 — loss: 0.471995 (best: 0.471995)
[AE-IS] Training finished — best loss: 0.471995
[AE-IS] Reconstruction error stats — min: 0.061804, median: 0.362326, max: 2.196989
[AE-IS] Redundant instances: 3838, removing 1919 with beta=0.5
[AE-IS] Noise instances: 2879, removing 479 with theta=0.1666666
[AE-IS] Removed 1919 redundant + 479 noisy = 2398 total instances
[AE-IS] Kept 7198 / 9596 (reduction = 24.99%)
Result: 
[8.439254760742188, 6.404866933822632, 6.612903118133545, 6.3861517906188965]
Fold 4
Fold 4
[AE-IS] Using GPU: NVIDIA A100-SXM4-80GB
[AE-IS] Architecture: 256 → 134 → 12 → 134 → 256
[AE-IS] Training autoencoder on 9596 instances (256 features) for up to 20 epochs …
  Epoch   1/20 — loss: 0.754113 (best: 0.754113)
  Epoch  10/20 — loss: 0.492819 (best: 0.492819)
  Epoch  20/20 — loss: 0.473105 (best: 0.473105)
[AE-IS] Training finished — best loss: 0.473105
[AE-IS] Reconstruction error stats — min: 0.061729, median: 0.363751, max: 2.108382
[AE-IS] Redundant instances: 3838, removing 1919 with beta=0.5
[AE-IS] Noise instances: 2879, removing 479 with theta=0.1666666
[AE-IS] Removed 1919 redundant + 479 noisy = 2398 total instances
[AE-IS] Kept 7198 / 9596 (reduction = 24.99%)
Result: 
[8.439254760742188, 6.404866933822632, 6.612903118133545, 6.3861517906188965, 6.452758073806763]
Fold 5
Fold 5
[AE-IS] Using GPU: NVIDIA A100-SXM4-80GB
[AE-IS] Architecture: 256 → 134 → 12 → 134 → 256
[AE-IS] Training autoencoder on 9596 instances (256 features) for up to 20 epochs …
  Epoch   1/20 — loss: 0.753634 (best: 0.753634)
  Epoch  10/20 — loss: 0.492175 (best: 0.492175)
  Epoch  20/20 — loss: 0.474899 (best: 0.474899)
[AE-IS] Training finished — best loss: 0.474899
[AE-IS] Reconstruction error stats — min: 0.058134, median: 0.363695, max: 2.202496
[AE-IS] Redundant instances: 3838, removing 1919 with beta=0.5
[AE-IS] Noise instances: 2879, removing 479 with theta=0.1666666
[AE-IS] Removed 1919 redundant + 479 noisy = 2398 total instances
[AE-IS] Kept 7198 / 9596 (reduction = 24.99%)
Result: 
[8.439254760742188, 6.404866933822632, 6.612903118133545, 6.3861517906188965, 6.452758073806763, 6.443842172622681]
Fold 6
Fold 6
[AE-IS] Using GPU: NVIDIA A100-SXM4-80GB
[AE-IS] Architecture: 256 → 134 → 12 → 134 → 256
[AE-IS] Training autoencoder on 9596 instances (256 features) for up to 20 epochs …
  Epoch   1/20 — loss: 0.751698 (best: 0.751698)
  Epoch  10/20 — loss: 0.491169 (best: 0.491169)
  Epoch  20/20 — loss: 0.474157 (best: 0.473001)
[AE-IS] Training finished — best loss: 0.473001
[AE-IS] Reconstruction error stats — min: 0.068331, median: 0.364829, max: 2.164964
[AE-IS] Redundant instances: 3838, removing 1919 with beta=0.5
[AE-IS] Noise instances: 2879, removing 479 with theta=0.1666666
[AE-IS] Removed 1919 redundant + 479 noisy = 2398 total instances
[AE-IS] Kept 7198 / 9596 (reduction = 24.99%)
Result: 
[8.439254760742188, 6.404866933822632, 6.612903118133545, 6.3861517906188965, 6.452758073806763, 6.443842172622681, 6.451507806777954]
Fold 7
Fold 7
[AE-IS] Using GPU: NVIDIA A100-SXM4-80GB
[AE-IS] Architecture: 256 → 134 → 12 → 134 → 256
[AE-IS] Training autoencoder on 9596 instances (256 features) for up to 20 epochs …
  Epoch   1/20 — loss: 0.752691 (best: 0.752691)
  Epoch  10/20 — loss: 0.489954 (best: 0.489954)
  Epoch  20/20 — loss: 0.472853 (best: 0.472642)
[AE-IS] Training finished — best loss: 0.472642
[AE-IS] Reconstruction error stats — min: 0.074607, median: 0.360398, max: 2.187178
[AE-IS] Redundant instances: 3838, removing 1919 with beta=0.5
[AE-IS] Noise instances: 2879, removing 479 with theta=0.1666666
[AE-IS] Removed 1919 redundant + 479 noisy = 2398 total instances
[AE-IS] Kept 7198 / 9596 (reduction = 24.99%)
Result: 
[8.439254760742188, 6.404866933822632, 6.612903118133545, 6.3861517906188965, 6.452758073806763, 6.443842172622681, 6.451507806777954, 6.520730972290039]
Fold 8
Fold 8
[AE-IS] Using GPU: NVIDIA A100-SXM4-80GB
[AE-IS] Architecture: 256 → 134 → 12 → 134 → 256
[AE-IS] Training autoencoder on 9596 instances (256 features) for up to 20 epochs …
  Epoch   1/20 — loss: 0.754079 (best: 0.754079)
  Epoch  10/20 — loss: 0.491609 (best: 0.491609)
  Epoch  20/20 — loss: 0.472265 (best: 0.472265)
[AE-IS] Training finished — best loss: 0.472265
[AE-IS] Reconstruction error stats — min: 0.057542, median: 0.361891, max: 1.845816
[AE-IS] Redundant instances: 3838, removing 1919 with beta=0.5
[AE-IS] Noise instances: 2879, removing 479 with theta=0.1666666
[AE-IS] Removed 1919 redundant + 479 noisy = 2398 total instances
[AE-IS] Kept 7198 / 9596 (reduction = 24.99%)
Result: 
[8.439254760742188, 6.404866933822632, 6.612903118133545, 6.3861517906188965, 6.452758073806763, 6.443842172622681, 6.451507806777954, 6.520730972290039, 6.529011011123657]
Fold 9
Fold 9
[AE-IS] Using GPU: NVIDIA A100-SXM4-80GB
[AE-IS] Architecture: 256 → 134 → 12 → 134 → 256
[AE-IS] Training autoencoder on 9596 instances (256 features) for up to 20 epochs …
  Epoch   1/20 — loss: 0.751547 (best: 0.751547)
  Epoch  10/20 — loss: 0.490781 (best: 0.490781)
  Epoch  20/20 — loss: 0.473047 (best: 0.473047)
[AE-IS] Training finished — best loss: 0.473047
[AE-IS] Reconstruction error stats — min: 0.065406, median: 0.362389, max: 2.191864
[AE-IS] Redundant instances: 3838, removing 1919 with beta=0.5
[AE-IS] Noise instances: 2879, removing 479 with theta=0.1666666
[AE-IS] Removed 1919 redundant + 479 noisy = 2398 total instances
[AE-IS] Kept 7198 / 9596 (reduction = 24.99%)
Result: 
[8.439254760742188, 6.404866933822632, 6.612903118133545, 6.3861517906188965, 6.452758073806763, 6.443842172622681, 6.451507806777954, 6.520730972290039, 6.529011011123657, 6.542971849441528]
time: 6.678399848937988
time std: 0.5905978141668611
reducion: 0.24990099878770922
reducion std: 1.0417750491398258e-05
END
