Namespace(dataset='movie_review', method='sublinear-ae-is', folds=10, save=True, inputrep='jina-v5', out='/data/bernardolemos/results/jina-v5/instance_selection', datain='/data/bernardolemos/datasets', overwrite=1, inputdir='/data/bernardolemos/datasets/movie_review/jina-v5/', splitdir='/data/bernardolemos/datasets/movie_review/splits/', outputdir='/data/bernardolemos/results/jina-v5/instance_selection/selection/movie_review/', filename='/data/bernardolemos/results/jina-v5/instance_selection/selection/movie_review//saida_sublinear-ae-is', start_time='16-07-2026 21:58:37')
Namespace(dataset='movie_review', method='sublinear-ae-is', folds=10, save=True, inputrep='jina-v5', out='/data/bernardolemos/results/jina-v5/instance_selection', datain='/data/bernardolemos/datasets', overwrite=1, inputdir='/data/bernardolemos/datasets/movie_review/jina-v5/', splitdir='/data/bernardolemos/datasets/movie_review/splits/', outputdir='/data/bernardolemos/results/jina-v5/instance_selection/selection/movie_review/', filename='/data/bernardolemos/results/jina-v5/instance_selection/selection/movie_review//saida_sublinear-ae-is', start_time='16-07-2026 21:58:37')
/data/bernardolemos/datasets/movie_review/splits//split_10.pkl
Fold 0
Fold 0
[SublinearAEIS] Target reduction: 25.00% (Keeping 7196 / 9595 instances)
[SublinearAEIS] Step 1 — Training Autoencoder for 50 epochs...
[AE-IS] Using GPU: NVIDIA A100-SXM4-80GB
[AE-IS] Architecture: 256 → 192 → 128 → 192 → 256
[AE-IS] Training autoencoder on 9595 instances (256 features) for up to 50 epochs …
  Epoch   1/50 — loss: 0.776833 (best: 0.776833)
  Epoch  10/50 — loss: 0.325355 (best: 0.325355)
  Epoch  20/50 — loss: 0.289352 (best: 0.289352)
  Epoch  30/50 — loss: 0.272391 (best: 0.272391)
  Epoch  40/50 — loss: 0.262851 (best: 0.262851)
  Epoch  50/50 — loss: 0.255950 (best: 0.255950)
[AE-IS] Training finished — best loss: 0.255950
[AE-IS] Reconstruction error stats — min: 0.029790, median: 0.154805, max: 1.170109
[AE-IS] Removed 0 redundant + 0 noisy = 0 total instances
[AE-IS] Kept 9595 / 9595 (reduction = 0.00%)
[SublinearAEIS] Autoencoder scores: min=0.0298, median=0.1548, max=1.1701
[SublinearAEIS] Step 2 — Tessellating space into 200 micro-clusters...
[SublinearAEIS] Step 3 — Sublinear sampling (gamma=0.5). lambda = 6.0928
[SublinearAEIS] Done — removed 2396 / 9595 (reduction = 24.97%)
Result: 
[9.014618635177612]
Fold 1
Fold 1
[SublinearAEIS] Target reduction: 25.00% (Keeping 7196 / 9595 instances)
[SublinearAEIS] Step 1 — Training Autoencoder for 50 epochs...
[AE-IS] Using GPU: NVIDIA A100-SXM4-80GB
[AE-IS] Architecture: 256 → 192 → 128 → 192 → 256
[AE-IS] Training autoencoder on 9595 instances (256 features) for up to 50 epochs …
  Epoch   1/50 — loss: 0.779900 (best: 0.779900)
  Epoch  10/50 — loss: 0.327449 (best: 0.327449)
  Epoch  20/50 — loss: 0.290009 (best: 0.290009)
  Epoch  30/50 — loss: 0.273368 (best: 0.273368)
  Epoch  40/50 — loss: 0.264129 (best: 0.264129)
  Epoch  50/50 — loss: 0.257233 (best: 0.257233)
[AE-IS] Training finished — best loss: 0.257233
[AE-IS] Reconstruction error stats — min: 0.029333, median: 0.155208, max: 1.116612
[AE-IS] Removed 0 redundant + 0 noisy = 0 total instances
[AE-IS] Kept 9595 / 9595 (reduction = 0.00%)
[SublinearAEIS] Autoencoder scores: min=0.0293, median=0.1552, max=1.1166
[SublinearAEIS] Step 2 — Tessellating space into 200 micro-clusters...
[SublinearAEIS] Step 3 — Sublinear sampling (gamma=0.5). lambda = 6.2539
[SublinearAEIS] Done — removed 2399 / 9595 (reduction = 25.00%)
Result: 
[9.014618635177612, 8.004231691360474]
Fold 2
Fold 2
[SublinearAEIS] Target reduction: 25.00% (Keeping 7197 / 9596 instances)
[SublinearAEIS] Step 1 — Training Autoencoder for 50 epochs...
[AE-IS] Using GPU: NVIDIA A100-SXM4-80GB
[AE-IS] Architecture: 256 → 192 → 128 → 192 → 256
[AE-IS] Training autoencoder on 9596 instances (256 features) for up to 50 epochs …
  Epoch   1/50 — loss: 0.778949 (best: 0.778949)
  Epoch  10/50 — loss: 0.327593 (best: 0.327593)
  Epoch  20/50 — loss: 0.289400 (best: 0.289400)
  Epoch  30/50 — loss: 0.273976 (best: 0.273976)
  Epoch  40/50 — loss: 0.263935 (best: 0.263935)
  Epoch  50/50 — loss: 0.257145 (best: 0.257145)
[AE-IS] Training finished — best loss: 0.257145
[AE-IS] Reconstruction error stats — min: 0.035448, median: 0.155393, max: 1.011882
[AE-IS] Removed 0 redundant + 0 noisy = 0 total instances
[AE-IS] Kept 9596 / 9596 (reduction = 0.00%)
[SublinearAEIS] Autoencoder scores: min=0.0354, median=0.1554, max=1.0119
[SublinearAEIS] Step 2 — Tessellating space into 200 micro-clusters...
[SublinearAEIS] Step 3 — Sublinear sampling (gamma=0.5). lambda = 6.2076
[SublinearAEIS] Done — removed 2398 / 9596 (reduction = 24.99%)
Result: 
[9.014618635177612, 8.004231691360474, 6.975326776504517]
Fold 3
Fold 3
[SublinearAEIS] Target reduction: 25.00% (Keeping 7197 / 9596 instances)
[SublinearAEIS] Step 1 — Training Autoencoder for 50 epochs...
[AE-IS] Using GPU: NVIDIA A100-SXM4-80GB
[AE-IS] Architecture: 256 → 192 → 128 → 192 → 256
[AE-IS] Training autoencoder on 9596 instances (256 features) for up to 50 epochs …
  Epoch   1/50 — loss: 0.778314 (best: 0.778314)
  Epoch  10/50 — loss: 0.328256 (best: 0.328256)
  Epoch  20/50 — loss: 0.290444 (best: 0.290444)
  Epoch  30/50 — loss: 0.273938 (best: 0.273938)
  Epoch  40/50 — loss: 0.263764 (best: 0.263764)
  Epoch  50/50 — loss: 0.255683 (best: 0.255683)
[AE-IS] Training finished — best loss: 0.255683
[AE-IS] Reconstruction error stats — min: 0.031822, median: 0.155230, max: 1.168319
[AE-IS] Removed 0 redundant + 0 noisy = 0 total instances
[AE-IS] Kept 9596 / 9596 (reduction = 0.00%)
[SublinearAEIS] Autoencoder scores: min=0.0318, median=0.1552, max=1.1683
[SublinearAEIS] Step 2 — Tessellating space into 200 micro-clusters...
[SublinearAEIS] Step 3 — Sublinear sampling (gamma=0.5). lambda = 6.1584
[SublinearAEIS] Done — removed 2399 / 9596 (reduction = 25.00%)
Result: 
[9.014618635177612, 8.004231691360474, 6.975326776504517, 7.706034421920776]
Fold 4
Fold 4
[SublinearAEIS] Target reduction: 25.00% (Keeping 7197 / 9596 instances)
[SublinearAEIS] Step 1 — Training Autoencoder for 50 epochs...
[AE-IS] Using GPU: NVIDIA A100-SXM4-80GB
[AE-IS] Architecture: 256 → 192 → 128 → 192 → 256
[AE-IS] Training autoencoder on 9596 instances (256 features) for up to 50 epochs …
  Epoch   1/50 — loss: 0.778584 (best: 0.778584)
  Epoch  10/50 — loss: 0.327932 (best: 0.327932)
  Epoch  20/50 — loss: 0.290371 (best: 0.290371)
  Epoch  30/50 — loss: 0.274071 (best: 0.274071)
  Epoch  40/50 — loss: 0.263548 (best: 0.263548)
  Epoch  50/50 — loss: 0.256600 (best: 0.256600)
[AE-IS] Training finished — best loss: 0.256600
[AE-IS] Reconstruction error stats — min: 0.033659, median: 0.155954, max: 1.238244
[AE-IS] Removed 0 redundant + 0 noisy = 0 total instances
[AE-IS] Kept 9596 / 9596 (reduction = 0.00%)
[SublinearAEIS] Autoencoder scores: min=0.0337, median=0.1560, max=1.2382
[SublinearAEIS] Step 2 — Tessellating space into 200 micro-clusters...
[SublinearAEIS] Step 3 — Sublinear sampling (gamma=0.5). lambda = 5.8966
[SublinearAEIS] Done — removed 2398 / 9596 (reduction = 24.99%)
Result: 
[9.014618635177612, 8.004231691360474, 6.975326776504517, 7.706034421920776, 6.789525032043457]
Fold 5
Fold 5
[SublinearAEIS] Target reduction: 25.00% (Keeping 7197 / 9596 instances)
[SublinearAEIS] Step 1 — Training Autoencoder for 50 epochs...
[AE-IS] Using GPU: NVIDIA A100-SXM4-80GB
[AE-IS] Architecture: 256 → 192 → 128 → 192 → 256
[AE-IS] Training autoencoder on 9596 instances (256 features) for up to 50 epochs …
  Epoch   1/50 — loss: 0.776465 (best: 0.776465)
  Epoch  10/50 — loss: 0.327966 (best: 0.327966)
  Epoch  20/50 — loss: 0.290322 (best: 0.290322)
  Epoch  30/50 — loss: 0.274061 (best: 0.274061)
  Epoch  40/50 — loss: 0.263002 (best: 0.263002)
  Epoch  50/50 — loss: 0.256923 (best: 0.256917)
[AE-IS] Training finished — best loss: 0.256917
[AE-IS] Reconstruction error stats — min: 0.035365, median: 0.157120, max: 1.133451
[AE-IS] Removed 0 redundant + 0 noisy = 0 total instances
[AE-IS] Kept 9596 / 9596 (reduction = 0.00%)
[SublinearAEIS] Autoencoder scores: min=0.0354, median=0.1571, max=1.1335
[SublinearAEIS] Step 2 — Tessellating space into 200 micro-clusters...
[SublinearAEIS] Step 3 — Sublinear sampling (gamma=0.5). lambda = 6.2088
[SublinearAEIS] Done — removed 2399 / 9596 (reduction = 25.00%)
Result: 
[9.014618635177612, 8.004231691360474, 6.975326776504517, 7.706034421920776, 6.789525032043457, 6.7973856925964355]
Fold 6
Fold 6
[SublinearAEIS] Target reduction: 25.00% (Keeping 7197 / 9596 instances)
[SublinearAEIS] Step 1 — Training Autoencoder for 50 epochs...
[AE-IS] Using GPU: NVIDIA A100-SXM4-80GB
[AE-IS] Architecture: 256 → 192 → 128 → 192 → 256
[AE-IS] Training autoencoder on 9596 instances (256 features) for up to 50 epochs …
  Epoch   1/50 — loss: 0.776876 (best: 0.776876)
  Epoch  10/50 — loss: 0.327318 (best: 0.327318)
  Epoch  20/50 — loss: 0.288885 (best: 0.288885)
  Epoch  30/50 — loss: 0.274769 (best: 0.274769)
  Epoch  40/50 — loss: 0.263606 (best: 0.263606)
  Epoch  50/50 — loss: 0.256995 (best: 0.256995)
[AE-IS] Training finished — best loss: 0.256995
[AE-IS] Reconstruction error stats — min: 0.030978, median: 0.155800, max: 1.163774
[AE-IS] Removed 0 redundant + 0 noisy = 0 total instances
[AE-IS] Kept 9596 / 9596 (reduction = 0.00%)
[SublinearAEIS] Autoencoder scores: min=0.0310, median=0.1558, max=1.1638
[SublinearAEIS] Step 2 — Tessellating space into 200 micro-clusters...
[SublinearAEIS] Step 3 — Sublinear sampling (gamma=0.5). lambda = 6.1237
[SublinearAEIS] Done — removed 2398 / 9596 (reduction = 24.99%)
Result: 
[9.014618635177612, 8.004231691360474, 6.975326776504517, 7.706034421920776, 6.789525032043457, 6.7973856925964355, 6.83612847328186]
Fold 7
Fold 7
[SublinearAEIS] Target reduction: 25.00% (Keeping 7197 / 9596 instances)
[SublinearAEIS] Step 1 — Training Autoencoder for 50 epochs...
[AE-IS] Using GPU: NVIDIA A100-SXM4-80GB
[AE-IS] Architecture: 256 → 192 → 128 → 192 → 256
[AE-IS] Training autoencoder on 9596 instances (256 features) for up to 50 epochs …
  Epoch   1/50 — loss: 0.777058 (best: 0.777058)
  Epoch  10/50 — loss: 0.327755 (best: 0.327755)
  Epoch  20/50 — loss: 0.289710 (best: 0.289710)
  Epoch  30/50 — loss: 0.273724 (best: 0.273724)
  Epoch  40/50 — loss: 0.263216 (best: 0.263216)
  Epoch  50/50 — loss: 0.257081 (best: 0.257081)
[AE-IS] Training finished — best loss: 0.257081
[AE-IS] Reconstruction error stats — min: 0.030638, median: 0.154921, max: 1.156552
[AE-IS] Removed 0 redundant + 0 noisy = 0 total instances
[AE-IS] Kept 9596 / 9596 (reduction = 0.00%)
[SublinearAEIS] Autoencoder scores: min=0.0306, median=0.1549, max=1.1566
[SublinearAEIS] Step 2 — Tessellating space into 200 micro-clusters...
[SublinearAEIS] Step 3 — Sublinear sampling (gamma=0.5). lambda = 6.1085
[SublinearAEIS] Done — removed 2397 / 9596 (reduction = 24.98%)
Result: 
[9.014618635177612, 8.004231691360474, 6.975326776504517, 7.706034421920776, 6.789525032043457, 6.7973856925964355, 6.83612847328186, 6.949034214019775]
Fold 8
Fold 8
[SublinearAEIS] Target reduction: 25.00% (Keeping 7197 / 9596 instances)
[SublinearAEIS] Step 1 — Training Autoencoder for 50 epochs...
[AE-IS] Using GPU: NVIDIA A100-SXM4-80GB
[AE-IS] Architecture: 256 → 192 → 128 → 192 → 256
[AE-IS] Training autoencoder on 9596 instances (256 features) for up to 50 epochs …
  Epoch   1/50 — loss: 0.777478 (best: 0.777478)
  Epoch  10/50 — loss: 0.325937 (best: 0.325937)
  Epoch  20/50 — loss: 0.289552 (best: 0.289552)
  Epoch  30/50 — loss: 0.274196 (best: 0.273799)
  Epoch  40/50 — loss: 0.263089 (best: 0.263089)
  Epoch  50/50 — loss: 0.255781 (best: 0.255781)
[AE-IS] Training finished — best loss: 0.255781
[AE-IS] Reconstruction error stats — min: 0.032870, median: 0.155324, max: 1.208622
[AE-IS] Removed 0 redundant + 0 noisy = 0 total instances
[AE-IS] Kept 9596 / 9596 (reduction = 0.00%)
[SublinearAEIS] Autoencoder scores: min=0.0329, median=0.1553, max=1.2086
[SublinearAEIS] Step 2 — Tessellating space into 200 micro-clusters...
[SublinearAEIS] Step 3 — Sublinear sampling (gamma=0.5). lambda = 6.0678
[SublinearAEIS] Done — removed 2398 / 9596 (reduction = 24.99%)
Result: 
[9.014618635177612, 8.004231691360474, 6.975326776504517, 7.706034421920776, 6.789525032043457, 6.7973856925964355, 6.83612847328186, 6.949034214019775, 7.44291615486145]
Fold 9
Fold 9
[SublinearAEIS] Target reduction: 25.00% (Keeping 7197 / 9596 instances)
[SublinearAEIS] Step 1 — Training Autoencoder for 50 epochs...
[AE-IS] Using GPU: NVIDIA A100-SXM4-80GB
[AE-IS] Architecture: 256 → 192 → 128 → 192 → 256
[AE-IS] Training autoencoder on 9596 instances (256 features) for up to 50 epochs …
  Epoch   1/50 — loss: 0.777407 (best: 0.777407)
  Epoch  10/50 — loss: 0.326956 (best: 0.326956)
  Epoch  20/50 — loss: 0.289234 (best: 0.289234)
  Epoch  30/50 — loss: 0.273095 (best: 0.273095)
  Epoch  40/50 — loss: 0.262323 (best: 0.262323)
  Epoch  50/50 — loss: 0.255887 (best: 0.255887)
[AE-IS] Training finished — best loss: 0.255887
[AE-IS] Reconstruction error stats — min: 0.029929, median: 0.155031, max: 1.111339
[AE-IS] Removed 0 redundant + 0 noisy = 0 total instances
[AE-IS] Kept 9596 / 9596 (reduction = 0.00%)
[SublinearAEIS] Autoencoder scores: min=0.0299, median=0.1550, max=1.1113
[SublinearAEIS] Step 2 — Tessellating space into 200 micro-clusters...
[SublinearAEIS] Step 3 — Sublinear sampling (gamma=0.5). lambda = 6.1650
[SublinearAEIS] Done — removed 2399 / 9596 (reduction = 25.00%)
Result: 
[9.014618635177612, 8.004231691360474, 6.975326776504517, 7.706034421920776, 6.789525032043457, 6.7973856925964355, 6.83612847328186, 6.949034214019775, 7.44291615486145, 6.948012113571167]
time: 7.346321320533752
time std: 0.6841461434776128
reducion: 0.24991141871037542
reducion std: 9.551664067451181e-05
END
