Namespace(dataset='mpqa', method='entropy-sublinear-ae-is', folds=10, save=True, inputrep='jina-v5', out='/data/bernardolemos/results/jina-v5/instance_selection', datain='/data/bernardolemos/datasets', overwrite=1, inputdir='/data/bernardolemos/datasets/mpqa/jina-v5/', splitdir='/data/bernardolemos/datasets/mpqa/splits/', outputdir='/data/bernardolemos/results/jina-v5/instance_selection/selection/mpqa/', filename='/data/bernardolemos/results/jina-v5/instance_selection/selection/mpqa//saida_entropy-sublinear-ae-is', start_time='20-07-2026 12:41:29')
Namespace(dataset='mpqa', method='entropy-sublinear-ae-is', folds=10, save=True, inputrep='jina-v5', out='/data/bernardolemos/results/jina-v5/instance_selection', datain='/data/bernardolemos/datasets', overwrite=1, inputdir='/data/bernardolemos/datasets/mpqa/jina-v5/', splitdir='/data/bernardolemos/datasets/mpqa/splits/', outputdir='/data/bernardolemos/results/jina-v5/instance_selection/selection/mpqa/', filename='/data/bernardolemos/results/jina-v5/instance_selection/selection/mpqa//saida_entropy-sublinear-ae-is', start_time='20-07-2026 12:41:29')
/data/bernardolemos/datasets/mpqa/splits//split_10.pkl
Fold 0
Fold 0
[EntropySublinearAEIS] Step 1 — Training Autoencoder for 50 epochs...
[AE-IS] Using GPU: NVIDIA A100-SXM4-80GB
[AE-IS] Architecture: 256 → 192 → 128 → 192 → 256
[AE-IS] Training autoencoder on 9545 instances (256 features) for up to 50 epochs …
  Epoch   1/50 — loss: 0.854527 (best: 0.854527)
  Epoch  10/50 — loss: 0.406783 (best: 0.406783)
  Epoch  20/50 — loss: 0.361421 (best: 0.361421)
  Epoch  30/50 — loss: 0.340519 (best: 0.340519)
  Epoch  40/50 — loss: 0.328450 (best: 0.328450)
  Epoch  50/50 — loss: 0.320265 (best: 0.320265)
[AE-IS] Training finished — best loss: 0.320265
[AE-IS] Reconstruction error stats — min: 0.012716, median: 0.204386, max: 0.875211
[AE-IS] Removed 0 redundant + 0 noisy = 0 total instances
[AE-IS] Kept 9545 / 9545 (reduction = 0.00%)
[EntropySublinearAEIS] AE scores: min=0.0127, median=0.2044, max=0.8752
[EntropySublinearAEIS] Step 2 — Tessellating into 200 micro-clusters using minibatchkmeans...
[EntropySublinearAEIS] Step 3 — Entropy H=0.9366, adaptive reduction=31.29% (Keeping 6558 / 9545)
[EntropySublinearAEIS] Step 4 — Sublinear sampling (gamma=0.5). lambda = 5.4789
[EntropySublinearAEIS] Done — removed 2987 / 9545 (reduction = 31.29%)
Result: 
[8.827585697174072]
Fold 1
Fold 1
[EntropySublinearAEIS] Step 1 — Training Autoencoder for 50 epochs...
[AE-IS] Using GPU: NVIDIA A100-SXM4-80GB
[AE-IS] Architecture: 256 → 192 → 128 → 192 → 256
[AE-IS] Training autoencoder on 9545 instances (256 features) for up to 50 epochs …
  Epoch   1/50 — loss: 0.854876 (best: 0.854876)
  Epoch  10/50 — loss: 0.407204 (best: 0.407204)
  Epoch  20/50 — loss: 0.362108 (best: 0.362108)
  Epoch  30/50 — loss: 0.340511 (best: 0.340511)
  Epoch  40/50 — loss: 0.328182 (best: 0.328182)
  Epoch  50/50 — loss: 0.321550 (best: 0.321357)
[AE-IS] Training finished — best loss: 0.321357
[AE-IS] Reconstruction error stats — min: 0.010597, median: 0.205613, max: 0.830968
[AE-IS] Removed 0 redundant + 0 noisy = 0 total instances
[AE-IS] Kept 9545 / 9545 (reduction = 0.00%)
[EntropySublinearAEIS] AE scores: min=0.0106, median=0.2056, max=0.8310
[EntropySublinearAEIS] Step 2 — Tessellating into 200 micro-clusters using minibatchkmeans...
[EntropySublinearAEIS] Step 3 — Entropy H=0.9392, adaptive reduction=30.48% (Keeping 6635 / 9545)
[EntropySublinearAEIS] Step 4 — Sublinear sampling (gamma=0.5). lambda = 5.5391
[EntropySublinearAEIS] Done — removed 2910 / 9545 (reduction = 30.49%)
Result: 
[8.827585697174072, 6.76924991607666]
Fold 2
Fold 2
[EntropySublinearAEIS] Step 1 — Training Autoencoder for 50 epochs...
[AE-IS] Using GPU: NVIDIA A100-SXM4-80GB
[AE-IS] Architecture: 256 → 192 → 128 → 192 → 256
[AE-IS] Training autoencoder on 9545 instances (256 features) for up to 50 epochs …
  Epoch   1/50 — loss: 0.856172 (best: 0.856172)
  Epoch  10/50 — loss: 0.406446 (best: 0.406446)
  Epoch  20/50 — loss: 0.362127 (best: 0.362127)
  Epoch  30/50 — loss: 0.341447 (best: 0.341447)
  Epoch  40/50 — loss: 0.328867 (best: 0.328867)
  Epoch  50/50 — loss: 0.321130 (best: 0.320614)
[AE-IS] Training finished — best loss: 0.320614
[AE-IS] Reconstruction error stats — min: 0.012943, median: 0.204778, max: 0.821558
[AE-IS] Removed 0 redundant + 0 noisy = 0 total instances
[AE-IS] Kept 9545 / 9545 (reduction = 0.00%)
[EntropySublinearAEIS] AE scores: min=0.0129, median=0.2048, max=0.8216
[EntropySublinearAEIS] Step 2 — Tessellating into 200 micro-clusters using minibatchkmeans...
[EntropySublinearAEIS] Step 3 — Entropy H=0.9430, adaptive reduction=29.28% (Keeping 6750 / 9545)
[EntropySublinearAEIS] Step 4 — Sublinear sampling (gamma=0.5). lambda = 5.6292
[EntropySublinearAEIS] Done — removed 2795 / 9545 (reduction = 29.28%)
Result: 
[8.827585697174072, 6.76924991607666, 6.618049621582031]
Fold 3
Fold 3
[EntropySublinearAEIS] Step 1 — Training Autoencoder for 50 epochs...
[AE-IS] Using GPU: NVIDIA A100-SXM4-80GB
[AE-IS] Architecture: 256 → 192 → 128 → 192 → 256
[AE-IS] Training autoencoder on 9545 instances (256 features) for up to 50 epochs …
  Epoch   1/50 — loss: 0.855209 (best: 0.855209)
  Epoch  10/50 — loss: 0.408537 (best: 0.408537)
  Epoch  20/50 — loss: 0.362399 (best: 0.362399)
  Epoch  30/50 — loss: 0.341153 (best: 0.341153)
  Epoch  40/50 — loss: 0.329377 (best: 0.329377)
  Epoch  50/50 — loss: 0.321035 (best: 0.321035)
[AE-IS] Training finished — best loss: 0.321035
[AE-IS] Reconstruction error stats — min: 0.012250, median: 0.206765, max: 0.833700
[AE-IS] Removed 0 redundant + 0 noisy = 0 total instances
[AE-IS] Kept 9545 / 9545 (reduction = 0.00%)
[EntropySublinearAEIS] AE scores: min=0.0122, median=0.2068, max=0.8337
[EntropySublinearAEIS] Step 2 — Tessellating into 200 micro-clusters using minibatchkmeans...
[EntropySublinearAEIS] Step 3 — Entropy H=0.9429, adaptive reduction=29.31% (Keeping 6747 / 9545)
[EntropySublinearAEIS] Step 4 — Sublinear sampling (gamma=0.5). lambda = 5.6045
[EntropySublinearAEIS] Done — removed 2797 / 9545 (reduction = 29.30%)
Result: 
[8.827585697174072, 6.76924991607666, 6.618049621582031, 7.154430866241455]
Fold 4
Fold 4
[EntropySublinearAEIS] Step 1 — Training Autoencoder for 50 epochs...
[AE-IS] Using GPU: NVIDIA A100-SXM4-80GB
[AE-IS] Architecture: 256 → 192 → 128 → 192 → 256
[AE-IS] Training autoencoder on 9545 instances (256 features) for up to 50 epochs …
  Epoch   1/50 — loss: 0.854505 (best: 0.854505)
  Epoch  10/50 — loss: 0.406147 (best: 0.406147)
  Epoch  20/50 — loss: 0.360497 (best: 0.360497)
  Epoch  30/50 — loss: 0.340327 (best: 0.340327)
  Epoch  40/50 — loss: 0.328184 (best: 0.328184)
  Epoch  50/50 — loss: 0.320881 (best: 0.320758)
[AE-IS] Training finished — best loss: 0.320758
[AE-IS] Reconstruction error stats — min: 0.014409, median: 0.205705, max: 0.813693
[AE-IS] Removed 0 redundant + 0 noisy = 0 total instances
[AE-IS] Kept 9545 / 9545 (reduction = 0.00%)
[EntropySublinearAEIS] AE scores: min=0.0144, median=0.2057, max=0.8137
[EntropySublinearAEIS] Step 2 — Tessellating into 200 micro-clusters using minibatchkmeans...
[EntropySublinearAEIS] Step 3 — Entropy H=0.9434, adaptive reduction=29.12% (Keeping 6765 / 9545)
[EntropySublinearAEIS] Step 4 — Sublinear sampling (gamma=0.5). lambda = 5.6073
[EntropySublinearAEIS] Done — removed 2780 / 9545 (reduction = 29.13%)
Result: 
[8.827585697174072, 6.76924991607666, 6.618049621582031, 7.154430866241455, 6.962969779968262]
Fold 5
Fold 5
[EntropySublinearAEIS] Step 1 — Training Autoencoder for 50 epochs...
[AE-IS] Using GPU: NVIDIA A100-SXM4-80GB
[AE-IS] Architecture: 256 → 192 → 128 → 192 → 256
[AE-IS] Training autoencoder on 9545 instances (256 features) for up to 50 epochs …
  Epoch   1/50 — loss: 0.854111 (best: 0.854111)
  Epoch  10/50 — loss: 0.407069 (best: 0.407069)
  Epoch  20/50 — loss: 0.360726 (best: 0.360726)
  Epoch  30/50 — loss: 0.340514 (best: 0.340514)
  Epoch  40/50 — loss: 0.328079 (best: 0.328079)
  Epoch  50/50 — loss: 0.319641 (best: 0.319641)
[AE-IS] Training finished — best loss: 0.319641
[AE-IS] Reconstruction error stats — min: 0.013717, median: 0.204649, max: 0.755881
[AE-IS] Removed 0 redundant + 0 noisy = 0 total instances
[AE-IS] Kept 9545 / 9545 (reduction = 0.00%)
[EntropySublinearAEIS] AE scores: min=0.0137, median=0.2046, max=0.7559
[EntropySublinearAEIS] Step 2 — Tessellating into 200 micro-clusters using minibatchkmeans...
[EntropySublinearAEIS] Step 3 — Entropy H=0.9368, adaptive reduction=31.23% (Keeping 6563 / 9545)
[EntropySublinearAEIS] Step 4 — Sublinear sampling (gamma=0.5). lambda = 5.5549
[EntropySublinearAEIS] Done — removed 2982 / 9545 (reduction = 31.24%)
Result: 
[8.827585697174072, 6.76924991607666, 6.618049621582031, 7.154430866241455, 6.962969779968262, 6.909855365753174]
Fold 6
Fold 6
[EntropySublinearAEIS] Step 1 — Training Autoencoder for 50 epochs...
[AE-IS] Using GPU: NVIDIA A100-SXM4-80GB
[AE-IS] Architecture: 256 → 192 → 128 → 192 → 256
[AE-IS] Training autoencoder on 9546 instances (256 features) for up to 50 epochs …
  Epoch   1/50 — loss: 0.853896 (best: 0.853896)
  Epoch  10/50 — loss: 0.406523 (best: 0.406523)
  Epoch  20/50 — loss: 0.361429 (best: 0.361429)
  Epoch  30/50 — loss: 0.340925 (best: 0.340925)
  Epoch  40/50 — loss: 0.328631 (best: 0.328631)
  Epoch  50/50 — loss: 0.320204 (best: 0.320204)
[AE-IS] Training finished — best loss: 0.320204
[AE-IS] Reconstruction error stats — min: 0.012967, median: 0.203761, max: 0.850980
[AE-IS] Removed 0 redundant + 0 noisy = 0 total instances
[AE-IS] Kept 9546 / 9546 (reduction = 0.00%)
[EntropySublinearAEIS] AE scores: min=0.0130, median=0.2038, max=0.8510
[EntropySublinearAEIS] Step 2 — Tessellating into 200 micro-clusters using minibatchkmeans...
[EntropySublinearAEIS] Step 3 — Entropy H=0.9390, adaptive reduction=30.56% (Keeping 6628 / 9546)
[EntropySublinearAEIS] Step 4 — Sublinear sampling (gamma=0.5). lambda = 5.5060
[EntropySublinearAEIS] Done — removed 2918 / 9546 (reduction = 30.57%)
Result: 
[8.827585697174072, 6.76924991607666, 6.618049621582031, 7.154430866241455, 6.962969779968262, 6.909855365753174, 6.762041091918945]
Fold 7
Fold 7
[EntropySublinearAEIS] Step 1 — Training Autoencoder for 50 epochs...
[AE-IS] Using GPU: NVIDIA A100-SXM4-80GB
[AE-IS] Architecture: 256 → 192 → 128 → 192 → 256
[AE-IS] Training autoencoder on 9546 instances (256 features) for up to 50 epochs …
  Epoch   1/50 — loss: 0.855153 (best: 0.855153)
  Epoch  10/50 — loss: 0.406257 (best: 0.406257)
  Epoch  20/50 — loss: 0.362061 (best: 0.362061)
  Epoch  30/50 — loss: 0.340818 (best: 0.340818)
  Epoch  40/50 — loss: 0.328643 (best: 0.328643)
  Epoch  50/50 — loss: 0.320306 (best: 0.320306)
[AE-IS] Training finished — best loss: 0.320306
[AE-IS] Reconstruction error stats — min: 0.012822, median: 0.203997, max: 0.795349
[AE-IS] Removed 0 redundant + 0 noisy = 0 total instances
[AE-IS] Kept 9546 / 9546 (reduction = 0.00%)
[EntropySublinearAEIS] AE scores: min=0.0128, median=0.2040, max=0.7953
[EntropySublinearAEIS] Step 2 — Tessellating into 200 micro-clusters using minibatchkmeans...
[EntropySublinearAEIS] Step 3 — Entropy H=0.9341, adaptive reduction=32.03% (Keeping 6488 / 9546)
[EntropySublinearAEIS] Step 4 — Sublinear sampling (gamma=0.5). lambda = 5.4174
[EntropySublinearAEIS] Done — removed 3058 / 9546 (reduction = 32.03%)
Result: 
[8.827585697174072, 6.76924991607666, 6.618049621582031, 7.154430866241455, 6.962969779968262, 6.909855365753174, 6.762041091918945, 6.798099517822266]
Fold 8
Fold 8
