Namespace(dataset='mpqa', method='autoencoder-is', folds=10, save=True, inputrep='jina-v5', out='/data/bernardolemos/results/jina-v5/instance_selection', datain='/data/bernardolemos/datasets', overwrite=1, inputdir='/data/bernardolemos/datasets/mpqa/jina-v5/', splitdir='/data/bernardolemos/datasets/mpqa/splits/', outputdir='/data/bernardolemos/results/jina-v5/instance_selection/selection/mpqa/', filename='/data/bernardolemos/results/jina-v5/instance_selection/selection/mpqa//saida_autoencoder-is', start_time='16-07-2026 21:44:23')
Namespace(dataset='mpqa', method='autoencoder-is', folds=10, save=True, inputrep='jina-v5', out='/data/bernardolemos/results/jina-v5/instance_selection', datain='/data/bernardolemos/datasets', overwrite=1, inputdir='/data/bernardolemos/datasets/mpqa/jina-v5/', splitdir='/data/bernardolemos/datasets/mpqa/splits/', outputdir='/data/bernardolemos/results/jina-v5/instance_selection/selection/mpqa/', filename='/data/bernardolemos/results/jina-v5/instance_selection/selection/mpqa//saida_autoencoder-is', start_time='16-07-2026 21:44:23')
/data/bernardolemos/datasets/mpqa/splits//split_10.pkl
Fold 0
Fold 0
[AE-IS] Using GPU: NVIDIA A100-SXM4-80GB
[AE-IS] Architecture: 256 → 134 → 12 → 134 → 256
[AE-IS] Training autoencoder on 9545 instances (256 features) for up to 20 epochs …
  Epoch   1/20 — loss: 0.856693 (best: 0.856693)
  Epoch  10/20 — loss: 0.610820 (best: 0.610820)
  Epoch  20/20 — loss: 0.589098 (best: 0.589098)
[AE-IS] Training finished — best loss: 0.589098
[AE-IS] Reconstruction error stats — min: 0.038213, median: 0.518712, max: 1.653432
[AE-IS] Redundant instances: 3818, removing 1909 with beta=0.5
[AE-IS] Noise instances: 2864, removing 477 with theta=0.1666666
[AE-IS] Removed 1909 redundant + 477 noisy = 2386 total instances
[AE-IS] Kept 7159 / 9545 (reduction = 25.00%)
Result: 
[8.365663051605225]
Fold 1
Fold 1
[AE-IS] Using GPU: NVIDIA A100-SXM4-80GB
[AE-IS] Architecture: 256 → 134 → 12 → 134 → 256
[AE-IS] Training autoencoder on 9545 instances (256 features) for up to 20 epochs …
  Epoch   1/20 — loss: 0.854100 (best: 0.854100)
  Epoch  10/20 — loss: 0.610828 (best: 0.610828)
  Epoch  20/20 — loss: 0.591589 (best: 0.590293)
[AE-IS] Training finished — best loss: 0.590293
[AE-IS] Reconstruction error stats — min: 0.031025, median: 0.519276, max: 1.603206
[AE-IS] Redundant instances: 3818, removing 1909 with beta=0.5
[AE-IS] Noise instances: 2864, removing 477 with theta=0.1666666
[AE-IS] Removed 1909 redundant + 477 noisy = 2386 total instances
[AE-IS] Kept 7159 / 9545 (reduction = 25.00%)
Result: 
[8.365663051605225, 6.337666273117065]
Fold 2
Fold 2
[AE-IS] Using GPU: NVIDIA A100-SXM4-80GB
[AE-IS] Architecture: 256 → 134 → 12 → 134 → 256
[AE-IS] Training autoencoder on 9545 instances (256 features) for up to 20 epochs …
  Epoch   1/20 — loss: 0.854379 (best: 0.854379)
  Epoch  10/20 — loss: 0.612196 (best: 0.612196)
  Epoch  20/20 — loss: 0.586426 (best: 0.586426)
[AE-IS] Training finished — best loss: 0.586426
[AE-IS] Reconstruction error stats — min: 0.043933, median: 0.516386, max: 1.488569
[AE-IS] Redundant instances: 3818, removing 1909 with beta=0.5
[AE-IS] Noise instances: 2864, removing 477 with theta=0.1666666
[AE-IS] Removed 1909 redundant + 477 noisy = 2386 total instances
[AE-IS] Kept 7159 / 9545 (reduction = 25.00%)
Result: 
[8.365663051605225, 6.337666273117065, 6.53755521774292]
Fold 3
Fold 3
[AE-IS] Using GPU: NVIDIA A100-SXM4-80GB
[AE-IS] Architecture: 256 → 134 → 12 → 134 → 256
[AE-IS] Training autoencoder on 9545 instances (256 features) for up to 20 epochs …
  Epoch   1/20 — loss: 0.853425 (best: 0.853425)
  Epoch  10/20 — loss: 0.611705 (best: 0.611705)
  Epoch  20/20 — loss: 0.588359 (best: 0.588359)
[AE-IS] Training finished — best loss: 0.588359
[AE-IS] Reconstruction error stats — min: 0.041630, median: 0.516073, max: 1.620353
[AE-IS] Redundant instances: 3818, removing 1909 with beta=0.5
[AE-IS] Noise instances: 2864, removing 477 with theta=0.1666666
[AE-IS] Removed 1909 redundant + 477 noisy = 2386 total instances
[AE-IS] Kept 7159 / 9545 (reduction = 25.00%)
Result: 
[8.365663051605225, 6.337666273117065, 6.53755521774292, 6.477773904800415]
Fold 4
Fold 4
[AE-IS] Using GPU: NVIDIA A100-SXM4-80GB
[AE-IS] Architecture: 256 → 134 → 12 → 134 → 256
[AE-IS] Training autoencoder on 9545 instances (256 features) for up to 20 epochs …
  Epoch   1/20 — loss: 0.851257 (best: 0.851257)
  Epoch  10/20 — loss: 0.609457 (best: 0.609457)
  Epoch  20/20 — loss: 0.587840 (best: 0.587840)
[AE-IS] Training finished — best loss: 0.587840
[AE-IS] Reconstruction error stats — min: 0.041763, median: 0.514196, max: 1.612538
[AE-IS] Redundant instances: 3818, removing 1909 with beta=0.5
[AE-IS] Noise instances: 2864, removing 477 with theta=0.1666666
[AE-IS] Removed 1909 redundant + 477 noisy = 2386 total instances
[AE-IS] Kept 7159 / 9545 (reduction = 25.00%)
Result: 
[8.365663051605225, 6.337666273117065, 6.53755521774292, 6.477773904800415, 6.443814754486084]
Fold 5
Fold 5
[AE-IS] Using GPU: NVIDIA A100-SXM4-80GB
[AE-IS] Architecture: 256 → 134 → 12 → 134 → 256
[AE-IS] Training autoencoder on 9545 instances (256 features) for up to 20 epochs …
  Epoch   1/20 — loss: 0.856173 (best: 0.856173)
  Epoch  10/20 — loss: 0.611646 (best: 0.611646)
  Epoch  20/20 — loss: 0.588207 (best: 0.588207)
[AE-IS] Training finished — best loss: 0.588207
[AE-IS] Reconstruction error stats — min: 0.042487, median: 0.516392, max: 1.450576
[AE-IS] Redundant instances: 3818, removing 1909 with beta=0.5
[AE-IS] Noise instances: 2864, removing 477 with theta=0.1666666
[AE-IS] Removed 1909 redundant + 477 noisy = 2386 total instances
[AE-IS] Kept 7159 / 9545 (reduction = 25.00%)
Result: 
[8.365663051605225, 6.337666273117065, 6.53755521774292, 6.477773904800415, 6.443814754486084, 6.447086334228516]
Fold 6
Fold 6
[AE-IS] Using GPU: NVIDIA A100-SXM4-80GB
[AE-IS] Architecture: 256 → 134 → 12 → 134 → 256
[AE-IS] Training autoencoder on 9546 instances (256 features) for up to 20 epochs …
  Epoch   1/20 — loss: 0.850776 (best: 0.850776)
  Epoch  10/20 — loss: 0.608777 (best: 0.608777)
  Epoch  20/20 — loss: 0.587074 (best: 0.587074)
[AE-IS] Training finished — best loss: 0.587074
[AE-IS] Reconstruction error stats — min: 0.038449, median: 0.512999, max: 1.605387
[AE-IS] Redundant instances: 3818, removing 1909 with beta=0.5
[AE-IS] Noise instances: 2863, removing 477 with theta=0.1666666
[AE-IS] Removed 1909 redundant + 477 noisy = 2386 total instances
[AE-IS] Kept 7160 / 9546 (reduction = 24.99%)
Result: 
[8.365663051605225, 6.337666273117065, 6.53755521774292, 6.477773904800415, 6.443814754486084, 6.447086334228516, 6.463760137557983]
Fold 7
Fold 7
[AE-IS] Using GPU: NVIDIA A100-SXM4-80GB
[AE-IS] Architecture: 256 → 134 → 12 → 134 → 256
[AE-IS] Training autoencoder on 9546 instances (256 features) for up to 20 epochs …
  Epoch   1/20 — loss: 0.852813 (best: 0.852813)
  Epoch  10/20 — loss: 0.609953 (best: 0.609953)
  Epoch  20/20 — loss: 0.587164 (best: 0.587011)
[AE-IS] Training finished — best loss: 0.587011
[AE-IS] Reconstruction error stats — min: 0.049214, median: 0.514253, max: 1.596042
[AE-IS] Redundant instances: 3818, removing 1909 with beta=0.5
[AE-IS] Noise instances: 2864, removing 477 with theta=0.1666666
[AE-IS] Removed 1909 redundant + 477 noisy = 2386 total instances
[AE-IS] Kept 7160 / 9546 (reduction = 24.99%)
Result: 
[8.365663051605225, 6.337666273117065, 6.53755521774292, 6.477773904800415, 6.443814754486084, 6.447086334228516, 6.463760137557983, 6.467413663864136]
Fold 8
Fold 8
[AE-IS] Using GPU: NVIDIA A100-SXM4-80GB
[AE-IS] Architecture: 256 → 134 → 12 → 134 → 256
[AE-IS] Training autoencoder on 9546 instances (256 features) for up to 20 epochs …
  Epoch   1/20 — loss: 0.853073 (best: 0.853073)
  Epoch  10/20 — loss: 0.609240 (best: 0.609240)
  Epoch  20/20 — loss: 0.586248 (best: 0.586248)
[AE-IS] Training finished — best loss: 0.586248
[AE-IS] Reconstruction error stats — min: 0.034380, median: 0.514753, max: 1.633295
[AE-IS] Redundant instances: 3818, removing 1909 with beta=0.5
[AE-IS] Noise instances: 2864, removing 477 with theta=0.1666666
[AE-IS] Removed 1909 redundant + 477 noisy = 2386 total instances
[AE-IS] Kept 7160 / 9546 (reduction = 24.99%)
Result: 
[8.365663051605225, 6.337666273117065, 6.53755521774292, 6.477773904800415, 6.443814754486084, 6.447086334228516, 6.463760137557983, 6.467413663864136, 6.537370443344116]
Fold 9
Fold 9
[AE-IS] Using GPU: NVIDIA A100-SXM4-80GB
[AE-IS] Architecture: 256 → 134 → 12 → 134 → 256
[AE-IS] Training autoencoder on 9546 instances (256 features) for up to 20 epochs …
  Epoch   1/20 — loss: 0.853318 (best: 0.853318)
  Epoch  10/20 — loss: 0.608500 (best: 0.608500)
  Epoch  20/20 — loss: 0.586704 (best: 0.586704)
[AE-IS] Training finished — best loss: 0.586704
[AE-IS] Reconstruction error stats — min: 0.041954, median: 0.517980, max: 1.558880
[AE-IS] Redundant instances: 3818, removing 1909 with beta=0.5
[AE-IS] Noise instances: 2864, removing 477 with theta=0.1666666
[AE-IS] Removed 1909 redundant + 477 noisy = 2386 total instances
[AE-IS] Kept 7160 / 9546 (reduction = 24.99%)
Result: 
[8.365663051605225, 6.337666273117065, 6.53755521774292, 6.477773904800415, 6.443814754486084, 6.447086334228516, 6.463760137557983, 6.467413663864136, 6.537370443344116, 6.465392351150513]
time: 6.654349613189697
time std: 0.5728562906998671
reducion: 0.24996333378220886
reducion std: 1.2828583267086664e-05
END
