Namespace(dataset='mpqa', method='sublinear-ae-is', folds=10, save=True, inputrep='jina-v5', out='/data/bernardolemos/results/jina-v5/instance_selection', datain='/data/bernardolemos/datasets', overwrite=1, inputdir='/data/bernardolemos/datasets/mpqa/jina-v5/', splitdir='/data/bernardolemos/datasets/mpqa/splits/', outputdir='/data/bernardolemos/results/jina-v5/instance_selection/selection/mpqa/', filename='/data/bernardolemos/results/jina-v5/instance_selection/selection/mpqa//saida_sublinear-ae-is', start_time='16-07-2026 21:45:50')
Namespace(dataset='mpqa', method='sublinear-ae-is', folds=10, save=True, inputrep='jina-v5', out='/data/bernardolemos/results/jina-v5/instance_selection', datain='/data/bernardolemos/datasets', overwrite=1, inputdir='/data/bernardolemos/datasets/mpqa/jina-v5/', splitdir='/data/bernardolemos/datasets/mpqa/splits/', outputdir='/data/bernardolemos/results/jina-v5/instance_selection/selection/mpqa/', filename='/data/bernardolemos/results/jina-v5/instance_selection/selection/mpqa//saida_sublinear-ae-is', start_time='16-07-2026 21:45:50')
/data/bernardolemos/datasets/mpqa/splits//split_10.pkl
Fold 0
Fold 0
[SublinearAEIS] Target reduction: 25.00% (Keeping 7158 / 9545 instances)
[SublinearAEIS] Step 1 — Training Autoencoder for 50 epochs...
[AE-IS] Using GPU: NVIDIA A100-SXM4-80GB
[AE-IS] Architecture: 256 → 192 → 128 → 192 → 256
[AE-IS] Training autoencoder on 9545 instances (256 features) for up to 50 epochs …
  Epoch   1/50 — loss: 0.854527 (best: 0.854527)
  Epoch  10/50 — loss: 0.406783 (best: 0.406783)
  Epoch  20/50 — loss: 0.361421 (best: 0.361421)
  Epoch  30/50 — loss: 0.340519 (best: 0.340519)
  Epoch  40/50 — loss: 0.328450 (best: 0.328450)
  Epoch  50/50 — loss: 0.320265 (best: 0.320265)
[AE-IS] Training finished — best loss: 0.320265
[AE-IS] Reconstruction error stats — min: 0.012716, median: 0.204386, max: 0.875211
[AE-IS] Removed 0 redundant + 0 noisy = 0 total instances
[AE-IS] Kept 9545 / 9545 (reduction = 0.00%)
[SublinearAEIS] Autoencoder scores: min=0.0127, median=0.2044, max=0.8752
[SublinearAEIS] Step 2 — Tessellating space into 200 micro-clusters...
[SublinearAEIS] Step 3 — Sublinear sampling (gamma=0.5). lambda = 6.2032
[SublinearAEIS] Done — removed 2386 / 9545 (reduction = 25.00%)
Result: 
[8.244572877883911]
Fold 1
Fold 1
[SublinearAEIS] Target reduction: 25.00% (Keeping 7158 / 9545 instances)
[SublinearAEIS] Step 1 — Training Autoencoder for 50 epochs...
[AE-IS] Using GPU: NVIDIA A100-SXM4-80GB
[AE-IS] Architecture: 256 → 192 → 128 → 192 → 256
[AE-IS] Training autoencoder on 9545 instances (256 features) for up to 50 epochs …
  Epoch   1/50 — loss: 0.854876 (best: 0.854876)
  Epoch  10/50 — loss: 0.407204 (best: 0.407204)
  Epoch  20/50 — loss: 0.362108 (best: 0.362108)
  Epoch  30/50 — loss: 0.340511 (best: 0.340511)
  Epoch  40/50 — loss: 0.328182 (best: 0.328182)
  Epoch  50/50 — loss: 0.321550 (best: 0.321357)
[AE-IS] Training finished — best loss: 0.321357
[AE-IS] Reconstruction error stats — min: 0.010597, median: 0.205613, max: 0.830968
[AE-IS] Removed 0 redundant + 0 noisy = 0 total instances
[AE-IS] Kept 9545 / 9545 (reduction = 0.00%)
[SublinearAEIS] Autoencoder scores: min=0.0106, median=0.2056, max=0.8310
[SublinearAEIS] Step 2 — Tessellating space into 200 micro-clusters...
[SublinearAEIS] Step 3 — Sublinear sampling (gamma=0.5). lambda = 6.1539
[SublinearAEIS] Done — removed 2387 / 9545 (reduction = 25.01%)
Result: 
[8.244572877883911, 6.609159708023071]
Fold 2
Fold 2
[SublinearAEIS] Target reduction: 25.00% (Keeping 7158 / 9545 instances)
[SublinearAEIS] Step 1 — Training Autoencoder for 50 epochs...
[AE-IS] Using GPU: NVIDIA A100-SXM4-80GB
[AE-IS] Architecture: 256 → 192 → 128 → 192 → 256
[AE-IS] Training autoencoder on 9545 instances (256 features) for up to 50 epochs …
  Epoch   1/50 — loss: 0.856172 (best: 0.856172)
  Epoch  10/50 — loss: 0.406446 (best: 0.406446)
  Epoch  20/50 — loss: 0.362127 (best: 0.362127)
  Epoch  30/50 — loss: 0.341447 (best: 0.341447)
  Epoch  40/50 — loss: 0.328867 (best: 0.328867)
  Epoch  50/50 — loss: 0.321130 (best: 0.320614)
[AE-IS] Training finished — best loss: 0.320614
[AE-IS] Reconstruction error stats — min: 0.012943, median: 0.204778, max: 0.821558
[AE-IS] Removed 0 redundant + 0 noisy = 0 total instances
[AE-IS] Kept 9545 / 9545 (reduction = 0.00%)
[SublinearAEIS] Autoencoder scores: min=0.0129, median=0.2048, max=0.8216
[SublinearAEIS] Step 2 — Tessellating space into 200 micro-clusters...
[SublinearAEIS] Step 3 — Sublinear sampling (gamma=0.5). lambda = 6.0755
[SublinearAEIS] Done — removed 2387 / 9545 (reduction = 25.01%)
Result: 
[8.244572877883911, 6.609159708023071, 6.80133843421936]
Fold 3
Fold 3
[SublinearAEIS] Target reduction: 25.00% (Keeping 7158 / 9545 instances)
[SublinearAEIS] Step 1 — Training Autoencoder for 50 epochs...
[AE-IS] Using GPU: NVIDIA A100-SXM4-80GB
[AE-IS] Architecture: 256 → 192 → 128 → 192 → 256
[AE-IS] Training autoencoder on 9545 instances (256 features) for up to 50 epochs …
  Epoch   1/50 — loss: 0.855209 (best: 0.855209)
  Epoch  10/50 — loss: 0.408537 (best: 0.408537)
  Epoch  20/50 — loss: 0.362399 (best: 0.362399)
  Epoch  30/50 — loss: 0.341153 (best: 0.341153)
  Epoch  40/50 — loss: 0.329377 (best: 0.329377)
  Epoch  50/50 — loss: 0.321035 (best: 0.321035)
[AE-IS] Training finished — best loss: 0.321035
[AE-IS] Reconstruction error stats — min: 0.012250, median: 0.206765, max: 0.833700
[AE-IS] Removed 0 redundant + 0 noisy = 0 total instances
[AE-IS] Kept 9545 / 9545 (reduction = 0.00%)
[SublinearAEIS] Autoencoder scores: min=0.0122, median=0.2068, max=0.8337
[SublinearAEIS] Step 2 — Tessellating space into 200 micro-clusters...
[SublinearAEIS] Step 3 — Sublinear sampling (gamma=0.5). lambda = 6.0908
[SublinearAEIS] Done — removed 2387 / 9545 (reduction = 25.01%)
Result: 
[8.244572877883911, 6.609159708023071, 6.80133843421936, 7.775229215621948]
Fold 4
Fold 4
[SublinearAEIS] Target reduction: 25.00% (Keeping 7158 / 9545 instances)
[SublinearAEIS] Step 1 — Training Autoencoder for 50 epochs...
[AE-IS] Using GPU: NVIDIA A100-SXM4-80GB
[AE-IS] Architecture: 256 → 192 → 128 → 192 → 256
[AE-IS] Training autoencoder on 9545 instances (256 features) for up to 50 epochs …
  Epoch   1/50 — loss: 0.854505 (best: 0.854505)
  Epoch  10/50 — loss: 0.406147 (best: 0.406147)
  Epoch  20/50 — loss: 0.360497 (best: 0.360497)
  Epoch  30/50 — loss: 0.340327 (best: 0.340327)
  Epoch  40/50 — loss: 0.328184 (best: 0.328184)
  Epoch  50/50 — loss: 0.320881 (best: 0.320758)
[AE-IS] Training finished — best loss: 0.320758
[AE-IS] Reconstruction error stats — min: 0.014409, median: 0.205705, max: 0.813693
[AE-IS] Removed 0 redundant + 0 noisy = 0 total instances
[AE-IS] Kept 9545 / 9545 (reduction = 0.00%)
[SublinearAEIS] Autoencoder scores: min=0.0144, median=0.2057, max=0.8137
[SublinearAEIS] Step 2 — Tessellating space into 200 micro-clusters...
[SublinearAEIS] Step 3 — Sublinear sampling (gamma=0.5). lambda = 6.0613
[SublinearAEIS] Done — removed 2387 / 9545 (reduction = 25.01%)
Result: 
[8.244572877883911, 6.609159708023071, 6.80133843421936, 7.775229215621948, 7.223942279815674]
Fold 5
Fold 5
[SublinearAEIS] Target reduction: 25.00% (Keeping 7158 / 9545 instances)
[SublinearAEIS] Step 1 — Training Autoencoder for 50 epochs...
[AE-IS] Using GPU: NVIDIA A100-SXM4-80GB
[AE-IS] Architecture: 256 → 192 → 128 → 192 → 256
[AE-IS] Training autoencoder on 9545 instances (256 features) for up to 50 epochs …
  Epoch   1/50 — loss: 0.854111 (best: 0.854111)
  Epoch  10/50 — loss: 0.407069 (best: 0.407069)
  Epoch  20/50 — loss: 0.360726 (best: 0.360726)
  Epoch  30/50 — loss: 0.340514 (best: 0.340514)
  Epoch  40/50 — loss: 0.328079 (best: 0.328079)
  Epoch  50/50 — loss: 0.319641 (best: 0.319641)
[AE-IS] Training finished — best loss: 0.319641
[AE-IS] Reconstruction error stats — min: 0.013717, median: 0.204649, max: 0.755881
[AE-IS] Removed 0 redundant + 0 noisy = 0 total instances
[AE-IS] Kept 9545 / 9545 (reduction = 0.00%)
[SublinearAEIS] Autoencoder scores: min=0.0137, median=0.2046, max=0.7559
[SublinearAEIS] Step 2 — Tessellating space into 200 micro-clusters...
[SublinearAEIS] Step 3 — Sublinear sampling (gamma=0.5). lambda = 6.2684
[SublinearAEIS] Done — removed 2387 / 9545 (reduction = 25.01%)
Result: 
[8.244572877883911, 6.609159708023071, 6.80133843421936, 7.775229215621948, 7.223942279815674, 6.825672149658203]
Fold 6
Fold 6
[SublinearAEIS] Target reduction: 25.00% (Keeping 7159 / 9546 instances)
[SublinearAEIS] Step 1 — Training Autoencoder for 50 epochs...
[AE-IS] Using GPU: NVIDIA A100-SXM4-80GB
[AE-IS] Architecture: 256 → 192 → 128 → 192 → 256
[AE-IS] Training autoencoder on 9546 instances (256 features) for up to 50 epochs …
  Epoch   1/50 — loss: 0.853896 (best: 0.853896)
  Epoch  10/50 — loss: 0.406523 (best: 0.406523)
  Epoch  20/50 — loss: 0.361429 (best: 0.361429)
  Epoch  30/50 — loss: 0.340925 (best: 0.340925)
  Epoch  40/50 — loss: 0.328631 (best: 0.328631)
  Epoch  50/50 — loss: 0.320204 (best: 0.320204)
[AE-IS] Training finished — best loss: 0.320204
[AE-IS] Reconstruction error stats — min: 0.012967, median: 0.203761, max: 0.850980
[AE-IS] Removed 0 redundant + 0 noisy = 0 total instances
[AE-IS] Kept 9546 / 9546 (reduction = 0.00%)
[SublinearAEIS] Autoencoder scores: min=0.0130, median=0.2038, max=0.8510
[SublinearAEIS] Step 2 — Tessellating space into 200 micro-clusters...
[SublinearAEIS] Step 3 — Sublinear sampling (gamma=0.5). lambda = 6.1470
[SublinearAEIS] Done — removed 2387 / 9546 (reduction = 25.01%)
Result: 
[8.244572877883911, 6.609159708023071, 6.80133843421936, 7.775229215621948, 7.223942279815674, 6.825672149658203, 6.61373496055603]
Fold 7
Fold 7
[SublinearAEIS] Target reduction: 25.00% (Keeping 7159 / 9546 instances)
[SublinearAEIS] Step 1 — Training Autoencoder for 50 epochs...
[AE-IS] Using GPU: NVIDIA A100-SXM4-80GB
[AE-IS] Architecture: 256 → 192 → 128 → 192 → 256
[AE-IS] Training autoencoder on 9546 instances (256 features) for up to 50 epochs …
  Epoch   1/50 — loss: 0.855153 (best: 0.855153)
  Epoch  10/50 — loss: 0.406257 (best: 0.406257)
  Epoch  20/50 — loss: 0.362061 (best: 0.362061)
  Epoch  30/50 — loss: 0.340818 (best: 0.340818)
  Epoch  40/50 — loss: 0.328643 (best: 0.328643)
  Epoch  50/50 — loss: 0.320306 (best: 0.320306)
[AE-IS] Training finished — best loss: 0.320306
[AE-IS] Reconstruction error stats — min: 0.012822, median: 0.203997, max: 0.795349
[AE-IS] Removed 0 redundant + 0 noisy = 0 total instances
[AE-IS] Kept 9546 / 9546 (reduction = 0.00%)
[SublinearAEIS] Autoencoder scores: min=0.0128, median=0.2040, max=0.7953
[SublinearAEIS] Step 2 — Tessellating space into 200 micro-clusters...
[SublinearAEIS] Step 3 — Sublinear sampling (gamma=0.5). lambda = 6.2306
[SublinearAEIS] Done — removed 2387 / 9546 (reduction = 25.01%)
Result: 
[8.244572877883911, 6.609159708023071, 6.80133843421936, 7.775229215621948, 7.223942279815674, 6.825672149658203, 6.61373496055603, 7.046865940093994]
Fold 8
Fold 8
[SublinearAEIS] Target reduction: 25.00% (Keeping 7159 / 9546 instances)
[SublinearAEIS] Step 1 — Training Autoencoder for 50 epochs...
[AE-IS] Using GPU: NVIDIA A100-SXM4-80GB
[AE-IS] Architecture: 256 → 192 → 128 → 192 → 256
[AE-IS] Training autoencoder on 9546 instances (256 features) for up to 50 epochs …
  Epoch   1/50 — loss: 0.854652 (best: 0.854652)
  Epoch  10/50 — loss: 0.406336 (best: 0.406336)
  Epoch  20/50 — loss: 0.359804 (best: 0.359804)
  Epoch  30/50 — loss: 0.340176 (best: 0.340176)
  Epoch  40/50 — loss: 0.327717 (best: 0.327717)
  Epoch  50/50 — loss: 0.320005 (best: 0.320005)
[AE-IS] Training finished — best loss: 0.320005
[AE-IS] Reconstruction error stats — min: 0.012395, median: 0.202420, max: 0.793689
[AE-IS] Removed 0 redundant + 0 noisy = 0 total instances
[AE-IS] Kept 9546 / 9546 (reduction = 0.00%)
[SublinearAEIS] Autoencoder scores: min=0.0124, median=0.2024, max=0.7937
[SublinearAEIS] Step 2 — Tessellating space into 200 micro-clusters...
[SublinearAEIS] Step 3 — Sublinear sampling (gamma=0.5). lambda = 6.1777
[SublinearAEIS] Done — removed 2387 / 9546 (reduction = 25.01%)
Result: 
[8.244572877883911, 6.609159708023071, 6.80133843421936, 7.775229215621948, 7.223942279815674, 6.825672149658203, 6.61373496055603, 7.046865940093994, 6.718696594238281]
Fold 9
Fold 9
[SublinearAEIS] Target reduction: 25.00% (Keeping 7159 / 9546 instances)
[SublinearAEIS] Step 1 — Training Autoencoder for 50 epochs...
[AE-IS] Using GPU: NVIDIA A100-SXM4-80GB
[AE-IS] Architecture: 256 → 192 → 128 → 192 → 256
[AE-IS] Training autoencoder on 9546 instances (256 features) for up to 50 epochs …
  Epoch   1/50 — loss: 0.854585 (best: 0.854585)
  Epoch  10/50 — loss: 0.405187 (best: 0.405187)
  Epoch  20/50 — loss: 0.361587 (best: 0.361587)
  Epoch  30/50 — loss: 0.341211 (best: 0.341211)
  Epoch  40/50 — loss: 0.328029 (best: 0.328029)
  Epoch  50/50 — loss: 0.320232 (best: 0.320232)
[AE-IS] Training finished — best loss: 0.320232
[AE-IS] Reconstruction error stats — min: 0.012614, median: 0.205635, max: 0.850149
[AE-IS] Removed 0 redundant + 0 noisy = 0 total instances
[AE-IS] Kept 9546 / 9546 (reduction = 0.00%)
[SublinearAEIS] Autoencoder scores: min=0.0126, median=0.2056, max=0.8501
[SublinearAEIS] Step 2 — Tessellating space into 200 micro-clusters...
[SublinearAEIS] Step 3 — Sublinear sampling (gamma=0.5). lambda = 6.2065
[SublinearAEIS] Done — removed 2386 / 9546 (reduction = 24.99%)
Result: 
[8.244572877883911, 6.609159708023071, 6.80133843421936, 7.775229215621948, 7.223942279815674, 6.825672149658203, 6.61373496055603, 7.046865940093994, 6.718696594238281, 6.631442070007324]
time: 7.04906542301178
time std: 0.5258321380726787
reducion: 0.25004714400465244
reducion std: 4.506054152965469e-05
END
