Namespace(dataset='ohsumed', method='sublinear-ae-is', folds=10, save=True, inputrep='jina-v5', out='/data/bernardolemos/results/jina-v5/instance_selection', datain='/data/bernardolemos/datasets', overwrite=1, inputdir='/data/bernardolemos/datasets/ohsumed/jina-v5/', splitdir='/data/bernardolemos/datasets/ohsumed/splits/', outputdir='/data/bernardolemos/results/jina-v5/instance_selection/selection/ohsumed/', filename='/data/bernardolemos/results/jina-v5/instance_selection/selection/ohsumed//saida_sublinear-ae-is', start_time='16-07-2026 22:24:42')
Namespace(dataset='ohsumed', method='sublinear-ae-is', folds=10, save=True, inputrep='jina-v5', out='/data/bernardolemos/results/jina-v5/instance_selection', datain='/data/bernardolemos/datasets', overwrite=1, inputdir='/data/bernardolemos/datasets/ohsumed/jina-v5/', splitdir='/data/bernardolemos/datasets/ohsumed/splits/', outputdir='/data/bernardolemos/results/jina-v5/instance_selection/selection/ohsumed/', filename='/data/bernardolemos/results/jina-v5/instance_selection/selection/ohsumed//saida_sublinear-ae-is', start_time='16-07-2026 22:24:42')
/data/bernardolemos/datasets/ohsumed/splits//split_10.pkl
Fold 0
Fold 0
[SublinearAEIS] Target reduction: 25.00% (Keeping 12353 / 16471 instances)
[SublinearAEIS] Step 1 — Training Autoencoder for 50 epochs...
[AE-IS] Using GPU: NVIDIA A100-SXM4-80GB
[AE-IS] Architecture: 256 → 192 → 128 → 192 → 256
[AE-IS] Training autoencoder on 16471 instances (256 features) for up to 50 epochs …
  Epoch   1/50 — loss: 0.577996 (best: 0.577996)
  Epoch  10/50 — loss: 0.179974 (best: 0.179974)
  Epoch  20/50 — loss: 0.163764 (best: 0.163680)
  Epoch  30/50 — loss: 0.155686 (best: 0.155686)
  Epoch  40/50 — loss: 0.152661 (best: 0.152661)
  Epoch  50/50 — loss: 0.150211 (best: 0.150211)
[AE-IS] Training finished — best loss: 0.150211
[AE-IS] Reconstruction error stats — min: 0.021373, median: 0.076046, max: 1.202854
[AE-IS] Removed 0 redundant + 0 noisy = 0 total instances
[AE-IS] Kept 16471 / 16471 (reduction = 0.00%)
[SublinearAEIS] Autoencoder scores: min=0.0214, median=0.0760, max=1.2029
[SublinearAEIS] Step 2 — Tessellating space into 200 micro-clusters...
[SublinearAEIS] Step 3 — Sublinear sampling (gamma=0.5). lambda = 7.1957
[SublinearAEIS] Done — removed 4118 / 16471 (reduction = 25.00%)
Result: 
[12.492190599441528]
Fold 1
Fold 1
[SublinearAEIS] Target reduction: 25.00% (Keeping 12353 / 16471 instances)
[SublinearAEIS] Step 1 — Training Autoencoder for 50 epochs...
[AE-IS] Using GPU: NVIDIA A100-SXM4-80GB
[AE-IS] Architecture: 256 → 192 → 128 → 192 → 256
[AE-IS] Training autoencoder on 16471 instances (256 features) for up to 50 epochs …
  Epoch   1/50 — loss: 0.578831 (best: 0.578831)
  Epoch  10/50 — loss: 0.179445 (best: 0.179445)
  Epoch  20/50 — loss: 0.162622 (best: 0.162622)
  Epoch  30/50 — loss: 0.156093 (best: 0.156093)
  Epoch  40/50 — loss: 0.152682 (best: 0.152682)
  Epoch  50/50 — loss: 0.150121 (best: 0.150121)
[AE-IS] Training finished — best loss: 0.150121
[AE-IS] Reconstruction error stats — min: 0.021792, median: 0.076682, max: 1.154722
[AE-IS] Removed 0 redundant + 0 noisy = 0 total instances
[AE-IS] Kept 16471 / 16471 (reduction = 0.00%)
[SublinearAEIS] Autoencoder scores: min=0.0218, median=0.0767, max=1.1547
[SublinearAEIS] Step 2 — Tessellating space into 200 micro-clusters...
[SublinearAEIS] Step 3 — Sublinear sampling (gamma=0.5). lambda = 7.1792
[SublinearAEIS] Done — removed 4118 / 16471 (reduction = 25.00%)
Result: 
[12.492190599441528, 11.17739748954773]
Fold 2
Fold 2
[SublinearAEIS] Target reduction: 25.00% (Keeping 12354 / 16472 instances)
[SublinearAEIS] Step 1 — Training Autoencoder for 50 epochs...
[AE-IS] Using GPU: NVIDIA A100-SXM4-80GB
[AE-IS] Architecture: 256 → 192 → 128 → 192 → 256
[AE-IS] Training autoencoder on 16472 instances (256 features) for up to 50 epochs …
  Epoch   1/50 — loss: 0.577799 (best: 0.577799)
  Epoch  10/50 — loss: 0.180182 (best: 0.180182)
  Epoch  20/50 — loss: 0.162676 (best: 0.162676)
  Epoch  30/50 — loss: 0.156883 (best: 0.156883)
  Epoch  40/50 — loss: 0.153137 (best: 0.153137)
  Epoch  50/50 — loss: 0.150103 (best: 0.149919)
[AE-IS] Training finished — best loss: 0.149919
[AE-IS] Reconstruction error stats — min: 0.018344, median: 0.076322, max: 1.175041
[AE-IS] Removed 0 redundant + 0 noisy = 0 total instances
[AE-IS] Kept 16472 / 16472 (reduction = 0.00%)
[SublinearAEIS] Autoencoder scores: min=0.0183, median=0.0763, max=1.1750
[SublinearAEIS] Step 2 — Tessellating space into 200 micro-clusters...
[SublinearAEIS] Step 3 — Sublinear sampling (gamma=0.5). lambda = 7.0944
[SublinearAEIS] Done — removed 4117 / 16472 (reduction = 24.99%)
Result: 
[12.492190599441528, 11.17739748954773, 11.171869277954102]
Fold 3
Fold 3
[SublinearAEIS] Target reduction: 25.00% (Keeping 12354 / 16472 instances)
[SublinearAEIS] Step 1 — Training Autoencoder for 50 epochs...
[AE-IS] Using GPU: NVIDIA A100-SXM4-80GB
[AE-IS] Architecture: 256 → 192 → 128 → 192 → 256
[AE-IS] Training autoencoder on 16472 instances (256 features) for up to 50 epochs …
  Epoch   1/50 — loss: 0.579043 (best: 0.579043)
  Epoch  10/50 — loss: 0.179703 (best: 0.179703)
  Epoch  20/50 — loss: 0.162664 (best: 0.162664)
  Epoch  30/50 — loss: 0.156220 (best: 0.156220)
  Epoch  40/50 — loss: 0.152351 (best: 0.152351)
  Epoch  50/50 — loss: 0.150549 (best: 0.149628)
[AE-IS] Training finished — best loss: 0.149628
[AE-IS] Reconstruction error stats — min: 0.022971, median: 0.077472, max: 1.171286
[AE-IS] Removed 0 redundant + 0 noisy = 0 total instances
[AE-IS] Kept 16472 / 16472 (reduction = 0.00%)
[SublinearAEIS] Autoencoder scores: min=0.0230, median=0.0775, max=1.1713
[SublinearAEIS] Step 2 — Tessellating space into 200 micro-clusters...
[SublinearAEIS] Step 3 — Sublinear sampling (gamma=0.5). lambda = 7.0763
[SublinearAEIS] Done — removed 4117 / 16472 (reduction = 24.99%)
Result: 
[12.492190599441528, 11.17739748954773, 11.171869277954102, 11.015763998031616]
Fold 4
Fold 4
[SublinearAEIS] Target reduction: 25.00% (Keeping 12354 / 16472 instances)
[SublinearAEIS] Step 1 — Training Autoencoder for 50 epochs...
[AE-IS] Using GPU: NVIDIA A100-SXM4-80GB
[AE-IS] Architecture: 256 → 192 → 128 → 192 → 256
[AE-IS] Training autoencoder on 16472 instances (256 features) for up to 50 epochs …
  Epoch   1/50 — loss: 0.577773 (best: 0.577773)
  Epoch  10/50 — loss: 0.179254 (best: 0.179254)
  Epoch  20/50 — loss: 0.163009 (best: 0.163009)
  Epoch  30/50 — loss: 0.155907 (best: 0.155907)
  Epoch  40/50 — loss: 0.152845 (best: 0.152458)
  Epoch  50/50 — loss: 0.150417 (best: 0.149848)
[AE-IS] Training finished — best loss: 0.149848
[AE-IS] Reconstruction error stats — min: 0.020816, median: 0.076824, max: 1.215408
[AE-IS] Removed 0 redundant + 0 noisy = 0 total instances
[AE-IS] Kept 16472 / 16472 (reduction = 0.00%)
[SublinearAEIS] Autoencoder scores: min=0.0208, median=0.0768, max=1.2154
[SublinearAEIS] Step 2 — Tessellating space into 200 micro-clusters...
[SublinearAEIS] Step 3 — Sublinear sampling (gamma=0.5). lambda = 7.1832
[SublinearAEIS] Done — removed 4118 / 16472 (reduction = 25.00%)
Result: 
[12.492190599441528, 11.17739748954773, 11.171869277954102, 11.015763998031616, 10.960004329681396]
Fold 5
Fold 5
[SublinearAEIS] Target reduction: 25.00% (Keeping 12354 / 16472 instances)
[SublinearAEIS] Step 1 — Training Autoencoder for 50 epochs...
[AE-IS] Using GPU: NVIDIA A100-SXM4-80GB
[AE-IS] Architecture: 256 → 192 → 128 → 192 → 256
[AE-IS] Training autoencoder on 16472 instances (256 features) for up to 50 epochs …
  Epoch   1/50 — loss: 0.577760 (best: 0.577760)
  Epoch  10/50 — loss: 0.179569 (best: 0.179569)
  Epoch  20/50 — loss: 0.163128 (best: 0.163128)
  Epoch  30/50 — loss: 0.155937 (best: 0.155937)
  Epoch  40/50 — loss: 0.152394 (best: 0.152394)
  Epoch  50/50 — loss: 0.150522 (best: 0.150522)
[AE-IS] Training finished — best loss: 0.150522
[AE-IS] Reconstruction error stats — min: 0.020752, median: 0.076272, max: 0.853799
[AE-IS] Removed 0 redundant + 0 noisy = 0 total instances
[AE-IS] Kept 16472 / 16472 (reduction = 0.00%)
[SublinearAEIS] Autoencoder scores: min=0.0208, median=0.0763, max=0.8538
[SublinearAEIS] Step 2 — Tessellating space into 200 micro-clusters...
[SublinearAEIS] Step 3 — Sublinear sampling (gamma=0.5). lambda = 7.0676
[SublinearAEIS] Done — removed 4116 / 16472 (reduction = 24.99%)
Result: 
[12.492190599441528, 11.17739748954773, 11.171869277954102, 11.015763998031616, 10.960004329681396, 10.956648349761963]
Fold 6
Fold 6
[SublinearAEIS] Target reduction: 25.00% (Keeping 12354 / 16472 instances)
[SublinearAEIS] Step 1 — Training Autoencoder for 50 epochs...
[AE-IS] Using GPU: NVIDIA A100-SXM4-80GB
[AE-IS] Architecture: 256 → 192 → 128 → 192 → 256
[AE-IS] Training autoencoder on 16472 instances (256 features) for up to 50 epochs …
  Epoch   1/50 — loss: 0.576355 (best: 0.576355)
  Epoch  10/50 — loss: 0.179836 (best: 0.179836)
  Epoch  20/50 — loss: 0.163243 (best: 0.163243)
  Epoch  30/50 — loss: 0.156795 (best: 0.156795)
  Epoch  40/50 — loss: 0.152879 (best: 0.152879)
  Epoch  50/50 — loss: 0.150924 (best: 0.150178)
[AE-IS] Training finished — best loss: 0.150178
[AE-IS] Reconstruction error stats — min: 0.019955, median: 0.076888, max: 1.233535
[AE-IS] Removed 0 redundant + 0 noisy = 0 total instances
[AE-IS] Kept 16472 / 16472 (reduction = 0.00%)
[SublinearAEIS] Autoencoder scores: min=0.0200, median=0.0769, max=1.2335
[SublinearAEIS] Step 2 — Tessellating space into 200 micro-clusters...
[SublinearAEIS] Step 3 — Sublinear sampling (gamma=0.5). lambda = 7.1111
[SublinearAEIS] Done — removed 4114 / 16472 (reduction = 24.98%)
Result: 
[12.492190599441528, 11.17739748954773, 11.171869277954102, 11.015763998031616, 10.960004329681396, 10.956648349761963, 10.808777570724487]
Fold 7
Fold 7
[SublinearAEIS] Target reduction: 25.00% (Keeping 12354 / 16472 instances)
[SublinearAEIS] Step 1 — Training Autoencoder for 50 epochs...
[AE-IS] Using GPU: NVIDIA A100-SXM4-80GB
[AE-IS] Architecture: 256 → 192 → 128 → 192 → 256
[AE-IS] Training autoencoder on 16472 instances (256 features) for up to 50 epochs …
  Epoch   1/50 — loss: 0.575549 (best: 0.575549)
  Epoch  10/50 — loss: 0.179907 (best: 0.179907)
  Epoch  20/50 — loss: 0.162633 (best: 0.162633)
  Epoch  30/50 — loss: 0.155928 (best: 0.155928)
  Epoch  40/50 — loss: 0.153216 (best: 0.152151)
  Epoch  50/50 — loss: 0.150806 (best: 0.150351)
[AE-IS] Training finished — best loss: 0.150351
[AE-IS] Reconstruction error stats — min: 0.020479, median: 0.076856, max: 1.179590
[AE-IS] Removed 0 redundant + 0 noisy = 0 total instances
[AE-IS] Kept 16472 / 16472 (reduction = 0.00%)
[SublinearAEIS] Autoencoder scores: min=0.0205, median=0.0769, max=1.1796
[SublinearAEIS] Step 2 — Tessellating space into 200 micro-clusters...
[SublinearAEIS] Step 3 — Sublinear sampling (gamma=0.5). lambda = 7.1358
[SublinearAEIS] Done — removed 4118 / 16472 (reduction = 25.00%)
Result: 
[12.492190599441528, 11.17739748954773, 11.171869277954102, 11.015763998031616, 10.960004329681396, 10.956648349761963, 10.808777570724487, 10.89259958267212]
Fold 8
Fold 8
[SublinearAEIS] Target reduction: 25.00% (Keeping 12354 / 16472 instances)
[SublinearAEIS] Step 1 — Training Autoencoder for 50 epochs...
[AE-IS] Using GPU: NVIDIA A100-SXM4-80GB
[AE-IS] Architecture: 256 → 192 → 128 → 192 → 256
[AE-IS] Training autoencoder on 16472 instances (256 features) for up to 50 epochs …
  Epoch   1/50 — loss: 0.577873 (best: 0.577873)
  Epoch  10/50 — loss: 0.179445 (best: 0.179445)
  Epoch  20/50 — loss: 0.162854 (best: 0.162854)
  Epoch  30/50 — loss: 0.156852 (best: 0.156852)
  Epoch  40/50 — loss: 0.152348 (best: 0.152348)
  Epoch  50/50 — loss: 0.150506 (best: 0.150341)
[AE-IS] Training finished — best loss: 0.150341
[AE-IS] Reconstruction error stats — min: 0.020716, median: 0.076230, max: 1.232068
[AE-IS] Removed 0 redundant + 0 noisy = 0 total instances
[AE-IS] Kept 16472 / 16472 (reduction = 0.00%)
[SublinearAEIS] Autoencoder scores: min=0.0207, median=0.0762, max=1.2321
[SublinearAEIS] Step 2 — Tessellating space into 200 micro-clusters...
[SublinearAEIS] Step 3 — Sublinear sampling (gamma=0.5). lambda = 7.0944
[SublinearAEIS] Done — removed 4118 / 16472 (reduction = 25.00%)
Result: 
[12.492190599441528, 11.17739748954773, 11.171869277954102, 11.015763998031616, 10.960004329681396, 10.956648349761963, 10.808777570724487, 10.89259958267212, 13.819001197814941]
Fold 9
Fold 9
[SublinearAEIS] Target reduction: 25.00% (Keeping 12354 / 16472 instances)
[SublinearAEIS] Step 1 — Training Autoencoder for 50 epochs...
[AE-IS] Using GPU: NVIDIA A100-SXM4-80GB
[AE-IS] Architecture: 256 → 192 → 128 → 192 → 256
[AE-IS] Training autoencoder on 16472 instances (256 features) for up to 50 epochs …
  Epoch   1/50 — loss: 0.576539 (best: 0.576539)
  Epoch  10/50 — loss: 0.179065 (best: 0.179065)
  Epoch  20/50 — loss: 0.163060 (best: 0.163060)
  Epoch  30/50 — loss: 0.155795 (best: 0.155795)
  Epoch  40/50 — loss: 0.153055 (best: 0.152211)
  Epoch  50/50 — loss: 0.150028 (best: 0.150028)
[AE-IS] Training finished — best loss: 0.150028
[AE-IS] Reconstruction error stats — min: 0.020852, median: 0.075884, max: 1.223691
[AE-IS] Removed 0 redundant + 0 noisy = 0 total instances
[AE-IS] Kept 16472 / 16472 (reduction = 0.00%)
[SublinearAEIS] Autoencoder scores: min=0.0209, median=0.0759, max=1.2237
[SublinearAEIS] Step 2 — Tessellating space into 200 micro-clusters...
[SublinearAEIS] Step 3 — Sublinear sampling (gamma=0.5). lambda = 7.0824
[SublinearAEIS] Done — removed 4118 / 16472 (reduction = 25.00%)
Result: 
[12.492190599441528, 11.17739748954773, 11.171869277954102, 11.015763998031616, 10.960004329681396, 10.956648349761963, 10.808777570724487, 10.89259958267212, 13.819001197814941, 13.203412532806396]
time: 11.649766492843629
time std: 1.0449545293364695
reducion: 0.2499544683727318
reducion std: 7.79823713647366e-05
END
