Namespace(dataset='ohsumed', method='autoencoder-is', folds=10, save=True, inputrep='jina-v5', out='/data/bernardolemos/results/jina-v5/instance_selection', datain='/data/bernardolemos/datasets', overwrite=1, inputdir='/data/bernardolemos/datasets/ohsumed/jina-v5/', splitdir='/data/bernardolemos/datasets/ohsumed/splits/', outputdir='/data/bernardolemos/results/jina-v5/instance_selection/selection/ohsumed/', filename='/data/bernardolemos/results/jina-v5/instance_selection/selection/ohsumed//saida_autoencoder-is', start_time='16-07-2026 22:22:14')
Namespace(dataset='ohsumed', method='autoencoder-is', folds=10, save=True, inputrep='jina-v5', out='/data/bernardolemos/results/jina-v5/instance_selection', datain='/data/bernardolemos/datasets', overwrite=1, inputdir='/data/bernardolemos/datasets/ohsumed/jina-v5/', splitdir='/data/bernardolemos/datasets/ohsumed/splits/', outputdir='/data/bernardolemos/results/jina-v5/instance_selection/selection/ohsumed/', filename='/data/bernardolemos/results/jina-v5/instance_selection/selection/ohsumed//saida_autoencoder-is', start_time='16-07-2026 22:22:14')
/data/bernardolemos/datasets/ohsumed/splits//split_10.pkl
Fold 0
Fold 0
[AE-IS] Using GPU: NVIDIA A100-SXM4-80GB
[AE-IS] Architecture: 256 → 134 → 12 → 134 → 256
[AE-IS] Training autoencoder on 16471 instances (256 features) for up to 20 epochs …
  Epoch   1/20 — loss: 0.583946 (best: 0.583946)
  Epoch  10/20 — loss: 0.323467 (best: 0.323467)
  Epoch  20/20 — loss: 0.307415 (best: 0.306824)
[AE-IS] Training finished — best loss: 0.306824
[AE-IS] Reconstruction error stats — min: 0.044192, median: 0.207103, max: 1.774849
[AE-IS] Redundant instances: 6588, removing 3294 with beta=0.5
[AE-IS] Noise instances: 4941, removing 823 with theta=0.1666666
[AE-IS] Removed 3294 redundant + 823 noisy = 4117 total instances
[AE-IS] Kept 12354 / 16471 (reduction = 25.00%)
Result: 
[15.069254636764526]
Fold 1
Fold 1
[AE-IS] Using GPU: NVIDIA A100-SXM4-80GB
[AE-IS] Architecture: 256 → 134 → 12 → 134 → 256
[AE-IS] Training autoencoder on 16471 instances (256 features) for up to 20 epochs …
  Epoch   1/20 — loss: 0.578968 (best: 0.578968)
  Epoch  10/20 — loss: 0.323696 (best: 0.323696)
  Epoch  20/20 — loss: 0.304746 (best: 0.304746)
[AE-IS] Training finished — best loss: 0.304746
[AE-IS] Reconstruction error stats — min: 0.042744, median: 0.202669, max: 1.796484
[AE-IS] Redundant instances: 6588, removing 3294 with beta=0.5
[AE-IS] Noise instances: 4941, removing 823 with theta=0.1666666
[AE-IS] Removed 3294 redundant + 823 noisy = 4117 total instances
[AE-IS] Kept 12354 / 16471 (reduction = 25.00%)
Result: 
[15.069254636764526, 10.979486465454102]
Fold 2
Fold 2
[AE-IS] Using GPU: NVIDIA A100-SXM4-80GB
[AE-IS] Architecture: 256 → 134 → 12 → 134 → 256
[AE-IS] Training autoencoder on 16472 instances (256 features) for up to 20 epochs …
  Epoch   1/20 — loss: 0.581557 (best: 0.581557)
  Epoch  10/20 — loss: 0.324086 (best: 0.324086)
  Epoch  20/20 — loss: 0.306631 (best: 0.306631)
[AE-IS] Training finished — best loss: 0.306631
[AE-IS] Reconstruction error stats — min: 0.051721, median: 0.204172, max: 1.861889
[AE-IS] Redundant instances: 6589, removing 3294 with beta=0.5
[AE-IS] Noise instances: 4942, removing 823 with theta=0.1666666
[AE-IS] Removed 3294 redundant + 823 noisy = 4117 total instances
[AE-IS] Kept 12355 / 16472 (reduction = 24.99%)
Result: 
[15.069254636764526, 10.979486465454102, 10.968813419342041]
Fold 3
Fold 3
[AE-IS] Using GPU: NVIDIA A100-SXM4-80GB
[AE-IS] Architecture: 256 → 134 → 12 → 134 → 256
[AE-IS] Training autoencoder on 16472 instances (256 features) for up to 20 epochs …
  Epoch   1/20 — loss: 0.580731 (best: 0.580731)
  Epoch  10/20 — loss: 0.321539 (best: 0.321539)
  Epoch  20/20 — loss: 0.306280 (best: 0.306280)
[AE-IS] Training finished — best loss: 0.306280
[AE-IS] Reconstruction error stats — min: 0.048842, median: 0.203927, max: 1.810181
[AE-IS] Redundant instances: 6589, removing 3294 with beta=0.5
[AE-IS] Noise instances: 4942, removing 823 with theta=0.1666666
[AE-IS] Removed 3294 redundant + 823 noisy = 4117 total instances
[AE-IS] Kept 12355 / 16472 (reduction = 24.99%)
Result: 
[15.069254636764526, 10.979486465454102, 10.968813419342041, 10.999752759933472]
Fold 4
Fold 4
[AE-IS] Using GPU: NVIDIA A100-SXM4-80GB
[AE-IS] Architecture: 256 → 134 → 12 → 134 → 256
[AE-IS] Training autoencoder on 16472 instances (256 features) for up to 20 epochs …
  Epoch   1/20 — loss: 0.578922 (best: 0.578922)
  Epoch  10/20 — loss: 0.321831 (best: 0.321831)
  Epoch  20/20 — loss: 0.304251 (best: 0.304251)
[AE-IS] Training finished — best loss: 0.304251
[AE-IS] Reconstruction error stats — min: 0.049079, median: 0.202950, max: 1.723021
[AE-IS] Redundant instances: 6589, removing 3294 with beta=0.5
[AE-IS] Noise instances: 4942, removing 823 with theta=0.1666666
[AE-IS] Removed 3294 redundant + 823 noisy = 4117 total instances
[AE-IS] Kept 12355 / 16472 (reduction = 24.99%)
Result: 
[15.069254636764526, 10.979486465454102, 10.968813419342041, 10.999752759933472, 10.989956617355347]
Fold 5
Fold 5
[AE-IS] Using GPU: NVIDIA A100-SXM4-80GB
[AE-IS] Architecture: 256 → 134 → 12 → 134 → 256
[AE-IS] Training autoencoder on 16472 instances (256 features) for up to 20 epochs …
  Epoch   1/20 — loss: 0.583696 (best: 0.583696)
  Epoch  10/20 — loss: 0.322711 (best: 0.322711)
  Epoch  20/20 — loss: 0.306776 (best: 0.306776)
[AE-IS] Training finished — best loss: 0.306776
[AE-IS] Reconstruction error stats — min: 0.045261, median: 0.203694, max: 1.518616
[AE-IS] Redundant instances: 6589, removing 3294 with beta=0.5
[AE-IS] Noise instances: 4942, removing 823 with theta=0.1666666
[AE-IS] Removed 3294 redundant + 823 noisy = 4117 total instances
[AE-IS] Kept 12355 / 16472 (reduction = 24.99%)
Result: 
[15.069254636764526, 10.979486465454102, 10.968813419342041, 10.999752759933472, 10.989956617355347, 10.97819995880127]
Fold 6
Fold 6
[AE-IS] Using GPU: NVIDIA A100-SXM4-80GB
[AE-IS] Architecture: 256 → 134 → 12 → 134 → 256
[AE-IS] Training autoencoder on 16472 instances (256 features) for up to 20 epochs …
  Epoch   1/20 — loss: 0.579564 (best: 0.579564)
  Epoch  10/20 — loss: 0.322881 (best: 0.322881)
  Epoch  20/20 — loss: 0.308059 (best: 0.307620)
[AE-IS] Training finished — best loss: 0.307620
[AE-IS] Reconstruction error stats — min: 0.046474, median: 0.209502, max: 1.847919
[AE-IS] Redundant instances: 6589, removing 3294 with beta=0.5
[AE-IS] Noise instances: 4942, removing 823 with theta=0.1666666
[AE-IS] Removed 3294 redundant + 823 noisy = 4117 total instances
[AE-IS] Kept 12355 / 16472 (reduction = 24.99%)
Result: 
[15.069254636764526, 10.979486465454102, 10.968813419342041, 10.999752759933472, 10.989956617355347, 10.97819995880127, 11.013991355895996]
Fold 7
Fold 7
[AE-IS] Using GPU: NVIDIA A100-SXM4-80GB
[AE-IS] Architecture: 256 → 134 → 12 → 134 → 256
[AE-IS] Training autoencoder on 16472 instances (256 features) for up to 20 epochs …
  Epoch   1/20 — loss: 0.578556 (best: 0.578556)
  Epoch  10/20 — loss: 0.321151 (best: 0.321151)
  Epoch  20/20 — loss: 0.303524 (best: 0.303524)
[AE-IS] Training finished — best loss: 0.303524
[AE-IS] Reconstruction error stats — min: 0.041452, median: 0.203325, max: 1.759070
[AE-IS] Redundant instances: 6589, removing 3294 with beta=0.5
[AE-IS] Noise instances: 4942, removing 823 with theta=0.1666666
[AE-IS] Removed 3294 redundant + 823 noisy = 4117 total instances
[AE-IS] Kept 12355 / 16472 (reduction = 24.99%)
Result: 
[15.069254636764526, 10.979486465454102, 10.968813419342041, 10.999752759933472, 10.989956617355347, 10.97819995880127, 11.013991355895996, 11.010696411132812]
Fold 8
Fold 8
[AE-IS] Using GPU: NVIDIA A100-SXM4-80GB
[AE-IS] Architecture: 256 → 134 → 12 → 134 → 256
[AE-IS] Training autoencoder on 16472 instances (256 features) for up to 20 epochs …
  Epoch   1/20 — loss: 0.579685 (best: 0.579685)
  Epoch  10/20 — loss: 0.322452 (best: 0.322452)
  Epoch  20/20 — loss: 0.306336 (best: 0.306336)
[AE-IS] Training finished — best loss: 0.306336
[AE-IS] Reconstruction error stats — min: 0.049627, median: 0.205077, max: 1.824701
[AE-IS] Redundant instances: 6589, removing 3294 with beta=0.5
[AE-IS] Noise instances: 4942, removing 823 with theta=0.1666666
[AE-IS] Removed 3294 redundant + 823 noisy = 4117 total instances
[AE-IS] Kept 12355 / 16472 (reduction = 24.99%)
Result: 
[15.069254636764526, 10.979486465454102, 10.968813419342041, 10.999752759933472, 10.989956617355347, 10.97819995880127, 11.013991355895996, 11.010696411132812, 10.963627815246582]
Fold 9
Fold 9
[AE-IS] Using GPU: NVIDIA A100-SXM4-80GB
[AE-IS] Architecture: 256 → 134 → 12 → 134 → 256
[AE-IS] Training autoencoder on 16472 instances (256 features) for up to 20 epochs …
  Epoch   1/20 — loss: 0.583957 (best: 0.583957)
  Epoch  10/20 — loss: 0.321999 (best: 0.321999)
  Epoch  20/20 — loss: 0.305856 (best: 0.305856)
[AE-IS] Training finished — best loss: 0.305856
[AE-IS] Reconstruction error stats — min: 0.042941, median: 0.205590, max: 1.858307
[AE-IS] Redundant instances: 6589, removing 3294 with beta=0.5
[AE-IS] Noise instances: 4942, removing 823 with theta=0.1666666
[AE-IS] Removed 3294 redundant + 823 noisy = 4117 total instances
[AE-IS] Kept 12355 / 16472 (reduction = 24.99%)
Result: 
[15.069254636764526, 10.979486465454102, 10.968813419342041, 10.999752759933472, 10.989956617355347, 10.97819995880127, 11.013991355895996, 11.010696411132812, 10.963627815246582, 12.507538080215454]
time: 11.54813175201416
time std: 1.2581980318659856
reducion: 0.2499423258191528
reducion std: 6.069802462937979e-06
END
