Namespace(dataset='pang_movie', method='autoencoder-is', folds=10, save=True, inputrep='jina-v5', out='/data/bernardolemos/results/jina-v5/instance_selection', datain='/data/bernardolemos/datasets', overwrite=1, inputdir='/data/bernardolemos/datasets/pang_movie/jina-v5/', splitdir='/data/bernardolemos/datasets/pang_movie/splits/', outputdir='/data/bernardolemos/results/jina-v5/instance_selection/selection/pang_movie/', filename='/data/bernardolemos/results/jina-v5/instance_selection/selection/pang_movie//saida_autoencoder-is', start_time='16-07-2026 22:03:28')
Namespace(dataset='pang_movie', method='autoencoder-is', folds=10, save=True, inputrep='jina-v5', out='/data/bernardolemos/results/jina-v5/instance_selection', datain='/data/bernardolemos/datasets', overwrite=1, inputdir='/data/bernardolemos/datasets/pang_movie/jina-v5/', splitdir='/data/bernardolemos/datasets/pang_movie/splits/', outputdir='/data/bernardolemos/results/jina-v5/instance_selection/selection/pang_movie/', filename='/data/bernardolemos/results/jina-v5/instance_selection/selection/pang_movie//saida_autoencoder-is', start_time='16-07-2026 22:03:28')
/data/bernardolemos/datasets/pang_movie/splits//split_10.pkl
Fold 0
Fold 0
[AE-IS] Using GPU: NVIDIA A100-SXM4-80GB
[AE-IS] Architecture: 256 → 134 → 12 → 134 → 256
[AE-IS] Training autoencoder on 9594 instances (256 features) for up to 20 epochs …
  Epoch   1/20 — loss: 0.755330 (best: 0.755330)
  Epoch  10/20 — loss: 0.494152 (best: 0.494152)
  Epoch  20/20 — loss: 0.475704 (best: 0.475704)
[AE-IS] Training finished — best loss: 0.475704
[AE-IS] Reconstruction error stats — min: 0.059693, median: 0.364082, max: 2.053375
[AE-IS] Redundant instances: 3838, removing 1919 with beta=0.5
[AE-IS] Noise instances: 2878, removing 479 with theta=0.1666666
[AE-IS] Removed 1919 redundant + 479 noisy = 2398 total instances
[AE-IS] Kept 7196 / 9594 (reduction = 24.99%)
Result: 
[9.234150886535645]
Fold 1
Fold 1
[AE-IS] Using GPU: NVIDIA A100-SXM4-80GB
[AE-IS] Architecture: 256 → 134 → 12 → 134 → 256
[AE-IS] Training autoencoder on 9596 instances (256 features) for up to 20 epochs …
  Epoch   1/20 — loss: 0.754496 (best: 0.754496)
  Epoch  10/20 — loss: 0.495054 (best: 0.495054)
  Epoch  20/20 — loss: 0.478270 (best: 0.478270)
[AE-IS] Training finished — best loss: 0.478270
[AE-IS] Reconstruction error stats — min: 0.060405, median: 0.369041, max: 2.155164
[AE-IS] Redundant instances: 3838, removing 1919 with beta=0.5
[AE-IS] Noise instances: 2879, removing 479 with theta=0.1666666
[AE-IS] Removed 1919 redundant + 479 noisy = 2398 total instances
[AE-IS] Kept 7198 / 9596 (reduction = 24.99%)
Result: 
[9.234150886535645, 6.5319342613220215]
Fold 2
Fold 2
[AE-IS] Using GPU: NVIDIA A100-SXM4-80GB
[AE-IS] Architecture: 256 → 134 → 12 → 134 → 256
[AE-IS] Training autoencoder on 9596 instances (256 features) for up to 20 epochs …
  Epoch   1/20 — loss: 0.754186 (best: 0.754186)
  Epoch  10/20 — loss: 0.496516 (best: 0.496516)
  Epoch  20/20 — loss: 0.477645 (best: 0.477645)
[AE-IS] Training finished — best loss: 0.477645
[AE-IS] Reconstruction error stats — min: 0.068363, median: 0.367020, max: 2.115882
[AE-IS] Redundant instances: 3838, removing 1919 with beta=0.5
[AE-IS] Noise instances: 2879, removing 479 with theta=0.1666666
[AE-IS] Removed 1919 redundant + 479 noisy = 2398 total instances
[AE-IS] Kept 7198 / 9596 (reduction = 24.99%)
Result: 
[9.234150886535645, 6.5319342613220215, 6.60355019569397]
Fold 3
Fold 3
[AE-IS] Using GPU: NVIDIA A100-SXM4-80GB
[AE-IS] Architecture: 256 → 134 → 12 → 134 → 256
[AE-IS] Training autoencoder on 9596 instances (256 features) for up to 20 epochs …
  Epoch   1/20 — loss: 0.759579 (best: 0.759579)
  Epoch  10/20 — loss: 0.495330 (best: 0.495330)
  Epoch  20/20 — loss: 0.476959 (best: 0.476959)
[AE-IS] Training finished — best loss: 0.476959
[AE-IS] Reconstruction error stats — min: 0.072710, median: 0.368683, max: 2.019848
[AE-IS] Redundant instances: 3838, removing 1919 with beta=0.5
[AE-IS] Noise instances: 2879, removing 479 with theta=0.1666666
[AE-IS] Removed 1919 redundant + 479 noisy = 2398 total instances
[AE-IS] Kept 7198 / 9596 (reduction = 24.99%)
Result: 
[9.234150886535645, 6.5319342613220215, 6.60355019569397, 6.542337417602539]
Fold 4
Fold 4
[AE-IS] Using GPU: NVIDIA A100-SXM4-80GB
[AE-IS] Architecture: 256 → 134 → 12 → 134 → 256
[AE-IS] Training autoencoder on 9596 instances (256 features) for up to 20 epochs …
  Epoch   1/20 — loss: 0.750909 (best: 0.750909)
  Epoch  10/20 — loss: 0.493411 (best: 0.493411)
  Epoch  20/20 — loss: 0.476698 (best: 0.476698)
[AE-IS] Training finished — best loss: 0.476698
[AE-IS] Reconstruction error stats — min: 0.070342, median: 0.367500, max: 2.073000
[AE-IS] Redundant instances: 3838, removing 1919 with beta=0.5
[AE-IS] Noise instances: 2879, removing 479 with theta=0.1666666
[AE-IS] Removed 1919 redundant + 479 noisy = 2398 total instances
[AE-IS] Kept 7198 / 9596 (reduction = 24.99%)
Result: 
[9.234150886535645, 6.5319342613220215, 6.60355019569397, 6.542337417602539, 6.539219379425049]
Fold 5
Fold 5
[AE-IS] Using GPU: NVIDIA A100-SXM4-80GB
[AE-IS] Architecture: 256 → 134 → 12 → 134 → 256
[AE-IS] Training autoencoder on 9596 instances (256 features) for up to 20 epochs …
  Epoch   1/20 — loss: 0.756665 (best: 0.756665)
  Epoch  10/20 — loss: 0.494351 (best: 0.494351)
  Epoch  20/20 — loss: 0.476569 (best: 0.476569)
[AE-IS] Training finished — best loss: 0.476569
[AE-IS] Reconstruction error stats — min: 0.070862, median: 0.366713, max: 2.054330
[AE-IS] Redundant instances: 3838, removing 1919 with beta=0.5
[AE-IS] Noise instances: 2879, removing 479 with theta=0.1666666
[AE-IS] Removed 1919 redundant + 479 noisy = 2398 total instances
[AE-IS] Kept 7198 / 9596 (reduction = 24.99%)
Result: 
[9.234150886535645, 6.5319342613220215, 6.60355019569397, 6.542337417602539, 6.539219379425049, 6.524228096008301]
Fold 6
Fold 6
[AE-IS] Using GPU: NVIDIA A100-SXM4-80GB
[AE-IS] Architecture: 256 → 134 → 12 → 134 → 256
[AE-IS] Training autoencoder on 9596 instances (256 features) for up to 20 epochs …
  Epoch   1/20 — loss: 0.753143 (best: 0.753143)
  Epoch  10/20 — loss: 0.491803 (best: 0.491803)
  Epoch  20/20 — loss: 0.473435 (best: 0.473435)
[AE-IS] Training finished — best loss: 0.473435
[AE-IS] Reconstruction error stats — min: 0.078269, median: 0.363555, max: 2.046000
[AE-IS] Redundant instances: 3838, removing 1919 with beta=0.5
[AE-IS] Noise instances: 2879, removing 479 with theta=0.1666666
[AE-IS] Removed 1919 redundant + 479 noisy = 2398 total instances
[AE-IS] Kept 7198 / 9596 (reduction = 24.99%)
Result: 
[9.234150886535645, 6.5319342613220215, 6.60355019569397, 6.542337417602539, 6.539219379425049, 6.524228096008301, 6.588716745376587]
Fold 7
Fold 7
[AE-IS] Using GPU: NVIDIA A100-SXM4-80GB
[AE-IS] Architecture: 256 → 134 → 12 → 134 → 256
[AE-IS] Training autoencoder on 9596 instances (256 features) for up to 20 epochs …
  Epoch   1/20 — loss: 0.754594 (best: 0.754594)
  Epoch  10/20 — loss: 0.495293 (best: 0.495293)
  Epoch  20/20 — loss: 0.477328 (best: 0.477328)
[AE-IS] Training finished — best loss: 0.477328
[AE-IS] Reconstruction error stats — min: 0.066099, median: 0.367208, max: 1.871609
[AE-IS] Redundant instances: 3838, removing 1919 with beta=0.5
[AE-IS] Noise instances: 2879, removing 479 with theta=0.1666666
[AE-IS] Removed 1919 redundant + 479 noisy = 2398 total instances
[AE-IS] Kept 7198 / 9596 (reduction = 24.99%)
Result: 
[9.234150886535645, 6.5319342613220215, 6.60355019569397, 6.542337417602539, 6.539219379425049, 6.524228096008301, 6.588716745376587, 6.525811433792114]
Fold 8
Fold 8
[AE-IS] Using GPU: NVIDIA A100-SXM4-80GB
[AE-IS] Architecture: 256 → 134 → 12 → 134 → 256
[AE-IS] Training autoencoder on 9596 instances (256 features) for up to 20 epochs …
  Epoch   1/20 — loss: 0.755955 (best: 0.755955)
  Epoch  10/20 — loss: 0.494830 (best: 0.494830)
  Epoch  20/20 — loss: 0.476988 (best: 0.476988)
[AE-IS] Training finished — best loss: 0.476988
[AE-IS] Reconstruction error stats — min: 0.067489, median: 0.366111, max: 2.047872
[AE-IS] Redundant instances: 3838, removing 1919 with beta=0.5
[AE-IS] Noise instances: 2879, removing 479 with theta=0.1666666
[AE-IS] Removed 1919 redundant + 479 noisy = 2398 total instances
[AE-IS] Kept 7198 / 9596 (reduction = 24.99%)
Result: 
[9.234150886535645, 6.5319342613220215, 6.60355019569397, 6.542337417602539, 6.539219379425049, 6.524228096008301, 6.588716745376587, 6.525811433792114, 6.508587598800659]
Fold 9
Fold 9
[AE-IS] Using GPU: NVIDIA A100-SXM4-80GB
[AE-IS] Architecture: 256 → 134 → 12 → 134 → 256
[AE-IS] Training autoencoder on 9596 instances (256 features) for up to 20 epochs …
  Epoch   1/20 — loss: 0.754111 (best: 0.754111)
  Epoch  10/20 — loss: 0.494001 (best: 0.494001)
  Epoch  20/20 — loss: 0.475614 (best: 0.475614)
[AE-IS] Training finished — best loss: 0.475614
[AE-IS] Reconstruction error stats — min: 0.081016, median: 0.366385, max: 2.016607
[AE-IS] Redundant instances: 3838, removing 1919 with beta=0.5
[AE-IS] Noise instances: 2879, removing 479 with theta=0.1666666
[AE-IS] Removed 1919 redundant + 479 noisy = 2398 total instances
[AE-IS] Kept 7198 / 9596 (reduction = 24.99%)
Result: 
[9.234150886535645, 6.5319342613220215, 6.60355019569397, 6.542337417602539, 6.539219379425049, 6.524228096008301, 6.588716745376587, 6.525811433792114, 6.508587598800659, 6.48857307434082]
time: 6.80871090888977
time std: 0.8091327510080368
reducion: 0.24990099933063972
reducion std: 1.562825452860739e-05
END
