Namespace(dataset='pang_movie', method='entropy-sublinear-ae-is', folds=10, save=True, inputrep='jina-v5', out='/data/bernardolemos/results/jina-v5/instance_selection', datain='/data/bernardolemos/datasets', overwrite=1, inputdir='/data/bernardolemos/datasets/pang_movie/jina-v5/', splitdir='/data/bernardolemos/datasets/pang_movie/splits/', outputdir='/data/bernardolemos/results/jina-v5/instance_selection/selection/pang_movie/', filename='/data/bernardolemos/results/jina-v5/instance_selection/selection/pang_movie//saida_entropy-sublinear-ae-is', start_time='04-07-2026 19:49:49')
Namespace(dataset='pang_movie', method='entropy-sublinear-ae-is', folds=10, save=True, inputrep='jina-v5', out='/data/bernardolemos/results/jina-v5/instance_selection', datain='/data/bernardolemos/datasets', overwrite=1, inputdir='/data/bernardolemos/datasets/pang_movie/jina-v5/', splitdir='/data/bernardolemos/datasets/pang_movie/splits/', outputdir='/data/bernardolemos/results/jina-v5/instance_selection/selection/pang_movie/', filename='/data/bernardolemos/results/jina-v5/instance_selection/selection/pang_movie//saida_entropy-sublinear-ae-is', start_time='04-07-2026 19:49:49')
/data/bernardolemos/datasets/pang_movie/splits//split_10.pkl
Fold 0
Fold 0
[EntropySublinearAEIS] Step 1 — Training Autoencoder for 50 epochs...
[AE-IS] Using GPU: NVIDIA A100-SXM4-80GB
[AE-IS] Architecture: 256 → 192 → 128 → 192 → 256
[AE-IS] Training autoencoder on 9594 instances (256 features) for up to 50 epochs …
  Epoch   1/50 — loss: 0.780019 (best: 0.780019)
  Epoch  10/50 — loss: 0.329591 (best: 0.329591)
  Epoch  20/50 — loss: 0.290982 (best: 0.290982)
  Epoch  30/50 — loss: 0.273416 (best: 0.273416)
  Epoch  40/50 — loss: 0.264856 (best: 0.264856)
  Epoch  50/50 — loss: 0.256763 (best: 0.256763)
[AE-IS] Training finished — best loss: 0.256763
[AE-IS] Reconstruction error stats — min: 0.033538, median: 0.157680, max: 0.971488
[AE-IS] Removed 0 redundant + 0 noisy = 0 total instances
[AE-IS] Kept 9594 / 9594 (reduction = 0.00%)
[EntropySublinearAEIS] AE scores: min=0.0335, median=0.1577, max=0.9715
[EntropySublinearAEIS] Step 2 — Tessellating into 200 micro-clusters...
[EntropySublinearAEIS] Step 3 — Entropy H=0.9455, adaptive reduction=28.43% (Keeping 6866 / 9594)
[EntropySublinearAEIS] Step 4 — Sublinear sampling (gamma=0.5). lambda = 5.7020
[EntropySublinearAEIS] Done — removed 2727 / 9594 (reduction = 28.42%)
Result: 
[10.579946517944336]
Fold 1
Fold 1
[EntropySublinearAEIS] Step 1 — Training Autoencoder for 50 epochs...
[AE-IS] Using GPU: NVIDIA A100-SXM4-80GB
[AE-IS] Architecture: 256 → 192 → 128 → 192 → 256
[AE-IS] Training autoencoder on 9596 instances (256 features) for up to 50 epochs …
  Epoch   1/50 — loss: 0.780662 (best: 0.780662)
  Epoch  10/50 — loss: 0.328758 (best: 0.328758)
  Epoch  20/50 — loss: 0.290725 (best: 0.290725)
  Epoch  30/50 — loss: 0.274756 (best: 0.274756)
  Epoch  40/50 — loss: 0.263500 (best: 0.263500)
  Epoch  50/50 — loss: 0.256687 (best: 0.256687)
[AE-IS] Training finished — best loss: 0.256687
[AE-IS] Reconstruction error stats — min: 0.033237, median: 0.154714, max: 1.207716
[AE-IS] Removed 0 redundant + 0 noisy = 0 total instances
[AE-IS] Kept 9596 / 9596 (reduction = 0.00%)
[EntropySublinearAEIS] AE scores: min=0.0332, median=0.1547, max=1.2077
[EntropySublinearAEIS] Step 2 — Tessellating into 200 micro-clusters...
[EntropySublinearAEIS] Step 3 — Entropy H=0.9339, adaptive reduction=32.09% (Keeping 6516 / 9596)
[EntropySublinearAEIS] Step 4 — Sublinear sampling (gamma=0.5). lambda = 5.5149
[EntropySublinearAEIS] Done — removed 3078 / 9596 (reduction = 32.08%)
Result: 
[10.579946517944336, 6.881310701370239]
Fold 2
Fold 2
[EntropySublinearAEIS] Step 1 — Training Autoencoder for 50 epochs...
[AE-IS] Using GPU: NVIDIA A100-SXM4-80GB
[AE-IS] Architecture: 256 → 192 → 128 → 192 → 256
[AE-IS] Training autoencoder on 9596 instances (256 features) for up to 50 epochs …
  Epoch   1/50 — loss: 0.780210 (best: 0.780210)
  Epoch  10/50 — loss: 0.328664 (best: 0.328664)
  Epoch  20/50 — loss: 0.290589 (best: 0.290589)
  Epoch  30/50 — loss: 0.274871 (best: 0.274871)
  Epoch  40/50 — loss: 0.264346 (best: 0.264346)
  Epoch  50/50 — loss: 0.258931 (best: 0.257617)
[AE-IS] Training finished — best loss: 0.257617
[AE-IS] Reconstruction error stats — min: 0.034342, median: 0.157035, max: 1.228993
[AE-IS] Removed 0 redundant + 0 noisy = 0 total instances
[AE-IS] Kept 9596 / 9596 (reduction = 0.00%)
[EntropySublinearAEIS] AE scores: min=0.0343, median=0.1570, max=1.2290
[EntropySublinearAEIS] Step 2 — Tessellating into 200 micro-clusters...
[EntropySublinearAEIS] Step 3 — Entropy H=0.9388, adaptive reduction=30.60% (Keeping 6659 / 9596)
[EntropySublinearAEIS] Step 4 — Sublinear sampling (gamma=0.5). lambda = 5.5558
[EntropySublinearAEIS] Done — removed 2936 / 9596 (reduction = 30.60%)
Result: 
[10.579946517944336, 6.881310701370239, 6.997360944747925]
Fold 3
Fold 3
[EntropySublinearAEIS] Step 1 — Training Autoencoder for 50 epochs...
[AE-IS] Using GPU: NVIDIA A100-SXM4-80GB
[AE-IS] Architecture: 256 → 192 → 128 → 192 → 256
[AE-IS] Training autoencoder on 9596 instances (256 features) for up to 50 epochs …
  Epoch   1/50 — loss: 0.782092 (best: 0.782092)
  Epoch  10/50 — loss: 0.329083 (best: 0.329083)
  Epoch  20/50 — loss: 0.291596 (best: 0.291596)
  Epoch  30/50 — loss: 0.275941 (best: 0.275941)
  Epoch  40/50 — loss: 0.265708 (best: 0.265556)
  Epoch  50/50 — loss: 0.259037 (best: 0.258650)
[AE-IS] Training finished — best loss: 0.258650
[AE-IS] Reconstruction error stats — min: 0.032629, median: 0.156821, max: 1.211373
[AE-IS] Removed 0 redundant + 0 noisy = 0 total instances
[AE-IS] Kept 9596 / 9596 (reduction = 0.00%)
[EntropySublinearAEIS] AE scores: min=0.0326, median=0.1568, max=1.2114
[EntropySublinearAEIS] Step 2 — Tessellating into 200 micro-clusters...
[EntropySublinearAEIS] Step 3 — Entropy H=0.9423, adaptive reduction=29.49% (Keeping 6766 / 9596)
[EntropySublinearAEIS] Step 4 — Sublinear sampling (gamma=0.5). lambda = 5.6569
[EntropySublinearAEIS] Done — removed 2828 / 9596 (reduction = 29.47%)
Result: 
[10.579946517944336, 6.881310701370239, 6.997360944747925, 7.159281253814697]
Fold 4
Fold 4
[EntropySublinearAEIS] Step 1 — Training Autoencoder for 50 epochs...
[AE-IS] Using GPU: NVIDIA A100-SXM4-80GB
[AE-IS] Architecture: 256 → 192 → 128 → 192 → 256
[AE-IS] Training autoencoder on 9596 instances (256 features) for up to 50 epochs …
  Epoch   1/50 — loss: 0.781508 (best: 0.781508)
  Epoch  10/50 — loss: 0.328761 (best: 0.328761)
  Epoch  20/50 — loss: 0.292660 (best: 0.292660)
  Epoch  30/50 — loss: 0.275037 (best: 0.275037)
  Epoch  40/50 — loss: 0.264665 (best: 0.264665)
  Epoch  50/50 — loss: 0.259574 (best: 0.258280)
[AE-IS] Training finished — best loss: 0.258280
[AE-IS] Reconstruction error stats — min: 0.033857, median: 0.156980, max: 1.204649
[AE-IS] Removed 0 redundant + 0 noisy = 0 total instances
[AE-IS] Kept 9596 / 9596 (reduction = 0.00%)
[EntropySublinearAEIS] AE scores: min=0.0339, median=0.1570, max=1.2046
[EntropySublinearAEIS] Step 2 — Tessellating into 200 micro-clusters...
[EntropySublinearAEIS] Step 3 — Entropy H=0.9447, adaptive reduction=28.70% (Keeping 6841 / 9596)
[EntropySublinearAEIS] Step 4 — Sublinear sampling (gamma=0.5). lambda = 5.6921
[EntropySublinearAEIS] Done — removed 2752 / 9596 (reduction = 28.68%)
Result: 
[10.579946517944336, 6.881310701370239, 6.997360944747925, 7.159281253814697, 7.0298686027526855]
Fold 5
Fold 5
[EntropySublinearAEIS] Step 1 — Training Autoencoder for 50 epochs...
[AE-IS] Using GPU: NVIDIA A100-SXM4-80GB
[AE-IS] Architecture: 256 → 192 → 128 → 192 → 256
[AE-IS] Training autoencoder on 9596 instances (256 features) for up to 50 epochs …
  Epoch   1/50 — loss: 0.781972 (best: 0.781972)
  Epoch  10/50 — loss: 0.329459 (best: 0.329459)
  Epoch  20/50 — loss: 0.290987 (best: 0.290987)
  Epoch  30/50 — loss: 0.275130 (best: 0.275130)
  Epoch  40/50 — loss: 0.265192 (best: 0.265192)
  Epoch  50/50 — loss: 0.259375 (best: 0.258869)
[AE-IS] Training finished — best loss: 0.258869
[AE-IS] Reconstruction error stats — min: 0.031197, median: 0.156203, max: 1.201972
[AE-IS] Removed 0 redundant + 0 noisy = 0 total instances
[AE-IS] Kept 9596 / 9596 (reduction = 0.00%)
[EntropySublinearAEIS] AE scores: min=0.0312, median=0.1562, max=1.2020
[EntropySublinearAEIS] Step 2 — Tessellating into 200 micro-clusters...
[EntropySublinearAEIS] Step 3 — Entropy H=0.9362, adaptive reduction=31.40% (Keeping 6582 / 9596)
[EntropySublinearAEIS] Step 4 — Sublinear sampling (gamma=0.5). lambda = 5.5780
[EntropySublinearAEIS] Done — removed 3014 / 9596 (reduction = 31.41%)
Result: 
[10.579946517944336, 6.881310701370239, 6.997360944747925, 7.159281253814697, 7.0298686027526855, 8.526402950286865]
Fold 6
Fold 6
[EntropySublinearAEIS] Step 1 — Training Autoencoder for 50 epochs...
[AE-IS] Using GPU: NVIDIA A100-SXM4-80GB
[AE-IS] Architecture: 256 → 192 → 128 → 192 → 256
[AE-IS] Training autoencoder on 9596 instances (256 features) for up to 50 epochs …
  Epoch   1/50 — loss: 0.779486 (best: 0.779486)
  Epoch  10/50 — loss: 0.328474 (best: 0.328474)
  Epoch  20/50 — loss: 0.291090 (best: 0.291090)
  Epoch  30/50 — loss: 0.274563 (best: 0.274563)
  Epoch  40/50 — loss: 0.264453 (best: 0.264453)
  Epoch  50/50 — loss: 0.257975 (best: 0.257419)
[AE-IS] Training finished — best loss: 0.257419
[AE-IS] Reconstruction error stats — min: 0.029114, median: 0.158158, max: 1.245028
[AE-IS] Removed 0 redundant + 0 noisy = 0 total instances
[AE-IS] Kept 9596 / 9596 (reduction = 0.00%)
[EntropySublinearAEIS] AE scores: min=0.0291, median=0.1582, max=1.2450
[EntropySublinearAEIS] Step 2 — Tessellating into 200 micro-clusters...
[EntropySublinearAEIS] Step 3 — Entropy H=0.9479, adaptive reduction=27.58% (Keeping 6949 / 9596)
[EntropySublinearAEIS] Step 4 — Sublinear sampling (gamma=0.5). lambda = 5.7420
[EntropySublinearAEIS] Done — removed 2647 / 9596 (reduction = 27.58%)
Result: 
[10.579946517944336, 6.881310701370239, 6.997360944747925, 7.159281253814697, 7.0298686027526855, 8.526402950286865, 6.8989012241363525]
Fold 7
Fold 7
[EntropySublinearAEIS] Step 1 — Training Autoencoder for 50 epochs...
[AE-IS] Using GPU: NVIDIA A100-SXM4-80GB
[AE-IS] Architecture: 256 → 192 → 128 → 192 → 256
[AE-IS] Training autoencoder on 9596 instances (256 features) for up to 50 epochs …
  Epoch   1/50 — loss: 0.780419 (best: 0.780419)
  Epoch  10/50 — loss: 0.328870 (best: 0.328870)
  Epoch  20/50 — loss: 0.291104 (best: 0.291104)
  Epoch  30/50 — loss: 0.274990 (best: 0.274990)
  Epoch  40/50 — loss: 0.264402 (best: 0.264402)
  Epoch  50/50 — loss: 0.257569 (best: 0.257569)
[AE-IS] Training finished — best loss: 0.257569
[AE-IS] Reconstruction error stats — min: 0.035747, median: 0.155999, max: 1.263800
[AE-IS] Removed 0 redundant + 0 noisy = 0 total instances
[AE-IS] Kept 9596 / 9596 (reduction = 0.00%)
[EntropySublinearAEIS] AE scores: min=0.0357, median=0.1560, max=1.2638
[EntropySublinearAEIS] Step 2 — Tessellating into 200 micro-clusters...
[EntropySublinearAEIS] Step 3 — Entropy H=0.9441, adaptive reduction=28.91% (Keeping 6821 / 9596)
[EntropySublinearAEIS] Step 4 — Sublinear sampling (gamma=0.5). lambda = 5.6996
[EntropySublinearAEIS] Done — removed 2775 / 9596 (reduction = 28.92%)
Result: 
[10.579946517944336, 6.881310701370239, 6.997360944747925, 7.159281253814697, 7.0298686027526855, 8.526402950286865, 6.8989012241363525, 6.784747123718262]
Fold 8
Fold 8
[EntropySublinearAEIS] Step 1 — Training Autoencoder for 50 epochs...
[AE-IS] Using GPU: NVIDIA A100-SXM4-80GB
[AE-IS] Architecture: 256 → 192 → 128 → 192 → 256
[AE-IS] Training autoencoder on 9596 instances (256 features) for up to 50 epochs …
  Epoch   1/50 — loss: 0.782298 (best: 0.782298)
  Epoch  10/50 — loss: 0.328485 (best: 0.328485)
  Epoch  20/50 — loss: 0.292222 (best: 0.292222)
  Epoch  30/50 — loss: 0.275375 (best: 0.275375)
  Epoch  40/50 — loss: 0.264130 (best: 0.264130)
  Epoch  50/50 — loss: 0.258871 (best: 0.257535)
[AE-IS] Training finished — best loss: 0.257535
[AE-IS] Reconstruction error stats — min: 0.032189, median: 0.156531, max: 1.228738
[AE-IS] Removed 0 redundant + 0 noisy = 0 total instances
[AE-IS] Kept 9596 / 9596 (reduction = 0.00%)
[EntropySublinearAEIS] AE scores: min=0.0322, median=0.1565, max=1.2287
[EntropySublinearAEIS] Step 2 — Tessellating into 200 micro-clusters...
[EntropySublinearAEIS] Step 3 — Entropy H=0.9479, adaptive reduction=27.61% (Keeping 6946 / 9596)
[EntropySublinearAEIS] Step 4 — Sublinear sampling (gamma=0.5). lambda = 5.7424
[EntropySublinearAEIS] Done — removed 2650 / 9596 (reduction = 27.62%)
Result: 
[10.579946517944336, 6.881310701370239, 6.997360944747925, 7.159281253814697, 7.0298686027526855, 8.526402950286865, 6.8989012241363525, 6.784747123718262, 6.751281023025513]
Fold 9
Fold 9
[EntropySublinearAEIS] Step 1 — Training Autoencoder for 50 epochs...
[AE-IS] Using GPU: NVIDIA A100-SXM4-80GB
[AE-IS] Architecture: 256 → 192 → 128 → 192 → 256
[AE-IS] Training autoencoder on 9596 instances (256 features) for up to 50 epochs …
  Epoch   1/50 — loss: 0.781560 (best: 0.781560)
  Epoch  10/50 — loss: 0.328536 (best: 0.328536)
  Epoch  20/50 — loss: 0.291751 (best: 0.291751)
  Epoch  30/50 — loss: 0.274765 (best: 0.274765)
  Epoch  40/50 — loss: 0.264412 (best: 0.264412)
  Epoch  50/50 — loss: 0.258849 (best: 0.257799)
[AE-IS] Training finished — best loss: 0.257799
[AE-IS] Reconstruction error stats — min: 0.030825, median: 0.156865, max: 1.237105
[AE-IS] Removed 0 redundant + 0 noisy = 0 total instances
[AE-IS] Kept 9596 / 9596 (reduction = 0.00%)
[EntropySublinearAEIS] AE scores: min=0.0308, median=0.1569, max=1.2371
[EntropySublinearAEIS] Step 2 — Tessellating into 200 micro-clusters...
[EntropySublinearAEIS] Step 3 — Entropy H=0.9444, adaptive reduction=28.80% (Keeping 6832 / 9596)
[EntropySublinearAEIS] Step 4 — Sublinear sampling (gamma=0.5). lambda = 5.6883
[EntropySublinearAEIS] Done — removed 2764 / 9596 (reduction = 28.80%)
Result: 
[10.579946517944336, 6.881310701370239, 6.997360944747925, 7.159281253814697, 7.0298686027526855, 8.526402950286865, 6.8989012241363525, 6.784747123718262, 6.751281023025513, 6.7257890701293945]
time: 7.433488941192627
time std: 1.1619277390994946
reducion: 0.29357616173718404
reducion std: 0.01454456091516872
END
