Namespace(dataset='reuters90', method='autoencoder-is', folds=10, save=True, inputrep='jina-v5', out='/data/bernardolemos/results/jina-v5/instance_selection', datain='/data/bernardolemos/datasets', overwrite=1, inputdir='/data/bernardolemos/datasets/reuters90/jina-v5/', splitdir='/data/bernardolemos/datasets/reuters90/splits/', outputdir='/data/bernardolemos/results/jina-v5/instance_selection/selection/reuters90/', filename='/data/bernardolemos/results/jina-v5/instance_selection/selection/reuters90//saida_autoencoder-is', start_time='16-07-2026 22:12:51')
Namespace(dataset='reuters90', method='autoencoder-is', folds=10, save=True, inputrep='jina-v5', out='/data/bernardolemos/results/jina-v5/instance_selection', datain='/data/bernardolemos/datasets', overwrite=1, inputdir='/data/bernardolemos/datasets/reuters90/jina-v5/', splitdir='/data/bernardolemos/datasets/reuters90/splits/', outputdir='/data/bernardolemos/results/jina-v5/instance_selection/selection/reuters90/', filename='/data/bernardolemos/results/jina-v5/instance_selection/selection/reuters90//saida_autoencoder-is', start_time='16-07-2026 22:12:51')
/data/bernardolemos/datasets/reuters90/splits//split_10.pkl
Fold 0
Fold 0
[AE-IS] Using GPU: NVIDIA A100-SXM4-80GB
[AE-IS] Architecture: 256 → 134 → 12 → 134 → 256
[AE-IS] Training autoencoder on 11977 instances (256 features) for up to 20 epochs …
  Epoch   1/20 — loss: 0.585078 (best: 0.585078)
  Epoch  10/20 — loss: 0.340735 (best: 0.340735)
  Epoch  20/20 — loss: 0.319664 (best: 0.319068)
[AE-IS] Training finished — best loss: 0.319068
[AE-IS] Reconstruction error stats — min: 0.034054, median: 0.216115, max: 2.263292
[AE-IS] Redundant instances: 4791, removing 2395 with beta=0.5
[AE-IS] Noise instances: 3593, removing 598 with theta=0.1666666
[AE-IS] Removed 2395 redundant + 598 noisy = 2993 total instances
[AE-IS] Kept 8984 / 11977 (reduction = 24.99%)
Result: 
[10.858843803405762]
Fold 1
Fold 1
[AE-IS] Using GPU: NVIDIA A100-SXM4-80GB
[AE-IS] Architecture: 256 → 134 → 12 → 134 → 256
[AE-IS] Training autoencoder on 11956 instances (256 features) for up to 20 epochs …
  Epoch   1/20 — loss: 0.578113 (best: 0.578113)
  Epoch  10/20 — loss: 0.340228 (best: 0.340228)
  Epoch  20/20 — loss: 0.317356 (best: 0.317356)
[AE-IS] Training finished — best loss: 0.317356
[AE-IS] Reconstruction error stats — min: 0.033813, median: 0.215542, max: 2.212871
[AE-IS] Redundant instances: 4782, removing 2391 with beta=0.5
[AE-IS] Noise instances: 3587, removing 597 with theta=0.1666666
[AE-IS] Removed 2391 redundant + 597 noisy = 2988 total instances
[AE-IS] Kept 8968 / 11956 (reduction = 24.99%)
Result: 
[10.858843803405762, 9.775694847106934]
Fold 2
Fold 2
[AE-IS] Using GPU: NVIDIA A100-SXM4-80GB
[AE-IS] Architecture: 256 → 134 → 12 → 134 → 256
[AE-IS] Training autoencoder on 11977 instances (256 features) for up to 20 epochs …
  Epoch   1/20 — loss: 0.582912 (best: 0.582912)
  Epoch  10/20 — loss: 0.342059 (best: 0.342059)
  Epoch  20/20 — loss: 0.319224 (best: 0.319224)
[AE-IS] Training finished — best loss: 0.319224
[AE-IS] Reconstruction error stats — min: 0.034842, median: 0.219692, max: 2.255780
[AE-IS] Redundant instances: 4791, removing 2395 with beta=0.5
[AE-IS] Noise instances: 3593, removing 598 with theta=0.1666666
[AE-IS] Removed 2395 redundant + 598 noisy = 2993 total instances
[AE-IS] Kept 8984 / 11977 (reduction = 24.99%)
Result: 
[10.858843803405762, 9.775694847106934, 8.34476351737976]
Fold 3
Fold 3
[AE-IS] Using GPU: NVIDIA A100-SXM4-80GB
[AE-IS] Architecture: 256 → 134 → 12 → 134 → 256
[AE-IS] Training autoencoder on 11968 instances (256 features) for up to 20 epochs …
  Epoch   1/20 — loss: 0.581412 (best: 0.581412)
  Epoch  10/20 — loss: 0.333480 (best: 0.333480)
  Epoch  20/20 — loss: 0.312199 (best: 0.312199)
[AE-IS] Training finished — best loss: 0.312199
[AE-IS] Reconstruction error stats — min: 0.029157, median: 0.212514, max: 2.128736
[AE-IS] Redundant instances: 4787, removing 2393 with beta=0.5
[AE-IS] Noise instances: 3591, removing 598 with theta=0.1666666
[AE-IS] Removed 2393 redundant + 598 noisy = 2991 total instances
[AE-IS] Kept 8977 / 11968 (reduction = 24.99%)
Result: 
[10.858843803405762, 9.775694847106934, 8.34476351737976, 8.063305616378784]
Fold 4
Fold 4
[AE-IS] Using GPU: NVIDIA A100-SXM4-80GB
[AE-IS] Architecture: 256 → 134 → 12 → 134 → 256
[AE-IS] Training autoencoder on 11999 instances (256 features) for up to 20 epochs …
  Epoch   1/20 — loss: 0.585066 (best: 0.585066)
  Epoch  10/20 — loss: 0.340808 (best: 0.340808)
  Epoch  20/20 — loss: 0.318414 (best: 0.318414)
[AE-IS] Training finished — best loss: 0.318414
[AE-IS] Reconstruction error stats — min: 0.028738, median: 0.217997, max: 2.309968
[AE-IS] Redundant instances: 4798, removing 2399 with beta=0.5
[AE-IS] Noise instances: 3600, removing 599 with theta=0.1666666
[AE-IS] Removed 2399 redundant + 599 noisy = 2998 total instances
[AE-IS] Kept 9001 / 11999 (reduction = 24.99%)
Result: 
[10.858843803405762, 9.775694847106934, 8.34476351737976, 8.063305616378784, 8.026355743408203]
Fold 5
Fold 5
[AE-IS] Using GPU: NVIDIA A100-SXM4-80GB
[AE-IS] Architecture: 256 → 134 → 12 → 134 → 256
[AE-IS] Training autoencoder on 11989 instances (256 features) for up to 20 epochs …
  Epoch   1/20 — loss: 0.582028 (best: 0.582028)
  Epoch  10/20 — loss: 0.337367 (best: 0.337367)
  Epoch  20/20 — loss: 0.315204 (best: 0.315204)
[AE-IS] Training finished — best loss: 0.315204
[AE-IS] Reconstruction error stats — min: 0.031800, median: 0.213792, max: 2.215250
[AE-IS] Redundant instances: 4796, removing 2398 with beta=0.5
[AE-IS] Noise instances: 3597, removing 599 with theta=0.1666666
[AE-IS] Removed 2398 redundant + 599 noisy = 2997 total instances
[AE-IS] Kept 8992 / 11989 (reduction = 25.00%)
Result: 
[10.858843803405762, 9.775694847106934, 8.34476351737976, 8.063305616378784, 8.026355743408203, 8.054755210876465]
Fold 6
Fold 6
[AE-IS] Using GPU: NVIDIA A100-SXM4-80GB
[AE-IS] Architecture: 256 → 134 → 12 → 134 → 256
[AE-IS] Training autoencoder on 12017 instances (256 features) for up to 20 epochs …
  Epoch   1/20 — loss: 0.584906 (best: 0.584906)
  Epoch  10/20 — loss: 0.338413 (best: 0.338413)
  Epoch  20/20 — loss: 0.317682 (best: 0.317537)
[AE-IS] Training finished — best loss: 0.317537
[AE-IS] Reconstruction error stats — min: 0.030413, median: 0.217617, max: 2.134224
[AE-IS] Redundant instances: 4798, removing 2399 with beta=0.5
[AE-IS] Noise instances: 3605, removing 600 with theta=0.1666666
[AE-IS] Removed 2399 redundant + 600 noisy = 2999 total instances
[AE-IS] Kept 9018 / 12017 (reduction = 24.96%)
Result: 
[10.858843803405762, 9.775694847106934, 8.34476351737976, 8.063305616378784, 8.026355743408203, 8.054755210876465, 8.00156545639038]
Fold 7
Fold 7
[AE-IS] Using GPU: NVIDIA A100-SXM4-80GB
[AE-IS] Architecture: 256 → 134 → 12 → 134 → 256
[AE-IS] Training autoencoder on 12012 instances (256 features) for up to 20 epochs …
  Epoch   1/20 — loss: 0.579154 (best: 0.579154)
  Epoch  10/20 — loss: 0.337331 (best: 0.337331)
  Epoch  20/20 — loss: 0.313934 (best: 0.313934)
[AE-IS] Training finished — best loss: 0.313934
[AE-IS] Reconstruction error stats — min: 0.025010, median: 0.214340, max: 2.219626
[AE-IS] Redundant instances: 4805, removing 2402 with beta=0.5
[AE-IS] Noise instances: 3604, removing 600 with theta=0.1666666
[AE-IS] Removed 2402 redundant + 600 noisy = 3002 total instances
[AE-IS] Kept 9010 / 12012 (reduction = 24.99%)
Result: 
[10.858843803405762, 9.775694847106934, 8.34476351737976, 8.063305616378784, 8.026355743408203, 8.054755210876465, 8.00156545639038, 7.986103534698486]
Fold 8
Fold 8
[AE-IS] Using GPU: NVIDIA A100-SXM4-80GB
[AE-IS] Architecture: 256 → 134 → 12 → 134 → 256
[AE-IS] Training autoencoder on 12014 instances (256 features) for up to 20 epochs …
  Epoch   1/20 — loss: 0.584840 (best: 0.584840)
  Epoch  10/20 — loss: 0.336255 (best: 0.336255)
  Epoch  20/20 — loss: 0.317598 (best: 0.317166)
[AE-IS] Training finished — best loss: 0.317166
[AE-IS] Reconstruction error stats — min: 0.031455, median: 0.217743, max: 2.278966
[AE-IS] Redundant instances: 4806, removing 2403 with beta=0.5
[AE-IS] Noise instances: 3604, removing 600 with theta=0.1666666
[AE-IS] Removed 2403 redundant + 600 noisy = 3003 total instances
[AE-IS] Kept 9011 / 12014 (reduction = 25.00%)
Result: 
[10.858843803405762, 9.775694847106934, 8.34476351737976, 8.063305616378784, 8.026355743408203, 8.054755210876465, 8.00156545639038, 7.986103534698486, 7.980713129043579]
Fold 9
Fold 9
[AE-IS] Using GPU: NVIDIA A100-SXM4-80GB
[AE-IS] Architecture: 256 → 134 → 12 → 134 → 256
[AE-IS] Training autoencoder on 12034 instances (256 features) for up to 20 epochs …
  Epoch   1/20 — loss: 0.583997 (best: 0.583997)
  Epoch  10/20 — loss: 0.350489 (best: 0.350489)
  Epoch  20/20 — loss: 0.328755 (best: 0.328755)
[AE-IS] Training finished — best loss: 0.328755
[AE-IS] Reconstruction error stats — min: 0.043220, median: 0.248053, max: 2.247623
[AE-IS] Redundant instances: 4814, removing 2407 with beta=0.5
[AE-IS] Noise instances: 3610, removing 601 with theta=0.1666666
[AE-IS] Removed 2407 redundant + 601 noisy = 3008 total instances
[AE-IS] Kept 9026 / 12034 (reduction = 25.00%)
Result: 
[10.858843803405762, 9.775694847106934, 8.34476351737976, 8.063305616378784, 8.026355743408203, 8.054755210876465, 8.00156545639038, 7.986103534698486, 7.980713129043579, 8.05284595489502]
time: 8.514494681358338
time std: 0.9385603227233184
reducion: 0.2498854074270751
reducion std: 0.0001128748392260939
END
