Namespace(dataset='sst1', method='entropy-sublinear-ae-is', folds=10, save=True, inputrep='jina-v5', out='/data/bernardolemos/results/jina-v5/instance_selection', datain='/data/bernardolemos/datasets', overwrite=1, inputdir='/data/bernardolemos/datasets/sst1/jina-v5/', splitdir='/data/bernardolemos/datasets/sst1/splits/', outputdir='/data/bernardolemos/results/jina-v5/instance_selection/selection/sst1/', filename='/data/bernardolemos/results/jina-v5/instance_selection/selection/sst1//saida_entropy-sublinear-ae-is', start_time='04-07-2026 19:53:12')
Namespace(dataset='sst1', method='entropy-sublinear-ae-is', folds=10, save=True, inputrep='jina-v5', out='/data/bernardolemos/results/jina-v5/instance_selection', datain='/data/bernardolemos/datasets', overwrite=1, inputdir='/data/bernardolemos/datasets/sst1/jina-v5/', splitdir='/data/bernardolemos/datasets/sst1/splits/', outputdir='/data/bernardolemos/results/jina-v5/instance_selection/selection/sst1/', filename='/data/bernardolemos/results/jina-v5/instance_selection/selection/sst1//saida_entropy-sublinear-ae-is', start_time='04-07-2026 19:53:12')
/data/bernardolemos/datasets/sst1/splits//split_10.pkl
Fold 0
Fold 0
[EntropySublinearAEIS] Step 1 — Training Autoencoder for 50 epochs...
[AE-IS] Using GPU: NVIDIA A100-SXM4-80GB
[AE-IS] Architecture: 256 → 192 → 128 → 192 → 256
[AE-IS] Training autoencoder on 10669 instances (256 features) for up to 50 epochs …
  Epoch   1/50 — loss: 0.763779 (best: 0.763779)
  Epoch  10/50 — loss: 0.330082 (best: 0.330082)
  Epoch  20/50 — loss: 0.294734 (best: 0.294734)
  Epoch  30/50 — loss: 0.276938 (best: 0.276938)
  Epoch  40/50 — loss: 0.267418 (best: 0.267418)
  Epoch  50/50 — loss: 0.260218 (best: 0.260218)
[AE-IS] Training finished — best loss: 0.260218
[AE-IS] Reconstruction error stats — min: 0.027242, median: 0.155047, max: 1.192608
[AE-IS] Removed 0 redundant + 0 noisy = 0 total instances
[AE-IS] Kept 10669 / 10669 (reduction = 0.00%)
[EntropySublinearAEIS] AE scores: min=0.0272, median=0.1550, max=1.1926
[EntropySublinearAEIS] Step 2 — Tessellating into 200 micro-clusters...
[EntropySublinearAEIS] Step 3 — Entropy H=0.9310, adaptive reduction=32.88% (Keeping 7160 / 10669)
[EntropySublinearAEIS] Step 4 — Sublinear sampling (gamma=0.5). lambda = 5.8138
[EntropySublinearAEIS] Done — removed 3506 / 10669 (reduction = 32.86%)
Result: 
[8.995032548904419]
Fold 1
Fold 1
[EntropySublinearAEIS] Step 1 — Training Autoencoder for 50 epochs...
[AE-IS] Using GPU: NVIDIA A100-SXM4-80GB
[AE-IS] Architecture: 256 → 192 → 128 → 192 → 256
[AE-IS] Training autoencoder on 10669 instances (256 features) for up to 50 epochs …
  Epoch   1/50 — loss: 0.764728 (best: 0.764728)
  Epoch  10/50 — loss: 0.329981 (best: 0.329981)
  Epoch  20/50 — loss: 0.292300 (best: 0.292300)
  Epoch  30/50 — loss: 0.277301 (best: 0.277301)
  Epoch  40/50 — loss: 0.265869 (best: 0.265869)
  Epoch  50/50 — loss: 0.259173 (best: 0.259173)
[AE-IS] Training finished — best loss: 0.259173
[AE-IS] Reconstruction error stats — min: 0.032907, median: 0.154802, max: 1.182123
[AE-IS] Removed 0 redundant + 0 noisy = 0 total instances
[AE-IS] Kept 10669 / 10669 (reduction = 0.00%)
[EntropySublinearAEIS] AE scores: min=0.0329, median=0.1548, max=1.1821
[EntropySublinearAEIS] Step 2 — Tessellating into 200 micro-clusters...
[EntropySublinearAEIS] Step 3 — Entropy H=0.9402, adaptive reduction=30.16% (Keeping 7451 / 10669)
[EntropySublinearAEIS] Step 4 — Sublinear sampling (gamma=0.5). lambda = 5.9530
[EntropySublinearAEIS] Done — removed 3218 / 10669 (reduction = 30.16%)
Result: 
[8.995032548904419, 7.455895900726318]
Fold 2
Fold 2
[EntropySublinearAEIS] Step 1 — Training Autoencoder for 50 epochs...
[AE-IS] Using GPU: NVIDIA A100-SXM4-80GB
[AE-IS] Architecture: 256 → 192 → 128 → 192 → 256
[AE-IS] Training autoencoder on 10669 instances (256 features) for up to 50 epochs …
  Epoch   1/50 — loss: 0.764065 (best: 0.764065)
  Epoch  10/50 — loss: 0.329982 (best: 0.329982)
  Epoch  20/50 — loss: 0.294069 (best: 0.294069)
  Epoch  30/50 — loss: 0.276848 (best: 0.276848)
  Epoch  40/50 — loss: 0.266823 (best: 0.266823)
  Epoch  50/50 — loss: 0.261774 (best: 0.261492)
[AE-IS] Training finished — best loss: 0.261492
[AE-IS] Reconstruction error stats — min: 0.030619, median: 0.155226, max: 1.157174
[AE-IS] Removed 0 redundant + 0 noisy = 0 total instances
[AE-IS] Kept 10669 / 10669 (reduction = 0.00%)
[EntropySublinearAEIS] AE scores: min=0.0306, median=0.1552, max=1.1572
[EntropySublinearAEIS] Step 2 — Tessellating into 200 micro-clusters...
[EntropySublinearAEIS] Step 3 — Entropy H=0.9494, adaptive reduction=27.06% (Keeping 7782 / 10669)
[EntropySublinearAEIS] Step 4 — Sublinear sampling (gamma=0.5). lambda = 6.0921
[EntropySublinearAEIS] Done — removed 2886 / 10669 (reduction = 27.05%)
Result: 
[8.995032548904419, 7.455895900726318, 7.344573020935059]
Fold 3
Fold 3
[EntropySublinearAEIS] Step 1 — Training Autoencoder for 50 epochs...
[AE-IS] Using GPU: NVIDIA A100-SXM4-80GB
[AE-IS] Architecture: 256 → 192 → 128 → 192 → 256
[AE-IS] Training autoencoder on 10669 instances (256 features) for up to 50 epochs …
  Epoch   1/50 — loss: 0.765505 (best: 0.765505)
  Epoch  10/50 — loss: 0.329580 (best: 0.329580)
  Epoch  20/50 — loss: 0.294237 (best: 0.294237)
  Epoch  30/50 — loss: 0.277439 (best: 0.277439)
  Epoch  40/50 — loss: 0.268942 (best: 0.267984)
  Epoch  50/50 — loss: 0.260504 (best: 0.260504)
[AE-IS] Training finished — best loss: 0.260504
[AE-IS] Reconstruction error stats — min: 0.027801, median: 0.154548, max: 1.120384
[AE-IS] Removed 0 redundant + 0 noisy = 0 total instances
[AE-IS] Kept 10669 / 10669 (reduction = 0.00%)
[EntropySublinearAEIS] AE scores: min=0.0278, median=0.1545, max=1.1204
[EntropySublinearAEIS] Step 2 — Tessellating into 200 micro-clusters...
[EntropySublinearAEIS] Step 3 — Entropy H=0.9398, adaptive reduction=30.29% (Keeping 7436 / 10669)
[EntropySublinearAEIS] Step 4 — Sublinear sampling (gamma=0.5). lambda = 5.9633
[EntropySublinearAEIS] Done — removed 3231 / 10669 (reduction = 30.28%)
Result: 
[8.995032548904419, 7.455895900726318, 7.344573020935059, 8.366278171539307]
Fold 4
Fold 4
[EntropySublinearAEIS] Step 1 — Training Autoencoder for 50 epochs...
[AE-IS] Using GPU: NVIDIA A100-SXM4-80GB
[AE-IS] Architecture: 256 → 192 → 128 → 192 → 256
[AE-IS] Training autoencoder on 10669 instances (256 features) for up to 50 epochs …
  Epoch   1/50 — loss: 0.765329 (best: 0.765329)
  Epoch  10/50 — loss: 0.329030 (best: 0.329030)
  Epoch  20/50 — loss: 0.293061 (best: 0.293061)
  Epoch  30/50 — loss: 0.276861 (best: 0.276861)
  Epoch  40/50 — loss: 0.267227 (best: 0.267227)
  Epoch  50/50 — loss: 0.260717 (best: 0.260717)
[AE-IS] Training finished — best loss: 0.260717
[AE-IS] Reconstruction error stats — min: 0.029446, median: 0.154960, max: 1.137428
[AE-IS] Removed 0 redundant + 0 noisy = 0 total instances
[AE-IS] Kept 10669 / 10669 (reduction = 0.00%)
[EntropySublinearAEIS] AE scores: min=0.0294, median=0.1550, max=1.1374
[EntropySublinearAEIS] Step 2 — Tessellating into 200 micro-clusters...
[EntropySublinearAEIS] Step 3 — Entropy H=0.9490, adaptive reduction=27.21% (Keeping 7765 / 10669)
[EntropySublinearAEIS] Step 4 — Sublinear sampling (gamma=0.5). lambda = 6.0502
[EntropySublinearAEIS] Done — removed 2904 / 10669 (reduction = 27.22%)
Result: 
[8.995032548904419, 7.455895900726318, 7.344573020935059, 8.366278171539307, 7.488528251647949]
Fold 5
Fold 5
[EntropySublinearAEIS] Step 1 — Training Autoencoder for 50 epochs...
[AE-IS] Using GPU: NVIDIA A100-SXM4-80GB
[AE-IS] Architecture: 256 → 192 → 128 → 192 → 256
[AE-IS] Training autoencoder on 10670 instances (256 features) for up to 50 epochs …
  Epoch   1/50 — loss: 0.763352 (best: 0.763352)
  Epoch  10/50 — loss: 0.329356 (best: 0.329356)
  Epoch  20/50 — loss: 0.293359 (best: 0.293359)
  Epoch  30/50 — loss: 0.276517 (best: 0.276517)
  Epoch  40/50 — loss: 0.267074 (best: 0.267074)
  Epoch  50/50 — loss: 0.259911 (best: 0.259911)
[AE-IS] Training finished — best loss: 0.259911
[AE-IS] Reconstruction error stats — min: 0.030718, median: 0.154824, max: 1.115865
[AE-IS] Removed 0 redundant + 0 noisy = 0 total instances
[AE-IS] Kept 10670 / 10670 (reduction = 0.00%)
[EntropySublinearAEIS] AE scores: min=0.0307, median=0.1548, max=1.1159
[EntropySublinearAEIS] Step 2 — Tessellating into 200 micro-clusters...
[EntropySublinearAEIS] Step 3 — Entropy H=0.9340, adaptive reduction=32.04% (Keeping 7251 / 10670)
[EntropySublinearAEIS] Step 4 — Sublinear sampling (gamma=0.5). lambda = 5.8462
[EntropySublinearAEIS] Done — removed 3419 / 10670 (reduction = 32.04%)
Result: 
[8.995032548904419, 7.455895900726318, 7.344573020935059, 8.366278171539307, 7.488528251647949, 7.500387907028198]
Fold 6
Fold 6
[EntropySublinearAEIS] Step 1 — Training Autoencoder for 50 epochs...
[AE-IS] Using GPU: NVIDIA A100-SXM4-80GB
[AE-IS] Architecture: 256 → 192 → 128 → 192 → 256
[AE-IS] Training autoencoder on 10670 instances (256 features) for up to 50 epochs …
  Epoch   1/50 — loss: 0.765753 (best: 0.765753)
  Epoch  10/50 — loss: 0.331015 (best: 0.331015)
  Epoch  20/50 — loss: 0.293878 (best: 0.293878)
  Epoch  30/50 — loss: 0.276254 (best: 0.276254)
  Epoch  40/50 — loss: 0.266984 (best: 0.266984)
  Epoch  50/50 — loss: 0.260853 (best: 0.260853)
[AE-IS] Training finished — best loss: 0.260853
[AE-IS] Reconstruction error stats — min: 0.031272, median: 0.155087, max: 1.175402
[AE-IS] Removed 0 redundant + 0 noisy = 0 total instances
[AE-IS] Kept 10670 / 10670 (reduction = 0.00%)
[EntropySublinearAEIS] AE scores: min=0.0313, median=0.1551, max=1.1754
[EntropySublinearAEIS] Step 2 — Tessellating into 200 micro-clusters...
[EntropySublinearAEIS] Step 3 — Entropy H=0.9370, adaptive reduction=31.16% (Keeping 7344 / 10670)
[EntropySublinearAEIS] Step 4 — Sublinear sampling (gamma=0.5). lambda = 5.8977
[EntropySublinearAEIS] Done — removed 3324 / 10670 (reduction = 31.15%)
Result: 
[8.995032548904419, 7.455895900726318, 7.344573020935059, 8.366278171539307, 7.488528251647949, 7.500387907028198, 7.3238160610198975]
Fold 7
Fold 7
[EntropySublinearAEIS] Step 1 — Training Autoencoder for 50 epochs...
[AE-IS] Using GPU: NVIDIA A100-SXM4-80GB
[AE-IS] Architecture: 256 → 192 → 128 → 192 → 256
[AE-IS] Training autoencoder on 10670 instances (256 features) for up to 50 epochs …
  Epoch   1/50 — loss: 0.763274 (best: 0.763274)
  Epoch  10/50 — loss: 0.329365 (best: 0.329365)
  Epoch  20/50 — loss: 0.293359 (best: 0.293359)
  Epoch  30/50 — loss: 0.277012 (best: 0.277012)
  Epoch  40/50 — loss: 0.266935 (best: 0.266935)
  Epoch  50/50 — loss: 0.260933 (best: 0.260668)
[AE-IS] Training finished — best loss: 0.260668
[AE-IS] Reconstruction error stats — min: 0.030528, median: 0.155225, max: 1.182436
[AE-IS] Removed 0 redundant + 0 noisy = 0 total instances
[AE-IS] Kept 10670 / 10670 (reduction = 0.00%)
[EntropySublinearAEIS] AE scores: min=0.0305, median=0.1552, max=1.1824
[EntropySublinearAEIS] Step 2 — Tessellating into 200 micro-clusters...
[EntropySublinearAEIS] Step 3 — Entropy H=0.9462, adaptive reduction=28.17% (Keeping 7664 / 10670)
[EntropySublinearAEIS] Step 4 — Sublinear sampling (gamma=0.5). lambda = 6.0178
[EntropySublinearAEIS] Done — removed 3006 / 10670 (reduction = 28.17%)
Result: 
[8.995032548904419, 7.455895900726318, 7.344573020935059, 8.366278171539307, 7.488528251647949, 7.500387907028198, 7.3238160610198975, 7.422499418258667]
Fold 8
Fold 8
[EntropySublinearAEIS] Step 1 — Training Autoencoder for 50 epochs...
[AE-IS] Using GPU: NVIDIA A100-SXM4-80GB
[AE-IS] Architecture: 256 → 192 → 128 → 192 → 256
[AE-IS] Training autoencoder on 10670 instances (256 features) for up to 50 epochs …
  Epoch   1/50 — loss: 0.763674 (best: 0.763674)
  Epoch  10/50 — loss: 0.330230 (best: 0.330230)
  Epoch  20/50 — loss: 0.293644 (best: 0.293644)
  Epoch  30/50 — loss: 0.277318 (best: 0.277318)
  Epoch  40/50 — loss: 0.267512 (best: 0.267512)
  Epoch  50/50 — loss: 0.260725 (best: 0.260725)
[AE-IS] Training finished — best loss: 0.260725
[AE-IS] Reconstruction error stats — min: 0.026449, median: 0.155127, max: 1.213140
[AE-IS] Removed 0 redundant + 0 noisy = 0 total instances
[AE-IS] Kept 10670 / 10670 (reduction = 0.00%)
[EntropySublinearAEIS] AE scores: min=0.0264, median=0.1551, max=1.2131
[EntropySublinearAEIS] Step 2 — Tessellating into 200 micro-clusters...
[EntropySublinearAEIS] Step 3 — Entropy H=0.9349, adaptive reduction=31.80% (Keeping 7277 / 10670)
[EntropySublinearAEIS] Step 4 — Sublinear sampling (gamma=0.5). lambda = 5.8585
[EntropySublinearAEIS] Done — removed 3393 / 10670 (reduction = 31.80%)
Result: 
[8.995032548904419, 7.455895900726318, 7.344573020935059, 8.366278171539307, 7.488528251647949, 7.500387907028198, 7.3238160610198975, 7.422499418258667, 7.452957391738892]
Fold 9
Fold 9
[EntropySublinearAEIS] Step 1 — Training Autoencoder for 50 epochs...
[AE-IS] Using GPU: NVIDIA A100-SXM4-80GB
[AE-IS] Architecture: 256 → 192 → 128 → 192 → 256
[AE-IS] Training autoencoder on 10670 instances (256 features) for up to 50 epochs …
  Epoch   1/50 — loss: 0.764189 (best: 0.764189)
  Epoch  10/50 — loss: 0.330334 (best: 0.330334)
  Epoch  20/50 — loss: 0.292842 (best: 0.292842)
  Epoch  30/50 — loss: 0.277037 (best: 0.277037)
  Epoch  40/50 — loss: 0.267119 (best: 0.267119)
  Epoch  50/50 — loss: 0.259862 (best: 0.259862)
[AE-IS] Training finished — best loss: 0.259862
[AE-IS] Reconstruction error stats — min: 0.031895, median: 0.154700, max: 1.166158
[AE-IS] Removed 0 redundant + 0 noisy = 0 total instances
[AE-IS] Kept 10670 / 10670 (reduction = 0.00%)
[EntropySublinearAEIS] AE scores: min=0.0319, median=0.1547, max=1.1662
[EntropySublinearAEIS] Step 2 — Tessellating into 200 micro-clusters...
[EntropySublinearAEIS] Step 3 — Entropy H=0.9471, adaptive reduction=27.87% (Keeping 7696 / 10670)
[EntropySublinearAEIS] Step 4 — Sublinear sampling (gamma=0.5). lambda = 6.0678
[EntropySublinearAEIS] Done — removed 2973 / 10670 (reduction = 27.86%)
Result: 
[8.995032548904419, 7.455895900726318, 7.344573020935059, 8.366278171539307, 7.488528251647949, 7.500387907028198, 7.3238160610198975, 7.422499418258667, 7.452957391738892, 8.219415187835693]
time: 7.75693838596344
time std: 0.5392995141696056
reducion: 0.2986080203460647
reducion std: 0.020293624291003134
END
