Namespace(dataset='sst1', method='autoencoder-is', folds=10, save=True, inputrep='jina-v5', out='/data/bernardolemos/results/jina-v5/instance_selection', datain='/data/bernardolemos/datasets', overwrite=1, inputdir='/data/bernardolemos/datasets/sst1/jina-v5/', splitdir='/data/bernardolemos/datasets/sst1/splits/', outputdir='/data/bernardolemos/results/jina-v5/instance_selection/selection/sst1/', filename='/data/bernardolemos/results/jina-v5/instance_selection/selection/sst1//saida_autoencoder-is', start_time='16-07-2026 22:00:11')
Namespace(dataset='sst1', method='autoencoder-is', folds=10, save=True, inputrep='jina-v5', out='/data/bernardolemos/results/jina-v5/instance_selection', datain='/data/bernardolemos/datasets', overwrite=1, inputdir='/data/bernardolemos/datasets/sst1/jina-v5/', splitdir='/data/bernardolemos/datasets/sst1/splits/', outputdir='/data/bernardolemos/results/jina-v5/instance_selection/selection/sst1/', filename='/data/bernardolemos/results/jina-v5/instance_selection/selection/sst1//saida_autoencoder-is', start_time='16-07-2026 22:00:11')
/data/bernardolemos/datasets/sst1/splits//split_10.pkl
Fold 0
Fold 0
[AE-IS] Using GPU: NVIDIA A100-SXM4-80GB
[AE-IS] Architecture: 256 → 134 → 12 → 134 → 256
[AE-IS] Training autoencoder on 10669 instances (256 features) for up to 20 epochs …
  Epoch   1/20 — loss: 0.746327 (best: 0.746327)
  Epoch  10/20 — loss: 0.498784 (best: 0.498784)
  Epoch  20/20 — loss: 0.481819 (best: 0.481819)
[AE-IS] Training finished — best loss: 0.481819
[AE-IS] Reconstruction error stats — min: 0.063668, median: 0.375495, max: 1.975045
[AE-IS] Redundant instances: 4268, removing 2134 with beta=0.5
[AE-IS] Noise instances: 3201, removing 533 with theta=0.1666666
[AE-IS] Removed 2134 redundant + 533 noisy = 2667 total instances
[AE-IS] Kept 8002 / 10669 (reduction = 25.00%)
Result: 
[9.377879619598389]
Fold 1
Fold 1
[AE-IS] Using GPU: NVIDIA A100-SXM4-80GB
[AE-IS] Architecture: 256 → 134 → 12 → 134 → 256
[AE-IS] Training autoencoder on 10669 instances (256 features) for up to 20 epochs …
  Epoch   1/20 — loss: 0.750429 (best: 0.750429)
  Epoch  10/20 — loss: 0.495585 (best: 0.495585)
  Epoch  20/20 — loss: 0.479796 (best: 0.479796)
[AE-IS] Training finished — best loss: 0.479796
[AE-IS] Reconstruction error stats — min: 0.064279, median: 0.372412, max: 1.938455
[AE-IS] Redundant instances: 4268, removing 2134 with beta=0.5
[AE-IS] Noise instances: 3201, removing 533 with theta=0.1666666
[AE-IS] Removed 2134 redundant + 533 noisy = 2667 total instances
[AE-IS] Kept 8002 / 10669 (reduction = 25.00%)
Result: 
[9.377879619598389, 7.25416374206543]
Fold 2
Fold 2
[AE-IS] Using GPU: NVIDIA A100-SXM4-80GB
[AE-IS] Architecture: 256 → 134 → 12 → 134 → 256
[AE-IS] Training autoencoder on 10669 instances (256 features) for up to 20 epochs …
  Epoch   1/20 — loss: 0.747878 (best: 0.747878)
  Epoch  10/20 — loss: 0.496882 (best: 0.496882)
  Epoch  20/20 — loss: 0.481554 (best: 0.481554)
[AE-IS] Training finished — best loss: 0.481554
[AE-IS] Reconstruction error stats — min: 0.061740, median: 0.373604, max: 1.935250
[AE-IS] Redundant instances: 4268, removing 2134 with beta=0.5
[AE-IS] Noise instances: 3201, removing 533 with theta=0.1666666
[AE-IS] Removed 2134 redundant + 533 noisy = 2667 total instances
[AE-IS] Kept 8002 / 10669 (reduction = 25.00%)
Result: 
[9.377879619598389, 7.25416374206543, 7.359758377075195]
Fold 3
Fold 3
[AE-IS] Using GPU: NVIDIA A100-SXM4-80GB
[AE-IS] Architecture: 256 → 134 → 12 → 134 → 256
[AE-IS] Training autoencoder on 10669 instances (256 features) for up to 20 epochs …
  Epoch   1/20 — loss: 0.747003 (best: 0.747003)
  Epoch  10/20 — loss: 0.495672 (best: 0.495672)
  Epoch  20/20 — loss: 0.480225 (best: 0.480225)
[AE-IS] Training finished — best loss: 0.480225
[AE-IS] Reconstruction error stats — min: 0.072952, median: 0.373037, max: 1.891887
[AE-IS] Redundant instances: 4268, removing 2134 with beta=0.5
[AE-IS] Noise instances: 3201, removing 533 with theta=0.1666666
[AE-IS] Removed 2134 redundant + 533 noisy = 2667 total instances
[AE-IS] Kept 8002 / 10669 (reduction = 25.00%)
Result: 
[9.377879619598389, 7.25416374206543, 7.359758377075195, 7.194773435592651]
Fold 4
Fold 4
[AE-IS] Using GPU: NVIDIA A100-SXM4-80GB
[AE-IS] Architecture: 256 → 134 → 12 → 134 → 256
[AE-IS] Training autoencoder on 10669 instances (256 features) for up to 20 epochs …
  Epoch   1/20 — loss: 0.744391 (best: 0.744391)
  Epoch  10/20 — loss: 0.496786 (best: 0.496786)
  Epoch  20/20 — loss: 0.482317 (best: 0.481514)
[AE-IS] Training finished — best loss: 0.481514
[AE-IS] Reconstruction error stats — min: 0.066468, median: 0.373611, max: 1.946215
[AE-IS] Redundant instances: 4268, removing 2134 with beta=0.5
[AE-IS] Noise instances: 3201, removing 533 with theta=0.1666666
[AE-IS] Removed 2134 redundant + 533 noisy = 2667 total instances
[AE-IS] Kept 8002 / 10669 (reduction = 25.00%)
Result: 
[9.377879619598389, 7.25416374206543, 7.359758377075195, 7.194773435592651, 7.155426025390625]
Fold 5
Fold 5
[AE-IS] Using GPU: NVIDIA A100-SXM4-80GB
[AE-IS] Architecture: 256 → 134 → 12 → 134 → 256
[AE-IS] Training autoencoder on 10670 instances (256 features) for up to 20 epochs …
  Epoch   1/20 — loss: 0.746158 (best: 0.746158)
  Epoch  10/20 — loss: 0.495813 (best: 0.495813)
  Epoch  20/20 — loss: 0.480488 (best: 0.480488)
[AE-IS] Training finished — best loss: 0.480488
[AE-IS] Reconstruction error stats — min: 0.065004, median: 0.371199, max: 1.831138
[AE-IS] Redundant instances: 4268, removing 2134 with beta=0.5
[AE-IS] Noise instances: 3201, removing 533 with theta=0.1666666
[AE-IS] Removed 2134 redundant + 533 noisy = 2667 total instances
[AE-IS] Kept 8003 / 10670 (reduction = 25.00%)
Result: 
[9.377879619598389, 7.25416374206543, 7.359758377075195, 7.194773435592651, 7.155426025390625, 7.1986403465271]
Fold 6
Fold 6
[AE-IS] Using GPU: NVIDIA A100-SXM4-80GB
[AE-IS] Architecture: 256 → 134 → 12 → 134 → 256
[AE-IS] Training autoencoder on 10670 instances (256 features) for up to 20 epochs …
  Epoch   1/20 — loss: 0.746258 (best: 0.746258)
  Epoch  10/20 — loss: 0.496753 (best: 0.496753)
  Epoch  20/20 — loss: 0.481974 (best: 0.481824)
[AE-IS] Training finished — best loss: 0.481824
[AE-IS] Reconstruction error stats — min: 0.074412, median: 0.375480, max: 1.991809
[AE-IS] Redundant instances: 4268, removing 2134 with beta=0.5
[AE-IS] Noise instances: 3201, removing 533 with theta=0.1666666
[AE-IS] Removed 2134 redundant + 533 noisy = 2667 total instances
[AE-IS] Kept 8003 / 10670 (reduction = 25.00%)
Result: 
[9.377879619598389, 7.25416374206543, 7.359758377075195, 7.194773435592651, 7.155426025390625, 7.1986403465271, 7.229791164398193]
Fold 7
Fold 7
[AE-IS] Using GPU: NVIDIA A100-SXM4-80GB
[AE-IS] Architecture: 256 → 134 → 12 → 134 → 256
[AE-IS] Training autoencoder on 10670 instances (256 features) for up to 20 epochs …
  Epoch   1/20 — loss: 0.741224 (best: 0.741224)
  Epoch  10/20 — loss: 0.496215 (best: 0.496215)
  Epoch  20/20 — loss: 0.483749 (best: 0.482630)
[AE-IS] Training finished — best loss: 0.482630
[AE-IS] Reconstruction error stats — min: 0.064433, median: 0.373488, max: 2.003803
[AE-IS] Redundant instances: 4268, removing 2134 with beta=0.5
[AE-IS] Noise instances: 3201, removing 533 with theta=0.1666666
[AE-IS] Removed 2134 redundant + 533 noisy = 2667 total instances
[AE-IS] Kept 8003 / 10670 (reduction = 25.00%)
Result: 
[9.377879619598389, 7.25416374206543, 7.359758377075195, 7.194773435592651, 7.155426025390625, 7.1986403465271, 7.229791164398193, 7.170876741409302]
Fold 8
Fold 8
[AE-IS] Using GPU: NVIDIA A100-SXM4-80GB
[AE-IS] Architecture: 256 → 134 → 12 → 134 → 256
[AE-IS] Training autoencoder on 10670 instances (256 features) for up to 20 epochs …
  Epoch   1/20 — loss: 0.746374 (best: 0.746374)
  Epoch  10/20 — loss: 0.498497 (best: 0.498497)
  Epoch  20/20 — loss: 0.481369 (best: 0.481369)
[AE-IS] Training finished — best loss: 0.481369
[AE-IS] Reconstruction error stats — min: 0.070098, median: 0.373173, max: 2.066548
[AE-IS] Redundant instances: 4268, removing 2134 with beta=0.5
[AE-IS] Noise instances: 3201, removing 533 with theta=0.1666666
[AE-IS] Removed 2134 redundant + 533 noisy = 2667 total instances
[AE-IS] Kept 8003 / 10670 (reduction = 25.00%)
Result: 
[9.377879619598389, 7.25416374206543, 7.359758377075195, 7.194773435592651, 7.155426025390625, 7.1986403465271, 7.229791164398193, 7.170876741409302, 7.198832750320435]
Fold 9
Fold 9
[AE-IS] Using GPU: NVIDIA A100-SXM4-80GB
[AE-IS] Architecture: 256 → 134 → 12 → 134 → 256
[AE-IS] Training autoencoder on 10670 instances (256 features) for up to 20 epochs …
  Epoch   1/20 — loss: 0.746167 (best: 0.746167)
  Epoch  10/20 — loss: 0.496956 (best: 0.496956)
  Epoch  20/20 — loss: 0.480711 (best: 0.480711)
[AE-IS] Training finished — best loss: 0.480711
[AE-IS] Reconstruction error stats — min: 0.069546, median: 0.373311, max: 1.885420
[AE-IS] Redundant instances: 4268, removing 2134 with beta=0.5
[AE-IS] Noise instances: 3201, removing 533 with theta=0.1666666
[AE-IS] Removed 2134 redundant + 533 noisy = 2667 total instances
[AE-IS] Kept 8003 / 10670 (reduction = 25.00%)
Result: 
[9.377879619598389, 7.25416374206543, 7.359758377075195, 7.194773435592651, 7.155426025390625, 7.1986403465271, 7.229791164398193, 7.170876741409302, 7.198832750320435, 7.1053712368011475]
time: 7.424551343917846
time std: 0.6542240193326893
reducion: 0.24996485363484658
reducion std: 1.1713990985276479e-05
END
