Namespace(dataset='sst1', method='sublinear-ae-is', folds=10, save=True, inputrep='jina-v5', out='/data/bernardolemos/results/jina-v5/instance_selection', datain='/data/bernardolemos/datasets', overwrite=1, inputdir='/data/bernardolemos/datasets/sst1/jina-v5/', splitdir='/data/bernardolemos/datasets/sst1/splits/', outputdir='/data/bernardolemos/results/jina-v5/instance_selection/selection/sst1/', filename='/data/bernardolemos/results/jina-v5/instance_selection/selection/sst1//saida_sublinear-ae-is', start_time='16-07-2026 22:01:48')
Namespace(dataset='sst1', method='sublinear-ae-is', folds=10, save=True, inputrep='jina-v5', out='/data/bernardolemos/results/jina-v5/instance_selection', datain='/data/bernardolemos/datasets', overwrite=1, inputdir='/data/bernardolemos/datasets/sst1/jina-v5/', splitdir='/data/bernardolemos/datasets/sst1/splits/', outputdir='/data/bernardolemos/results/jina-v5/instance_selection/selection/sst1/', filename='/data/bernardolemos/results/jina-v5/instance_selection/selection/sst1//saida_sublinear-ae-is', start_time='16-07-2026 22:01:48')
/data/bernardolemos/datasets/sst1/splits//split_10.pkl
Fold 0
Fold 0
[SublinearAEIS] Target reduction: 25.00% (Keeping 8001 / 10669 instances)
[SublinearAEIS] Step 1 — Training Autoencoder for 50 epochs...
[AE-IS] Using GPU: NVIDIA A100-SXM4-80GB
[AE-IS] Architecture: 256 → 192 → 128 → 192 → 256
[AE-IS] Training autoencoder on 10669 instances (256 features) for up to 50 epochs …
  Epoch   1/50 — loss: 0.763779 (best: 0.763779)
  Epoch  10/50 — loss: 0.330082 (best: 0.330082)
  Epoch  20/50 — loss: 0.294734 (best: 0.294734)
  Epoch  30/50 — loss: 0.276938 (best: 0.276938)
  Epoch  40/50 — loss: 0.267418 (best: 0.267418)
  Epoch  50/50 — loss: 0.260218 (best: 0.260218)
[AE-IS] Training finished — best loss: 0.260218
[AE-IS] Reconstruction error stats — min: 0.027242, median: 0.155047, max: 1.192608
[AE-IS] Removed 0 redundant + 0 noisy = 0 total instances
[AE-IS] Kept 10669 / 10669 (reduction = 0.00%)
[SublinearAEIS] Autoencoder scores: min=0.0272, median=0.1550, max=1.1926
[SublinearAEIS] Step 2 — Tessellating space into 200 micro-clusters...
[SublinearAEIS] Step 3 — Sublinear sampling (gamma=0.5). lambda = 6.7042
[SublinearAEIS] Done — removed 2667 / 10669 (reduction = 25.00%)
Result: 
[9.037006139755249]
Fold 1
Fold 1
[SublinearAEIS] Target reduction: 25.00% (Keeping 8001 / 10669 instances)
[SublinearAEIS] Step 1 — Training Autoencoder for 50 epochs...
[AE-IS] Using GPU: NVIDIA A100-SXM4-80GB
[AE-IS] Architecture: 256 → 192 → 128 → 192 → 256
[AE-IS] Training autoencoder on 10669 instances (256 features) for up to 50 epochs …
  Epoch   1/50 — loss: 0.764728 (best: 0.764728)
  Epoch  10/50 — loss: 0.329981 (best: 0.329981)
  Epoch  20/50 — loss: 0.292300 (best: 0.292300)
  Epoch  30/50 — loss: 0.277301 (best: 0.277301)
  Epoch  40/50 — loss: 0.265869 (best: 0.265869)
  Epoch  50/50 — loss: 0.259173 (best: 0.259173)
[AE-IS] Training finished — best loss: 0.259173
[AE-IS] Reconstruction error stats — min: 0.032907, median: 0.154802, max: 1.182123
[AE-IS] Removed 0 redundant + 0 noisy = 0 total instances
[AE-IS] Kept 10669 / 10669 (reduction = 0.00%)
[SublinearAEIS] Autoencoder scores: min=0.0329, median=0.1548, max=1.1821
[SublinearAEIS] Step 2 — Tessellating space into 200 micro-clusters...
[SublinearAEIS] Step 3 — Sublinear sampling (gamma=0.5). lambda = 6.5099
[SublinearAEIS] Done — removed 2668 / 10669 (reduction = 25.01%)
Result: 
[9.037006139755249, 7.873186826705933]
Fold 2
Fold 2
[SublinearAEIS] Target reduction: 25.00% (Keeping 8001 / 10669 instances)
[SublinearAEIS] Step 1 — Training Autoencoder for 50 epochs...
[AE-IS] Using GPU: NVIDIA A100-SXM4-80GB
[AE-IS] Architecture: 256 → 192 → 128 → 192 → 256
[AE-IS] Training autoencoder on 10669 instances (256 features) for up to 50 epochs …
  Epoch   1/50 — loss: 0.764065 (best: 0.764065)
  Epoch  10/50 — loss: 0.329982 (best: 0.329982)
  Epoch  20/50 — loss: 0.294069 (best: 0.294069)
  Epoch  30/50 — loss: 0.276848 (best: 0.276848)
  Epoch  40/50 — loss: 0.266823 (best: 0.266823)
  Epoch  50/50 — loss: 0.261774 (best: 0.261492)
[AE-IS] Training finished — best loss: 0.261492
[AE-IS] Reconstruction error stats — min: 0.030619, median: 0.155226, max: 1.157174
[AE-IS] Removed 0 redundant + 0 noisy = 0 total instances
[AE-IS] Kept 10669 / 10669 (reduction = 0.00%)
[SublinearAEIS] Autoencoder scores: min=0.0306, median=0.1552, max=1.1572
[SublinearAEIS] Step 2 — Tessellating space into 200 micro-clusters...
[SublinearAEIS] Step 3 — Sublinear sampling (gamma=0.5). lambda = 6.3134
[SublinearAEIS] Done — removed 2667 / 10669 (reduction = 25.00%)
Result: 
[9.037006139755249, 7.873186826705933, 7.583421945571899]
Fold 3
Fold 3
[SublinearAEIS] Target reduction: 25.00% (Keeping 8001 / 10669 instances)
[SublinearAEIS] Step 1 — Training Autoencoder for 50 epochs...
[AE-IS] Using GPU: NVIDIA A100-SXM4-80GB
[AE-IS] Architecture: 256 → 192 → 128 → 192 → 256
[AE-IS] Training autoencoder on 10669 instances (256 features) for up to 50 epochs …
  Epoch   1/50 — loss: 0.765505 (best: 0.765505)
  Epoch  10/50 — loss: 0.329580 (best: 0.329580)
  Epoch  20/50 — loss: 0.294237 (best: 0.294237)
  Epoch  30/50 — loss: 0.277439 (best: 0.277439)
  Epoch  40/50 — loss: 0.268942 (best: 0.267984)
  Epoch  50/50 — loss: 0.260504 (best: 0.260504)
[AE-IS] Training finished — best loss: 0.260504
[AE-IS] Reconstruction error stats — min: 0.027801, median: 0.154548, max: 1.120384
[AE-IS] Removed 0 redundant + 0 noisy = 0 total instances
[AE-IS] Kept 10669 / 10669 (reduction = 0.00%)
[SublinearAEIS] Autoencoder scores: min=0.0278, median=0.1545, max=1.1204
[SublinearAEIS] Step 2 — Tessellating space into 200 micro-clusters...
[SublinearAEIS] Step 3 — Sublinear sampling (gamma=0.5). lambda = 6.5399
[SublinearAEIS] Done — removed 2667 / 10669 (reduction = 25.00%)
Result: 
[9.037006139755249, 7.873186826705933, 7.583421945571899, 7.556734561920166]
Fold 4
Fold 4
[SublinearAEIS] Target reduction: 25.00% (Keeping 8001 / 10669 instances)
[SublinearAEIS] Step 1 — Training Autoencoder for 50 epochs...
[AE-IS] Using GPU: NVIDIA A100-SXM4-80GB
[AE-IS] Architecture: 256 → 192 → 128 → 192 → 256
[AE-IS] Training autoencoder on 10669 instances (256 features) for up to 50 epochs …
  Epoch   1/50 — loss: 0.765329 (best: 0.765329)
  Epoch  10/50 — loss: 0.329030 (best: 0.329030)
  Epoch  20/50 — loss: 0.293061 (best: 0.293061)
  Epoch  30/50 — loss: 0.276861 (best: 0.276861)
  Epoch  40/50 — loss: 0.267227 (best: 0.267227)
  Epoch  50/50 — loss: 0.260717 (best: 0.260717)
[AE-IS] Training finished — best loss: 0.260717
[AE-IS] Reconstruction error stats — min: 0.029446, median: 0.154960, max: 1.137428
[AE-IS] Removed 0 redundant + 0 noisy = 0 total instances
[AE-IS] Kept 10669 / 10669 (reduction = 0.00%)
[SublinearAEIS] Autoencoder scores: min=0.0294, median=0.1550, max=1.1374
[SublinearAEIS] Step 2 — Tessellating space into 200 micro-clusters...
[SublinearAEIS] Step 3 — Sublinear sampling (gamma=0.5). lambda = 6.3002
[SublinearAEIS] Done — removed 2667 / 10669 (reduction = 25.00%)
Result: 
[9.037006139755249, 7.873186826705933, 7.583421945571899, 7.556734561920166, 7.549555778503418]
Fold 5
Fold 5
[SublinearAEIS] Target reduction: 25.00% (Keeping 8002 / 10670 instances)
[SublinearAEIS] Step 1 — Training Autoencoder for 50 epochs...
[AE-IS] Using GPU: NVIDIA A100-SXM4-80GB
[AE-IS] Architecture: 256 → 192 → 128 → 192 → 256
[AE-IS] Training autoencoder on 10670 instances (256 features) for up to 50 epochs …
  Epoch   1/50 — loss: 0.763352 (best: 0.763352)
  Epoch  10/50 — loss: 0.329356 (best: 0.329356)
  Epoch  20/50 — loss: 0.293359 (best: 0.293359)
  Epoch  30/50 — loss: 0.276517 (best: 0.276517)
  Epoch  40/50 — loss: 0.267074 (best: 0.267074)
  Epoch  50/50 — loss: 0.259911 (best: 0.259911)
[AE-IS] Training finished — best loss: 0.259911
[AE-IS] Reconstruction error stats — min: 0.030718, median: 0.154824, max: 1.115865
[AE-IS] Removed 0 redundant + 0 noisy = 0 total instances
[AE-IS] Kept 10670 / 10670 (reduction = 0.00%)
[SublinearAEIS] Autoencoder scores: min=0.0307, median=0.1548, max=1.1159
[SublinearAEIS] Step 2 — Tessellating space into 200 micro-clusters...
[SublinearAEIS] Step 3 — Sublinear sampling (gamma=0.5). lambda = 6.6092
[SublinearAEIS] Done — removed 2668 / 10670 (reduction = 25.00%)
Result: 
[9.037006139755249, 7.873186826705933, 7.583421945571899, 7.556734561920166, 7.549555778503418, 7.472945928573608]
Fold 6
Fold 6
[SublinearAEIS] Target reduction: 25.00% (Keeping 8002 / 10670 instances)
[SublinearAEIS] Step 1 — Training Autoencoder for 50 epochs...
[AE-IS] Using GPU: NVIDIA A100-SXM4-80GB
[AE-IS] Architecture: 256 → 192 → 128 → 192 → 256
[AE-IS] Training autoencoder on 10670 instances (256 features) for up to 50 epochs …
  Epoch   1/50 — loss: 0.765753 (best: 0.765753)
  Epoch  10/50 — loss: 0.331015 (best: 0.331015)
  Epoch  20/50 — loss: 0.293878 (best: 0.293878)
  Epoch  30/50 — loss: 0.276254 (best: 0.276254)
  Epoch  40/50 — loss: 0.266984 (best: 0.266984)
  Epoch  50/50 — loss: 0.260853 (best: 0.260853)
[AE-IS] Training finished — best loss: 0.260853
[AE-IS] Reconstruction error stats — min: 0.031272, median: 0.155087, max: 1.175402
[AE-IS] Removed 0 redundant + 0 noisy = 0 total instances
[AE-IS] Kept 10670 / 10670 (reduction = 0.00%)
[SublinearAEIS] Autoencoder scores: min=0.0313, median=0.1551, max=1.1754
[SublinearAEIS] Step 2 — Tessellating space into 200 micro-clusters...
[SublinearAEIS] Step 3 — Sublinear sampling (gamma=0.5). lambda = 6.5591
[SublinearAEIS] Done — removed 2666 / 10670 (reduction = 24.99%)
Result: 
[9.037006139755249, 7.873186826705933, 7.583421945571899, 7.556734561920166, 7.549555778503418, 7.472945928573608, 7.281758546829224]
Fold 7
Fold 7
[SublinearAEIS] Target reduction: 25.00% (Keeping 8002 / 10670 instances)
[SublinearAEIS] Step 1 — Training Autoencoder for 50 epochs...
[AE-IS] Using GPU: NVIDIA A100-SXM4-80GB
[AE-IS] Architecture: 256 → 192 → 128 → 192 → 256
[AE-IS] Training autoencoder on 10670 instances (256 features) for up to 50 epochs …
  Epoch   1/50 — loss: 0.763274 (best: 0.763274)
  Epoch  10/50 — loss: 0.329365 (best: 0.329365)
  Epoch  20/50 — loss: 0.293359 (best: 0.293359)
  Epoch  30/50 — loss: 0.277012 (best: 0.277012)
  Epoch  40/50 — loss: 0.266935 (best: 0.266935)
  Epoch  50/50 — loss: 0.260933 (best: 0.260668)
[AE-IS] Training finished — best loss: 0.260668
[AE-IS] Reconstruction error stats — min: 0.030528, median: 0.155225, max: 1.182436
[AE-IS] Removed 0 redundant + 0 noisy = 0 total instances
[AE-IS] Kept 10670 / 10670 (reduction = 0.00%)
[SublinearAEIS] Autoencoder scores: min=0.0305, median=0.1552, max=1.1824
[SublinearAEIS] Step 2 — Tessellating space into 200 micro-clusters...
[SublinearAEIS] Step 3 — Sublinear sampling (gamma=0.5). lambda = 6.3509
[SublinearAEIS] Done — removed 2665 / 10670 (reduction = 24.98%)
Result: 
[9.037006139755249, 7.873186826705933, 7.583421945571899, 7.556734561920166, 7.549555778503418, 7.472945928573608, 7.281758546829224, 7.330118417739868]
Fold 8
Fold 8
[SublinearAEIS] Target reduction: 25.00% (Keeping 8002 / 10670 instances)
[SublinearAEIS] Step 1 — Training Autoencoder for 50 epochs...
[AE-IS] Using GPU: NVIDIA A100-SXM4-80GB
[AE-IS] Architecture: 256 → 192 → 128 → 192 → 256
[AE-IS] Training autoencoder on 10670 instances (256 features) for up to 50 epochs …
  Epoch   1/50 — loss: 0.763674 (best: 0.763674)
  Epoch  10/50 — loss: 0.330230 (best: 0.330230)
  Epoch  20/50 — loss: 0.293644 (best: 0.293644)
  Epoch  30/50 — loss: 0.277318 (best: 0.277318)
  Epoch  40/50 — loss: 0.267512 (best: 0.267512)
  Epoch  50/50 — loss: 0.260725 (best: 0.260725)
[AE-IS] Training finished — best loss: 0.260725
[AE-IS] Reconstruction error stats — min: 0.026449, median: 0.155127, max: 1.213140
[AE-IS] Removed 0 redundant + 0 noisy = 0 total instances
[AE-IS] Kept 10670 / 10670 (reduction = 0.00%)
[SublinearAEIS] Autoencoder scores: min=0.0264, median=0.1551, max=1.2131
[SublinearAEIS] Step 2 — Tessellating space into 200 micro-clusters...
[SublinearAEIS] Step 3 — Sublinear sampling (gamma=0.5). lambda = 6.6460
[SublinearAEIS] Done — removed 2667 / 10670 (reduction = 25.00%)
Result: 
[9.037006139755249, 7.873186826705933, 7.583421945571899, 7.556734561920166, 7.549555778503418, 7.472945928573608, 7.281758546829224, 7.330118417739868, 8.368014097213745]
Fold 9
Fold 9
[SublinearAEIS] Target reduction: 25.00% (Keeping 8002 / 10670 instances)
[SublinearAEIS] Step 1 — Training Autoencoder for 50 epochs...
[AE-IS] Using GPU: NVIDIA A100-SXM4-80GB
[AE-IS] Architecture: 256 → 192 → 128 → 192 → 256
[AE-IS] Training autoencoder on 10670 instances (256 features) for up to 50 epochs …
  Epoch   1/50 — loss: 0.764189 (best: 0.764189)
  Epoch  10/50 — loss: 0.330334 (best: 0.330334)
  Epoch  20/50 — loss: 0.292842 (best: 0.292842)
  Epoch  30/50 — loss: 0.277037 (best: 0.277037)
  Epoch  40/50 — loss: 0.267119 (best: 0.267119)
  Epoch  50/50 — loss: 0.259862 (best: 0.259862)
[AE-IS] Training finished — best loss: 0.259862
[AE-IS] Reconstruction error stats — min: 0.031895, median: 0.154700, max: 1.166158
[AE-IS] Removed 0 redundant + 0 noisy = 0 total instances
[AE-IS] Kept 10670 / 10670 (reduction = 0.00%)
[SublinearAEIS] Autoencoder scores: min=0.0319, median=0.1547, max=1.1662
[SublinearAEIS] Step 2 — Tessellating space into 200 micro-clusters...
[SublinearAEIS] Step 3 — Sublinear sampling (gamma=0.5). lambda = 6.3898
[SublinearAEIS] Done — removed 2668 / 10670 (reduction = 25.00%)
Result: 
[9.037006139755249, 7.873186826705933, 7.583421945571899, 7.556734561920166, 7.549555778503418, 7.472945928573608, 7.281758546829224, 7.330118417739868, 8.368014097213745, 7.462296962738037]
time: 7.751503920555114
time std: 0.5209451857981997
reducion: 0.24996485451328607
reducion std: 8.719746433868842e-05
END
