Namespace(dataset='sst2', method='autoencoder-is', folds=10, save=True, inputrep='jina-v5', out='/data/bernardolemos/results/jina-v5/instance_selection', datain='/data/bernardolemos/datasets', overwrite=1, inputdir='/data/bernardolemos/datasets/sst2/jina-v5/', splitdir='/data/bernardolemos/datasets/sst2/splits/', outputdir='/data/bernardolemos/results/jina-v5/instance_selection/selection/sst2/', filename='/data/bernardolemos/results/jina-v5/instance_selection/selection/sst2//saida_autoencoder-is', start_time='16-07-2026 21:49:13')
Namespace(dataset='sst2', method='autoencoder-is', folds=10, save=True, inputrep='jina-v5', out='/data/bernardolemos/results/jina-v5/instance_selection', datain='/data/bernardolemos/datasets', overwrite=1, inputdir='/data/bernardolemos/datasets/sst2/jina-v5/', splitdir='/data/bernardolemos/datasets/sst2/splits/', outputdir='/data/bernardolemos/results/jina-v5/instance_selection/selection/sst2/', filename='/data/bernardolemos/results/jina-v5/instance_selection/selection/sst2//saida_autoencoder-is', start_time='16-07-2026 21:49:13')
/data/bernardolemos/datasets/sst2/splits//split_10.pkl
Fold 0
Fold 0
[AE-IS] Using GPU: NVIDIA A100-SXM4-80GB
[AE-IS] Architecture: 256 → 134 → 12 → 134 → 256
[AE-IS] Training autoencoder on 8651 instances (256 features) for up to 20 epochs …
  Epoch   1/20 — loss: 0.767535 (best: 0.767535)
  Epoch  10/20 — loss: 0.498610 (best: 0.498610)
  Epoch  20/20 — loss: 0.479058 (best: 0.479058)
[AE-IS] Training finished — best loss: 0.479058
[AE-IS] Reconstruction error stats — min: 0.062208, median: 0.370069, max: 2.008504
[AE-IS] Redundant instances: 3460, removing 1730 with beta=0.5
[AE-IS] Noise instances: 2595, removing 432 with theta=0.1666666
[AE-IS] Removed 1730 redundant + 432 noisy = 2162 total instances
[AE-IS] Kept 6489 / 8651 (reduction = 24.99%)
Result: 
[7.859760522842407]
Fold 1
Fold 1
[AE-IS] Using GPU: NVIDIA A100-SXM4-80GB
[AE-IS] Architecture: 256 → 134 → 12 → 134 → 256
[AE-IS] Training autoencoder on 8651 instances (256 features) for up to 20 epochs …
  Epoch   1/20 — loss: 0.763930 (best: 0.763930)
  Epoch  10/20 — loss: 0.501918 (best: 0.501918)
  Epoch  20/20 — loss: 0.479050 (best: 0.479050)
[AE-IS] Training finished — best loss: 0.479050
[AE-IS] Reconstruction error stats — min: 0.069081, median: 0.370610, max: 1.864595
[AE-IS] Redundant instances: 3460, removing 1730 with beta=0.5
[AE-IS] Noise instances: 2595, removing 432 with theta=0.1666666
[AE-IS] Removed 1730 redundant + 432 noisy = 2162 total instances
[AE-IS] Kept 6489 / 8651 (reduction = 24.99%)
Result: 
[7.859760522842407, 5.846688985824585]
Fold 2
Fold 2
[AE-IS] Using GPU: NVIDIA A100-SXM4-80GB
[AE-IS] Architecture: 256 → 134 → 12 → 134 → 256
[AE-IS] Training autoencoder on 8651 instances (256 features) for up to 20 epochs …
  Epoch   1/20 — loss: 0.764009 (best: 0.764009)
  Epoch  10/20 — loss: 0.499811 (best: 0.499811)
  Epoch  20/20 — loss: 0.478670 (best: 0.478670)
[AE-IS] Training finished — best loss: 0.478670
[AE-IS] Reconstruction error stats — min: 0.060101, median: 0.371011, max: 2.039806
[AE-IS] Redundant instances: 3460, removing 1730 with beta=0.5
[AE-IS] Noise instances: 2595, removing 432 with theta=0.1666666
[AE-IS] Removed 1730 redundant + 432 noisy = 2162 total instances
[AE-IS] Kept 6489 / 8651 (reduction = 24.99%)
Result: 
[7.859760522842407, 5.846688985824585, 5.917433977127075]
Fold 3
Fold 3
[AE-IS] Using GPU: NVIDIA A100-SXM4-80GB
[AE-IS] Architecture: 256 → 134 → 12 → 134 → 256
[AE-IS] Training autoencoder on 8652 instances (256 features) for up to 20 epochs …
  Epoch   1/20 — loss: 0.764241 (best: 0.764241)
  Epoch  10/20 — loss: 0.501069 (best: 0.501069)
  Epoch  20/20 — loss: 0.479796 (best: 0.479699)
[AE-IS] Training finished — best loss: 0.479699
[AE-IS] Reconstruction error stats — min: 0.072897, median: 0.374181, max: 1.957630
[AE-IS] Redundant instances: 3461, removing 1730 with beta=0.5
[AE-IS] Noise instances: 2596, removing 432 with theta=0.1666666
[AE-IS] Removed 1730 redundant + 432 noisy = 2162 total instances
[AE-IS] Kept 6490 / 8652 (reduction = 24.99%)
Result: 
[7.859760522842407, 5.846688985824585, 5.917433977127075, 5.775788307189941]
Fold 4
Fold 4
[AE-IS] Using GPU: NVIDIA A100-SXM4-80GB
[AE-IS] Architecture: 256 → 134 → 12 → 134 → 256
[AE-IS] Training autoencoder on 8652 instances (256 features) for up to 20 epochs …
  Epoch   1/20 — loss: 0.767156 (best: 0.767156)
  Epoch  10/20 — loss: 0.503112 (best: 0.503112)
  Epoch  20/20 — loss: 0.481754 (best: 0.481370)
[AE-IS] Training finished — best loss: 0.481370
[AE-IS] Reconstruction error stats — min: 0.065603, median: 0.370960, max: 2.063221
[AE-IS] Redundant instances: 3461, removing 1730 with beta=0.5
[AE-IS] Noise instances: 2596, removing 432 with theta=0.1666666
[AE-IS] Removed 1730 redundant + 432 noisy = 2162 total instances
[AE-IS] Kept 6490 / 8652 (reduction = 24.99%)
Result: 
[7.859760522842407, 5.846688985824585, 5.917433977127075, 5.775788307189941, 5.744195222854614]
Fold 5
Fold 5
[AE-IS] Using GPU: NVIDIA A100-SXM4-80GB
[AE-IS] Architecture: 256 → 134 → 12 → 134 → 256
[AE-IS] Training autoencoder on 8652 instances (256 features) for up to 20 epochs …
  Epoch   1/20 — loss: 0.765388 (best: 0.765388)
  Epoch  10/20 — loss: 0.499482 (best: 0.499482)
  Epoch  20/20 — loss: 0.478952 (best: 0.478952)
[AE-IS] Training finished — best loss: 0.478952
[AE-IS] Reconstruction error stats — min: 0.071827, median: 0.368781, max: 2.009535
[AE-IS] Redundant instances: 3461, removing 1730 with beta=0.5
[AE-IS] Noise instances: 2596, removing 432 with theta=0.1666666
[AE-IS] Removed 1730 redundant + 432 noisy = 2162 total instances
[AE-IS] Kept 6490 / 8652 (reduction = 24.99%)
Result: 
[7.859760522842407, 5.846688985824585, 5.917433977127075, 5.775788307189941, 5.744195222854614, 5.743252515792847]
Fold 6
Fold 6
[AE-IS] Using GPU: NVIDIA A100-SXM4-80GB
[AE-IS] Architecture: 256 → 134 → 12 → 134 → 256
[AE-IS] Training autoencoder on 8652 instances (256 features) for up to 20 epochs …
  Epoch   1/20 — loss: 0.760705 (best: 0.760705)
  Epoch  10/20 — loss: 0.501071 (best: 0.501071)
  Epoch  20/20 — loss: 0.479588 (best: 0.478385)
[AE-IS] Training finished — best loss: 0.478385
[AE-IS] Reconstruction error stats — min: 0.071269, median: 0.371853, max: 1.982180
[AE-IS] Redundant instances: 3461, removing 1730 with beta=0.5
[AE-IS] Noise instances: 2596, removing 432 with theta=0.1666666
[AE-IS] Removed 1730 redundant + 432 noisy = 2162 total instances
[AE-IS] Kept 6490 / 8652 (reduction = 24.99%)
Result: 
[7.859760522842407, 5.846688985824585, 5.917433977127075, 5.775788307189941, 5.744195222854614, 5.743252515792847, 5.7232866287231445]
Fold 7
Fold 7
[AE-IS] Using GPU: NVIDIA A100-SXM4-80GB
[AE-IS] Architecture: 256 → 134 → 12 → 134 → 256
[AE-IS] Training autoencoder on 8652 instances (256 features) for up to 20 epochs …
  Epoch   1/20 — loss: 0.765584 (best: 0.765584)
  Epoch  10/20 — loss: 0.500449 (best: 0.500449)
  Epoch  20/20 — loss: 0.478489 (best: 0.478489)
[AE-IS] Training finished — best loss: 0.478489
[AE-IS] Reconstruction error stats — min: 0.059809, median: 0.371108, max: 1.945432
[AE-IS] Redundant instances: 3461, removing 1730 with beta=0.5
[AE-IS] Noise instances: 2596, removing 432 with theta=0.1666666
[AE-IS] Removed 1730 redundant + 432 noisy = 2162 total instances
[AE-IS] Kept 6490 / 8652 (reduction = 24.99%)
Result: 
[7.859760522842407, 5.846688985824585, 5.917433977127075, 5.775788307189941, 5.744195222854614, 5.743252515792847, 5.7232866287231445, 5.757592678070068]
Fold 8
Fold 8
[AE-IS] Using GPU: NVIDIA A100-SXM4-80GB
[AE-IS] Architecture: 256 → 134 → 12 → 134 → 256
[AE-IS] Training autoencoder on 8652 instances (256 features) for up to 20 epochs …
  Epoch   1/20 — loss: 0.768893 (best: 0.768893)
  Epoch  10/20 — loss: 0.499089 (best: 0.499089)
  Epoch  20/20 — loss: 0.478996 (best: 0.478996)
[AE-IS] Training finished — best loss: 0.478996
[AE-IS] Reconstruction error stats — min: 0.062322, median: 0.371620, max: 1.866546
[AE-IS] Redundant instances: 3461, removing 1730 with beta=0.5
[AE-IS] Noise instances: 2596, removing 432 with theta=0.1666666
[AE-IS] Removed 1730 redundant + 432 noisy = 2162 total instances
[AE-IS] Kept 6490 / 8652 (reduction = 24.99%)
Result: 
[7.859760522842407, 5.846688985824585, 5.917433977127075, 5.775788307189941, 5.744195222854614, 5.743252515792847, 5.7232866287231445, 5.757592678070068, 5.726758003234863]
Fold 9
Fold 9
[AE-IS] Using GPU: NVIDIA A100-SXM4-80GB
[AE-IS] Architecture: 256 → 134 → 12 → 134 → 256
[AE-IS] Training autoencoder on 8652 instances (256 features) for up to 20 epochs …
  Epoch   1/20 — loss: 0.766913 (best: 0.766913)
  Epoch  10/20 — loss: 0.499997 (best: 0.499997)
  Epoch  20/20 — loss: 0.478680 (best: 0.478625)
[AE-IS] Training finished — best loss: 0.478625
[AE-IS] Reconstruction error stats — min: 0.070804, median: 0.372248, max: 1.961154
[AE-IS] Redundant instances: 3461, removing 1730 with beta=0.5
[AE-IS] Noise instances: 2596, removing 432 with theta=0.1666666
[AE-IS] Removed 1730 redundant + 432 noisy = 2162 total instances
[AE-IS] Kept 6490 / 8652 (reduction = 24.99%)
Result: 
[7.859760522842407, 5.846688985824585, 5.917433977127075, 5.775788307189941, 5.744195222854614, 5.743252515792847, 5.7232866287231445, 5.757592678070068, 5.726758003234863, 5.735109806060791]
time: 5.982986664772033
time std: 0.628324909806039
reducion: 0.24989308529720825
reducion std: 1.3236784980518524e-05
END
