Namespace(dataset='sst2', method='entropy-sublinear-ae-is', folds=10, save=True, inputrep='jina-v5', out='/data/bernardolemos/results/jina-v5/instance_selection', datain='/data/bernardolemos/datasets', overwrite=1, inputdir='/data/bernardolemos/datasets/sst2/jina-v5/', splitdir='/data/bernardolemos/datasets/sst2/splits/', outputdir='/data/bernardolemos/results/jina-v5/instance_selection/selection/sst2/', filename='/data/bernardolemos/results/jina-v5/instance_selection/selection/sst2//saida_entropy-sublinear-ae-is', start_time='04-07-2026 19:54:52')
Namespace(dataset='sst2', method='entropy-sublinear-ae-is', folds=10, save=True, inputrep='jina-v5', out='/data/bernardolemos/results/jina-v5/instance_selection', datain='/data/bernardolemos/datasets', overwrite=1, inputdir='/data/bernardolemos/datasets/sst2/jina-v5/', splitdir='/data/bernardolemos/datasets/sst2/splits/', outputdir='/data/bernardolemos/results/jina-v5/instance_selection/selection/sst2/', filename='/data/bernardolemos/results/jina-v5/instance_selection/selection/sst2//saida_entropy-sublinear-ae-is', start_time='04-07-2026 19:54:52')
/data/bernardolemos/datasets/sst2/splits//split_10.pkl
Fold 0
Fold 0
[EntropySublinearAEIS] Step 1 — Training Autoencoder for 50 epochs...
[AE-IS] Using GPU: NVIDIA A100-SXM4-80GB
[AE-IS] Architecture: 256 → 192 → 128 → 192 → 256
[AE-IS] Training autoencoder on 8651 instances (256 features) for up to 50 epochs …
  Epoch   1/50 — loss: 0.800092 (best: 0.800092)
  Epoch  10/50 — loss: 0.337828 (best: 0.337828)
  Epoch  20/50 — loss: 0.297272 (best: 0.297272)
  Epoch  30/50 — loss: 0.279669 (best: 0.279669)
  Epoch  40/50 — loss: 0.269327 (best: 0.269327)
  Epoch  50/50 — loss: 0.261453 (best: 0.261453)
[AE-IS] Training finished — best loss: 0.261453
[AE-IS] Reconstruction error stats — min: 0.033096, median: 0.160095, max: 1.126398
[AE-IS] Removed 0 redundant + 0 noisy = 0 total instances
[AE-IS] Kept 8651 / 8651 (reduction = 0.00%)
[EntropySublinearAEIS] AE scores: min=0.0331, median=0.1601, max=1.1264
[EntropySublinearAEIS] Step 2 — Tessellating into 200 micro-clusters...
[EntropySublinearAEIS] Step 3 — Entropy H=0.9326, adaptive reduction=32.44% (Keeping 5844 / 8651)
[EntropySublinearAEIS] Step 4 — Sublinear sampling (gamma=0.5). lambda = 5.2175
[EntropySublinearAEIS] Done — removed 2807 / 8651 (reduction = 32.45%)
Result: 
[10.551167726516724]
Fold 1
Fold 1
[EntropySublinearAEIS] Step 1 — Training Autoencoder for 50 epochs...
[AE-IS] Using GPU: NVIDIA A100-SXM4-80GB
[AE-IS] Architecture: 256 → 192 → 128 → 192 → 256
[AE-IS] Training autoencoder on 8651 instances (256 features) for up to 50 epochs …
  Epoch   1/50 — loss: 0.799889 (best: 0.799889)
  Epoch  10/50 — loss: 0.337222 (best: 0.337222)
  Epoch  20/50 — loss: 0.296800 (best: 0.296800)
  Epoch  30/50 — loss: 0.279936 (best: 0.279936)
  Epoch  40/50 — loss: 0.269598 (best: 0.269598)
  Epoch  50/50 — loss: 0.262965 (best: 0.262659)
[AE-IS] Training finished — best loss: 0.262659
[AE-IS] Reconstruction error stats — min: 0.034951, median: 0.161952, max: 1.099496
[AE-IS] Removed 0 redundant + 0 noisy = 0 total instances
[AE-IS] Kept 8651 / 8651 (reduction = 0.00%)
[EntropySublinearAEIS] AE scores: min=0.0350, median=0.1620, max=1.0995
[EntropySublinearAEIS] Step 2 — Tessellating into 200 micro-clusters...
[EntropySublinearAEIS] Step 3 — Entropy H=0.9431, adaptive reduction=29.25% (Keeping 6120 / 8651)
[EntropySublinearAEIS] Step 4 — Sublinear sampling (gamma=0.5). lambda = 5.3836
[EntropySublinearAEIS] Done — removed 2528 / 8651 (reduction = 29.22%)
Result: 
[10.551167726516724, 6.40980339050293]
Fold 2
Fold 2
[EntropySublinearAEIS] Step 1 — Training Autoencoder for 50 epochs...
[AE-IS] Using GPU: NVIDIA A100-SXM4-80GB
[AE-IS] Architecture: 256 → 192 → 128 → 192 → 256
[AE-IS] Training autoencoder on 8651 instances (256 features) for up to 50 epochs …
  Epoch   1/50 — loss: 0.798385 (best: 0.798385)
  Epoch  10/50 — loss: 0.336632 (best: 0.336632)
  Epoch  20/50 — loss: 0.297307 (best: 0.297307)
  Epoch  30/50 — loss: 0.280210 (best: 0.280210)
  Epoch  40/50 — loss: 0.268692 (best: 0.268692)
  Epoch  50/50 — loss: 0.261910 (best: 0.261910)
[AE-IS] Training finished — best loss: 0.261910
[AE-IS] Reconstruction error stats — min: 0.034609, median: 0.159501, max: 1.112033
[AE-IS] Removed 0 redundant + 0 noisy = 0 total instances
[AE-IS] Kept 8651 / 8651 (reduction = 0.00%)
[EntropySublinearAEIS] AE scores: min=0.0346, median=0.1595, max=1.1120
[EntropySublinearAEIS] Step 2 — Tessellating into 200 micro-clusters...
[EntropySublinearAEIS] Step 3 — Entropy H=0.9413, adaptive reduction=29.82% (Keeping 6070 / 8651)
[EntropySublinearAEIS] Step 4 — Sublinear sampling (gamma=0.5). lambda = 5.3533
[EntropySublinearAEIS] Done — removed 2580 / 8651 (reduction = 29.82%)
Result: 
[10.551167726516724, 6.40980339050293, 6.276470899581909]
Fold 3
Fold 3
[EntropySublinearAEIS] Step 1 — Training Autoencoder for 50 epochs...
[AE-IS] Using GPU: NVIDIA A100-SXM4-80GB
[AE-IS] Architecture: 256 → 192 → 128 → 192 → 256
[AE-IS] Training autoencoder on 8652 instances (256 features) for up to 50 epochs …
  Epoch   1/50 — loss: 0.798296 (best: 0.798296)
  Epoch  10/50 — loss: 0.337461 (best: 0.337461)
  Epoch  20/50 — loss: 0.297747 (best: 0.297747)
  Epoch  30/50 — loss: 0.280737 (best: 0.280737)
  Epoch  40/50 — loss: 0.269121 (best: 0.269121)
  Epoch  50/50 — loss: 0.261152 (best: 0.261152)
[AE-IS] Training finished — best loss: 0.261152
[AE-IS] Reconstruction error stats — min: 0.032429, median: 0.159346, max: 1.047483
[AE-IS] Removed 0 redundant + 0 noisy = 0 total instances
[AE-IS] Kept 8652 / 8652 (reduction = 0.00%)
[EntropySublinearAEIS] AE scores: min=0.0324, median=0.1593, max=1.0475
[EntropySublinearAEIS] Step 2 — Tessellating into 200 micro-clusters...
[EntropySublinearAEIS] Step 3 — Entropy H=0.9428, adaptive reduction=29.33% (Keeping 6114 / 8652)
[EntropySublinearAEIS] Step 4 — Sublinear sampling (gamma=0.5). lambda = 5.3666
[EntropySublinearAEIS] Done — removed 2536 / 8652 (reduction = 29.31%)
Result: 
[10.551167726516724, 6.40980339050293, 6.276470899581909, 6.122415781021118]
Fold 4
Fold 4
[EntropySublinearAEIS] Step 1 — Training Autoencoder for 50 epochs...
[AE-IS] Using GPU: NVIDIA A100-SXM4-80GB
[AE-IS] Architecture: 256 → 192 → 128 → 192 → 256
[AE-IS] Training autoencoder on 8652 instances (256 features) for up to 50 epochs …
  Epoch   1/50 — loss: 0.800623 (best: 0.800623)
  Epoch  10/50 — loss: 0.338514 (best: 0.338514)
  Epoch  20/50 — loss: 0.296857 (best: 0.296857)
  Epoch  30/50 — loss: 0.279036 (best: 0.279036)
  Epoch  40/50 — loss: 0.269524 (best: 0.269267)
  Epoch  50/50 — loss: 0.261873 (best: 0.261873)
[AE-IS] Training finished — best loss: 0.261873
[AE-IS] Reconstruction error stats — min: 0.031724, median: 0.160279, max: 1.147421
[AE-IS] Removed 0 redundant + 0 noisy = 0 total instances
[AE-IS] Kept 8652 / 8652 (reduction = 0.00%)
[EntropySublinearAEIS] AE scores: min=0.0317, median=0.1603, max=1.1474
[EntropySublinearAEIS] Step 2 — Tessellating into 200 micro-clusters...
[EntropySublinearAEIS] Step 3 — Entropy H=0.9384, adaptive reduction=30.75% (Keeping 5991 / 8652)
[EntropySublinearAEIS] Step 4 — Sublinear sampling (gamma=0.5). lambda = 5.2984
[EntropySublinearAEIS] Done — removed 2661 / 8652 (reduction = 30.76%)
Result: 
[10.551167726516724, 6.40980339050293, 6.276470899581909, 6.122415781021118, 6.112818241119385]
Fold 5
Fold 5
[EntropySublinearAEIS] Step 1 — Training Autoencoder for 50 epochs...
[AE-IS] Using GPU: NVIDIA A100-SXM4-80GB
[AE-IS] Architecture: 256 → 192 → 128 → 192 → 256
[AE-IS] Training autoencoder on 8652 instances (256 features) for up to 50 epochs …
  Epoch   1/50 — loss: 0.796911 (best: 0.796911)
  Epoch  10/50 — loss: 0.337772 (best: 0.337772)
  Epoch  20/50 — loss: 0.297121 (best: 0.297121)
  Epoch  30/50 — loss: 0.279586 (best: 0.279586)
  Epoch  40/50 — loss: 0.269803 (best: 0.269803)
  Epoch  50/50 — loss: 0.262030 (best: 0.261905)
[AE-IS] Training finished — best loss: 0.261905
[AE-IS] Reconstruction error stats — min: 0.031651, median: 0.159981, max: 1.095810
[AE-IS] Removed 0 redundant + 0 noisy = 0 total instances
[AE-IS] Kept 8652 / 8652 (reduction = 0.00%)
[EntropySublinearAEIS] AE scores: min=0.0317, median=0.1600, max=1.0958
[EntropySublinearAEIS] Step 2 — Tessellating into 200 micro-clusters...
[EntropySublinearAEIS] Step 3 — Entropy H=0.9440, adaptive reduction=28.94% (Keeping 6147 / 8652)
[EntropySublinearAEIS] Step 4 — Sublinear sampling (gamma=0.5). lambda = 5.3785
[EntropySublinearAEIS] Done — removed 2505 / 8652 (reduction = 28.95%)
Result: 
[10.551167726516724, 6.40980339050293, 6.276470899581909, 6.122415781021118, 6.112818241119385, 6.045566082000732]
Fold 6
Fold 6
[EntropySublinearAEIS] Step 1 — Training Autoencoder for 50 epochs...
[AE-IS] Using GPU: NVIDIA A100-SXM4-80GB
[AE-IS] Architecture: 256 → 192 → 128 → 192 → 256
[AE-IS] Training autoencoder on 8652 instances (256 features) for up to 50 epochs …
  Epoch   1/50 — loss: 0.800061 (best: 0.800061)
  Epoch  10/50 — loss: 0.337877 (best: 0.337877)
  Epoch  20/50 — loss: 0.296713 (best: 0.296713)
  Epoch  30/50 — loss: 0.279662 (best: 0.279662)
  Epoch  40/50 — loss: 0.268771 (best: 0.268771)
  Epoch  50/50 — loss: 0.262589 (best: 0.262589)
[AE-IS] Training finished — best loss: 0.262589
[AE-IS] Reconstruction error stats — min: 0.031711, median: 0.159388, max: 1.114173
[AE-IS] Removed 0 redundant + 0 noisy = 0 total instances
[AE-IS] Kept 8652 / 8652 (reduction = 0.00%)
[EntropySublinearAEIS] AE scores: min=0.0317, median=0.1594, max=1.1142
[EntropySublinearAEIS] Step 2 — Tessellating into 200 micro-clusters...
[EntropySublinearAEIS] Step 3 — Entropy H=0.9448, adaptive reduction=28.68% (Keeping 6170 / 8652)
[EntropySublinearAEIS] Step 4 — Sublinear sampling (gamma=0.5). lambda = 5.3472
[EntropySublinearAEIS] Done — removed 2482 / 8652 (reduction = 28.69%)
Result: 
[10.551167726516724, 6.40980339050293, 6.276470899581909, 6.122415781021118, 6.112818241119385, 6.045566082000732, 6.088943719863892]
Fold 7
Fold 7
[EntropySublinearAEIS] Step 1 — Training Autoencoder for 50 epochs...
[AE-IS] Using GPU: NVIDIA A100-SXM4-80GB
[AE-IS] Architecture: 256 → 192 → 128 → 192 → 256
[AE-IS] Training autoencoder on 8652 instances (256 features) for up to 50 epochs …
  Epoch   1/50 — loss: 0.800031 (best: 0.800031)
  Epoch  10/50 — loss: 0.338086 (best: 0.338086)
  Epoch  20/50 — loss: 0.297410 (best: 0.297410)
  Epoch  30/50 — loss: 0.279447 (best: 0.279447)
  Epoch  40/50 — loss: 0.270257 (best: 0.270257)
  Epoch  50/50 — loss: 0.262241 (best: 0.262241)
[AE-IS] Training finished — best loss: 0.262241
[AE-IS] Reconstruction error stats — min: 0.034961, median: 0.159987, max: 0.940668
[AE-IS] Removed 0 redundant + 0 noisy = 0 total instances
[AE-IS] Kept 8652 / 8652 (reduction = 0.00%)
[EntropySublinearAEIS] AE scores: min=0.0350, median=0.1600, max=0.9407
[EntropySublinearAEIS] Step 2 — Tessellating into 200 micro-clusters...
[EntropySublinearAEIS] Step 3 — Entropy H=0.9389, adaptive reduction=30.58% (Keeping 6006 / 8652)
[EntropySublinearAEIS] Step 4 — Sublinear sampling (gamma=0.5). lambda = 5.3377
[EntropySublinearAEIS] Done — removed 2645 / 8652 (reduction = 30.57%)
Result: 
[10.551167726516724, 6.40980339050293, 6.276470899581909, 6.122415781021118, 6.112818241119385, 6.045566082000732, 6.088943719863892, 6.124462842941284]
Fold 8
Fold 8
[EntropySublinearAEIS] Step 1 — Training Autoencoder for 50 epochs...
[AE-IS] Using GPU: NVIDIA A100-SXM4-80GB
[AE-IS] Architecture: 256 → 192 → 128 → 192 → 256
[AE-IS] Training autoencoder on 8652 instances (256 features) for up to 50 epochs …
  Epoch   1/50 — loss: 0.799264 (best: 0.799264)
  Epoch  10/50 — loss: 0.337247 (best: 0.337247)
  Epoch  20/50 — loss: 0.296858 (best: 0.296858)
  Epoch  30/50 — loss: 0.280444 (best: 0.280444)
  Epoch  40/50 — loss: 0.268503 (best: 0.268503)
  Epoch  50/50 — loss: 0.261734 (best: 0.261734)
[AE-IS] Training finished — best loss: 0.261734
[AE-IS] Reconstruction error stats — min: 0.030642, median: 0.160229, max: 1.124781
[AE-IS] Removed 0 redundant + 0 noisy = 0 total instances
[AE-IS] Kept 8652 / 8652 (reduction = 0.00%)
[EntropySublinearAEIS] AE scores: min=0.0306, median=0.1602, max=1.1248
[EntropySublinearAEIS] Step 2 — Tessellating into 200 micro-clusters...
[EntropySublinearAEIS] Step 3 — Entropy H=0.9422, adaptive reduction=29.51% (Keeping 6098 / 8652)
[EntropySublinearAEIS] Step 4 — Sublinear sampling (gamma=0.5). lambda = 5.3463
[EntropySublinearAEIS] Done — removed 2554 / 8652 (reduction = 29.52%)
Result: 
[10.551167726516724, 6.40980339050293, 6.276470899581909, 6.122415781021118, 6.112818241119385, 6.045566082000732, 6.088943719863892, 6.124462842941284, 6.888145208358765]
Fold 9
Fold 9
[EntropySublinearAEIS] Step 1 — Training Autoencoder for 50 epochs...
[AE-IS] Using GPU: NVIDIA A100-SXM4-80GB
[AE-IS] Architecture: 256 → 192 → 128 → 192 → 256
[AE-IS] Training autoencoder on 8652 instances (256 features) for up to 50 epochs …
  Epoch   1/50 — loss: 0.798399 (best: 0.798399)
  Epoch  10/50 — loss: 0.337540 (best: 0.337540)
  Epoch  20/50 — loss: 0.296203 (best: 0.296203)
  Epoch  30/50 — loss: 0.278707 (best: 0.278707)
  Epoch  40/50 — loss: 0.268539 (best: 0.268539)
  Epoch  50/50 — loss: 0.261173 (best: 0.261173)
[AE-IS] Training finished — best loss: 0.261173
[AE-IS] Reconstruction error stats — min: 0.032446, median: 0.159011, max: 1.131232
[AE-IS] Removed 0 redundant + 0 noisy = 0 total instances
[AE-IS] Kept 8652 / 8652 (reduction = 0.00%)
[EntropySublinearAEIS] AE scores: min=0.0324, median=0.1590, max=1.1312
[EntropySublinearAEIS] Step 2 — Tessellating into 200 micro-clusters...
[EntropySublinearAEIS] Step 3 — Entropy H=0.9430, adaptive reduction=29.26% (Keeping 6120 / 8652)
[EntropySublinearAEIS] Step 4 — Sublinear sampling (gamma=0.5). lambda = 5.4174
[EntropySublinearAEIS] Done — removed 2531 / 8652 (reduction = 29.25%)
Result: 
[10.551167726516724, 6.40980339050293, 6.276470899581909, 6.122415781021118, 6.112818241119385, 6.045566082000732, 6.088943719863892, 6.124462842941284, 6.888145208358765, 6.024024963378906]
time: 6.664381885528565
time std: 1.3185613635799909
reducion: 0.29854270600011873
reducion std: 0.010674050614440742
END
