Namespace(dataset='sst2', method='sublinear-ae-is', folds=10, save=True, inputrep='jina-v5', out='/data/bernardolemos/results/jina-v5/instance_selection', datain='/data/bernardolemos/datasets', overwrite=1, inputdir='/data/bernardolemos/datasets/sst2/jina-v5/', splitdir='/data/bernardolemos/datasets/sst2/splits/', outputdir='/data/bernardolemos/results/jina-v5/instance_selection/selection/sst2/', filename='/data/bernardolemos/results/jina-v5/instance_selection/selection/sst2//saida_sublinear-ae-is', start_time='16-07-2026 21:50:31')
Namespace(dataset='sst2', method='sublinear-ae-is', folds=10, save=True, inputrep='jina-v5', out='/data/bernardolemos/results/jina-v5/instance_selection', datain='/data/bernardolemos/datasets', overwrite=1, inputdir='/data/bernardolemos/datasets/sst2/jina-v5/', splitdir='/data/bernardolemos/datasets/sst2/splits/', outputdir='/data/bernardolemos/results/jina-v5/instance_selection/selection/sst2/', filename='/data/bernardolemos/results/jina-v5/instance_selection/selection/sst2//saida_sublinear-ae-is', start_time='16-07-2026 21:50:31')
/data/bernardolemos/datasets/sst2/splits//split_10.pkl
Fold 0
Fold 0
[SublinearAEIS] Target reduction: 25.00% (Keeping 6488 / 8651 instances)
[SublinearAEIS] Step 1 — Training Autoencoder for 50 epochs...
[AE-IS] Using GPU: NVIDIA A100-SXM4-80GB
[AE-IS] Architecture: 256 → 192 → 128 → 192 → 256
[AE-IS] Training autoencoder on 8651 instances (256 features) for up to 50 epochs …
  Epoch   1/50 — loss: 0.800092 (best: 0.800092)
  Epoch  10/50 — loss: 0.337828 (best: 0.337828)
  Epoch  20/50 — loss: 0.297272 (best: 0.297272)
  Epoch  30/50 — loss: 0.279669 (best: 0.279669)
  Epoch  40/50 — loss: 0.269327 (best: 0.269327)
  Epoch  50/50 — loss: 0.261453 (best: 0.261453)
[AE-IS] Training finished — best loss: 0.261453
[AE-IS] Reconstruction error stats — min: 0.033096, median: 0.160095, max: 1.126398
[AE-IS] Removed 0 redundant + 0 noisy = 0 total instances
[AE-IS] Kept 8651 / 8651 (reduction = 0.00%)
[SublinearAEIS] Autoencoder scores: min=0.0331, median=0.1601, max=1.1264
[SublinearAEIS] Step 2 — Tessellating space into 200 micro-clusters...
[SublinearAEIS] Step 3 — Sublinear sampling (gamma=0.5). lambda = 5.9761
[SublinearAEIS] Done — removed 2163 / 8651 (reduction = 25.00%)
Result: 
[9.642707109451294]
Fold 1
Fold 1
[SublinearAEIS] Target reduction: 25.00% (Keeping 6488 / 8651 instances)
[SublinearAEIS] Step 1 — Training Autoencoder for 50 epochs...
[AE-IS] Using GPU: NVIDIA A100-SXM4-80GB
[AE-IS] Architecture: 256 → 192 → 128 → 192 → 256
[AE-IS] Training autoencoder on 8651 instances (256 features) for up to 50 epochs …
  Epoch   1/50 — loss: 0.799889 (best: 0.799889)
  Epoch  10/50 — loss: 0.337222 (best: 0.337222)
  Epoch  20/50 — loss: 0.296800 (best: 0.296800)
  Epoch  30/50 — loss: 0.279936 (best: 0.279936)
  Epoch  40/50 — loss: 0.269598 (best: 0.269598)
  Epoch  50/50 — loss: 0.262965 (best: 0.262659)
[AE-IS] Training finished — best loss: 0.262659
[AE-IS] Reconstruction error stats — min: 0.034951, median: 0.161952, max: 1.099496
[AE-IS] Removed 0 redundant + 0 noisy = 0 total instances
[AE-IS] Kept 8651 / 8651 (reduction = 0.00%)
[SublinearAEIS] Autoencoder scores: min=0.0350, median=0.1620, max=1.0995
[SublinearAEIS] Step 2 — Tessellating space into 200 micro-clusters...
[SublinearAEIS] Step 3 — Sublinear sampling (gamma=0.5). lambda = 5.7943
[SublinearAEIS] Done — removed 2162 / 8651 (reduction = 24.99%)
Result: 
[9.642707109451294, 6.9766526222229]
Fold 2
Fold 2
[SublinearAEIS] Target reduction: 25.00% (Keeping 6488 / 8651 instances)
[SublinearAEIS] Step 1 — Training Autoencoder for 50 epochs...
[AE-IS] Using GPU: NVIDIA A100-SXM4-80GB
[AE-IS] Architecture: 256 → 192 → 128 → 192 → 256
[AE-IS] Training autoencoder on 8651 instances (256 features) for up to 50 epochs …
  Epoch   1/50 — loss: 0.798385 (best: 0.798385)
  Epoch  10/50 — loss: 0.336632 (best: 0.336632)
  Epoch  20/50 — loss: 0.297307 (best: 0.297307)
  Epoch  30/50 — loss: 0.280210 (best: 0.280210)
  Epoch  40/50 — loss: 0.268692 (best: 0.268692)
  Epoch  50/50 — loss: 0.261910 (best: 0.261910)
[AE-IS] Training finished — best loss: 0.261910
[AE-IS] Reconstruction error stats — min: 0.034609, median: 0.159501, max: 1.112033
[AE-IS] Removed 0 redundant + 0 noisy = 0 total instances
[AE-IS] Kept 8651 / 8651 (reduction = 0.00%)
[SublinearAEIS] Autoencoder scores: min=0.0346, median=0.1595, max=1.1120
[SublinearAEIS] Step 2 — Tessellating space into 200 micro-clusters...
[SublinearAEIS] Step 3 — Sublinear sampling (gamma=0.5). lambda = 5.8138
[SublinearAEIS] Done — removed 2163 / 8651 (reduction = 25.00%)
Result: 
[9.642707109451294, 6.9766526222229, 6.305454969406128]
Fold 3
Fold 3
[SublinearAEIS] Target reduction: 25.00% (Keeping 6489 / 8652 instances)
[SublinearAEIS] Step 1 — Training Autoencoder for 50 epochs...
[AE-IS] Using GPU: NVIDIA A100-SXM4-80GB
[AE-IS] Architecture: 256 → 192 → 128 → 192 → 256
[AE-IS] Training autoencoder on 8652 instances (256 features) for up to 50 epochs …
  Epoch   1/50 — loss: 0.798296 (best: 0.798296)
  Epoch  10/50 — loss: 0.337461 (best: 0.337461)
  Epoch  20/50 — loss: 0.297747 (best: 0.297747)
  Epoch  30/50 — loss: 0.280737 (best: 0.280737)
  Epoch  40/50 — loss: 0.269121 (best: 0.269121)
  Epoch  50/50 — loss: 0.261152 (best: 0.261152)
[AE-IS] Training finished — best loss: 0.261152
[AE-IS] Reconstruction error stats — min: 0.032429, median: 0.159346, max: 1.047483
[AE-IS] Removed 0 redundant + 0 noisy = 0 total instances
[AE-IS] Kept 8652 / 8652 (reduction = 0.00%)
[SublinearAEIS] Autoencoder scores: min=0.0324, median=0.1593, max=1.0475
[SublinearAEIS] Step 2 — Tessellating space into 200 micro-clusters...
[SublinearAEIS] Step 3 — Sublinear sampling (gamma=0.5). lambda = 5.7894
[SublinearAEIS] Done — removed 2163 / 8652 (reduction = 25.00%)
Result: 
[9.642707109451294, 6.9766526222229, 6.305454969406128, 6.350388765335083]
Fold 4
Fold 4
[SublinearAEIS] Target reduction: 25.00% (Keeping 6489 / 8652 instances)
[SublinearAEIS] Step 1 — Training Autoencoder for 50 epochs...
[AE-IS] Using GPU: NVIDIA A100-SXM4-80GB
[AE-IS] Architecture: 256 → 192 → 128 → 192 → 256
[AE-IS] Training autoencoder on 8652 instances (256 features) for up to 50 epochs …
  Epoch   1/50 — loss: 0.800623 (best: 0.800623)
  Epoch  10/50 — loss: 0.338514 (best: 0.338514)
  Epoch  20/50 — loss: 0.296857 (best: 0.296857)
  Epoch  30/50 — loss: 0.279036 (best: 0.279036)
  Epoch  40/50 — loss: 0.269524 (best: 0.269267)
  Epoch  50/50 — loss: 0.261873 (best: 0.261873)
[AE-IS] Training finished — best loss: 0.261873
[AE-IS] Reconstruction error stats — min: 0.031724, median: 0.160279, max: 1.147421
[AE-IS] Removed 0 redundant + 0 noisy = 0 total instances
[AE-IS] Kept 8652 / 8652 (reduction = 0.00%)
[SublinearAEIS] Autoencoder scores: min=0.0317, median=0.1603, max=1.1474
[SublinearAEIS] Step 2 — Tessellating space into 200 micro-clusters...
[SublinearAEIS] Step 3 — Sublinear sampling (gamma=0.5). lambda = 5.8883
[SublinearAEIS] Done — removed 2163 / 8652 (reduction = 25.00%)
Result: 
[9.642707109451294, 6.9766526222229, 6.305454969406128, 6.350388765335083, 6.273102283477783]
Fold 5
Fold 5
[SublinearAEIS] Target reduction: 25.00% (Keeping 6489 / 8652 instances)
[SublinearAEIS] Step 1 — Training Autoencoder for 50 epochs...
[AE-IS] Using GPU: NVIDIA A100-SXM4-80GB
[AE-IS] Architecture: 256 → 192 → 128 → 192 → 256
[AE-IS] Training autoencoder on 8652 instances (256 features) for up to 50 epochs …
  Epoch   1/50 — loss: 0.796911 (best: 0.796911)
  Epoch  10/50 — loss: 0.337772 (best: 0.337772)
  Epoch  20/50 — loss: 0.297121 (best: 0.297121)
  Epoch  30/50 — loss: 0.279586 (best: 0.279586)
  Epoch  40/50 — loss: 0.269803 (best: 0.269803)
  Epoch  50/50 — loss: 0.262030 (best: 0.261905)
[AE-IS] Training finished — best loss: 0.261905
[AE-IS] Reconstruction error stats — min: 0.031651, median: 0.159981, max: 1.095810
[AE-IS] Removed 0 redundant + 0 noisy = 0 total instances
[AE-IS] Kept 8652 / 8652 (reduction = 0.00%)
[SublinearAEIS] Autoencoder scores: min=0.0317, median=0.1600, max=1.0958
[SublinearAEIS] Step 2 — Tessellating space into 200 micro-clusters...
[SublinearAEIS] Step 3 — Sublinear sampling (gamma=0.5). lambda = 5.7746
[SublinearAEIS] Done — removed 2162 / 8652 (reduction = 24.99%)
Result: 
[9.642707109451294, 6.9766526222229, 6.305454969406128, 6.350388765335083, 6.273102283477783, 6.103456020355225]
Fold 6
Fold 6
[SublinearAEIS] Target reduction: 25.00% (Keeping 6489 / 8652 instances)
[SublinearAEIS] Step 1 — Training Autoencoder for 50 epochs...
[AE-IS] Using GPU: NVIDIA A100-SXM4-80GB
[AE-IS] Architecture: 256 → 192 → 128 → 192 → 256
[AE-IS] Training autoencoder on 8652 instances (256 features) for up to 50 epochs …
  Epoch   1/50 — loss: 0.800061 (best: 0.800061)
  Epoch  10/50 — loss: 0.337877 (best: 0.337877)
  Epoch  20/50 — loss: 0.296713 (best: 0.296713)
  Epoch  30/50 — loss: 0.279662 (best: 0.279662)
  Epoch  40/50 — loss: 0.268771 (best: 0.268771)
  Epoch  50/50 — loss: 0.262589 (best: 0.262589)
[AE-IS] Training finished — best loss: 0.262589
[AE-IS] Reconstruction error stats — min: 0.031711, median: 0.159388, max: 1.114173
[AE-IS] Removed 0 redundant + 0 noisy = 0 total instances
[AE-IS] Kept 8652 / 8652 (reduction = 0.00%)
[SublinearAEIS] Autoencoder scores: min=0.0317, median=0.1594, max=1.1142
[SublinearAEIS] Step 2 — Tessellating space into 200 micro-clusters...
[SublinearAEIS] Step 3 — Sublinear sampling (gamma=0.5). lambda = 5.7150
[SublinearAEIS] Done — removed 2163 / 8652 (reduction = 25.00%)
Result: 
[9.642707109451294, 6.9766526222229, 6.305454969406128, 6.350388765335083, 6.273102283477783, 6.103456020355225, 6.204465627670288]
Fold 7
Fold 7
[SublinearAEIS] Target reduction: 25.00% (Keeping 6489 / 8652 instances)
[SublinearAEIS] Step 1 — Training Autoencoder for 50 epochs...
[AE-IS] Using GPU: NVIDIA A100-SXM4-80GB
[AE-IS] Architecture: 256 → 192 → 128 → 192 → 256
[AE-IS] Training autoencoder on 8652 instances (256 features) for up to 50 epochs …
  Epoch   1/50 — loss: 0.800031 (best: 0.800031)
  Epoch  10/50 — loss: 0.338086 (best: 0.338086)
  Epoch  20/50 — loss: 0.297410 (best: 0.297410)
  Epoch  30/50 — loss: 0.279447 (best: 0.279447)
  Epoch  40/50 — loss: 0.270257 (best: 0.270257)
  Epoch  50/50 — loss: 0.262241 (best: 0.262241)
[AE-IS] Training finished — best loss: 0.262241
[AE-IS] Reconstruction error stats — min: 0.034961, median: 0.159987, max: 0.940668
[AE-IS] Removed 0 redundant + 0 noisy = 0 total instances
[AE-IS] Kept 8652 / 8652 (reduction = 0.00%)
[SublinearAEIS] Autoencoder scores: min=0.0350, median=0.1600, max=0.9407
[SublinearAEIS] Step 2 — Tessellating space into 200 micro-clusters...
[SublinearAEIS] Step 3 — Sublinear sampling (gamma=0.5). lambda = 5.8890
[SublinearAEIS] Done — removed 2163 / 8652 (reduction = 25.00%)
Result: 
[9.642707109451294, 6.9766526222229, 6.305454969406128, 6.350388765335083, 6.273102283477783, 6.103456020355225, 6.204465627670288, 6.121633529663086]
Fold 8
Fold 8
[SublinearAEIS] Target reduction: 25.00% (Keeping 6489 / 8652 instances)
[SublinearAEIS] Step 1 — Training Autoencoder for 50 epochs...
[AE-IS] Using GPU: NVIDIA A100-SXM4-80GB
[AE-IS] Architecture: 256 → 192 → 128 → 192 → 256
[AE-IS] Training autoencoder on 8652 instances (256 features) for up to 50 epochs …
  Epoch   1/50 — loss: 0.799264 (best: 0.799264)
  Epoch  10/50 — loss: 0.337247 (best: 0.337247)
  Epoch  20/50 — loss: 0.296858 (best: 0.296858)
  Epoch  30/50 — loss: 0.280444 (best: 0.280444)
  Epoch  40/50 — loss: 0.268503 (best: 0.268503)
  Epoch  50/50 — loss: 0.261734 (best: 0.261734)
[AE-IS] Training finished — best loss: 0.261734
[AE-IS] Reconstruction error stats — min: 0.030642, median: 0.160229, max: 1.124781
[AE-IS] Removed 0 redundant + 0 noisy = 0 total instances
[AE-IS] Kept 8652 / 8652 (reduction = 0.00%)
[SublinearAEIS] Autoencoder scores: min=0.0306, median=0.1602, max=1.1248
[SublinearAEIS] Step 2 — Tessellating space into 200 micro-clusters...
[SublinearAEIS] Step 3 — Sublinear sampling (gamma=0.5). lambda = 5.7949
[SublinearAEIS] Done — removed 2163 / 8652 (reduction = 25.00%)
Result: 
[9.642707109451294, 6.9766526222229, 6.305454969406128, 6.350388765335083, 6.273102283477783, 6.103456020355225, 6.204465627670288, 6.121633529663086, 6.769832372665405]
Fold 9
Fold 9
[SublinearAEIS] Target reduction: 25.00% (Keeping 6489 / 8652 instances)
[SublinearAEIS] Step 1 — Training Autoencoder for 50 epochs...
[AE-IS] Using GPU: NVIDIA A100-SXM4-80GB
[AE-IS] Architecture: 256 → 192 → 128 → 192 → 256
[AE-IS] Training autoencoder on 8652 instances (256 features) for up to 50 epochs …
  Epoch   1/50 — loss: 0.798399 (best: 0.798399)
  Epoch  10/50 — loss: 0.337540 (best: 0.337540)
  Epoch  20/50 — loss: 0.296203 (best: 0.296203)
  Epoch  30/50 — loss: 0.278707 (best: 0.278707)
  Epoch  40/50 — loss: 0.268539 (best: 0.268539)
  Epoch  50/50 — loss: 0.261173 (best: 0.261173)
[AE-IS] Training finished — best loss: 0.261173
[AE-IS] Reconstruction error stats — min: 0.032446, median: 0.159011, max: 1.131232
[AE-IS] Removed 0 redundant + 0 noisy = 0 total instances
[AE-IS] Kept 8652 / 8652 (reduction = 0.00%)
[SublinearAEIS] Autoencoder scores: min=0.0324, median=0.1590, max=1.1312
[SublinearAEIS] Step 2 — Tessellating space into 200 micro-clusters...
[SublinearAEIS] Step 3 — Sublinear sampling (gamma=0.5). lambda = 5.8346
[SublinearAEIS] Done — removed 2160 / 8652 (reduction = 24.97%)
Result: 
[9.642707109451294, 6.9766526222229, 6.305454969406128, 6.350388765335083, 6.273102283477783, 6.103456020355225, 6.204465627670288, 6.121633529663086, 6.769832372665405, 7.064025163650513]
time: 6.78117184638977
time std: 1.010130004689513
reducion: 0.24995087807560798
reducion std: 0.00010892406047309888
END
