Namespace(dataset='subj', method='entropy-sublinear-ae-is', folds=10, save=True, inputrep='jina-v5', out='/data/bernardolemos/results/jina-v5/instance_selection', datain='/data/bernardolemos/datasets', overwrite=1, inputdir='/data/bernardolemos/datasets/subj/jina-v5/', splitdir='/data/bernardolemos/datasets/subj/splits/', outputdir='/data/bernardolemos/results/jina-v5/instance_selection/selection/subj/', filename='/data/bernardolemos/results/jina-v5/instance_selection/selection/subj//saida_entropy-sublinear-ae-is', start_time='04-07-2026 19:56:17')
Namespace(dataset='subj', method='entropy-sublinear-ae-is', folds=10, save=True, inputrep='jina-v5', out='/data/bernardolemos/results/jina-v5/instance_selection', datain='/data/bernardolemos/datasets', overwrite=1, inputdir='/data/bernardolemos/datasets/subj/jina-v5/', splitdir='/data/bernardolemos/datasets/subj/splits/', outputdir='/data/bernardolemos/results/jina-v5/instance_selection/selection/subj/', filename='/data/bernardolemos/results/jina-v5/instance_selection/selection/subj//saida_entropy-sublinear-ae-is', start_time='04-07-2026 19:56:17')
/data/bernardolemos/datasets/subj/splits//split_10.pkl
Fold 0
Fold 0
[EntropySublinearAEIS] Step 1 — Training Autoencoder for 50 epochs...
[AE-IS] Using GPU: NVIDIA A100-SXM4-80GB
[AE-IS] Architecture: 256 → 192 → 128 → 192 → 256
[AE-IS] Training autoencoder on 9000 instances (256 features) for up to 50 epochs …
  Epoch   1/50 — loss: 0.790508 (best: 0.790508)
  Epoch  10/50 — loss: 0.329934 (best: 0.329934)
  Epoch  20/50 — loss: 0.291229 (best: 0.291229)
  Epoch  30/50 — loss: 0.273705 (best: 0.273705)
  Epoch  40/50 — loss: 0.263573 (best: 0.263573)
  Epoch  50/50 — loss: 0.257941 (best: 0.257941)
[AE-IS] Training finished — best loss: 0.257941
[AE-IS] Reconstruction error stats — min: 0.040308, median: 0.165810, max: 0.975210
[AE-IS] Removed 0 redundant + 0 noisy = 0 total instances
[AE-IS] Kept 9000 / 9000 (reduction = 0.00%)
[EntropySublinearAEIS] AE scores: min=0.0403, median=0.1658, max=0.9752
[EntropySublinearAEIS] Step 2 — Tessellating into 200 micro-clusters...
[EntropySublinearAEIS] Step 3 — Entropy H=0.9477, adaptive reduction=27.65% (Keeping 6511 / 9000)
[EntropySublinearAEIS] Step 4 — Sublinear sampling (gamma=0.5). lambda = 5.5549
[EntropySublinearAEIS] Done — removed 2487 / 9000 (reduction = 27.63%)
Result: 
[9.610219955444336]
Fold 1
Fold 1
[EntropySublinearAEIS] Step 1 — Training Autoencoder for 50 epochs...
[AE-IS] Using GPU: NVIDIA A100-SXM4-80GB
[AE-IS] Architecture: 256 → 192 → 128 → 192 → 256
[AE-IS] Training autoencoder on 9000 instances (256 features) for up to 50 epochs …
  Epoch   1/50 — loss: 0.793264 (best: 0.793264)
  Epoch  10/50 — loss: 0.331573 (best: 0.331573)
  Epoch  20/50 — loss: 0.291517 (best: 0.291517)
  Epoch  30/50 — loss: 0.275140 (best: 0.274530)
  Epoch  40/50 — loss: 0.264070 (best: 0.264070)
  Epoch  50/50 — loss: 0.257455 (best: 0.257455)
[AE-IS] Training finished — best loss: 0.257455
[AE-IS] Reconstruction error stats — min: 0.040890, median: 0.164621, max: 0.971914
[AE-IS] Removed 0 redundant + 0 noisy = 0 total instances
[AE-IS] Kept 9000 / 9000 (reduction = 0.00%)
[EntropySublinearAEIS] AE scores: min=0.0409, median=0.1646, max=0.9719
[EntropySublinearAEIS] Step 2 — Tessellating into 200 micro-clusters...
[EntropySublinearAEIS] Step 3 — Entropy H=0.9485, adaptive reduction=27.39% (Keeping 6534 / 9000)
[EntropySublinearAEIS] Step 4 — Sublinear sampling (gamma=0.5). lambda = 5.5154
[EntropySublinearAEIS] Done — removed 2466 / 9000 (reduction = 27.40%)
Result: 
[9.610219955444336, 6.717512130737305]
Fold 2
Fold 2
[EntropySublinearAEIS] Step 1 — Training Autoencoder for 50 epochs...
[AE-IS] Using GPU: NVIDIA A100-SXM4-80GB
[AE-IS] Architecture: 256 → 192 → 128 → 192 → 256
[AE-IS] Training autoencoder on 9000 instances (256 features) for up to 50 epochs …
  Epoch   1/50 — loss: 0.792965 (best: 0.792965)
  Epoch  10/50 — loss: 0.331455 (best: 0.331455)
  Epoch  20/50 — loss: 0.291431 (best: 0.291431)
  Epoch  30/50 — loss: 0.274635 (best: 0.274635)
  Epoch  40/50 — loss: 0.266731 (best: 0.266731)
  Epoch  50/50 — loss: 0.258276 (best: 0.258276)
[AE-IS] Training finished — best loss: 0.258276
[AE-IS] Reconstruction error stats — min: 0.037210, median: 0.166165, max: 1.017339
[AE-IS] Removed 0 redundant + 0 noisy = 0 total instances
[AE-IS] Kept 9000 / 9000 (reduction = 0.00%)
[EntropySublinearAEIS] AE scores: min=0.0372, median=0.1662, max=1.0173
[EntropySublinearAEIS] Step 2 — Tessellating into 200 micro-clusters...
[EntropySublinearAEIS] Step 3 — Entropy H=0.9542, adaptive reduction=25.24% (Keeping 6728 / 9000)
[EntropySublinearAEIS] Step 4 — Sublinear sampling (gamma=0.5). lambda = 5.6292
[EntropySublinearAEIS] Done — removed 2272 / 9000 (reduction = 25.24%)
Result: 
[9.610219955444336, 6.717512130737305, 6.49106764793396]
Fold 3
Fold 3
[EntropySublinearAEIS] Step 1 — Training Autoencoder for 50 epochs...
[AE-IS] Using GPU: NVIDIA A100-SXM4-80GB
[AE-IS] Architecture: 256 → 192 → 128 → 192 → 256
[AE-IS] Training autoencoder on 9000 instances (256 features) for up to 50 epochs …
  Epoch   1/50 — loss: 0.794010 (best: 0.794010)
  Epoch  10/50 — loss: 0.329724 (best: 0.329724)
  Epoch  20/50 — loss: 0.291206 (best: 0.291206)
  Epoch  30/50 — loss: 0.274132 (best: 0.274132)
  Epoch  40/50 — loss: 0.264826 (best: 0.264826)
  Epoch  50/50 — loss: 0.258469 (best: 0.257769)
[AE-IS] Training finished — best loss: 0.257769
[AE-IS] Reconstruction error stats — min: 0.038652, median: 0.166108, max: 0.931383
[AE-IS] Removed 0 redundant + 0 noisy = 0 total instances
[AE-IS] Kept 9000 / 9000 (reduction = 0.00%)
[EntropySublinearAEIS] AE scores: min=0.0387, median=0.1661, max=0.9314
[EntropySublinearAEIS] Step 2 — Tessellating into 200 micro-clusters...
[EntropySublinearAEIS] Step 3 — Entropy H=0.9513, adaptive reduction=26.37% (Keeping 6626 / 9000)
[EntropySublinearAEIS] Step 4 — Sublinear sampling (gamma=0.5). lambda = 5.5980
[EntropySublinearAEIS] Done — removed 2374 / 9000 (reduction = 26.38%)
Result: 
[9.610219955444336, 6.717512130737305, 6.49106764793396, 6.505396127700806]
Fold 4
Fold 4
[EntropySublinearAEIS] Step 1 — Training Autoencoder for 50 epochs...
[AE-IS] Using GPU: NVIDIA A100-SXM4-80GB
[AE-IS] Architecture: 256 → 192 → 128 → 192 → 256
[AE-IS] Training autoencoder on 9000 instances (256 features) for up to 50 epochs …
  Epoch   1/50 — loss: 0.791161 (best: 0.791161)
  Epoch  10/50 — loss: 0.330811 (best: 0.330811)
  Epoch  20/50 — loss: 0.291862 (best: 0.291862)
  Epoch  30/50 — loss: 0.274444 (best: 0.274444)
  Epoch  40/50 — loss: 0.265750 (best: 0.265565)
  Epoch  50/50 — loss: 0.256236 (best: 0.256236)
[AE-IS] Training finished — best loss: 0.256236
[AE-IS] Reconstruction error stats — min: 0.039891, median: 0.164663, max: 0.926363
[AE-IS] Removed 0 redundant + 0 noisy = 0 total instances
[AE-IS] Kept 9000 / 9000 (reduction = 0.00%)
[EntropySublinearAEIS] AE scores: min=0.0399, median=0.1647, max=0.9264
[EntropySublinearAEIS] Step 2 — Tessellating into 200 micro-clusters...
[EntropySublinearAEIS] Step 3 — Entropy H=0.9510, adaptive reduction=26.46% (Keeping 6618 / 9000)
[EntropySublinearAEIS] Step 4 — Sublinear sampling (gamma=0.5). lambda = 5.6011
[EntropySublinearAEIS] Done — removed 2382 / 9000 (reduction = 26.47%)
Result: 
[9.610219955444336, 6.717512130737305, 6.49106764793396, 6.505396127700806, 6.430352210998535]
Fold 5
Fold 5
[EntropySublinearAEIS] Step 1 — Training Autoencoder for 50 epochs...
[AE-IS] Using GPU: NVIDIA A100-SXM4-80GB
[AE-IS] Architecture: 256 → 192 → 128 → 192 → 256
[AE-IS] Training autoencoder on 9000 instances (256 features) for up to 50 epochs …
  Epoch   1/50 — loss: 0.790799 (best: 0.790799)
  Epoch  10/50 — loss: 0.330275 (best: 0.330275)
  Epoch  20/50 — loss: 0.291385 (best: 0.291385)
  Epoch  30/50 — loss: 0.274462 (best: 0.274462)
  Epoch  40/50 — loss: 0.265069 (best: 0.265069)
  Epoch  50/50 — loss: 0.257759 (best: 0.257759)
[AE-IS] Training finished — best loss: 0.257759
[AE-IS] Reconstruction error stats — min: 0.038014, median: 0.164313, max: 1.044090
[AE-IS] Removed 0 redundant + 0 noisy = 0 total instances
[AE-IS] Kept 9000 / 9000 (reduction = 0.00%)
[EntropySublinearAEIS] AE scores: min=0.0380, median=0.1643, max=1.0441
[EntropySublinearAEIS] Step 2 — Tessellating into 200 micro-clusters...
[EntropySublinearAEIS] Step 3 — Entropy H=0.9514, adaptive reduction=26.30% (Keeping 6632 / 9000)
[EntropySublinearAEIS] Step 4 — Sublinear sampling (gamma=0.5). lambda = 5.5995
[EntropySublinearAEIS] Done — removed 2368 / 9000 (reduction = 26.31%)
Result: 
[9.610219955444336, 6.717512130737305, 6.49106764793396, 6.505396127700806, 6.430352210998535, 6.476343631744385]
Fold 6
Fold 6
[EntropySublinearAEIS] Step 1 — Training Autoencoder for 50 epochs...
[AE-IS] Using GPU: NVIDIA A100-SXM4-80GB
[AE-IS] Architecture: 256 → 192 → 128 → 192 → 256
[AE-IS] Training autoencoder on 9000 instances (256 features) for up to 50 epochs …
  Epoch   1/50 — loss: 0.789278 (best: 0.789278)
  Epoch  10/50 — loss: 0.330196 (best: 0.330196)
  Epoch  20/50 — loss: 0.290991 (best: 0.290991)
  Epoch  30/50 — loss: 0.273516 (best: 0.273516)
  Epoch  40/50 — loss: 0.264641 (best: 0.264641)
  Epoch  50/50 — loss: 0.256490 (best: 0.256490)
[AE-IS] Training finished — best loss: 0.256490
[AE-IS] Reconstruction error stats — min: 0.038984, median: 0.163674, max: 0.961114
[AE-IS] Removed 0 redundant + 0 noisy = 0 total instances
[AE-IS] Kept 9000 / 9000 (reduction = 0.00%)
[EntropySublinearAEIS] AE scores: min=0.0390, median=0.1637, max=0.9611
[EntropySublinearAEIS] Step 2 — Tessellating into 200 micro-clusters...
[EntropySublinearAEIS] Step 3 — Entropy H=0.9557, adaptive reduction=24.65% (Keeping 6781 / 9000)
[EntropySublinearAEIS] Step 4 — Sublinear sampling (gamma=0.5). lambda = 5.6921
[EntropySublinearAEIS] Done — removed 2219 / 9000 (reduction = 24.66%)
Result: 
[9.610219955444336, 6.717512130737305, 6.49106764793396, 6.505396127700806, 6.430352210998535, 6.476343631744385, 6.484133005142212]
Fold 7
Fold 7
[EntropySublinearAEIS] Step 1 — Training Autoencoder for 50 epochs...
[AE-IS] Using GPU: NVIDIA A100-SXM4-80GB
[AE-IS] Architecture: 256 → 192 → 128 → 192 → 256
[AE-IS] Training autoencoder on 9000 instances (256 features) for up to 50 epochs …
  Epoch   1/50 — loss: 0.792646 (best: 0.792646)
  Epoch  10/50 — loss: 0.331549 (best: 0.331549)
  Epoch  20/50 — loss: 0.292659 (best: 0.292659)
  Epoch  30/50 — loss: 0.275640 (best: 0.275640)
  Epoch  40/50 — loss: 0.265572 (best: 0.265572)
  Epoch  50/50 — loss: 0.258380 (best: 0.258380)
[AE-IS] Training finished — best loss: 0.258380
[AE-IS] Reconstruction error stats — min: 0.037301, median: 0.164109, max: 0.932472
[AE-IS] Removed 0 redundant + 0 noisy = 0 total instances
[AE-IS] Kept 9000 / 9000 (reduction = 0.00%)
[EntropySublinearAEIS] AE scores: min=0.0373, median=0.1641, max=0.9325
[EntropySublinearAEIS] Step 2 — Tessellating into 200 micro-clusters...
[EntropySublinearAEIS] Step 3 — Entropy H=0.9471, adaptive reduction=27.86% (Keeping 6492 / 9000)
[EntropySublinearAEIS] Step 4 — Sublinear sampling (gamma=0.5). lambda = 5.5154
[EntropySublinearAEIS] Done — removed 2508 / 9000 (reduction = 27.87%)
Result: 
[9.610219955444336, 6.717512130737305, 6.49106764793396, 6.505396127700806, 6.430352210998535, 6.476343631744385, 6.484133005142212, 6.596698999404907]
Fold 8
Fold 8
[EntropySublinearAEIS] Step 1 — Training Autoencoder for 50 epochs...
[AE-IS] Using GPU: NVIDIA A100-SXM4-80GB
[AE-IS] Architecture: 256 → 192 → 128 → 192 → 256
[AE-IS] Training autoencoder on 9000 instances (256 features) for up to 50 epochs …
  Epoch   1/50 — loss: 0.788799 (best: 0.788799)
  Epoch  10/50 — loss: 0.330522 (best: 0.330522)
  Epoch  20/50 — loss: 0.291924 (best: 0.291924)
  Epoch  30/50 — loss: 0.274588 (best: 0.274588)
  Epoch  40/50 — loss: 0.264933 (best: 0.264933)
  Epoch  50/50 — loss: 0.259663 (best: 0.258876)
[AE-IS] Training finished — best loss: 0.258876
[AE-IS] Reconstruction error stats — min: 0.038043, median: 0.165256, max: 0.965939
[AE-IS] Removed 0 redundant + 0 noisy = 0 total instances
[AE-IS] Kept 9000 / 9000 (reduction = 0.00%)
[EntropySublinearAEIS] AE scores: min=0.0380, median=0.1653, max=0.9659
[EntropySublinearAEIS] Step 2 — Tessellating into 200 micro-clusters...
[EntropySublinearAEIS] Step 3 — Entropy H=0.9560, adaptive reduction=24.53% (Keeping 6792 / 9000)
[EntropySublinearAEIS] Step 4 — Sublinear sampling (gamma=0.5). lambda = 5.6921
[EntropySublinearAEIS] Done — removed 2206 / 9000 (reduction = 24.51%)
Result: 
[9.610219955444336, 6.717512130737305, 6.49106764793396, 6.505396127700806, 6.430352210998535, 6.476343631744385, 6.484133005142212, 6.596698999404907, 6.46227765083313]
Fold 9
Fold 9
[EntropySublinearAEIS] Step 1 — Training Autoencoder for 50 epochs...
[AE-IS] Using GPU: NVIDIA A100-SXM4-80GB
[AE-IS] Architecture: 256 → 192 → 128 → 192 → 256
[AE-IS] Training autoencoder on 9000 instances (256 features) for up to 50 epochs …
  Epoch   1/50 — loss: 0.791260 (best: 0.791260)
  Epoch  10/50 — loss: 0.329829 (best: 0.329829)
  Epoch  20/50 — loss: 0.292134 (best: 0.292134)
  Epoch  30/50 — loss: 0.274544 (best: 0.274544)
  Epoch  40/50 — loss: 0.264957 (best: 0.264957)
  Epoch  50/50 — loss: 0.255833 (best: 0.255833)
[AE-IS] Training finished — best loss: 0.255833
[AE-IS] Reconstruction error stats — min: 0.039861, median: 0.164001, max: 0.737028
[AE-IS] Removed 0 redundant + 0 noisy = 0 total instances
[AE-IS] Kept 9000 / 9000 (reduction = 0.00%)
[EntropySublinearAEIS] AE scores: min=0.0399, median=0.1640, max=0.7370
[EntropySublinearAEIS] Step 2 — Tessellating into 200 micro-clusters...
[EntropySublinearAEIS] Step 3 — Entropy H=0.9500, adaptive reduction=26.85% (Keeping 6583 / 9000)
[EntropySublinearAEIS] Step 4 — Sublinear sampling (gamma=0.5). lambda = 5.5780
[EntropySublinearAEIS] Done — removed 2417 / 9000 (reduction = 26.86%)
Result: 
[9.610219955444336, 6.717512130737305, 6.49106764793396, 6.505396127700806, 6.430352210998535, 6.476343631744385, 6.484133005142212, 6.596698999404907, 6.46227765083313, 6.395422697067261]
time: 6.816942405700684
time std: 0.9350794619846591
reducion: 0.2633222222222222
reducion std: 0.01131059265347486
END
