Namespace(dataset='subj', method='autoencoder-is', folds=10, save=True, inputrep='jina-v5', out='/data/bernardolemos/results/jina-v5/instance_selection', datain='/data/bernardolemos/datasets', overwrite=1, inputdir='/data/bernardolemos/datasets/subj/jina-v5/', splitdir='/data/bernardolemos/datasets/subj/splits/', outputdir='/data/bernardolemos/results/jina-v5/instance_selection/selection/subj/', filename='/data/bernardolemos/results/jina-v5/instance_selection/selection/subj//saida_autoencoder-is', start_time='16-07-2026 22:06:30')
Namespace(dataset='subj', method='autoencoder-is', folds=10, save=True, inputrep='jina-v5', out='/data/bernardolemos/results/jina-v5/instance_selection', datain='/data/bernardolemos/datasets', overwrite=1, inputdir='/data/bernardolemos/datasets/subj/jina-v5/', splitdir='/data/bernardolemos/datasets/subj/splits/', outputdir='/data/bernardolemos/results/jina-v5/instance_selection/selection/subj/', filename='/data/bernardolemos/results/jina-v5/instance_selection/selection/subj//saida_autoencoder-is', start_time='16-07-2026 22:06:30')
/data/bernardolemos/datasets/subj/splits//split_10.pkl
Fold 0
Fold 0
[AE-IS] Using GPU: NVIDIA A100-SXM4-80GB
[AE-IS] Architecture: 256 → 134 → 12 → 134 → 256
[AE-IS] Training autoencoder on 9000 instances (256 features) for up to 20 epochs …
  Epoch   1/20 — loss: 0.755747 (best: 0.755747)
  Epoch  10/20 — loss: 0.497057 (best: 0.497057)
  Epoch  20/20 — loss: 0.476864 (best: 0.476864)
[AE-IS] Training finished — best loss: 0.476864
[AE-IS] Reconstruction error stats — min: 0.079935, median: 0.389066, max: 1.607384
[AE-IS] Redundant instances: 3600, removing 1800 with beta=0.5
[AE-IS] Noise instances: 2700, removing 449 with theta=0.1666666
[AE-IS] Removed 1800 redundant + 449 noisy = 2249 total instances
[AE-IS] Kept 6751 / 9000 (reduction = 24.99%)
Result: 
[7.881402492523193]
Fold 1
Fold 1
[AE-IS] Using GPU: NVIDIA A100-SXM4-80GB
[AE-IS] Architecture: 256 → 134 → 12 → 134 → 256
[AE-IS] Training autoencoder on 9000 instances (256 features) for up to 20 epochs …
  Epoch   1/20 — loss: 0.758291 (best: 0.758291)
  Epoch  10/20 — loss: 0.497751 (best: 0.497751)
  Epoch  20/20 — loss: 0.475917 (best: 0.475917)
[AE-IS] Training finished — best loss: 0.475917
[AE-IS] Reconstruction error stats — min: 0.080410, median: 0.388508, max: 1.590073
[AE-IS] Redundant instances: 3600, removing 1800 with beta=0.5
[AE-IS] Noise instances: 2700, removing 449 with theta=0.1666666
[AE-IS] Removed 1800 redundant + 449 noisy = 2249 total instances
[AE-IS] Kept 6751 / 9000 (reduction = 24.99%)
Result: 
[7.881402492523193, 5.9194114208221436]
Fold 2
Fold 2
[AE-IS] Using GPU: NVIDIA A100-SXM4-80GB
[AE-IS] Architecture: 256 → 134 → 12 → 134 → 256
[AE-IS] Training autoencoder on 9000 instances (256 features) for up to 20 epochs …
  Epoch   1/20 — loss: 0.757710 (best: 0.757710)
  Epoch  10/20 — loss: 0.499865 (best: 0.499865)
  Epoch  20/20 — loss: 0.477221 (best: 0.477221)
[AE-IS] Training finished — best loss: 0.477221
[AE-IS] Reconstruction error stats — min: 0.082403, median: 0.386515, max: 1.596749
[AE-IS] Redundant instances: 3600, removing 1800 with beta=0.5
[AE-IS] Noise instances: 2700, removing 449 with theta=0.1666666
[AE-IS] Removed 1800 redundant + 449 noisy = 2249 total instances
[AE-IS] Kept 6751 / 9000 (reduction = 24.99%)
Result: 
[7.881402492523193, 5.9194114208221436, 6.097611427307129]
Fold 3
Fold 3
[AE-IS] Using GPU: NVIDIA A100-SXM4-80GB
[AE-IS] Architecture: 256 → 134 → 12 → 134 → 256
[AE-IS] Training autoencoder on 9000 instances (256 features) for up to 20 epochs …
  Epoch   1/20 — loss: 0.761170 (best: 0.761170)
  Epoch  10/20 — loss: 0.497244 (best: 0.497244)
  Epoch  20/20 — loss: 0.475844 (best: 0.475844)
[AE-IS] Training finished — best loss: 0.475844
[AE-IS] Reconstruction error stats — min: 0.077063, median: 0.387069, max: 1.608226
[AE-IS] Redundant instances: 3600, removing 1800 with beta=0.5
[AE-IS] Noise instances: 2700, removing 449 with theta=0.1666666
[AE-IS] Removed 1800 redundant + 449 noisy = 2249 total instances
[AE-IS] Kept 6751 / 9000 (reduction = 24.99%)
Result: 
[7.881402492523193, 5.9194114208221436, 6.097611427307129, 6.0934693813323975]
Fold 4
Fold 4
[AE-IS] Using GPU: NVIDIA A100-SXM4-80GB
[AE-IS] Architecture: 256 → 134 → 12 → 134 → 256
[AE-IS] Training autoencoder on 9000 instances (256 features) for up to 20 epochs …
  Epoch   1/20 — loss: 0.763109 (best: 0.763109)
  Epoch  10/20 — loss: 0.497505 (best: 0.497505)
  Epoch  20/20 — loss: 0.475248 (best: 0.475248)
[AE-IS] Training finished — best loss: 0.475248
[AE-IS] Reconstruction error stats — min: 0.075078, median: 0.387988, max: 1.583170
[AE-IS] Redundant instances: 3600, removing 1800 with beta=0.5
[AE-IS] Noise instances: 2700, removing 449 with theta=0.1666666
[AE-IS] Removed 1800 redundant + 449 noisy = 2249 total instances
[AE-IS] Kept 6751 / 9000 (reduction = 24.99%)
Result: 
[7.881402492523193, 5.9194114208221436, 6.097611427307129, 6.0934693813323975, 6.067448377609253]
Fold 5
Fold 5
[AE-IS] Using GPU: NVIDIA A100-SXM4-80GB
[AE-IS] Architecture: 256 → 134 → 12 → 134 → 256
[AE-IS] Training autoencoder on 9000 instances (256 features) for up to 20 epochs …
  Epoch   1/20 — loss: 0.762406 (best: 0.762406)
  Epoch  10/20 — loss: 0.498277 (best: 0.498277)
  Epoch  20/20 — loss: 0.477337 (best: 0.477337)
[AE-IS] Training finished — best loss: 0.477337
[AE-IS] Reconstruction error stats — min: 0.070116, median: 0.388363, max: 1.645802
[AE-IS] Redundant instances: 3600, removing 1800 with beta=0.5
[AE-IS] Noise instances: 2700, removing 449 with theta=0.1666666
[AE-IS] Removed 1800 redundant + 449 noisy = 2249 total instances
[AE-IS] Kept 6751 / 9000 (reduction = 24.99%)
Result: 
[7.881402492523193, 5.9194114208221436, 6.097611427307129, 6.0934693813323975, 6.067448377609253, 6.084068298339844]
Fold 6
Fold 6
[AE-IS] Using GPU: NVIDIA A100-SXM4-80GB
[AE-IS] Architecture: 256 → 134 → 12 → 134 → 256
[AE-IS] Training autoencoder on 9000 instances (256 features) for up to 20 epochs …
  Epoch   1/20 — loss: 0.761827 (best: 0.761827)
  Epoch  10/20 — loss: 0.495340 (best: 0.495340)
  Epoch  20/20 — loss: 0.475216 (best: 0.475216)
[AE-IS] Training finished — best loss: 0.475216
[AE-IS] Reconstruction error stats — min: 0.080873, median: 0.387577, max: 1.591268
[AE-IS] Redundant instances: 3600, removing 1800 with beta=0.5
[AE-IS] Noise instances: 2700, removing 449 with theta=0.1666666
[AE-IS] Removed 1800 redundant + 449 noisy = 2249 total instances
[AE-IS] Kept 6751 / 9000 (reduction = 24.99%)
Result: 
[7.881402492523193, 5.9194114208221436, 6.097611427307129, 6.0934693813323975, 6.067448377609253, 6.084068298339844, 6.0606255531311035]
Fold 7
Fold 7
[AE-IS] Using GPU: NVIDIA A100-SXM4-80GB
[AE-IS] Architecture: 256 → 134 → 12 → 134 → 256
[AE-IS] Training autoencoder on 9000 instances (256 features) for up to 20 epochs …
  Epoch   1/20 — loss: 0.761582 (best: 0.761582)
  Epoch  10/20 — loss: 0.495135 (best: 0.495135)
  Epoch  20/20 — loss: 0.476874 (best: 0.476874)
[AE-IS] Training finished — best loss: 0.476874
[AE-IS] Reconstruction error stats — min: 0.074018, median: 0.387954, max: 1.582344
[AE-IS] Redundant instances: 3600, removing 1800 with beta=0.5
[AE-IS] Noise instances: 2700, removing 449 with theta=0.1666666
[AE-IS] Removed 1800 redundant + 449 noisy = 2249 total instances
[AE-IS] Kept 6751 / 9000 (reduction = 24.99%)
Result: 
[7.881402492523193, 5.9194114208221436, 6.097611427307129, 6.0934693813323975, 6.067448377609253, 6.084068298339844, 6.0606255531311035, 6.060877323150635]
Fold 8
Fold 8
[AE-IS] Using GPU: NVIDIA A100-SXM4-80GB
[AE-IS] Architecture: 256 → 134 → 12 → 134 → 256
[AE-IS] Training autoencoder on 9000 instances (256 features) for up to 20 epochs …
  Epoch   1/20 — loss: 0.758350 (best: 0.758350)
  Epoch  10/20 — loss: 0.494467 (best: 0.494467)
  Epoch  20/20 — loss: 0.475086 (best: 0.475086)
[AE-IS] Training finished — best loss: 0.475086
[AE-IS] Reconstruction error stats — min: 0.071611, median: 0.386487, max: 1.528069
[AE-IS] Redundant instances: 3600, removing 1800 with beta=0.5
[AE-IS] Noise instances: 2700, removing 449 with theta=0.1666666
[AE-IS] Removed 1800 redundant + 449 noisy = 2249 total instances
[AE-IS] Kept 6751 / 9000 (reduction = 24.99%)
Result: 
[7.881402492523193, 5.9194114208221436, 6.097611427307129, 6.0934693813323975, 6.067448377609253, 6.084068298339844, 6.0606255531311035, 6.060877323150635, 6.031002044677734]
Fold 9
Fold 9
[AE-IS] Using GPU: NVIDIA A100-SXM4-80GB
[AE-IS] Architecture: 256 → 134 → 12 → 134 → 256
[AE-IS] Training autoencoder on 9000 instances (256 features) for up to 20 epochs …
  Epoch   1/20 — loss: 0.761077 (best: 0.761077)
  Epoch  10/20 — loss: 0.495726 (best: 0.495726)
  Epoch  20/20 — loss: 0.475571 (best: 0.475571)
[AE-IS] Training finished — best loss: 0.475571
[AE-IS] Reconstruction error stats — min: 0.079434, median: 0.388464, max: 1.421128
[AE-IS] Redundant instances: 3600, removing 1800 with beta=0.5
[AE-IS] Noise instances: 2700, removing 449 with theta=0.1666666
[AE-IS] Removed 1800 redundant + 449 noisy = 2249 total instances
[AE-IS] Kept 6751 / 9000 (reduction = 24.99%)
Result: 
[7.881402492523193, 5.9194114208221436, 6.097611427307129, 6.0934693813323975, 6.067448377609253, 6.084068298339844, 6.0606255531311035, 6.060877323150635, 6.031002044677734, 6.053670644760132]
time: 6.234958696365356
time std: 0.5509281638702448
reducion: 0.2498888888888889
reducion std: 2.7755575615628914e-17
END
