Namespace(dataset='trec', method='entropy-sublinear-ae-is', folds=10, save=True, inputrep='jina-v5', out='/data/bernardolemos/results/jina-v5/instance_selection', datain='/data/bernardolemos/datasets', overwrite=1, inputdir='/data/bernardolemos/datasets/trec/jina-v5/', splitdir='/data/bernardolemos/datasets/trec/splits/', outputdir='/data/bernardolemos/results/jina-v5/instance_selection/selection/trec/', filename='/data/bernardolemos/results/jina-v5/instance_selection/selection/trec//saida_entropy-sublinear-ae-is', start_time='04-07-2026 19:57:47')
Namespace(dataset='trec', method='entropy-sublinear-ae-is', folds=10, save=True, inputrep='jina-v5', out='/data/bernardolemos/results/jina-v5/instance_selection', datain='/data/bernardolemos/datasets', overwrite=1, inputdir='/data/bernardolemos/datasets/trec/jina-v5/', splitdir='/data/bernardolemos/datasets/trec/splits/', outputdir='/data/bernardolemos/results/jina-v5/instance_selection/selection/trec/', filename='/data/bernardolemos/results/jina-v5/instance_selection/selection/trec//saida_entropy-sublinear-ae-is', start_time='04-07-2026 19:57:47')
/data/bernardolemos/datasets/trec/splits//split_10.pkl
Fold 0
Fold 0
[EntropySublinearAEIS] Step 1 — Training Autoencoder for 50 epochs...
[AE-IS] Using GPU: NVIDIA A100-SXM4-80GB
[AE-IS] Architecture: 256 → 192 → 128 → 192 → 256
[AE-IS] Training autoencoder on 5356 instances (256 features) for up to 50 epochs …
  Epoch   1/50 — loss: 0.940697 (best: 0.940697)
  Epoch  10/50 — loss: 0.416970 (best: 0.416970)
  Epoch  20/50 — loss: 0.357944 (best: 0.357944)
  Epoch  30/50 — loss: 0.333428 (best: 0.333428)
  Epoch  40/50 — loss: 0.320298 (best: 0.320298)
  Epoch  50/50 — loss: 0.310745 (best: 0.310745)
[AE-IS] Training finished — best loss: 0.310745
[AE-IS] Reconstruction error stats — min: 0.054171, median: 0.214810, max: 0.651725
[AE-IS] Removed 0 redundant + 0 noisy = 0 total instances
[AE-IS] Kept 5356 / 5356 (reduction = 0.00%)
[EntropySublinearAEIS] AE scores: min=0.0542, median=0.2148, max=0.6517
[EntropySublinearAEIS] Step 2 — Tessellating into 200 micro-clusters...
[EntropySublinearAEIS] Step 3 — Entropy H=0.9607, adaptive reduction=22.62% (Keeping 4144 / 5356)
[EntropySublinearAEIS] Step 4 — Sublinear sampling (gamma=0.5). lambda = 4.4313
[EntropySublinearAEIS] Done — removed 1212 / 5356 (reduction = 22.63%)
Result: 
[6.379641532897949]
Fold 1
Fold 1
[EntropySublinearAEIS] Step 1 — Training Autoencoder for 50 epochs...
[AE-IS] Using GPU: NVIDIA A100-SXM4-80GB
[AE-IS] Architecture: 256 → 192 → 128 → 192 → 256
[AE-IS] Training autoencoder on 5356 instances (256 features) for up to 50 epochs …
  Epoch   1/50 — loss: 0.939228 (best: 0.939228)
  Epoch  10/50 — loss: 0.418383 (best: 0.418383)
  Epoch  20/50 — loss: 0.358635 (best: 0.358635)
  Epoch  30/50 — loss: 0.335155 (best: 0.335155)
  Epoch  40/50 — loss: 0.321433 (best: 0.321433)
  Epoch  50/50 — loss: 0.311671 (best: 0.311417)
[AE-IS] Training finished — best loss: 0.311417
[AE-IS] Reconstruction error stats — min: 0.062799, median: 0.216896, max: 0.625102
[AE-IS] Removed 0 redundant + 0 noisy = 0 total instances
[AE-IS] Kept 5356 / 5356 (reduction = 0.00%)
[EntropySublinearAEIS] AE scores: min=0.0628, median=0.2169, max=0.6251
[EntropySublinearAEIS] Step 2 — Tessellating into 200 micro-clusters...
[EntropySublinearAEIS] Step 3 — Entropy H=0.9570, adaptive reduction=24.14% (Keeping 4062 / 5356)
[EntropySublinearAEIS] Step 4 — Sublinear sampling (gamma=0.5). lambda = 4.3800
[EntropySublinearAEIS] Done — removed 1294 / 5356 (reduction = 24.16%)
Result: 
[6.379641532897949, 4.735868453979492]
Fold 2
Fold 2
[EntropySublinearAEIS] Step 1 — Training Autoencoder for 50 epochs...
[AE-IS] Using GPU: NVIDIA A100-SXM4-80GB
[AE-IS] Architecture: 256 → 192 → 128 → 192 → 256
[AE-IS] Training autoencoder on 5357 instances (256 features) for up to 50 epochs …
  Epoch   1/50 — loss: 0.938892 (best: 0.938892)
  Epoch  10/50 — loss: 0.418076 (best: 0.418076)
  Epoch  20/50 — loss: 0.357476 (best: 0.357476)
  Epoch  30/50 — loss: 0.333969 (best: 0.333969)
  Epoch  40/50 — loss: 0.320349 (best: 0.320349)
  Epoch  50/50 — loss: 0.311010 (best: 0.311010)
[AE-IS] Training finished — best loss: 0.311010
[AE-IS] Reconstruction error stats — min: 0.057115, median: 0.215480, max: 0.639957
[AE-IS] Removed 0 redundant + 0 noisy = 0 total instances
[AE-IS] Kept 5357 / 5357 (reduction = 0.00%)
[EntropySublinearAEIS] AE scores: min=0.0571, median=0.2155, max=0.6400
[EntropySublinearAEIS] Step 2 — Tessellating into 200 micro-clusters...
[EntropySublinearAEIS] Step 3 — Entropy H=0.9619, adaptive reduction=22.09% (Keeping 4173 / 5357)
[EntropySublinearAEIS] Step 4 — Sublinear sampling (gamma=0.5). lambda = 4.4225
[EntropySublinearAEIS] Done — removed 1184 / 5357 (reduction = 22.10%)
Result: 
[6.379641532897949, 4.735868453979492, 4.93590235710144]
Fold 3
Fold 3
[EntropySublinearAEIS] Step 1 — Training Autoencoder for 50 epochs...
[AE-IS] Using GPU: NVIDIA A100-SXM4-80GB
[AE-IS] Architecture: 256 → 192 → 128 → 192 → 256
[AE-IS] Training autoencoder on 5357 instances (256 features) for up to 50 epochs …
  Epoch   1/50 — loss: 0.939222 (best: 0.939222)
  Epoch  10/50 — loss: 0.417497 (best: 0.417497)
  Epoch  20/50 — loss: 0.357511 (best: 0.357511)
  Epoch  30/50 — loss: 0.333807 (best: 0.333807)
  Epoch  40/50 — loss: 0.320045 (best: 0.320045)
  Epoch  50/50 — loss: 0.310065 (best: 0.310065)
[AE-IS] Training finished — best loss: 0.310065
[AE-IS] Reconstruction error stats — min: 0.054706, median: 0.214834, max: 0.610893
[AE-IS] Removed 0 redundant + 0 noisy = 0 total instances
[AE-IS] Kept 5357 / 5357 (reduction = 0.00%)
[EntropySublinearAEIS] AE scores: min=0.0547, median=0.2148, max=0.6109
[EntropySublinearAEIS] Step 2 — Tessellating into 200 micro-clusters...
[EntropySublinearAEIS] Step 3 — Entropy H=0.9525, adaptive reduction=25.91% (Keeping 3969 / 5357)
[EntropySublinearAEIS] Step 4 — Sublinear sampling (gamma=0.5). lambda = 4.3146
[EntropySublinearAEIS] Done — removed 1385 / 5357 (reduction = 25.85%)
Result: 
[6.379641532897949, 4.735868453979492, 4.93590235710144, 4.195225715637207]
Fold 4
Fold 4
[EntropySublinearAEIS] Step 1 — Training Autoencoder for 50 epochs...
[AE-IS] Using GPU: NVIDIA A100-SXM4-80GB
[AE-IS] Architecture: 256 → 192 → 128 → 192 → 256
[AE-IS] Training autoencoder on 5357 instances (256 features) for up to 50 epochs …
  Epoch   1/50 — loss: 0.938795 (best: 0.938795)
  Epoch  10/50 — loss: 0.416791 (best: 0.416791)
  Epoch  20/50 — loss: 0.359144 (best: 0.359144)
  Epoch  30/50 — loss: 0.334210 (best: 0.334210)
  Epoch  40/50 — loss: 0.319097 (best: 0.319097)
  Epoch  50/50 — loss: 0.311681 (best: 0.311543)
[AE-IS] Training finished — best loss: 0.311543
[AE-IS] Reconstruction error stats — min: 0.056621, median: 0.216595, max: 0.592404
[AE-IS] Removed 0 redundant + 0 noisy = 0 total instances
[AE-IS] Kept 5357 / 5357 (reduction = 0.00%)
[EntropySublinearAEIS] AE scores: min=0.0566, median=0.2166, max=0.5924
[EntropySublinearAEIS] Step 2 — Tessellating into 200 micro-clusters...
[EntropySublinearAEIS] Step 3 — Entropy H=0.9599, adaptive reduction=22.93% (Keeping 4128 / 5357)
[EntropySublinearAEIS] Step 4 — Sublinear sampling (gamma=0.5). lambda = 4.4264
[EntropySublinearAEIS] Done — removed 1229 / 5357 (reduction = 22.94%)
Result: 
[6.379641532897949, 4.735868453979492, 4.93590235710144, 4.195225715637207, 4.293586015701294]
Fold 5
Fold 5
[EntropySublinearAEIS] Step 1 — Training Autoencoder for 50 epochs...
[AE-IS] Using GPU: NVIDIA A100-SXM4-80GB
[AE-IS] Architecture: 256 → 192 → 128 → 192 → 256
[AE-IS] Training autoencoder on 5357 instances (256 features) for up to 50 epochs …
  Epoch   1/50 — loss: 0.940693 (best: 0.940693)
  Epoch  10/50 — loss: 0.417198 (best: 0.417198)
  Epoch  20/50 — loss: 0.359374 (best: 0.359374)
  Epoch  30/50 — loss: 0.334740 (best: 0.334740)
  Epoch  40/50 — loss: 0.320383 (best: 0.320383)
  Epoch  50/50 — loss: 0.311924 (best: 0.311924)
[AE-IS] Training finished — best loss: 0.311924
[AE-IS] Reconstruction error stats — min: 0.059390, median: 0.216140, max: 0.591469
[AE-IS] Removed 0 redundant + 0 noisy = 0 total instances
[AE-IS] Kept 5357 / 5357 (reduction = 0.00%)
[EntropySublinearAEIS] AE scores: min=0.0594, median=0.2161, max=0.5915
[EntropySublinearAEIS] Step 2 — Tessellating into 200 micro-clusters...
[EntropySublinearAEIS] Step 3 — Entropy H=0.9584, adaptive reduction=23.55% (Keeping 4095 / 5357)
[EntropySublinearAEIS] Step 4 — Sublinear sampling (gamma=0.5). lambda = 4.3955
[EntropySublinearAEIS] Done — removed 1261 / 5357 (reduction = 23.54%)
Result: 
[6.379641532897949, 4.735868453979492, 4.93590235710144, 4.195225715637207, 4.293586015701294, 4.389049530029297]
Fold 6
Fold 6
[EntropySublinearAEIS] Step 1 — Training Autoencoder for 50 epochs...
[AE-IS] Using GPU: NVIDIA A100-SXM4-80GB
[AE-IS] Architecture: 256 → 192 → 128 → 192 → 256
[AE-IS] Training autoencoder on 5357 instances (256 features) for up to 50 epochs …
  Epoch   1/50 — loss: 0.939676 (best: 0.939676)
  Epoch  10/50 — loss: 0.418515 (best: 0.418515)
  Epoch  20/50 — loss: 0.358164 (best: 0.358164)
  Epoch  30/50 — loss: 0.332965 (best: 0.332965)
  Epoch  40/50 — loss: 0.319859 (best: 0.319697)
  Epoch  50/50 — loss: 0.311600 (best: 0.310996)
[AE-IS] Training finished — best loss: 0.310996
[AE-IS] Reconstruction error stats — min: 0.061912, median: 0.215816, max: 0.636996
[AE-IS] Removed 0 redundant + 0 noisy = 0 total instances
[AE-IS] Kept 5357 / 5357 (reduction = 0.00%)
[EntropySublinearAEIS] AE scores: min=0.0619, median=0.2158, max=0.6370
[EntropySublinearAEIS] Step 2 — Tessellating into 200 micro-clusters...
[EntropySublinearAEIS] Step 3 — Entropy H=0.9561, adaptive reduction=24.49% (Keeping 4044 / 5357)
[EntropySublinearAEIS] Step 4 — Sublinear sampling (gamma=0.5). lambda = 4.3589
[EntropySublinearAEIS] Done — removed 1313 / 5357 (reduction = 24.51%)
Result: 
[6.379641532897949, 4.735868453979492, 4.93590235710144, 4.195225715637207, 4.293586015701294, 4.389049530029297, 5.14985728263855]
Fold 7
Fold 7
[EntropySublinearAEIS] Step 1 — Training Autoencoder for 50 epochs...
[AE-IS] Using GPU: NVIDIA A100-SXM4-80GB
[AE-IS] Architecture: 256 → 192 → 128 → 192 → 256
[AE-IS] Training autoencoder on 5357 instances (256 features) for up to 50 epochs …
  Epoch   1/50 — loss: 0.938081 (best: 0.938081)
  Epoch  10/50 — loss: 0.417692 (best: 0.417692)
  Epoch  20/50 — loss: 0.357276 (best: 0.357276)
  Epoch  30/50 — loss: 0.333129 (best: 0.333129)
  Epoch  40/50 — loss: 0.319828 (best: 0.319828)
  Epoch  50/50 — loss: 0.309698 (best: 0.309698)
[AE-IS] Training finished — best loss: 0.309698
[AE-IS] Reconstruction error stats — min: 0.056022, median: 0.213294, max: 0.633338
[AE-IS] Removed 0 redundant + 0 noisy = 0 total instances
[AE-IS] Kept 5357 / 5357 (reduction = 0.00%)
[EntropySublinearAEIS] AE scores: min=0.0560, median=0.2133, max=0.6333
[EntropySublinearAEIS] Step 2 — Tessellating into 200 micro-clusters...
[EntropySublinearAEIS] Step 3 — Entropy H=0.9580, adaptive reduction=23.71% (Keeping 4086 / 5357)
[EntropySublinearAEIS] Step 4 — Sublinear sampling (gamma=0.5). lambda = 4.4000
[EntropySublinearAEIS] Done — removed 1268 / 5357 (reduction = 23.67%)
Result: 
[6.379641532897949, 4.735868453979492, 4.93590235710144, 4.195225715637207, 4.293586015701294, 4.389049530029297, 5.14985728263855, 4.306198835372925]
Fold 8
Fold 8
[EntropySublinearAEIS] Step 1 — Training Autoencoder for 50 epochs...
[AE-IS] Using GPU: NVIDIA A100-SXM4-80GB
[AE-IS] Architecture: 256 → 192 → 128 → 192 → 256
[AE-IS] Training autoencoder on 5357 instances (256 features) for up to 50 epochs …
  Epoch   1/50 — loss: 0.940125 (best: 0.940125)
  Epoch  10/50 — loss: 0.418094 (best: 0.418094)
  Epoch  20/50 — loss: 0.359089 (best: 0.359089)
  Epoch  30/50 — loss: 0.334597 (best: 0.334597)
  Epoch  40/50 — loss: 0.322053 (best: 0.321498)
  Epoch  50/50 — loss: 0.310642 (best: 0.310642)
[AE-IS] Training finished — best loss: 0.310642
[AE-IS] Reconstruction error stats — min: 0.061108, median: 0.216124, max: 0.610156
[AE-IS] Removed 0 redundant + 0 noisy = 0 total instances
[AE-IS] Kept 5357 / 5357 (reduction = 0.00%)
[EntropySublinearAEIS] AE scores: min=0.0611, median=0.2161, max=0.6102
[EntropySublinearAEIS] Step 2 — Tessellating into 200 micro-clusters...
[EntropySublinearAEIS] Step 3 — Entropy H=0.9594, adaptive reduction=23.16% (Keeping 4116 / 5357)
[EntropySublinearAEIS] Step 4 — Sublinear sampling (gamma=0.5). lambda = 4.4286
[EntropySublinearAEIS] Done — removed 1241 / 5357 (reduction = 23.17%)
Result: 
[6.379641532897949, 4.735868453979492, 4.93590235710144, 4.195225715637207, 4.293586015701294, 4.389049530029297, 5.14985728263855, 4.306198835372925, 4.370537281036377]
Fold 9
Fold 9
[EntropySublinearAEIS] Step 1 — Training Autoencoder for 50 epochs...
[AE-IS] Using GPU: NVIDIA A100-SXM4-80GB
[AE-IS] Architecture: 256 → 192 → 128 → 192 → 256
[AE-IS] Training autoencoder on 5357 instances (256 features) for up to 50 epochs …
  Epoch   1/50 — loss: 0.938239 (best: 0.938239)
  Epoch  10/50 — loss: 0.417579 (best: 0.417579)
  Epoch  20/50 — loss: 0.358548 (best: 0.358548)
  Epoch  30/50 — loss: 0.335260 (best: 0.335260)
  Epoch  40/50 — loss: 0.320976 (best: 0.320976)
  Epoch  50/50 — loss: 0.310724 (best: 0.310724)
[AE-IS] Training finished — best loss: 0.310724
[AE-IS] Reconstruction error stats — min: 0.055186, median: 0.216600, max: 0.637420
[AE-IS] Removed 0 redundant + 0 noisy = 0 total instances
[AE-IS] Kept 5357 / 5357 (reduction = 0.00%)
[EntropySublinearAEIS] AE scores: min=0.0552, median=0.2166, max=0.6374
[EntropySublinearAEIS] Step 2 — Tessellating into 200 micro-clusters...
[EntropySublinearAEIS] Step 3 — Entropy H=0.9502, adaptive reduction=26.76% (Keeping 3923 / 5357)
[EntropySublinearAEIS] Step 4 — Sublinear sampling (gamma=0.5). lambda = 4.2758
[EntropySublinearAEIS] Done — removed 1434 / 5357 (reduction = 26.77%)
Result: 
[6.379641532897949, 4.735868453979492, 4.93590235710144, 4.195225715637207, 4.293586015701294, 4.389049530029297, 5.14985728263855, 4.306198835372925, 4.370537281036377, 4.304437637329102]
time: 4.706030464172363
time std: 0.6337897348211876
reducion: 0.23934044962632908
reducion std: 0.013771131994025175
END
