Namespace(dataset='twitter', method='entropy-sublinear-ae-is', folds=10, save=True, inputrep='jina-v5', out='/data/bernardolemos/results/jina-v5/instance_selection', datain='/data/bernardolemos/datasets', overwrite=1, inputdir='/data/bernardolemos/datasets/twitter/jina-v5/', splitdir='/data/bernardolemos/datasets/twitter/splits/', outputdir='/data/bernardolemos/results/jina-v5/instance_selection/selection/twitter/', filename='/data/bernardolemos/results/jina-v5/instance_selection/selection/twitter//saida_entropy-sublinear-ae-is', start_time='04-07-2026 19:58:47')
Namespace(dataset='twitter', method='entropy-sublinear-ae-is', folds=10, save=True, inputrep='jina-v5', out='/data/bernardolemos/results/jina-v5/instance_selection', datain='/data/bernardolemos/datasets', overwrite=1, inputdir='/data/bernardolemos/datasets/twitter/jina-v5/', splitdir='/data/bernardolemos/datasets/twitter/splits/', outputdir='/data/bernardolemos/results/jina-v5/instance_selection/selection/twitter/', filename='/data/bernardolemos/results/jina-v5/instance_selection/selection/twitter//saida_entropy-sublinear-ae-is', start_time='04-07-2026 19:58:47')
/data/bernardolemos/datasets/twitter/splits//split_10.pkl
Fold 0
Fold 0
[EntropySublinearAEIS] Step 1 — Training Autoencoder for 50 epochs...
[AE-IS] Using GPU: NVIDIA A100-SXM4-80GB
[AE-IS] Architecture: 256 → 192 → 128 → 192 → 256
[AE-IS] Training autoencoder on 6297 instances (256 features) for up to 50 epochs …
  Epoch   1/50 — loss: 0.825671 (best: 0.825671)
  Epoch  10/50 — loss: 0.326253 (best: 0.326253)
  Epoch  20/50 — loss: 0.281014 (best: 0.281014)
  Epoch  30/50 — loss: 0.263236 (best: 0.263236)
  Epoch  40/50 — loss: 0.252771 (best: 0.252771)
  Epoch  50/50 — loss: 0.246419 (best: 0.246419)
[AE-IS] Training finished — best loss: 0.246419
[AE-IS] Reconstruction error stats — min: 0.017837, median: 0.158136, max: 0.745679
[AE-IS] Removed 0 redundant + 0 noisy = 0 total instances
[AE-IS] Kept 6297 / 6297 (reduction = 0.00%)
[EntropySublinearAEIS] AE scores: min=0.0178, median=0.1581, max=0.7457
[EntropySublinearAEIS] Step 2 — Tessellating into 200 micro-clusters...
[EntropySublinearAEIS] Step 3 — Entropy H=0.9441, adaptive reduction=28.91% (Keeping 4476 / 6297)
[EntropySublinearAEIS] Step 4 — Sublinear sampling (gamma=0.5). lambda = 4.5638
[EntropySublinearAEIS] Done — removed 1821 / 6297 (reduction = 28.92%)
Result: 
[6.476905584335327]
Fold 1
Fold 1
[EntropySublinearAEIS] Step 1 — Training Autoencoder for 50 epochs...
[AE-IS] Using GPU: NVIDIA A100-SXM4-80GB
[AE-IS] Architecture: 256 → 192 → 128 → 192 → 256
[AE-IS] Training autoencoder on 6297 instances (256 features) for up to 50 epochs …
  Epoch   1/50 — loss: 0.824377 (best: 0.824377)
  Epoch  10/50 — loss: 0.325512 (best: 0.325512)
  Epoch  20/50 — loss: 0.279439 (best: 0.279439)
  Epoch  30/50 — loss: 0.263136 (best: 0.263136)
  Epoch  40/50 — loss: 0.253495 (best: 0.253495)
  Epoch  50/50 — loss: 0.246668 (best: 0.246668)
[AE-IS] Training finished — best loss: 0.246668
[AE-IS] Reconstruction error stats — min: 0.022564, median: 0.158086, max: 0.755206
[AE-IS] Removed 0 redundant + 0 noisy = 0 total instances
[AE-IS] Kept 6297 / 6297 (reduction = 0.00%)
[EntropySublinearAEIS] AE scores: min=0.0226, median=0.1581, max=0.7552
[EntropySublinearAEIS] Step 2 — Tessellating into 200 micro-clusters...
[EntropySublinearAEIS] Step 3 — Entropy H=0.9361, adaptive reduction=31.44% (Keeping 4317 / 6297)
[EntropySublinearAEIS] Step 4 — Sublinear sampling (gamma=0.5). lambda = 4.4590
[EntropySublinearAEIS] Done — removed 1980 / 6297 (reduction = 31.44%)
Result: 
[6.476905584335327, 5.141186475753784]
Fold 2
Fold 2
[EntropySublinearAEIS] Step 1 — Training Autoencoder for 50 epochs...
[AE-IS] Using GPU: NVIDIA A100-SXM4-80GB
[AE-IS] Architecture: 256 → 192 → 128 → 192 → 256
[AE-IS] Training autoencoder on 6297 instances (256 features) for up to 50 epochs …
  Epoch   1/50 — loss: 0.826067 (best: 0.826067)
  Epoch  10/50 — loss: 0.324138 (best: 0.324138)
  Epoch  20/50 — loss: 0.279390 (best: 0.279390)
  Epoch  30/50 — loss: 0.262823 (best: 0.262823)
  Epoch  40/50 — loss: 0.252676 (best: 0.252676)
  Epoch  50/50 — loss: 0.246907 (best: 0.246907)
[AE-IS] Training finished — best loss: 0.246907
[AE-IS] Reconstruction error stats — min: 0.014905, median: 0.156170, max: 0.724418
[AE-IS] Removed 0 redundant + 0 noisy = 0 total instances
[AE-IS] Kept 6297 / 6297 (reduction = 0.00%)
[EntropySublinearAEIS] AE scores: min=0.0149, median=0.1562, max=0.7244
[EntropySublinearAEIS] Step 2 — Tessellating into 200 micro-clusters...
[EntropySublinearAEIS] Step 3 — Entropy H=0.9406, adaptive reduction=30.03% (Keeping 4405 / 6297)
[EntropySublinearAEIS] Step 4 — Sublinear sampling (gamma=0.5). lambda = 4.5290
[EntropySublinearAEIS] Done — removed 1892 / 6297 (reduction = 30.05%)
Result: 
[6.476905584335327, 5.141186475753784, 4.464345216751099]
Fold 3
Fold 3
[EntropySublinearAEIS] Step 1 — Training Autoencoder for 50 epochs...
[AE-IS] Using GPU: NVIDIA A100-SXM4-80GB
[AE-IS] Architecture: 256 → 192 → 128 → 192 → 256
[AE-IS] Training autoencoder on 6297 instances (256 features) for up to 50 epochs …
  Epoch   1/50 — loss: 0.825637 (best: 0.825637)
  Epoch  10/50 — loss: 0.326627 (best: 0.326627)
  Epoch  20/50 — loss: 0.279607 (best: 0.279607)
  Epoch  30/50 — loss: 0.263737 (best: 0.263737)
  Epoch  40/50 — loss: 0.252490 (best: 0.252490)
  Epoch  50/50 — loss: 0.245638 (best: 0.245638)
[AE-IS] Training finished — best loss: 0.245638
[AE-IS] Reconstruction error stats — min: 0.016226, median: 0.156977, max: 0.711388
[AE-IS] Removed 0 redundant + 0 noisy = 0 total instances
[AE-IS] Kept 6297 / 6297 (reduction = 0.00%)
[EntropySublinearAEIS] AE scores: min=0.0162, median=0.1570, max=0.7114
[EntropySublinearAEIS] Step 2 — Tessellating into 200 micro-clusters...
[EntropySublinearAEIS] Step 3 — Entropy H=0.9416, adaptive reduction=29.74% (Keeping 4424 / 6297)
[EntropySublinearAEIS] Step 4 — Sublinear sampling (gamma=0.5). lambda = 4.5260
[EntropySublinearAEIS] Done — removed 1869 / 6297 (reduction = 29.68%)
Result: 
[6.476905584335327, 5.141186475753784, 4.464345216751099, 4.575024127960205]
Fold 4
Fold 4
[EntropySublinearAEIS] Step 1 — Training Autoencoder for 50 epochs...
[AE-IS] Using GPU: NVIDIA A100-SXM4-80GB
[AE-IS] Architecture: 256 → 192 → 128 → 192 → 256
[AE-IS] Training autoencoder on 6297 instances (256 features) for up to 50 epochs …
  Epoch   1/50 — loss: 0.825867 (best: 0.825867)
  Epoch  10/50 — loss: 0.325715 (best: 0.325715)
  Epoch  20/50 — loss: 0.278773 (best: 0.278773)
  Epoch  30/50 — loss: 0.263504 (best: 0.263502)
  Epoch  40/50 — loss: 0.252179 (best: 0.252179)
  Epoch  50/50 — loss: 0.245031 (best: 0.245031)
[AE-IS] Training finished — best loss: 0.245031
[AE-IS] Reconstruction error stats — min: 0.015718, median: 0.155911, max: 0.703477
[AE-IS] Removed 0 redundant + 0 noisy = 0 total instances
[AE-IS] Kept 6297 / 6297 (reduction = 0.00%)
[EntropySublinearAEIS] AE scores: min=0.0157, median=0.1559, max=0.7035
[EntropySublinearAEIS] Step 2 — Tessellating into 200 micro-clusters...
[EntropySublinearAEIS] Step 3 — Entropy H=0.9412, adaptive reduction=29.85% (Keeping 4417 / 6297)
[EntropySublinearAEIS] Step 4 — Sublinear sampling (gamma=0.5). lambda = 4.4907
[EntropySublinearAEIS] Done — removed 1878 / 6297 (reduction = 29.82%)
Result: 
[6.476905584335327, 5.141186475753784, 4.464345216751099, 4.575024127960205, 5.13731837272644]
Fold 5
Fold 5
[EntropySublinearAEIS] Step 1 — Training Autoencoder for 50 epochs...
[AE-IS] Using GPU: NVIDIA A100-SXM4-80GB
[AE-IS] Architecture: 256 → 192 → 128 → 192 → 256
[AE-IS] Training autoencoder on 6297 instances (256 features) for up to 50 epochs …
  Epoch   1/50 — loss: 0.828292 (best: 0.828292)
  Epoch  10/50 — loss: 0.325997 (best: 0.325997)
  Epoch  20/50 — loss: 0.281000 (best: 0.281000)
  Epoch  30/50 — loss: 0.263671 (best: 0.263671)
  Epoch  40/50 — loss: 0.251966 (best: 0.251966)
  Epoch  50/50 — loss: 0.246457 (best: 0.246457)
[AE-IS] Training finished — best loss: 0.246457
[AE-IS] Reconstruction error stats — min: 0.019178, median: 0.156643, max: 0.684872
[AE-IS] Removed 0 redundant + 0 noisy = 0 total instances
[AE-IS] Kept 6297 / 6297 (reduction = 0.00%)
[EntropySublinearAEIS] AE scores: min=0.0192, median=0.1566, max=0.6849
[EntropySublinearAEIS] Step 2 — Tessellating into 200 micro-clusters...
[EntropySublinearAEIS] Step 3 — Entropy H=0.9375, adaptive reduction=31.00% (Keeping 4344 / 6297)
[EntropySublinearAEIS] Step 4 — Sublinear sampling (gamma=0.5). lambda = 4.4748
[EntropySublinearAEIS] Done — removed 1952 / 6297 (reduction = 31.00%)
Result: 
[6.476905584335327, 5.141186475753784, 4.464345216751099, 4.575024127960205, 5.13731837272644, 5.1038501262664795]
Fold 6
Fold 6
[EntropySublinearAEIS] Step 1 — Training Autoencoder for 50 epochs...
[AE-IS] Using GPU: NVIDIA A100-SXM4-80GB
[AE-IS] Architecture: 256 → 192 → 128 → 192 → 256
[AE-IS] Training autoencoder on 6297 instances (256 features) for up to 50 epochs …
  Epoch   1/50 — loss: 0.827175 (best: 0.827175)
  Epoch  10/50 — loss: 0.326354 (best: 0.326354)
  Epoch  20/50 — loss: 0.280183 (best: 0.280183)
  Epoch  30/50 — loss: 0.263644 (best: 0.263644)
  Epoch  40/50 — loss: 0.252913 (best: 0.252913)
  Epoch  50/50 — loss: 0.244890 (best: 0.244890)
[AE-IS] Training finished — best loss: 0.244890
[AE-IS] Reconstruction error stats — min: 0.016335, median: 0.156946, max: 0.698972
[AE-IS] Removed 0 redundant + 0 noisy = 0 total instances
[AE-IS] Kept 6297 / 6297 (reduction = 0.00%)
[EntropySublinearAEIS] AE scores: min=0.0163, median=0.1569, max=0.6990
[EntropySublinearAEIS] Step 2 — Tessellating into 200 micro-clusters...
[EntropySublinearAEIS] Step 3 — Entropy H=0.9386, adaptive reduction=30.67% (Keeping 4366 / 6297)
[EntropySublinearAEIS] Step 4 — Sublinear sampling (gamma=0.5). lambda = 4.4901
[EntropySublinearAEIS] Done — removed 1930 / 6297 (reduction = 30.65%)
Result: 
[6.476905584335327, 5.141186475753784, 4.464345216751099, 4.575024127960205, 5.13731837272644, 5.1038501262664795, 4.819464921951294]
Fold 7
Fold 7
[EntropySublinearAEIS] Step 1 — Training Autoencoder for 50 epochs...
[AE-IS] Using GPU: NVIDIA A100-SXM4-80GB
[AE-IS] Architecture: 256 → 192 → 128 → 192 → 256
[AE-IS] Training autoencoder on 6298 instances (256 features) for up to 50 epochs …
  Epoch   1/50 — loss: 0.825082 (best: 0.825082)
  Epoch  10/50 — loss: 0.325035 (best: 0.325035)
  Epoch  20/50 — loss: 0.279916 (best: 0.279916)
  Epoch  30/50 — loss: 0.263216 (best: 0.263216)
  Epoch  40/50 — loss: 0.252705 (best: 0.252705)
  Epoch  50/50 — loss: 0.244256 (best: 0.244256)
[AE-IS] Training finished — best loss: 0.244256
[AE-IS] Reconstruction error stats — min: 0.017569, median: 0.157250, max: 0.744669
[AE-IS] Removed 0 redundant + 0 noisy = 0 total instances
[AE-IS] Kept 6298 / 6298 (reduction = 0.00%)
[EntropySublinearAEIS] AE scores: min=0.0176, median=0.1572, max=0.7447
[EntropySublinearAEIS] Step 2 — Tessellating into 200 micro-clusters...
[EntropySublinearAEIS] Step 3 — Entropy H=0.9401, adaptive reduction=30.19% (Keeping 4396 / 6298)
[EntropySublinearAEIS] Step 4 — Sublinear sampling (gamma=0.5). lambda = 4.5260
[EntropySublinearAEIS] Done — removed 1898 / 6298 (reduction = 30.14%)
Result: 
[6.476905584335327, 5.141186475753784, 4.464345216751099, 4.575024127960205, 5.13731837272644, 5.1038501262664795, 4.819464921951294, 5.051980257034302]
Fold 8
Fold 8
[EntropySublinearAEIS] Step 1 — Training Autoencoder for 50 epochs...
[AE-IS] Using GPU: NVIDIA A100-SXM4-80GB
[AE-IS] Architecture: 256 → 192 → 128 → 192 → 256
[AE-IS] Training autoencoder on 6298 instances (256 features) for up to 50 epochs …
  Epoch   1/50 — loss: 0.827256 (best: 0.827256)
  Epoch  10/50 — loss: 0.324820 (best: 0.324820)
  Epoch  20/50 — loss: 0.280306 (best: 0.280306)
  Epoch  30/50 — loss: 0.262817 (best: 0.262817)
  Epoch  40/50 — loss: 0.253120 (best: 0.252924)
  Epoch  50/50 — loss: 0.245120 (best: 0.245120)
[AE-IS] Training finished — best loss: 0.245120
[AE-IS] Reconstruction error stats — min: 0.015171, median: 0.156446, max: 0.756207
[AE-IS] Removed 0 redundant + 0 noisy = 0 total instances
[AE-IS] Kept 6298 / 6298 (reduction = 0.00%)
[EntropySublinearAEIS] AE scores: min=0.0152, median=0.1564, max=0.7562
[EntropySublinearAEIS] Step 2 — Tessellating into 200 micro-clusters...
[EntropySublinearAEIS] Step 3 — Entropy H=0.9428, adaptive reduction=29.32% (Keeping 4451 / 6298)
[EntropySublinearAEIS] Step 4 — Sublinear sampling (gamma=0.5). lambda = 4.5329
[EntropySublinearAEIS] Done — removed 1847 / 6298 (reduction = 29.33%)
Result: 
[6.476905584335327, 5.141186475753784, 4.464345216751099, 4.575024127960205, 5.13731837272644, 5.1038501262664795, 4.819464921951294, 5.051980257034302, 5.147004127502441]
Fold 9
Fold 9
[EntropySublinearAEIS] Step 1 — Training Autoencoder for 50 epochs...
[AE-IS] Using GPU: NVIDIA A100-SXM4-80GB
[AE-IS] Architecture: 256 → 192 → 128 → 192 → 256
[AE-IS] Training autoencoder on 6298 instances (256 features) for up to 50 epochs …
  Epoch   1/50 — loss: 0.824085 (best: 0.824085)
  Epoch  10/50 — loss: 0.324709 (best: 0.324709)
  Epoch  20/50 — loss: 0.279088 (best: 0.279088)
  Epoch  30/50 — loss: 0.264656 (best: 0.264251)
  Epoch  40/50 — loss: 0.252240 (best: 0.252240)
  Epoch  50/50 — loss: 0.246626 (best: 0.246458)
[AE-IS] Training finished — best loss: 0.246458
[AE-IS] Reconstruction error stats — min: 0.016267, median: 0.157369, max: 0.726182
[AE-IS] Removed 0 redundant + 0 noisy = 0 total instances
[AE-IS] Kept 6298 / 6298 (reduction = 0.00%)
[EntropySublinearAEIS] AE scores: min=0.0163, median=0.1574, max=0.7262
[EntropySublinearAEIS] Step 2 — Tessellating into 200 micro-clusters...
[EntropySublinearAEIS] Step 3 — Entropy H=0.9457, adaptive reduction=28.37% (Keeping 4511 / 6298)
[EntropySublinearAEIS] Step 4 — Sublinear sampling (gamma=0.5). lambda = 4.5962
[EntropySublinearAEIS] Done — removed 1784 / 6298 (reduction = 28.33%)
Result: 
[6.476905584335327, 5.141186475753784, 4.464345216751099, 4.575024127960205, 5.13731837272644, 5.1038501262664795, 4.819464921951294, 5.051980257034302, 5.147004127502441, 4.892197608947754]
time: 5.080927681922913
time std: 0.5197488799753627
reducion: 0.29935083535421125
reducion std: 0.008965838503690517
END
