Namespace(dataset='twitter', method='sublinear-ae-is', folds=10, save=True, inputrep='jina-v5', out='/data/bernardolemos/results/jina-v5/instance_selection', datain='/data/bernardolemos/datasets', overwrite=1, inputdir='/data/bernardolemos/datasets/twitter/jina-v5/', splitdir='/data/bernardolemos/datasets/twitter/splits/', outputdir='/data/bernardolemos/results/jina-v5/instance_selection/selection/twitter/', filename='/data/bernardolemos/results/jina-v5/instance_selection/selection/twitter//saida_sublinear-ae-is', start_time='16-07-2026 21:53:01')
Namespace(dataset='twitter', method='sublinear-ae-is', folds=10, save=True, inputrep='jina-v5', out='/data/bernardolemos/results/jina-v5/instance_selection', datain='/data/bernardolemos/datasets', overwrite=1, inputdir='/data/bernardolemos/datasets/twitter/jina-v5/', splitdir='/data/bernardolemos/datasets/twitter/splits/', outputdir='/data/bernardolemos/results/jina-v5/instance_selection/selection/twitter/', filename='/data/bernardolemos/results/jina-v5/instance_selection/selection/twitter//saida_sublinear-ae-is', start_time='16-07-2026 21:53:01')
/data/bernardolemos/datasets/twitter/splits//split_10.pkl
Fold 0
Fold 0
[SublinearAEIS] Target reduction: 25.00% (Keeping 4722 / 6297 instances)
[SublinearAEIS] Step 1 — Training Autoencoder for 50 epochs...
[AE-IS] Using GPU: NVIDIA A100-SXM4-80GB
[AE-IS] Architecture: 256 → 192 → 128 → 192 → 256
[AE-IS] Training autoencoder on 6297 instances (256 features) for up to 50 epochs …
  Epoch   1/50 — loss: 0.825671 (best: 0.825671)
  Epoch  10/50 — loss: 0.326253 (best: 0.326253)
  Epoch  20/50 — loss: 0.281014 (best: 0.281014)
  Epoch  30/50 — loss: 0.263236 (best: 0.263236)
  Epoch  40/50 — loss: 0.252771 (best: 0.252771)
  Epoch  50/50 — loss: 0.246419 (best: 0.246419)
[AE-IS] Training finished — best loss: 0.246419
[AE-IS] Reconstruction error stats — min: 0.017837, median: 0.158136, max: 0.745679
[AE-IS] Removed 0 redundant + 0 noisy = 0 total instances
[AE-IS] Kept 6297 / 6297 (reduction = 0.00%)
[SublinearAEIS] Autoencoder scores: min=0.0178, median=0.1581, max=0.7457
[SublinearAEIS] Step 2 — Tessellating space into 200 micro-clusters...
[SublinearAEIS] Step 3 — Sublinear sampling (gamma=0.5). lambda = 4.9029
[SublinearAEIS] Done — removed 1575 / 6297 (reduction = 25.01%)
Result: 
[7.320498466491699]
Fold 1
Fold 1
[SublinearAEIS] Target reduction: 25.00% (Keeping 4722 / 6297 instances)
[SublinearAEIS] Step 1 — Training Autoencoder for 50 epochs...
[AE-IS] Using GPU: NVIDIA A100-SXM4-80GB
[AE-IS] Architecture: 256 → 192 → 128 → 192 → 256
[AE-IS] Training autoencoder on 6297 instances (256 features) for up to 50 epochs …
  Epoch   1/50 — loss: 0.824377 (best: 0.824377)
  Epoch  10/50 — loss: 0.325512 (best: 0.325512)
  Epoch  20/50 — loss: 0.279439 (best: 0.279439)
  Epoch  30/50 — loss: 0.263136 (best: 0.263136)
  Epoch  40/50 — loss: 0.253495 (best: 0.253495)
  Epoch  50/50 — loss: 0.246668 (best: 0.246668)
[AE-IS] Training finished — best loss: 0.246668
[AE-IS] Reconstruction error stats — min: 0.022564, median: 0.158086, max: 0.755206
[AE-IS] Removed 0 redundant + 0 noisy = 0 total instances
[AE-IS] Kept 6297 / 6297 (reduction = 0.00%)
[SublinearAEIS] Autoencoder scores: min=0.0226, median=0.1581, max=0.7552
[SublinearAEIS] Step 2 — Tessellating space into 200 micro-clusters...
[SublinearAEIS] Step 3 — Sublinear sampling (gamma=0.5). lambda = 5.0130
[SublinearAEIS] Done — removed 1575 / 6297 (reduction = 25.01%)
Result: 
[7.320498466491699, 5.475507974624634]
Fold 2
Fold 2
[SublinearAEIS] Target reduction: 25.00% (Keeping 4722 / 6297 instances)
[SublinearAEIS] Step 1 — Training Autoencoder for 50 epochs...
[AE-IS] Using GPU: NVIDIA A100-SXM4-80GB
[AE-IS] Architecture: 256 → 192 → 128 → 192 → 256
[AE-IS] Training autoencoder on 6297 instances (256 features) for up to 50 epochs …
  Epoch   1/50 — loss: 0.826067 (best: 0.826067)
  Epoch  10/50 — loss: 0.324138 (best: 0.324138)
  Epoch  20/50 — loss: 0.279390 (best: 0.279390)
  Epoch  30/50 — loss: 0.262823 (best: 0.262823)
  Epoch  40/50 — loss: 0.252676 (best: 0.252676)
  Epoch  50/50 — loss: 0.246907 (best: 0.246907)
[AE-IS] Training finished — best loss: 0.246907
[AE-IS] Reconstruction error stats — min: 0.014905, median: 0.156170, max: 0.724418
[AE-IS] Removed 0 redundant + 0 noisy = 0 total instances
[AE-IS] Kept 6297 / 6297 (reduction = 0.00%)
[SublinearAEIS] Autoencoder scores: min=0.0149, median=0.1562, max=0.7244
[SublinearAEIS] Step 2 — Tessellating space into 200 micro-clusters...
[SublinearAEIS] Step 3 — Sublinear sampling (gamma=0.5). lambda = 4.9640
[SublinearAEIS] Done — removed 1574 / 6297 (reduction = 25.00%)
Result: 
[7.320498466491699, 5.475507974624634, 4.474900722503662]
Fold 3
Fold 3
[SublinearAEIS] Target reduction: 25.00% (Keeping 4722 / 6297 instances)
[SublinearAEIS] Step 1 — Training Autoencoder for 50 epochs...
[AE-IS] Using GPU: NVIDIA A100-SXM4-80GB
[AE-IS] Architecture: 256 → 192 → 128 → 192 → 256
[AE-IS] Training autoencoder on 6297 instances (256 features) for up to 50 epochs …
  Epoch   1/50 — loss: 0.825637 (best: 0.825637)
  Epoch  10/50 — loss: 0.326627 (best: 0.326627)
  Epoch  20/50 — loss: 0.279607 (best: 0.279607)
  Epoch  30/50 — loss: 0.263737 (best: 0.263737)
  Epoch  40/50 — loss: 0.252490 (best: 0.252490)
  Epoch  50/50 — loss: 0.245638 (best: 0.245638)
[AE-IS] Training finished — best loss: 0.245638
[AE-IS] Reconstruction error stats — min: 0.016226, median: 0.156977, max: 0.711388
[AE-IS] Removed 0 redundant + 0 noisy = 0 total instances
[AE-IS] Kept 6297 / 6297 (reduction = 0.00%)
[SublinearAEIS] Autoencoder scores: min=0.0162, median=0.1570, max=0.7114
[SublinearAEIS] Step 2 — Tessellating space into 200 micro-clusters...
[SublinearAEIS] Step 3 — Sublinear sampling (gamma=0.5). lambda = 4.9295
[SublinearAEIS] Done — removed 1574 / 6297 (reduction = 25.00%)
Result: 
[7.320498466491699, 5.475507974624634, 4.474900722503662, 4.992664098739624]
Fold 4
Fold 4
[SublinearAEIS] Target reduction: 25.00% (Keeping 4722 / 6297 instances)
[SublinearAEIS] Step 1 — Training Autoencoder for 50 epochs...
[AE-IS] Using GPU: NVIDIA A100-SXM4-80GB
[AE-IS] Architecture: 256 → 192 → 128 → 192 → 256
[AE-IS] Training autoencoder on 6297 instances (256 features) for up to 50 epochs …
  Epoch   1/50 — loss: 0.825867 (best: 0.825867)
  Epoch  10/50 — loss: 0.325715 (best: 0.325715)
  Epoch  20/50 — loss: 0.278773 (best: 0.278773)
  Epoch  30/50 — loss: 0.263504 (best: 0.263502)
  Epoch  40/50 — loss: 0.252179 (best: 0.252179)
  Epoch  50/50 — loss: 0.245031 (best: 0.245031)
[AE-IS] Training finished — best loss: 0.245031
[AE-IS] Reconstruction error stats — min: 0.015718, median: 0.155911, max: 0.703477
[AE-IS] Removed 0 redundant + 0 noisy = 0 total instances
[AE-IS] Kept 6297 / 6297 (reduction = 0.00%)
[SublinearAEIS] Autoencoder scores: min=0.0157, median=0.1559, max=0.7035
[SublinearAEIS] Step 2 — Tessellating space into 200 micro-clusters...
[SublinearAEIS] Step 3 — Sublinear sampling (gamma=0.5). lambda = 4.9135
[SublinearAEIS] Done — removed 1571 / 6297 (reduction = 24.95%)
Result: 
[7.320498466491699, 5.475507974624634, 4.474900722503662, 4.992664098739624, 4.971441030502319]
Fold 5
Fold 5
[SublinearAEIS] Target reduction: 25.00% (Keeping 4722 / 6297 instances)
[SublinearAEIS] Step 1 — Training Autoencoder for 50 epochs...
[AE-IS] Using GPU: NVIDIA A100-SXM4-80GB
[AE-IS] Architecture: 256 → 192 → 128 → 192 → 256
[AE-IS] Training autoencoder on 6297 instances (256 features) for up to 50 epochs …
  Epoch   1/50 — loss: 0.828292 (best: 0.828292)
  Epoch  10/50 — loss: 0.325997 (best: 0.325997)
  Epoch  20/50 — loss: 0.281000 (best: 0.281000)
  Epoch  30/50 — loss: 0.263671 (best: 0.263671)
  Epoch  40/50 — loss: 0.251966 (best: 0.251966)
  Epoch  50/50 — loss: 0.246457 (best: 0.246457)
[AE-IS] Training finished — best loss: 0.246457
[AE-IS] Reconstruction error stats — min: 0.019178, median: 0.156643, max: 0.684872
[AE-IS] Removed 0 redundant + 0 noisy = 0 total instances
[AE-IS] Kept 6297 / 6297 (reduction = 0.00%)
[SublinearAEIS] Autoencoder scores: min=0.0192, median=0.1566, max=0.6849
[SublinearAEIS] Step 2 — Tessellating space into 200 micro-clusters...
[SublinearAEIS] Step 3 — Sublinear sampling (gamma=0.5). lambda = 4.9934
[SublinearAEIS] Done — removed 1571 / 6297 (reduction = 24.95%)
Result: 
[7.320498466491699, 5.475507974624634, 4.474900722503662, 4.992664098739624, 4.971441030502319, 5.010581970214844]
Fold 6
Fold 6
[SublinearAEIS] Target reduction: 25.00% (Keeping 4722 / 6297 instances)
[SublinearAEIS] Step 1 — Training Autoencoder for 50 epochs...
[AE-IS] Using GPU: NVIDIA A100-SXM4-80GB
[AE-IS] Architecture: 256 → 192 → 128 → 192 → 256
[AE-IS] Training autoencoder on 6297 instances (256 features) for up to 50 epochs …
  Epoch   1/50 — loss: 0.827175 (best: 0.827175)
  Epoch  10/50 — loss: 0.326354 (best: 0.326354)
  Epoch  20/50 — loss: 0.280183 (best: 0.280183)
  Epoch  30/50 — loss: 0.263644 (best: 0.263644)
  Epoch  40/50 — loss: 0.252913 (best: 0.252913)
  Epoch  50/50 — loss: 0.244890 (best: 0.244890)
[AE-IS] Training finished — best loss: 0.244890
[AE-IS] Reconstruction error stats — min: 0.016335, median: 0.156946, max: 0.698972
[AE-IS] Removed 0 redundant + 0 noisy = 0 total instances
[AE-IS] Kept 6297 / 6297 (reduction = 0.00%)
[SublinearAEIS] Autoencoder scores: min=0.0163, median=0.1569, max=0.6990
[SublinearAEIS] Step 2 — Tessellating space into 200 micro-clusters...
[SublinearAEIS] Step 3 — Sublinear sampling (gamma=0.5). lambda = 5.0208
[SublinearAEIS] Done — removed 1575 / 6297 (reduction = 25.01%)
Result: 
[7.320498466491699, 5.475507974624634, 4.474900722503662, 4.992664098739624, 4.971441030502319, 5.010581970214844, 4.799324989318848]
Fold 7
Fold 7
[SublinearAEIS] Target reduction: 25.00% (Keeping 4723 / 6298 instances)
[SublinearAEIS] Step 1 — Training Autoencoder for 50 epochs...
[AE-IS] Using GPU: NVIDIA A100-SXM4-80GB
[AE-IS] Architecture: 256 → 192 → 128 → 192 → 256
[AE-IS] Training autoencoder on 6298 instances (256 features) for up to 50 epochs …
  Epoch   1/50 — loss: 0.825082 (best: 0.825082)
  Epoch  10/50 — loss: 0.325035 (best: 0.325035)
  Epoch  20/50 — loss: 0.279916 (best: 0.279916)
  Epoch  30/50 — loss: 0.263216 (best: 0.263216)
  Epoch  40/50 — loss: 0.252705 (best: 0.252705)
  Epoch  50/50 — loss: 0.244256 (best: 0.244256)
[AE-IS] Training finished — best loss: 0.244256
[AE-IS] Reconstruction error stats — min: 0.017569, median: 0.157250, max: 0.744669
[AE-IS] Removed 0 redundant + 0 noisy = 0 total instances
[AE-IS] Kept 6298 / 6298 (reduction = 0.00%)
[SublinearAEIS] Autoencoder scores: min=0.0176, median=0.1572, max=0.7447
[SublinearAEIS] Step 2 — Tessellating space into 200 micro-clusters...
[SublinearAEIS] Step 3 — Sublinear sampling (gamma=0.5). lambda = 4.9694
[SublinearAEIS] Done — removed 1575 / 6298 (reduction = 25.01%)
Result: 
[7.320498466491699, 5.475507974624634, 4.474900722503662, 4.992664098739624, 4.971441030502319, 5.010581970214844, 4.799324989318848, 4.869091510772705]
Fold 8
Fold 8
[SublinearAEIS] Target reduction: 25.00% (Keeping 4723 / 6298 instances)
[SublinearAEIS] Step 1 — Training Autoencoder for 50 epochs...
[AE-IS] Using GPU: NVIDIA A100-SXM4-80GB
[AE-IS] Architecture: 256 → 192 → 128 → 192 → 256
[AE-IS] Training autoencoder on 6298 instances (256 features) for up to 50 epochs …
  Epoch   1/50 — loss: 0.827256 (best: 0.827256)
  Epoch  10/50 — loss: 0.324820 (best: 0.324820)
  Epoch  20/50 — loss: 0.280306 (best: 0.280306)
  Epoch  30/50 — loss: 0.262817 (best: 0.262817)
  Epoch  40/50 — loss: 0.253120 (best: 0.252924)
  Epoch  50/50 — loss: 0.245120 (best: 0.245120)
[AE-IS] Training finished — best loss: 0.245120
[AE-IS] Reconstruction error stats — min: 0.015171, median: 0.156446, max: 0.756207
[AE-IS] Removed 0 redundant + 0 noisy = 0 total instances
[AE-IS] Kept 6298 / 6298 (reduction = 0.00%)
[SublinearAEIS] Autoencoder scores: min=0.0152, median=0.1564, max=0.7562
[SublinearAEIS] Step 2 — Tessellating space into 200 micro-clusters...
[SublinearAEIS] Step 3 — Sublinear sampling (gamma=0.5). lambda = 4.9135
[SublinearAEIS] Done — removed 1571 / 6298 (reduction = 24.94%)
Result: 
[7.320498466491699, 5.475507974624634, 4.474900722503662, 4.992664098739624, 4.971441030502319, 5.010581970214844, 4.799324989318848, 4.869091510772705, 4.920610666275024]
Fold 9
Fold 9
[SublinearAEIS] Target reduction: 25.00% (Keeping 4723 / 6298 instances)
[SublinearAEIS] Step 1 — Training Autoencoder for 50 epochs...
[AE-IS] Using GPU: NVIDIA A100-SXM4-80GB
[AE-IS] Architecture: 256 → 192 → 128 → 192 → 256
[AE-IS] Training autoencoder on 6298 instances (256 features) for up to 50 epochs …
  Epoch   1/50 — loss: 0.824085 (best: 0.824085)
  Epoch  10/50 — loss: 0.324709 (best: 0.324709)
  Epoch  20/50 — loss: 0.279088 (best: 0.279088)
  Epoch  30/50 — loss: 0.264656 (best: 0.264251)
  Epoch  40/50 — loss: 0.252240 (best: 0.252240)
  Epoch  50/50 — loss: 0.246626 (best: 0.246458)
[AE-IS] Training finished — best loss: 0.246458
[AE-IS] Reconstruction error stats — min: 0.016267, median: 0.157369, max: 0.726182
[AE-IS] Removed 0 redundant + 0 noisy = 0 total instances
[AE-IS] Kept 6298 / 6298 (reduction = 0.00%)
[SublinearAEIS] Autoencoder scores: min=0.0163, median=0.1574, max=0.7262
[SublinearAEIS] Step 2 — Tessellating space into 200 micro-clusters...
[SublinearAEIS] Step 3 — Sublinear sampling (gamma=0.5). lambda = 4.8742
[SublinearAEIS] Done — removed 1574 / 6298 (reduction = 24.99%)
Result: 
[7.320498466491699, 5.475507974624634, 4.474900722503662, 4.992664098739624, 4.971441030502319, 5.010581970214844, 4.799324989318848, 4.869091510772705, 4.920610666275024, 4.7246410846710205]
time: 5.155926251411438
time std: 0.7605218181394072
reducion: 0.24986899405640747
reducion std: 0.00026986760362270073
END
