Namespace(dataset='twitter', method='autoencoder-is', folds=10, save=True, inputrep='jina-v5', out='/data/bernardolemos/results/jina-v5/instance_selection', datain='/data/bernardolemos/datasets', overwrite=1, inputdir='/data/bernardolemos/datasets/twitter/jina-v5/', splitdir='/data/bernardolemos/datasets/twitter/splits/', outputdir='/data/bernardolemos/results/jina-v5/instance_selection/selection/twitter/', filename='/data/bernardolemos/results/jina-v5/instance_selection/selection/twitter//saida_autoencoder-is', start_time='16-07-2026 21:51:58')
Namespace(dataset='twitter', method='autoencoder-is', folds=10, save=True, inputrep='jina-v5', out='/data/bernardolemos/results/jina-v5/instance_selection', datain='/data/bernardolemos/datasets', overwrite=1, inputdir='/data/bernardolemos/datasets/twitter/jina-v5/', splitdir='/data/bernardolemos/datasets/twitter/splits/', outputdir='/data/bernardolemos/results/jina-v5/instance_selection/selection/twitter/', filename='/data/bernardolemos/results/jina-v5/instance_selection/selection/twitter//saida_autoencoder-is', start_time='16-07-2026 21:51:58')
/data/bernardolemos/datasets/twitter/splits//split_10.pkl
Fold 0
Fold 0
[AE-IS] Using GPU: NVIDIA A100-SXM4-80GB
[AE-IS] Architecture: 256 → 134 → 12 → 134 → 256
[AE-IS] Training autoencoder on 6297 instances (256 features) for up to 20 epochs …
  Epoch   1/20 — loss: 0.764941 (best: 0.764941)
  Epoch  10/20 — loss: 0.473306 (best: 0.473306)
  Epoch  20/20 — loss: 0.444543 (best: 0.444543)
[AE-IS] Training finished — best loss: 0.444543
[AE-IS] Reconstruction error stats — min: 0.027934, median: 0.348554, max: 1.293522
[AE-IS] Redundant instances: 2519, removing 1259 with beta=0.5
[AE-IS] Noise instances: 1889, removing 314 with theta=0.1666666
[AE-IS] Removed 1259 redundant + 314 noisy = 1573 total instances
[AE-IS] Kept 4724 / 6297 (reduction = 24.98%)
Result: 
[8.82393741607666]
Fold 1
Fold 1
[AE-IS] Using GPU: NVIDIA A100-SXM4-80GB
[AE-IS] Architecture: 256 → 134 → 12 → 134 → 256
[AE-IS] Training autoencoder on 6297 instances (256 features) for up to 20 epochs …
  Epoch   1/20 — loss: 0.768003 (best: 0.768003)
  Epoch  10/20 — loss: 0.475126 (best: 0.475126)
  Epoch  20/20 — loss: 0.448385 (best: 0.448385)
[AE-IS] Training finished — best loss: 0.448385
[AE-IS] Reconstruction error stats — min: 0.033069, median: 0.354515, max: 1.372068
[AE-IS] Redundant instances: 2519, removing 1259 with beta=0.5
[AE-IS] Noise instances: 1889, removing 314 with theta=0.1666666
[AE-IS] Removed 1259 redundant + 314 noisy = 1573 total instances
[AE-IS] Kept 4724 / 6297 (reduction = 24.98%)
Result: 
[8.82393741607666, 4.321643829345703]
Fold 2
Fold 2
[AE-IS] Using GPU: NVIDIA A100-SXM4-80GB
[AE-IS] Architecture: 256 → 134 → 12 → 134 → 256
[AE-IS] Training autoencoder on 6297 instances (256 features) for up to 20 epochs …
  Epoch   1/20 — loss: 0.763409 (best: 0.763409)
  Epoch  10/20 — loss: 0.475079 (best: 0.475079)
  Epoch  20/20 — loss: 0.447801 (best: 0.447801)
[AE-IS] Training finished — best loss: 0.447801
[AE-IS] Reconstruction error stats — min: 0.034959, median: 0.353094, max: 1.317874
[AE-IS] Redundant instances: 2519, removing 1259 with beta=0.5
[AE-IS] Noise instances: 1889, removing 314 with theta=0.1666666
[AE-IS] Removed 1259 redundant + 314 noisy = 1573 total instances
[AE-IS] Kept 4724 / 6297 (reduction = 24.98%)
Result: 
[8.82393741607666, 4.321643829345703, 4.2985546588897705]
Fold 3
Fold 3
[AE-IS] Using GPU: NVIDIA A100-SXM4-80GB
[AE-IS] Architecture: 256 → 134 → 12 → 134 → 256
[AE-IS] Training autoencoder on 6297 instances (256 features) for up to 20 epochs …
  Epoch   1/20 — loss: 0.764507 (best: 0.764507)
  Epoch  10/20 — loss: 0.474995 (best: 0.474995)
  Epoch  20/20 — loss: 0.447006 (best: 0.446923)
[AE-IS] Training finished — best loss: 0.446923
[AE-IS] Reconstruction error stats — min: 0.038268, median: 0.354073, max: 1.293502
[AE-IS] Redundant instances: 2519, removing 1259 with beta=0.5
[AE-IS] Noise instances: 1889, removing 314 with theta=0.1666666
[AE-IS] Removed 1259 redundant + 314 noisy = 1573 total instances
[AE-IS] Kept 4724 / 6297 (reduction = 24.98%)
Result: 
[8.82393741607666, 4.321643829345703, 4.2985546588897705, 4.393194913864136]
Fold 4
Fold 4
[AE-IS] Using GPU: NVIDIA A100-SXM4-80GB
[AE-IS] Architecture: 256 → 134 → 12 → 134 → 256
[AE-IS] Training autoencoder on 6297 instances (256 features) for up to 20 epochs …
  Epoch   1/20 — loss: 0.766727 (best: 0.766727)
  Epoch  10/20 — loss: 0.472008 (best: 0.472008)
  Epoch  20/20 — loss: 0.446564 (best: 0.446564)
[AE-IS] Training finished — best loss: 0.446564
[AE-IS] Reconstruction error stats — min: 0.028892, median: 0.348602, max: 1.357213
[AE-IS] Redundant instances: 2519, removing 1259 with beta=0.5
[AE-IS] Noise instances: 1889, removing 314 with theta=0.1666666
[AE-IS] Removed 1259 redundant + 314 noisy = 1573 total instances
[AE-IS] Kept 4724 / 6297 (reduction = 24.98%)
Result: 
[8.82393741607666, 4.321643829345703, 4.2985546588897705, 4.393194913864136, 4.265821695327759]
Fold 5
Fold 5
[AE-IS] Using GPU: NVIDIA A100-SXM4-80GB
[AE-IS] Architecture: 256 → 134 → 12 → 134 → 256
[AE-IS] Training autoencoder on 6297 instances (256 features) for up to 20 epochs …
  Epoch   1/20 — loss: 0.762274 (best: 0.762274)
  Epoch  10/20 — loss: 0.474725 (best: 0.474725)
  Epoch  20/20 — loss: 0.449757 (best: 0.449757)
[AE-IS] Training finished — best loss: 0.449757
[AE-IS] Reconstruction error stats — min: 0.029445, median: 0.353219, max: 1.310088
[AE-IS] Redundant instances: 2519, removing 1259 with beta=0.5
[AE-IS] Noise instances: 1889, removing 314 with theta=0.1666666
[AE-IS] Removed 1259 redundant + 314 noisy = 1573 total instances
[AE-IS] Kept 4724 / 6297 (reduction = 24.98%)
Result: 
[8.82393741607666, 4.321643829345703, 4.2985546588897705, 4.393194913864136, 4.265821695327759, 4.299866676330566]
Fold 6
Fold 6
[AE-IS] Using GPU: NVIDIA A100-SXM4-80GB
[AE-IS] Architecture: 256 → 134 → 12 → 134 → 256
[AE-IS] Training autoencoder on 6297 instances (256 features) for up to 20 epochs …
  Epoch   1/20 — loss: 0.761048 (best: 0.761048)
  Epoch  10/20 — loss: 0.475986 (best: 0.475986)
  Epoch  20/20 — loss: 0.448565 (best: 0.448365)
[AE-IS] Training finished — best loss: 0.448365
[AE-IS] Reconstruction error stats — min: 0.037112, median: 0.358322, max: 1.250483
[AE-IS] Redundant instances: 2519, removing 1259 with beta=0.5
[AE-IS] Noise instances: 1889, removing 314 with theta=0.1666666
[AE-IS] Removed 1259 redundant + 314 noisy = 1573 total instances
[AE-IS] Kept 4724 / 6297 (reduction = 24.98%)
Result: 
[8.82393741607666, 4.321643829345703, 4.2985546588897705, 4.393194913864136, 4.265821695327759, 4.299866676330566, 4.282339096069336]
Fold 7
Fold 7
[AE-IS] Using GPU: NVIDIA A100-SXM4-80GB
[AE-IS] Architecture: 256 → 134 → 12 → 134 → 256
[AE-IS] Training autoencoder on 6298 instances (256 features) for up to 20 epochs …
  Epoch   1/20 — loss: 0.763336 (best: 0.763336)
  Epoch  10/20 — loss: 0.476624 (best: 0.476624)
  Epoch  20/20 — loss: 0.450045 (best: 0.450045)
[AE-IS] Training finished — best loss: 0.450045
[AE-IS] Reconstruction error stats — min: 0.030085, median: 0.352041, max: 1.333547
[AE-IS] Redundant instances: 2519, removing 1259 with beta=0.5
[AE-IS] Noise instances: 1890, removing 314 with theta=0.1666666
[AE-IS] Removed 1259 redundant + 314 noisy = 1573 total instances
[AE-IS] Kept 4725 / 6298 (reduction = 24.98%)
Result: 
[8.82393741607666, 4.321643829345703, 4.2985546588897705, 4.393194913864136, 4.265821695327759, 4.299866676330566, 4.282339096069336, 4.313036203384399]
Fold 8
Fold 8
[AE-IS] Using GPU: NVIDIA A100-SXM4-80GB
[AE-IS] Architecture: 256 → 134 → 12 → 134 → 256
[AE-IS] Training autoencoder on 6298 instances (256 features) for up to 20 epochs …
  Epoch   1/20 — loss: 0.770992 (best: 0.770992)
  Epoch  10/20 — loss: 0.477214 (best: 0.477214)
  Epoch  20/20 — loss: 0.449368 (best: 0.449368)
[AE-IS] Training finished — best loss: 0.449368
[AE-IS] Reconstruction error stats — min: 0.026978, median: 0.354023, max: 1.308257
[AE-IS] Redundant instances: 2519, removing 1259 with beta=0.5
[AE-IS] Noise instances: 1890, removing 314 with theta=0.1666666
[AE-IS] Removed 1259 redundant + 314 noisy = 1573 total instances
[AE-IS] Kept 4725 / 6298 (reduction = 24.98%)
Result: 
[8.82393741607666, 4.321643829345703, 4.2985546588897705, 4.393194913864136, 4.265821695327759, 4.299866676330566, 4.282339096069336, 4.313036203384399, 4.33024525642395]
Fold 9
Fold 9
[AE-IS] Using GPU: NVIDIA A100-SXM4-80GB
[AE-IS] Architecture: 256 → 134 → 12 → 134 → 256
[AE-IS] Training autoencoder on 6298 instances (256 features) for up to 20 epochs …
  Epoch   1/20 — loss: 0.763092 (best: 0.763092)
  Epoch  10/20 — loss: 0.474327 (best: 0.474327)
  Epoch  20/20 — loss: 0.447336 (best: 0.447336)
[AE-IS] Training finished — best loss: 0.447336
[AE-IS] Reconstruction error stats — min: 0.029499, median: 0.352853, max: 1.282075
[AE-IS] Redundant instances: 2519, removing 1259 with beta=0.5
[AE-IS] Noise instances: 1890, removing 314 with theta=0.1666666
[AE-IS] Removed 1259 redundant + 314 noisy = 1573 total instances
[AE-IS] Kept 4725 / 6298 (reduction = 24.98%)
Result: 
[8.82393741607666, 4.321643829345703, 4.2985546588897705, 4.393194913864136, 4.265821695327759, 4.299866676330566, 4.282339096069336, 4.313036203384399, 4.33024525642395, 4.321197032928467]
time: 4.764983677864075
time std: 1.3533691842310094
reducion: 0.24978959368766943
reducion std: 1.8176155118316284e-05
END
