Namespace(dataset='vader_movie', method='entropy-sublinear-ae-is', folds=10, save=True, inputrep='jina-v5', out='/data/bernardolemos/results/jina-v5/instance_selection', datain='/data/bernardolemos/datasets', overwrite=1, inputdir='/data/bernardolemos/datasets/vader_movie/jina-v5/', splitdir='/data/bernardolemos/datasets/vader_movie/splits/', outputdir='/data/bernardolemos/results/jina-v5/instance_selection/selection/vader_movie/', filename='/data/bernardolemos/results/jina-v5/instance_selection/selection/vader_movie//saida_entropy-sublinear-ae-is', start_time='04-07-2026 19:59:52')
Namespace(dataset='vader_movie', method='entropy-sublinear-ae-is', folds=10, save=True, inputrep='jina-v5', out='/data/bernardolemos/results/jina-v5/instance_selection', datain='/data/bernardolemos/datasets', overwrite=1, inputdir='/data/bernardolemos/datasets/vader_movie/jina-v5/', splitdir='/data/bernardolemos/datasets/vader_movie/splits/', outputdir='/data/bernardolemos/results/jina-v5/instance_selection/selection/vader_movie/', filename='/data/bernardolemos/results/jina-v5/instance_selection/selection/vader_movie//saida_entropy-sublinear-ae-is', start_time='04-07-2026 19:59:52')
/data/bernardolemos/datasets/vader_movie/splits//split_10.pkl
Fold 0
Fold 0
[EntropySublinearAEIS] Step 1 — Training Autoencoder for 50 epochs...
[AE-IS] Using GPU: NVIDIA A100-SXM4-80GB
[AE-IS] Architecture: 256 → 192 → 128 → 192 → 256
[AE-IS] Training autoencoder on 9510 instances (256 features) for up to 50 epochs …
  Epoch   1/50 — loss: 0.768907 (best: 0.768907)
  Epoch  10/50 — loss: 0.310252 (best: 0.310252)
  Epoch  20/50 — loss: 0.271919 (best: 0.271919)
  Epoch  30/50 — loss: 0.257872 (best: 0.257872)
  Epoch  40/50 — loss: 0.249760 (best: 0.249760)
  Epoch  50/50 — loss: 0.244302 (best: 0.242514)
[AE-IS] Training finished — best loss: 0.242514
[AE-IS] Reconstruction error stats — min: 0.033058, median: 0.141270, max: 1.387156
[AE-IS] Removed 0 redundant + 0 noisy = 0 total instances
[AE-IS] Kept 9510 / 9510 (reduction = 0.00%)
[EntropySublinearAEIS] AE scores: min=0.0331, median=0.1413, max=1.3872
[EntropySublinearAEIS] Step 2 — Tessellating into 200 micro-clusters...
[EntropySublinearAEIS] Step 3 — Entropy H=0.9471, adaptive reduction=27.88% (Keeping 6858 / 9510)
[EntropySublinearAEIS] Step 4 — Sublinear sampling (gamma=0.5). lambda = 5.7077
[EntropySublinearAEIS] Done — removed 2651 / 9510 (reduction = 27.88%)
Result: 
[8.293275594711304]
Fold 1
Fold 1
[EntropySublinearAEIS] Step 1 — Training Autoencoder for 50 epochs...
[AE-IS] Using GPU: NVIDIA A100-SXM4-80GB
[AE-IS] Architecture: 256 → 192 → 128 → 192 → 256
[AE-IS] Training autoencoder on 9510 instances (256 features) for up to 50 epochs …
  Epoch   1/50 — loss: 0.764961 (best: 0.764961)
  Epoch  10/50 — loss: 0.310205 (best: 0.310205)
  Epoch  20/50 — loss: 0.273248 (best: 0.273248)
  Epoch  30/50 — loss: 0.257331 (best: 0.257331)
  Epoch  40/50 — loss: 0.250277 (best: 0.250277)
  Epoch  50/50 — loss: 0.242867 (best: 0.241946)
[AE-IS] Training finished — best loss: 0.241946
[AE-IS] Reconstruction error stats — min: 0.026560, median: 0.141122, max: 1.353654
[AE-IS] Removed 0 redundant + 0 noisy = 0 total instances
[AE-IS] Kept 9510 / 9510 (reduction = 0.00%)
[EntropySublinearAEIS] AE scores: min=0.0266, median=0.1411, max=1.3537
[EntropySublinearAEIS] Step 2 — Tessellating into 200 micro-clusters...
[EntropySublinearAEIS] Step 3 — Entropy H=0.9502, adaptive reduction=26.75% (Keeping 6965 / 9510)
[EntropySublinearAEIS] Step 4 — Sublinear sampling (gamma=0.5). lambda = 5.7775
[EntropySublinearAEIS] Done — removed 2545 / 9510 (reduction = 26.76%)
Result: 
[8.293275594711304, 6.4759485721588135]
Fold 2
Fold 2
[EntropySublinearAEIS] Step 1 — Training Autoencoder for 50 epochs...
[AE-IS] Using GPU: NVIDIA A100-SXM4-80GB
[AE-IS] Architecture: 256 → 192 → 128 → 192 → 256
[AE-IS] Training autoencoder on 9511 instances (256 features) for up to 50 epochs …
  Epoch   1/50 — loss: 0.764792 (best: 0.764792)
  Epoch  10/50 — loss: 0.311648 (best: 0.311648)
  Epoch  20/50 — loss: 0.273190 (best: 0.273190)
  Epoch  30/50 — loss: 0.257792 (best: 0.257792)
  Epoch  40/50 — loss: 0.248233 (best: 0.248233)
  Epoch  50/50 — loss: 0.242809 (best: 0.242574)
[AE-IS] Training finished — best loss: 0.242574
[AE-IS] Reconstruction error stats — min: 0.029503, median: 0.140128, max: 1.373642
[AE-IS] Removed 0 redundant + 0 noisy = 0 total instances
[AE-IS] Kept 9511 / 9511 (reduction = 0.00%)
[EntropySublinearAEIS] AE scores: min=0.0295, median=0.1401, max=1.3736
[EntropySublinearAEIS] Step 2 — Tessellating into 200 micro-clusters...
[EntropySublinearAEIS] Step 3 — Entropy H=0.9387, adaptive reduction=30.65% (Keeping 6596 / 9511)
[EntropySublinearAEIS] Step 4 — Sublinear sampling (gamma=0.5). lambda = 5.5833
[EntropySublinearAEIS] Done — removed 2915 / 9511 (reduction = 30.65%)
Result: 
[8.293275594711304, 6.4759485721588135, 6.37226939201355]
Fold 3
Fold 3
[EntropySublinearAEIS] Step 1 — Training Autoencoder for 50 epochs...
[AE-IS] Using GPU: NVIDIA A100-SXM4-80GB
[AE-IS] Architecture: 256 → 192 → 128 → 192 → 256
[AE-IS] Training autoencoder on 9511 instances (256 features) for up to 50 epochs …
  Epoch   1/50 — loss: 0.763742 (best: 0.763742)
  Epoch  10/50 — loss: 0.308787 (best: 0.308787)
  Epoch  20/50 — loss: 0.273863 (best: 0.273863)
  Epoch  30/50 — loss: 0.257226 (best: 0.257226)
  Epoch  40/50 — loss: 0.250448 (best: 0.250077)
  Epoch  50/50 — loss: 0.243012 (best: 0.243012)
[AE-IS] Training finished — best loss: 0.243012
[AE-IS] Reconstruction error stats — min: 0.027737, median: 0.140005, max: 1.426819
[AE-IS] Removed 0 redundant + 0 noisy = 0 total instances
[AE-IS] Kept 9511 / 9511 (reduction = 0.00%)
[EntropySublinearAEIS] AE scores: min=0.0277, median=0.1400, max=1.4268
[EntropySublinearAEIS] Step 2 — Tessellating into 200 micro-clusters...
[EntropySublinearAEIS] Step 3 — Entropy H=0.9550, adaptive reduction=24.95% (Keeping 7138 / 9511)
[EntropySublinearAEIS] Step 4 — Sublinear sampling (gamma=0.5). lambda = 5.8797
[EntropySublinearAEIS] Done — removed 2373 / 9511 (reduction = 24.95%)
Result: 
[8.293275594711304, 6.4759485721588135, 6.37226939201355, 7.250383377075195]
Fold 4
Fold 4
[EntropySublinearAEIS] Step 1 — Training Autoencoder for 50 epochs...
[AE-IS] Using GPU: NVIDIA A100-SXM4-80GB
[AE-IS] Architecture: 256 → 192 → 128 → 192 → 256
[AE-IS] Training autoencoder on 9511 instances (256 features) for up to 50 epochs …
  Epoch   1/50 — loss: 0.766857 (best: 0.766857)
  Epoch  10/50 — loss: 0.309645 (best: 0.309645)
  Epoch  20/50 — loss: 0.272769 (best: 0.272769)
  Epoch  30/50 — loss: 0.258075 (best: 0.258075)
  Epoch  40/50 — loss: 0.249440 (best: 0.249440)
  Epoch  50/50 — loss: 0.244289 (best: 0.244289)
[AE-IS] Training finished — best loss: 0.244289
[AE-IS] Reconstruction error stats — min: 0.030334, median: 0.141046, max: 1.445089
[AE-IS] Removed 0 redundant + 0 noisy = 0 total instances
[AE-IS] Kept 9511 / 9511 (reduction = 0.00%)
[EntropySublinearAEIS] AE scores: min=0.0303, median=0.1410, max=1.4451
[EntropySublinearAEIS] Step 2 — Tessellating into 200 micro-clusters...
[EntropySublinearAEIS] Step 3 — Entropy H=0.9445, adaptive reduction=28.78% (Keeping 6773 / 9511)
[EntropySublinearAEIS] Step 4 — Sublinear sampling (gamma=0.5). lambda = 5.6438
[EntropySublinearAEIS] Done — removed 2737 / 9511 (reduction = 28.78%)
Result: 
[8.293275594711304, 6.4759485721588135, 6.37226939201355, 7.250383377075195, 6.770308971405029]
Fold 5
Fold 5
[EntropySublinearAEIS] Step 1 — Training Autoencoder for 50 epochs...
[AE-IS] Using GPU: NVIDIA A100-SXM4-80GB
[AE-IS] Architecture: 256 → 192 → 128 → 192 → 256
[AE-IS] Training autoencoder on 9511 instances (256 features) for up to 50 epochs …
  Epoch   1/50 — loss: 0.766926 (best: 0.766926)
  Epoch  10/50 — loss: 0.309354 (best: 0.309354)
  Epoch  20/50 — loss: 0.275475 (best: 0.274735)
  Epoch  30/50 — loss: 0.258734 (best: 0.258734)
  Epoch  40/50 — loss: 0.248900 (best: 0.248900)
  Epoch  50/50 — loss: 0.244478 (best: 0.243110)
[AE-IS] Training finished — best loss: 0.243110
[AE-IS] Reconstruction error stats — min: 0.029144, median: 0.140768, max: 1.451142
[AE-IS] Removed 0 redundant + 0 noisy = 0 total instances
[AE-IS] Kept 9511 / 9511 (reduction = 0.00%)
[EntropySublinearAEIS] AE scores: min=0.0291, median=0.1408, max=1.4511
[EntropySublinearAEIS] Step 2 — Tessellating into 200 micro-clusters...
[EntropySublinearAEIS] Step 3 — Entropy H=0.9499, adaptive reduction=26.88% (Keeping 6954 / 9511)
[EntropySublinearAEIS] Step 4 — Sublinear sampling (gamma=0.5). lambda = 5.7617
[EntropySublinearAEIS] Done — removed 2556 / 9511 (reduction = 26.87%)
Result: 
[8.293275594711304, 6.4759485721588135, 6.37226939201355, 7.250383377075195, 6.770308971405029, 6.7816689014434814]
Fold 6
Fold 6
[EntropySublinearAEIS] Step 1 — Training Autoencoder for 50 epochs...
[AE-IS] Using GPU: NVIDIA A100-SXM4-80GB
[AE-IS] Architecture: 256 → 192 → 128 → 192 → 256
[AE-IS] Training autoencoder on 9512 instances (256 features) for up to 50 epochs …
  Epoch   1/50 — loss: 0.765269 (best: 0.765269)
  Epoch  10/50 — loss: 0.309227 (best: 0.309227)
  Epoch  20/50 — loss: 0.272218 (best: 0.272218)
  Epoch  30/50 — loss: 0.257017 (best: 0.257017)
  Epoch  40/50 — loss: 0.248598 (best: 0.248598)
  Epoch  50/50 — loss: 0.242209 (best: 0.242209)
[AE-IS] Training finished — best loss: 0.242209
[AE-IS] Reconstruction error stats — min: 0.030512, median: 0.140446, max: 1.452142
[AE-IS] Removed 0 redundant + 0 noisy = 0 total instances
[AE-IS] Kept 9512 / 9512 (reduction = 0.00%)
[EntropySublinearAEIS] AE scores: min=0.0305, median=0.1404, max=1.4521
[EntropySublinearAEIS] Step 2 — Tessellating into 200 micro-clusters...
[EntropySublinearAEIS] Step 3 — Entropy H=0.9434, adaptive reduction=29.13% (Keeping 6741 / 9512)
[EntropySublinearAEIS] Step 4 — Sublinear sampling (gamma=0.5). lambda = 5.6424
[EntropySublinearAEIS] Done — removed 2770 / 9512 (reduction = 29.12%)
Result: 
[8.293275594711304, 6.4759485721588135, 6.37226939201355, 7.250383377075195, 6.770308971405029, 6.7816689014434814, 6.806234121322632]
Fold 7
Fold 7
[EntropySublinearAEIS] Step 1 — Training Autoencoder for 50 epochs...
[AE-IS] Using GPU: NVIDIA A100-SXM4-80GB
[AE-IS] Architecture: 256 → 192 → 128 → 192 → 256
[AE-IS] Training autoencoder on 9512 instances (256 features) for up to 50 epochs …
  Epoch   1/50 — loss: 0.768918 (best: 0.768918)
  Epoch  10/50 — loss: 0.308752 (best: 0.308752)
  Epoch  20/50 — loss: 0.273759 (best: 0.273759)
  Epoch  30/50 — loss: 0.258776 (best: 0.258776)
  Epoch  40/50 — loss: 0.250413 (best: 0.250346)
  Epoch  50/50 — loss: 0.242332 (best: 0.242332)
[AE-IS] Training finished — best loss: 0.242332
[AE-IS] Reconstruction error stats — min: 0.028606, median: 0.140151, max: 1.431005
[AE-IS] Removed 0 redundant + 0 noisy = 0 total instances
[AE-IS] Kept 9512 / 9512 (reduction = 0.00%)
[EntropySublinearAEIS] AE scores: min=0.0286, median=0.1402, max=1.4310
[EntropySublinearAEIS] Step 2 — Tessellating into 200 micro-clusters...
[EntropySublinearAEIS] Step 3 — Entropy H=0.9481, adaptive reduction=27.53% (Keeping 6892 / 9512)
[EntropySublinearAEIS] Step 4 — Sublinear sampling (gamma=0.5). lambda = 5.7077
[EntropySublinearAEIS] Done — removed 2619 / 9512 (reduction = 27.53%)
Result: 
[8.293275594711304, 6.4759485721588135, 6.37226939201355, 7.250383377075195, 6.770308971405029, 6.7816689014434814, 6.806234121322632, 6.73804235458374]
Fold 8
Fold 8
[EntropySublinearAEIS] Step 1 — Training Autoencoder for 50 epochs...
[AE-IS] Using GPU: NVIDIA A100-SXM4-80GB
[AE-IS] Architecture: 256 → 192 → 128 → 192 → 256
[AE-IS] Training autoencoder on 9512 instances (256 features) for up to 50 epochs …
  Epoch   1/50 — loss: 0.765717 (best: 0.765717)
  Epoch  10/50 — loss: 0.309310 (best: 0.309310)
  Epoch  20/50 — loss: 0.274711 (best: 0.274711)
  Epoch  30/50 — loss: 0.257999 (best: 0.257999)
  Epoch  40/50 — loss: 0.249366 (best: 0.248963)
  Epoch  50/50 — loss: 0.242173 (best: 0.242173)
[AE-IS] Training finished — best loss: 0.242173
[AE-IS] Reconstruction error stats — min: 0.028457, median: 0.139102, max: 1.207242
[AE-IS] Removed 0 redundant + 0 noisy = 0 total instances
[AE-IS] Kept 9512 / 9512 (reduction = 0.00%)
[EntropySublinearAEIS] AE scores: min=0.0285, median=0.1391, max=1.2072
[EntropySublinearAEIS] Step 2 — Tessellating into 200 micro-clusters...
[EntropySublinearAEIS] Step 3 — Entropy H=0.9447, adaptive reduction=28.70% (Keeping 6781 / 9512)
[EntropySublinearAEIS] Step 4 — Sublinear sampling (gamma=0.5). lambda = 5.6595
[EntropySublinearAEIS] Done — removed 2730 / 9512 (reduction = 28.70%)
Result: 
[8.293275594711304, 6.4759485721588135, 6.37226939201355, 7.250383377075195, 6.770308971405029, 6.7816689014434814, 6.806234121322632, 6.73804235458374, 6.963980436325073]
Fold 9
Fold 9
[EntropySublinearAEIS] Step 1 — Training Autoencoder for 50 epochs...
[AE-IS] Using GPU: NVIDIA A100-SXM4-80GB
[AE-IS] Architecture: 256 → 192 → 128 → 192 → 256
[AE-IS] Training autoencoder on 9512 instances (256 features) for up to 50 epochs …
  Epoch   1/50 — loss: 0.764545 (best: 0.764545)
  Epoch  10/50 — loss: 0.309392 (best: 0.309392)
  Epoch  20/50 — loss: 0.273849 (best: 0.273849)
  Epoch  30/50 — loss: 0.258028 (best: 0.258028)
  Epoch  40/50 — loss: 0.248792 (best: 0.248731)
  Epoch  50/50 — loss: 0.243263 (best: 0.243263)
[AE-IS] Training finished — best loss: 0.243263
[AE-IS] Reconstruction error stats — min: 0.025958, median: 0.140296, max: 1.489577
[AE-IS] Removed 0 redundant + 0 noisy = 0 total instances
[AE-IS] Kept 9512 / 9512 (reduction = 0.00%)
[EntropySublinearAEIS] AE scores: min=0.0260, median=0.1403, max=1.4896
[EntropySublinearAEIS] Step 2 — Tessellating into 200 micro-clusters...
[EntropySublinearAEIS] Step 3 — Entropy H=0.9544, adaptive reduction=25.17% (Keeping 7117 / 9512)
[EntropySublinearAEIS] Step 4 — Sublinear sampling (gamma=0.5). lambda = 5.8420
[EntropySublinearAEIS] Done — removed 2395 / 9512 (reduction = 25.18%)
Result: 
[8.293275594711304, 6.4759485721588135, 6.37226939201355, 7.250383377075195, 6.770308971405029, 6.7816689014434814, 6.806234121322632, 6.73804235458374, 6.963980436325073, 6.687687158584595]
time: 6.913979887962341
time std: 0.513358042568052
reducion: 0.27642141763870653
reducion std: 0.016847381805815666
END
