Namespace(dataset='vader_movie', method='sublinear-ae-is', folds=10, save=True, inputrep='jina-v5', out='/data/bernardolemos/results/jina-v5/instance_selection', datain='/data/bernardolemos/datasets', overwrite=1, inputdir='/data/bernardolemos/datasets/vader_movie/jina-v5/', splitdir='/data/bernardolemos/datasets/vader_movie/splits/', outputdir='/data/bernardolemos/results/jina-v5/instance_selection/selection/vader_movie/', filename='/data/bernardolemos/results/jina-v5/instance_selection/selection/vader_movie//saida_sublinear-ae-is', start_time='16-07-2026 21:55:35')
Namespace(dataset='vader_movie', method='sublinear-ae-is', folds=10, save=True, inputrep='jina-v5', out='/data/bernardolemos/results/jina-v5/instance_selection', datain='/data/bernardolemos/datasets', overwrite=1, inputdir='/data/bernardolemos/datasets/vader_movie/jina-v5/', splitdir='/data/bernardolemos/datasets/vader_movie/splits/', outputdir='/data/bernardolemos/results/jina-v5/instance_selection/selection/vader_movie/', filename='/data/bernardolemos/results/jina-v5/instance_selection/selection/vader_movie//saida_sublinear-ae-is', start_time='16-07-2026 21:55:35')
/data/bernardolemos/datasets/vader_movie/splits//split_10.pkl
Fold 0
Fold 0
[SublinearAEIS] Target reduction: 25.00% (Keeping 7132 / 9510 instances)
[SublinearAEIS] Step 1 — Training Autoencoder for 50 epochs...
[AE-IS] Using GPU: NVIDIA A100-SXM4-80GB
[AE-IS] Architecture: 256 → 192 → 128 → 192 → 256
[AE-IS] Training autoencoder on 9510 instances (256 features) for up to 50 epochs …
  Epoch   1/50 — loss: 0.768907 (best: 0.768907)
  Epoch  10/50 — loss: 0.310252 (best: 0.310252)
  Epoch  20/50 — loss: 0.271919 (best: 0.271919)
  Epoch  30/50 — loss: 0.257872 (best: 0.257872)
  Epoch  40/50 — loss: 0.249760 (best: 0.249760)
  Epoch  50/50 — loss: 0.244302 (best: 0.242514)
[AE-IS] Training finished — best loss: 0.242514
[AE-IS] Reconstruction error stats — min: 0.033058, median: 0.141270, max: 1.387156
[AE-IS] Removed 0 redundant + 0 noisy = 0 total instances
[AE-IS] Kept 9510 / 9510 (reduction = 0.00%)
[SublinearAEIS] Autoencoder scores: min=0.0331, median=0.1413, max=1.3872
[SublinearAEIS] Step 2 — Tessellating space into 200 micro-clusters...
[SublinearAEIS] Step 3 — Sublinear sampling (gamma=0.5). lambda = 5.9905
[SublinearAEIS] Done — removed 2378 / 9510 (reduction = 25.01%)
Result: 
[8.644114971160889]
Fold 1
Fold 1
[SublinearAEIS] Target reduction: 25.00% (Keeping 7132 / 9510 instances)
[SublinearAEIS] Step 1 — Training Autoencoder for 50 epochs...
[AE-IS] Using GPU: NVIDIA A100-SXM4-80GB
[AE-IS] Architecture: 256 → 192 → 128 → 192 → 256
[AE-IS] Training autoencoder on 9510 instances (256 features) for up to 50 epochs …
  Epoch   1/50 — loss: 0.764961 (best: 0.764961)
  Epoch  10/50 — loss: 0.310205 (best: 0.310205)
  Epoch  20/50 — loss: 0.273248 (best: 0.273248)
  Epoch  30/50 — loss: 0.257331 (best: 0.257331)
  Epoch  40/50 — loss: 0.250277 (best: 0.250277)
  Epoch  50/50 — loss: 0.242867 (best: 0.241946)
[AE-IS] Training finished — best loss: 0.241946
[AE-IS] Reconstruction error stats — min: 0.026560, median: 0.141122, max: 1.353654
[AE-IS] Removed 0 redundant + 0 noisy = 0 total instances
[AE-IS] Kept 9510 / 9510 (reduction = 0.00%)
[SublinearAEIS] Autoencoder scores: min=0.0266, median=0.1411, max=1.3537
[SublinearAEIS] Step 2 — Tessellating space into 200 micro-clusters...
[SublinearAEIS] Step 3 — Sublinear sampling (gamma=0.5). lambda = 5.9628
[SublinearAEIS] Done — removed 2375 / 9510 (reduction = 24.97%)
Result: 
[8.644114971160889, 7.872538805007935]
Fold 2
Fold 2
[SublinearAEIS] Target reduction: 25.00% (Keeping 7133 / 9511 instances)
[SublinearAEIS] Step 1 — Training Autoencoder for 50 epochs...
[AE-IS] Using GPU: NVIDIA A100-SXM4-80GB
[AE-IS] Architecture: 256 → 192 → 128 → 192 → 256
[AE-IS] Training autoencoder on 9511 instances (256 features) for up to 50 epochs …
  Epoch   1/50 — loss: 0.764792 (best: 0.764792)
  Epoch  10/50 — loss: 0.311648 (best: 0.311648)
  Epoch  20/50 — loss: 0.273190 (best: 0.273190)
  Epoch  30/50 — loss: 0.257792 (best: 0.257792)
  Epoch  40/50 — loss: 0.248233 (best: 0.248233)
  Epoch  50/50 — loss: 0.242809 (best: 0.242574)
[AE-IS] Training finished — best loss: 0.242574
[AE-IS] Reconstruction error stats — min: 0.029503, median: 0.140128, max: 1.373642
[AE-IS] Removed 0 redundant + 0 noisy = 0 total instances
[AE-IS] Kept 9511 / 9511 (reduction = 0.00%)
[SublinearAEIS] Autoencoder scores: min=0.0295, median=0.1401, max=1.3736
[SublinearAEIS] Step 2 — Tessellating space into 200 micro-clusters...
[SublinearAEIS] Step 3 — Sublinear sampling (gamma=0.5). lambda = 6.1734
[SublinearAEIS] Done — removed 2378 / 9511 (reduction = 25.00%)
Result: 
[8.644114971160889, 7.872538805007935, 7.468639612197876]
Fold 3
Fold 3
[SublinearAEIS] Target reduction: 25.00% (Keeping 7133 / 9511 instances)
[SublinearAEIS] Step 1 — Training Autoencoder for 50 epochs...
[AE-IS] Using GPU: NVIDIA A100-SXM4-80GB
[AE-IS] Architecture: 256 → 192 → 128 → 192 → 256
[AE-IS] Training autoencoder on 9511 instances (256 features) for up to 50 epochs …
  Epoch   1/50 — loss: 0.763742 (best: 0.763742)
  Epoch  10/50 — loss: 0.308787 (best: 0.308787)
  Epoch  20/50 — loss: 0.273863 (best: 0.273863)
  Epoch  30/50 — loss: 0.257226 (best: 0.257226)
  Epoch  40/50 — loss: 0.250448 (best: 0.250077)
  Epoch  50/50 — loss: 0.243012 (best: 0.243012)
[AE-IS] Training finished — best loss: 0.243012
[AE-IS] Reconstruction error stats — min: 0.027737, median: 0.140005, max: 1.426819
[AE-IS] Removed 0 redundant + 0 noisy = 0 total instances
[AE-IS] Kept 9511 / 9511 (reduction = 0.00%)
[SublinearAEIS] Autoencoder scores: min=0.0277, median=0.1400, max=1.4268
[SublinearAEIS] Step 2 — Tessellating space into 200 micro-clusters...
[SublinearAEIS] Step 3 — Sublinear sampling (gamma=0.5). lambda = 5.8791
[SublinearAEIS] Done — removed 2378 / 9511 (reduction = 25.00%)
Result: 
[8.644114971160889, 7.872538805007935, 7.468639612197876, 8.192537069320679]
Fold 4
Fold 4
[SublinearAEIS] Target reduction: 25.00% (Keeping 7133 / 9511 instances)
[SublinearAEIS] Step 1 — Training Autoencoder for 50 epochs...
[AE-IS] Using GPU: NVIDIA A100-SXM4-80GB
[AE-IS] Architecture: 256 → 192 → 128 → 192 → 256
[AE-IS] Training autoencoder on 9511 instances (256 features) for up to 50 epochs …
  Epoch   1/50 — loss: 0.766857 (best: 0.766857)
  Epoch  10/50 — loss: 0.309645 (best: 0.309645)
  Epoch  20/50 — loss: 0.272769 (best: 0.272769)
  Epoch  30/50 — loss: 0.258075 (best: 0.258075)
  Epoch  40/50 — loss: 0.249440 (best: 0.249440)
  Epoch  50/50 — loss: 0.244289 (best: 0.244289)
[AE-IS] Training finished — best loss: 0.244289
[AE-IS] Reconstruction error stats — min: 0.030334, median: 0.141046, max: 1.445089
[AE-IS] Removed 0 redundant + 0 noisy = 0 total instances
[AE-IS] Kept 9511 / 9511 (reduction = 0.00%)
[SublinearAEIS] Autoencoder scores: min=0.0303, median=0.1410, max=1.4451
[SublinearAEIS] Step 2 — Tessellating space into 200 micro-clusters...
[SublinearAEIS] Step 3 — Sublinear sampling (gamma=0.5). lambda = 6.0374
[SublinearAEIS] Done — removed 2378 / 9511 (reduction = 25.00%)
Result: 
[8.644114971160889, 7.872538805007935, 7.468639612197876, 8.192537069320679, 6.736197233200073]
Fold 5
Fold 5
[SublinearAEIS] Target reduction: 25.00% (Keeping 7133 / 9511 instances)
[SublinearAEIS] Step 1 — Training Autoencoder for 50 epochs...
[AE-IS] Using GPU: NVIDIA A100-SXM4-80GB
[AE-IS] Architecture: 256 → 192 → 128 → 192 → 256
[AE-IS] Training autoencoder on 9511 instances (256 features) for up to 50 epochs …
  Epoch   1/50 — loss: 0.766926 (best: 0.766926)
  Epoch  10/50 — loss: 0.309354 (best: 0.309354)
  Epoch  20/50 — loss: 0.275475 (best: 0.274735)
  Epoch  30/50 — loss: 0.258734 (best: 0.258734)
  Epoch  40/50 — loss: 0.248900 (best: 0.248900)
  Epoch  50/50 — loss: 0.244478 (best: 0.243110)
[AE-IS] Training finished — best loss: 0.243110
[AE-IS] Reconstruction error stats — min: 0.029144, median: 0.140768, max: 1.451142
[AE-IS] Removed 0 redundant + 0 noisy = 0 total instances
[AE-IS] Kept 9511 / 9511 (reduction = 0.00%)
[SublinearAEIS] Autoencoder scores: min=0.0291, median=0.1408, max=1.4511
[SublinearAEIS] Step 2 — Tessellating space into 200 micro-clusters...
[SublinearAEIS] Step 3 — Sublinear sampling (gamma=0.5). lambda = 5.9537
[SublinearAEIS] Done — removed 2378 / 9511 (reduction = 25.00%)
Result: 
[8.644114971160889, 7.872538805007935, 7.468639612197876, 8.192537069320679, 6.736197233200073, 8.133068799972534]
Fold 6
Fold 6
[SublinearAEIS] Target reduction: 25.00% (Keeping 7134 / 9512 instances)
[SublinearAEIS] Step 1 — Training Autoencoder for 50 epochs...
[AE-IS] Using GPU: NVIDIA A100-SXM4-80GB
[AE-IS] Architecture: 256 → 192 → 128 → 192 → 256
[AE-IS] Training autoencoder on 9512 instances (256 features) for up to 50 epochs …
  Epoch   1/50 — loss: 0.765269 (best: 0.765269)
  Epoch  10/50 — loss: 0.309227 (best: 0.309227)
  Epoch  20/50 — loss: 0.272218 (best: 0.272218)
  Epoch  30/50 — loss: 0.257017 (best: 0.257017)
  Epoch  40/50 — loss: 0.248598 (best: 0.248598)
  Epoch  50/50 — loss: 0.242209 (best: 0.242209)
[AE-IS] Training finished — best loss: 0.242209
[AE-IS] Reconstruction error stats — min: 0.030512, median: 0.140446, max: 1.452142
[AE-IS] Removed 0 redundant + 0 noisy = 0 total instances
[AE-IS] Kept 9512 / 9512 (reduction = 0.00%)
[SublinearAEIS] Autoencoder scores: min=0.0305, median=0.1404, max=1.4521
[SublinearAEIS] Step 2 — Tessellating space into 200 micro-clusters...
[SublinearAEIS] Step 3 — Sublinear sampling (gamma=0.5). lambda = 6.0823
[SublinearAEIS] Done — removed 2378 / 9512 (reduction = 25.00%)
Result: 
[8.644114971160889, 7.872538805007935, 7.468639612197876, 8.192537069320679, 6.736197233200073, 8.133068799972534, 6.777166843414307]
Fold 7
Fold 7
[SublinearAEIS] Target reduction: 25.00% (Keeping 7134 / 9512 instances)
[SublinearAEIS] Step 1 — Training Autoencoder for 50 epochs...
[AE-IS] Using GPU: NVIDIA A100-SXM4-80GB
[AE-IS] Architecture: 256 → 192 → 128 → 192 → 256
[AE-IS] Training autoencoder on 9512 instances (256 features) for up to 50 epochs …
  Epoch   1/50 — loss: 0.768918 (best: 0.768918)
  Epoch  10/50 — loss: 0.308752 (best: 0.308752)
  Epoch  20/50 — loss: 0.273759 (best: 0.273759)
  Epoch  30/50 — loss: 0.258776 (best: 0.258776)
  Epoch  40/50 — loss: 0.250413 (best: 0.250346)
  Epoch  50/50 — loss: 0.242332 (best: 0.242332)
[AE-IS] Training finished — best loss: 0.242332
[AE-IS] Reconstruction error stats — min: 0.028606, median: 0.140151, max: 1.431005
[AE-IS] Removed 0 redundant + 0 noisy = 0 total instances
[AE-IS] Kept 9512 / 9512 (reduction = 0.00%)
[SublinearAEIS] Autoencoder scores: min=0.0286, median=0.1402, max=1.4310
[SublinearAEIS] Step 2 — Tessellating space into 200 micro-clusters...
[SublinearAEIS] Step 3 — Sublinear sampling (gamma=0.5). lambda = 5.9804
[SublinearAEIS] Done — removed 2378 / 9512 (reduction = 25.00%)
Result: 
[8.644114971160889, 7.872538805007935, 7.468639612197876, 8.192537069320679, 6.736197233200073, 8.133068799972534, 6.777166843414307, 6.7836809158325195]
Fold 8
Fold 8
[SublinearAEIS] Target reduction: 25.00% (Keeping 7134 / 9512 instances)
[SublinearAEIS] Step 1 — Training Autoencoder for 50 epochs...
[AE-IS] Using GPU: NVIDIA A100-SXM4-80GB
[AE-IS] Architecture: 256 → 192 → 128 → 192 → 256
[AE-IS] Training autoencoder on 9512 instances (256 features) for up to 50 epochs …
  Epoch   1/50 — loss: 0.765717 (best: 0.765717)
  Epoch  10/50 — loss: 0.309310 (best: 0.309310)
  Epoch  20/50 — loss: 0.274711 (best: 0.274711)
  Epoch  30/50 — loss: 0.257999 (best: 0.257999)
  Epoch  40/50 — loss: 0.249366 (best: 0.248963)
  Epoch  50/50 — loss: 0.242173 (best: 0.242173)
[AE-IS] Training finished — best loss: 0.242173
[AE-IS] Reconstruction error stats — min: 0.028457, median: 0.139102, max: 1.207242
[AE-IS] Removed 0 redundant + 0 noisy = 0 total instances
[AE-IS] Kept 9512 / 9512 (reduction = 0.00%)
[SublinearAEIS] Autoencoder scores: min=0.0285, median=0.1391, max=1.2072
[SublinearAEIS] Step 2 — Tessellating space into 200 micro-clusters...
[SublinearAEIS] Step 3 — Sublinear sampling (gamma=0.5). lambda = 6.0374
[SublinearAEIS] Done — removed 2377 / 9512 (reduction = 24.99%)
Result: 
[8.644114971160889, 7.872538805007935, 7.468639612197876, 8.192537069320679, 6.736197233200073, 8.133068799972534, 6.777166843414307, 6.7836809158325195, 7.587988376617432]
Fold 9
Fold 9
[SublinearAEIS] Target reduction: 25.00% (Keeping 7134 / 9512 instances)
[SublinearAEIS] Step 1 — Training Autoencoder for 50 epochs...
[AE-IS] Using GPU: NVIDIA A100-SXM4-80GB
[AE-IS] Architecture: 256 → 192 → 128 → 192 → 256
[AE-IS] Training autoencoder on 9512 instances (256 features) for up to 50 epochs …
  Epoch   1/50 — loss: 0.764545 (best: 0.764545)
  Epoch  10/50 — loss: 0.309392 (best: 0.309392)
  Epoch  20/50 — loss: 0.273849 (best: 0.273849)
  Epoch  30/50 — loss: 0.258028 (best: 0.258028)
  Epoch  40/50 — loss: 0.248792 (best: 0.248731)
  Epoch  50/50 — loss: 0.243263 (best: 0.243263)
[AE-IS] Training finished — best loss: 0.243263
[AE-IS] Reconstruction error stats — min: 0.025958, median: 0.140296, max: 1.489577
[AE-IS] Removed 0 redundant + 0 noisy = 0 total instances
[AE-IS] Kept 9512 / 9512 (reduction = 0.00%)
[SublinearAEIS] Autoencoder scores: min=0.0260, median=0.1403, max=1.4896
[SublinearAEIS] Step 2 — Tessellating space into 200 micro-clusters...
[SublinearAEIS] Step 3 — Sublinear sampling (gamma=0.5). lambda = 5.8571
[SublinearAEIS] Done — removed 2378 / 9512 (reduction = 25.00%)
Result: 
[8.644114971160889, 7.872538805007935, 7.468639612197876, 8.192537069320679, 6.736197233200073, 8.133068799972534, 6.777166843414307, 6.7836809158325195, 7.587988376617432, 6.821489334106445]
time: 7.501742196083069
time std: 0.6645476051517172
reducion: 0.24997897061113888
reducion std: 9.014682158348436e-05
END
