Namespace(dataset='vader_movie', method='autoencoder-is', folds=10, save=True, inputrep='jina-v5', out='/data/bernardolemos/results/jina-v5/instance_selection', datain='/data/bernardolemos/datasets', overwrite=1, inputdir='/data/bernardolemos/datasets/vader_movie/jina-v5/', splitdir='/data/bernardolemos/datasets/vader_movie/splits/', outputdir='/data/bernardolemos/results/jina-v5/instance_selection/selection/vader_movie/', filename='/data/bernardolemos/results/jina-v5/instance_selection/selection/vader_movie//saida_autoencoder-is', start_time='16-07-2026 21:54:08')
Namespace(dataset='vader_movie', method='autoencoder-is', folds=10, save=True, inputrep='jina-v5', out='/data/bernardolemos/results/jina-v5/instance_selection', datain='/data/bernardolemos/datasets', overwrite=1, inputdir='/data/bernardolemos/datasets/vader_movie/jina-v5/', splitdir='/data/bernardolemos/datasets/vader_movie/splits/', outputdir='/data/bernardolemos/results/jina-v5/instance_selection/selection/vader_movie/', filename='/data/bernardolemos/results/jina-v5/instance_selection/selection/vader_movie//saida_autoencoder-is', start_time='16-07-2026 21:54:08')
/data/bernardolemos/datasets/vader_movie/splits//split_10.pkl
Fold 0
Fold 0
[AE-IS] Using GPU: NVIDIA A100-SXM4-80GB
[AE-IS] Architecture: 256 → 134 → 12 → 134 → 256
[AE-IS] Training autoencoder on 9510 instances (256 features) for up to 20 epochs …
  Epoch   1/20 — loss: 0.739453 (best: 0.739453)
  Epoch  10/20 — loss: 0.470234 (best: 0.470234)
  Epoch  20/20 — loss: 0.449114 (best: 0.449114)
[AE-IS] Training finished — best loss: 0.449114
[AE-IS] Reconstruction error stats — min: 0.061459, median: 0.332297, max: 2.304686
[AE-IS] Redundant instances: 3804, removing 1902 with beta=0.5
[AE-IS] Noise instances: 2853, removing 475 with theta=0.1666666
[AE-IS] Removed 1902 redundant + 475 noisy = 2377 total instances
[AE-IS] Kept 7133 / 9510 (reduction = 24.99%)
Result: 
[9.355933904647827]
Fold 1
Fold 1
[AE-IS] Using GPU: NVIDIA A100-SXM4-80GB
[AE-IS] Architecture: 256 → 134 → 12 → 134 → 256
[AE-IS] Training autoencoder on 9510 instances (256 features) for up to 20 epochs …
  Epoch   1/20 — loss: 0.744038 (best: 0.744038)
  Epoch  10/20 — loss: 0.471063 (best: 0.471063)
  Epoch  20/20 — loss: 0.453393 (best: 0.453393)
[AE-IS] Training finished — best loss: 0.453393
[AE-IS] Reconstruction error stats — min: 0.067501, median: 0.335269, max: 2.247612
[AE-IS] Redundant instances: 3804, removing 1902 with beta=0.5
[AE-IS] Noise instances: 2853, removing 475 with theta=0.1666666
[AE-IS] Removed 1902 redundant + 475 noisy = 2377 total instances
[AE-IS] Kept 7133 / 9510 (reduction = 24.99%)
Result: 
[9.355933904647827, 6.298373222351074]
Fold 2
Fold 2
[AE-IS] Using GPU: NVIDIA A100-SXM4-80GB
[AE-IS] Architecture: 256 → 134 → 12 → 134 → 256
[AE-IS] Training autoencoder on 9511 instances (256 features) for up to 20 epochs …
  Epoch   1/20 — loss: 0.742372 (best: 0.742372)
  Epoch  10/20 — loss: 0.469616 (best: 0.469616)
  Epoch  20/20 — loss: 0.452226 (best: 0.452226)
[AE-IS] Training finished — best loss: 0.452226
[AE-IS] Reconstruction error stats — min: 0.071819, median: 0.333798, max: 2.459643
[AE-IS] Redundant instances: 3804, removing 1902 with beta=0.5
[AE-IS] Noise instances: 2853, removing 475 with theta=0.1666666
[AE-IS] Removed 1902 redundant + 475 noisy = 2377 total instances
[AE-IS] Kept 7134 / 9511 (reduction = 24.99%)
Result: 
[9.355933904647827, 6.298373222351074, 6.422964572906494]
Fold 3
Fold 3
[AE-IS] Using GPU: NVIDIA A100-SXM4-80GB
[AE-IS] Architecture: 256 → 134 → 12 → 134 → 256
[AE-IS] Training autoencoder on 9511 instances (256 features) for up to 20 epochs …
  Epoch   1/20 — loss: 0.742263 (best: 0.742263)
  Epoch  10/20 — loss: 0.467122 (best: 0.467122)
  Epoch  20/20 — loss: 0.449322 (best: 0.449322)
[AE-IS] Training finished — best loss: 0.449322
[AE-IS] Reconstruction error stats — min: 0.049886, median: 0.328353, max: 2.390155
[AE-IS] Redundant instances: 3804, removing 1902 with beta=0.5
[AE-IS] Noise instances: 2853, removing 475 with theta=0.1666666
[AE-IS] Removed 1902 redundant + 475 noisy = 2377 total instances
[AE-IS] Kept 7134 / 9511 (reduction = 24.99%)
Result: 
[9.355933904647827, 6.298373222351074, 6.422964572906494, 6.331519365310669]
Fold 4
Fold 4
[AE-IS] Using GPU: NVIDIA A100-SXM4-80GB
[AE-IS] Architecture: 256 → 134 → 12 → 134 → 256
[AE-IS] Training autoencoder on 9511 instances (256 features) for up to 20 epochs …
  Epoch   1/20 — loss: 0.736467 (best: 0.736467)
  Epoch  10/20 — loss: 0.468147 (best: 0.468147)
  Epoch  20/20 — loss: 0.450511 (best: 0.450511)
[AE-IS] Training finished — best loss: 0.450511
[AE-IS] Reconstruction error stats — min: 0.059317, median: 0.329383, max: 2.296673
[AE-IS] Redundant instances: 3804, removing 1902 with beta=0.5
[AE-IS] Noise instances: 2853, removing 475 with theta=0.1666666
[AE-IS] Removed 1902 redundant + 475 noisy = 2377 total instances
[AE-IS] Kept 7134 / 9511 (reduction = 24.99%)
Result: 
[9.355933904647827, 6.298373222351074, 6.422964572906494, 6.331519365310669, 6.3350372314453125]
Fold 5
Fold 5
[AE-IS] Using GPU: NVIDIA A100-SXM4-80GB
[AE-IS] Architecture: 256 → 134 → 12 → 134 → 256
[AE-IS] Training autoencoder on 9511 instances (256 features) for up to 20 epochs …
  Epoch   1/20 — loss: 0.745127 (best: 0.745127)
  Epoch  10/20 — loss: 0.469503 (best: 0.469503)
  Epoch  20/20 — loss: 0.450613 (best: 0.450613)
[AE-IS] Training finished — best loss: 0.450613
[AE-IS] Reconstruction error stats — min: 0.056803, median: 0.332249, max: 2.243610
[AE-IS] Redundant instances: 3804, removing 1902 with beta=0.5
[AE-IS] Noise instances: 2853, removing 475 with theta=0.1666666
[AE-IS] Removed 1902 redundant + 475 noisy = 2377 total instances
[AE-IS] Kept 7134 / 9511 (reduction = 24.99%)
Result: 
[9.355933904647827, 6.298373222351074, 6.422964572906494, 6.331519365310669, 6.3350372314453125, 6.365128517150879]
Fold 6
Fold 6
[AE-IS] Using GPU: NVIDIA A100-SXM4-80GB
[AE-IS] Architecture: 256 → 134 → 12 → 134 → 256
[AE-IS] Training autoencoder on 9512 instances (256 features) for up to 20 epochs …
  Epoch   1/20 — loss: 0.737254 (best: 0.737254)
  Epoch  10/20 — loss: 0.468448 (best: 0.468448)
  Epoch  20/20 — loss: 0.449529 (best: 0.449529)
[AE-IS] Training finished — best loss: 0.449529
[AE-IS] Reconstruction error stats — min: 0.059961, median: 0.333527, max: 2.232096
[AE-IS] Redundant instances: 3805, removing 1902 with beta=0.5
[AE-IS] Noise instances: 2854, removing 475 with theta=0.1666666
[AE-IS] Removed 1902 redundant + 475 noisy = 2377 total instances
[AE-IS] Kept 7135 / 9512 (reduction = 24.99%)
Result: 
[9.355933904647827, 6.298373222351074, 6.422964572906494, 6.331519365310669, 6.3350372314453125, 6.365128517150879, 6.386288404464722]
Fold 7
Fold 7
[AE-IS] Using GPU: NVIDIA A100-SXM4-80GB
[AE-IS] Architecture: 256 → 134 → 12 → 134 → 256
[AE-IS] Training autoencoder on 9512 instances (256 features) for up to 20 epochs …
  Epoch   1/20 — loss: 0.745544 (best: 0.745544)
  Epoch  10/20 — loss: 0.469223 (best: 0.469223)
  Epoch  20/20 — loss: 0.451305 (best: 0.450452)
[AE-IS] Training finished — best loss: 0.450452
[AE-IS] Reconstruction error stats — min: 0.056242, median: 0.334552, max: 2.424781
[AE-IS] Redundant instances: 3805, removing 1902 with beta=0.5
[AE-IS] Noise instances: 2854, removing 475 with theta=0.1666666
[AE-IS] Removed 1902 redundant + 475 noisy = 2377 total instances
[AE-IS] Kept 7135 / 9512 (reduction = 24.99%)
Result: 
[9.355933904647827, 6.298373222351074, 6.422964572906494, 6.331519365310669, 6.3350372314453125, 6.365128517150879, 6.386288404464722, 6.3890345096588135]
Fold 8
Fold 8
[AE-IS] Using GPU: NVIDIA A100-SXM4-80GB
[AE-IS] Architecture: 256 → 134 → 12 → 134 → 256
[AE-IS] Training autoencoder on 9512 instances (256 features) for up to 20 epochs …
  Epoch   1/20 — loss: 0.745250 (best: 0.745250)
  Epoch  10/20 — loss: 0.468853 (best: 0.468853)
  Epoch  20/20 — loss: 0.450250 (best: 0.450250)
[AE-IS] Training finished — best loss: 0.450250
[AE-IS] Reconstruction error stats — min: 0.054463, median: 0.329145, max: 2.326120
[AE-IS] Redundant instances: 3805, removing 1902 with beta=0.5
[AE-IS] Noise instances: 2854, removing 475 with theta=0.1666666
[AE-IS] Removed 1902 redundant + 475 noisy = 2377 total instances
[AE-IS] Kept 7135 / 9512 (reduction = 24.99%)
Result: 
[9.355933904647827, 6.298373222351074, 6.422964572906494, 6.331519365310669, 6.3350372314453125, 6.365128517150879, 6.386288404464722, 6.3890345096588135, 6.346395492553711]
Fold 9
Fold 9
[AE-IS] Using GPU: NVIDIA A100-SXM4-80GB
[AE-IS] Architecture: 256 → 134 → 12 → 134 → 256
[AE-IS] Training autoencoder on 9512 instances (256 features) for up to 20 epochs …
  Epoch   1/20 — loss: 0.740201 (best: 0.740201)
  Epoch  10/20 — loss: 0.471427 (best: 0.471427)
  Epoch  20/20 — loss: 0.452656 (best: 0.452656)
[AE-IS] Training finished — best loss: 0.452656
[AE-IS] Reconstruction error stats — min: 0.070018, median: 0.331914, max: 2.365943
[AE-IS] Redundant instances: 3805, removing 1902 with beta=0.5
[AE-IS] Noise instances: 2854, removing 475 with theta=0.1666666
[AE-IS] Removed 1902 redundant + 475 noisy = 2377 total instances
[AE-IS] Kept 7135 / 9512 (reduction = 24.99%)
Result: 
[9.355933904647827, 6.298373222351074, 6.422964572906494, 6.331519365310669, 6.3350372314453125, 6.365128517150879, 6.386288404464722, 6.3890345096588135, 6.346395492553711, 6.33605170249939]
time: 6.656672692298889
time std: 0.9003881812426905
reducion: 0.24991589018367125
reducion std: 1.966365810314485e-05
END
