Namespace(dataset='webkb', method='gmm-is', folds=10, save=True, inputrep='jina-v5', out='/data/bernardolemos/results/jina-v5/instance_selection', datain='/data/bernardolemos/datasets', overwrite=1, inputdir='/data/bernardolemos/datasets/webkb/jina-v5/', splitdir='/data/bernardolemos/datasets/webkb/splits/', outputdir='/data/bernardolemos/results/jina-v5/instance_selection/selection/webkb/', filename='/data/bernardolemos/results/jina-v5/instance_selection/selection/webkb//saida_gmm-is', start_time='30-06-2026 13:44:47')
Namespace(dataset='webkb', method='gmm-is', folds=10, save=True, inputrep='jina-v5', out='/data/bernardolemos/results/jina-v5/instance_selection', datain='/data/bernardolemos/datasets', overwrite=1, inputdir='/data/bernardolemos/datasets/webkb/jina-v5/', splitdir='/data/bernardolemos/datasets/webkb/splits/', outputdir='/data/bernardolemos/results/jina-v5/instance_selection/selection/webkb/', filename='/data/bernardolemos/results/jina-v5/instance_selection/selection/webkb//saida_gmm-is', start_time='30-06-2026 13:44:47')
/data/bernardolemos/datasets/webkb/splits//split_10.pkl
Fold 0
Fold 0
[GMM] Redundant instances: 2950, removing 1770 with beta=0.6
[GMM] Noise instances: 2213, removing 442 with theta=0.2
[GMM] Removed 1770 redundant + 442 noisy = 2212 total instances
[GMM] Kept 5164 / 7376 (reduction = 29.99%)
Result: 
[4.69249153137207]
Fold 1
Fold 1
[GMM] Redundant instances: 2951, removing 1770 with beta=0.6
[GMM] Noise instances: 2213, removing 442 with theta=0.2
[GMM] Removed 1770 redundant + 442 noisy = 2212 total instances
[GMM] Kept 5165 / 7377 (reduction = 29.99%)
Result: 
[4.69249153137207, 3.5560433864593506]
Fold 2
Fold 2
[GMM] Redundant instances: 2951, removing 1770 with beta=0.6
[GMM] Noise instances: 2214, removing 442 with theta=0.2
[GMM] Removed 1770 redundant + 442 noisy = 2212 total instances
[GMM] Kept 5166 / 7378 (reduction = 29.98%)
Result: 
[4.69249153137207, 3.5560433864593506, 3.473482131958008]
Fold 3
Fold 3
[GMM] Redundant instances: 2951, removing 1770 with beta=0.6
[GMM] Noise instances: 2214, removing 442 with theta=0.2
[GMM] Removed 1770 redundant + 442 noisy = 2212 total instances
[GMM] Kept 5166 / 7378 (reduction = 29.98%)
Result: 
[4.69249153137207, 3.5560433864593506, 3.473482131958008, 3.579846143722534]
Fold 4
Fold 4
[GMM] Redundant instances: 2951, removing 1770 with beta=0.6
[GMM] Noise instances: 2214, removing 442 with theta=0.2
[GMM] Removed 1770 redundant + 442 noisy = 2212 total instances
[GMM] Kept 5166 / 7378 (reduction = 29.98%)
Result: 
[4.69249153137207, 3.5560433864593506, 3.473482131958008, 3.579846143722534, 6.098833322525024]
Fold 5
Fold 5
[GMM] Redundant instances: 2952, removing 1771 with beta=0.6
[GMM] Noise instances: 2214, removing 442 with theta=0.2
[GMM] Removed 1771 redundant + 442 noisy = 2213 total instances
[GMM] Kept 5166 / 7379 (reduction = 29.99%)
Result: 
[4.69249153137207, 3.5560433864593506, 3.473482131958008, 3.579846143722534, 6.098833322525024, 12.072480916976929]
Fold 6
Fold 6
[GMM] Redundant instances: 2952, removing 1771 with beta=0.6
[GMM] Noise instances: 2214, removing 442 with theta=0.2
[GMM] Removed 1771 redundant + 442 noisy = 2213 total instances
[GMM] Kept 5167 / 7380 (reduction = 29.99%)
Result: 
[4.69249153137207, 3.5560433864593506, 3.473482131958008, 3.579846143722534, 6.098833322525024, 12.072480916976929, 12.854557037353516]
Fold 7
Fold 7
[GMM] Redundant instances: 2952, removing 1771 with beta=0.6
[GMM] Noise instances: 2214, removing 442 with theta=0.2
[GMM] Removed 1771 redundant + 442 noisy = 2213 total instances
[GMM] Kept 5168 / 7381 (reduction = 29.98%)
Result: 
[4.69249153137207, 3.5560433864593506, 3.473482131958008, 3.579846143722534, 6.098833322525024, 12.072480916976929, 12.854557037353516, 8.082472801208496]
Fold 8
Fold 8
[GMM] Redundant instances: 2953, removing 1771 with beta=0.6
[GMM] Noise instances: 2215, removing 443 with theta=0.2
[GMM] Removed 1771 redundant + 443 noisy = 2214 total instances
[GMM] Kept 5168 / 7382 (reduction = 29.99%)
Result: 
[4.69249153137207, 3.5560433864593506, 3.473482131958008, 3.579846143722534, 6.098833322525024, 12.072480916976929, 12.854557037353516, 8.082472801208496, 18.041043996810913]
Fold 9
Fold 9
[GMM] Redundant instances: 2953, removing 1771 with beta=0.6
[GMM] Noise instances: 2215, removing 443 with theta=0.2
[GMM] Removed 1771 redundant + 443 noisy = 2214 total instances
[GMM] Kept 5168 / 7382 (reduction = 29.99%)
Result: 
[4.69249153137207, 3.5560433864593506, 3.473482131958008, 3.579846143722534, 6.098833322525024, 12.072480916976929, 12.854557037353516, 8.082472801208496, 18.041043996810913, 6.360880613327026]
time: 7.881213188171387
time std: 4.667512420610158
reducion: 0.2998604117436791
reducion std: 4.331442550898058e-05
END
