Namespace(dataset='webkb', method='no-is', folds=10, save=True, inputrep='jina-v5', out='/data/bernardolemos/results/jina-v5/instance_selection', datain='/data/bernardolemos/datasets', overwrite=1, inputdir='/data/bernardolemos/datasets/webkb/jina-v5/', splitdir='/data/bernardolemos/datasets/webkb/splits/', outputdir='/data/bernardolemos/results/jina-v5/instance_selection/selection/webkb/', filename='/data/bernardolemos/results/jina-v5/instance_selection/selection/webkb//saida_no-is', start_time='30-06-2026 13:42:01')
Namespace(dataset='webkb', method='no-is', folds=10, save=True, inputrep='jina-v5', out='/data/bernardolemos/results/jina-v5/instance_selection', datain='/data/bernardolemos/datasets', overwrite=1, inputdir='/data/bernardolemos/datasets/webkb/jina-v5/', splitdir='/data/bernardolemos/datasets/webkb/splits/', outputdir='/data/bernardolemos/results/jina-v5/instance_selection/selection/webkb/', filename='/data/bernardolemos/results/jina-v5/instance_selection/selection/webkb//saida_no-is', start_time='30-06-2026 13:42:01')
/data/bernardolemos/datasets/webkb/splits//split_10.pkl
Fold 0
Fold 0
Result: 
[0.01716160774230957]
Fold 1
Fold 1
Result: 
[0.01716160774230957, 0.014467716217041016]
Fold 2
Fold 2
Result: 
[0.01716160774230957, 0.014467716217041016, 0.009811162948608398]
Fold 3
Fold 3
Result: 
[0.01716160774230957, 0.014467716217041016, 0.009811162948608398, 0.010003328323364258]
Fold 4
Fold 4
Result: 
[0.01716160774230957, 0.014467716217041016, 0.009811162948608398, 0.010003328323364258, 0.017747163772583008]
Fold 5
Fold 5
Result: 
[0.01716160774230957, 0.014467716217041016, 0.009811162948608398, 0.010003328323364258, 0.017747163772583008, 0.010610103607177734]
Fold 6
Fold 6
Result: 
[0.01716160774230957, 0.014467716217041016, 0.009811162948608398, 0.010003328323364258, 0.017747163772583008, 0.010610103607177734, 0.015014410018920898]
Fold 7
Fold 7
Result: 
[0.01716160774230957, 0.014467716217041016, 0.009811162948608398, 0.010003328323364258, 0.017747163772583008, 0.010610103607177734, 0.015014410018920898, 0.010160684585571289]
Fold 8
Fold 8
Result: 
[0.01716160774230957, 0.014467716217041016, 0.009811162948608398, 0.010003328323364258, 0.017747163772583008, 0.010610103607177734, 0.015014410018920898, 0.010160684585571289, 0.009245634078979492]
Fold 9
Fold 9
Result: 
[0.01716160774230957, 0.014467716217041016, 0.009811162948608398, 0.010003328323364258, 0.017747163772583008, 0.010610103607177734, 0.015014410018920898, 0.010160684585571289, 0.009245634078979492, 0.011844158172607422]
time: 0.012606596946716309
time std: 0.003047493976156914
reducion: 0.0
reducion std: 0.0
END
