Namespace(dataset='webkb', method='adaptive-perplexity', folds=10, save=True, inputrep='jina-v5', out='/data/bernardolemos/results/jina-v5/instance_selection', datain='/data/bernardolemos/datasets', overwrite=1, inputdir='/data/bernardolemos/datasets/webkb/jina-v5/', splitdir='/data/bernardolemos/datasets/webkb/splits/', outputdir='/data/bernardolemos/results/jina-v5/instance_selection/selection/webkb/', filename='/data/bernardolemos/results/jina-v5/instance_selection/selection/webkb//saida_adaptive-perplexity', start_time='30-06-2026 13:46:25')
Namespace(dataset='webkb', method='adaptive-perplexity', folds=10, save=True, inputrep='jina-v5', out='/data/bernardolemos/results/jina-v5/instance_selection', datain='/data/bernardolemos/datasets', overwrite=1, inputdir='/data/bernardolemos/datasets/webkb/jina-v5/', splitdir='/data/bernardolemos/datasets/webkb/splits/', outputdir='/data/bernardolemos/results/jina-v5/instance_selection/selection/webkb/', filename='/data/bernardolemos/results/jina-v5/instance_selection/selection/webkb//saida_adaptive-perplexity', start_time='30-06-2026 13:46:25')
/data/bernardolemos/datasets/webkb/splits//split_10.pkl
Fold 0
Fold 0
[Adaptive-IS] Step 1 — computing scores via 'autoencoder' …
[AE-IS] Using GPU: NVIDIA A100-SXM4-80GB
[AE-IS] Architecture: 256 → 134 → 12 → 134 → 256
[AE-IS] Training autoencoder on 7376 instances (256 features) for up to 10 epochs …
  Epoch   1/10 — loss: 0.781914 (best: 0.781914)
  Epoch  10/10 — loss: 0.520037 (best: 0.520037)
[AE-IS] Training finished — best loss: 0.520037
[AE-IS] Reconstruction error stats — min: 0.072117, median: 0.395225, max: 1.804131
[AE-IS] Removed 0 redundant + 0 noisy = 0 total instances
[AE-IS] Kept 7376 / 7376 (reduction = 0.00%)
[Adaptive-IS] Score stats — min: 0.0721, median: 0.3952, max: 1.8041
[Adaptive-IS] Step 2 — estimating thresholds via 'gmm_boundary' …
[Adaptive-IS] Estimated params — low_percentile=65.4, high_percentile=89.6, beta=0.600, theta=0.097, imbalance_proxy=0.488
[Adaptive-IS] GMM component means: [0.3091464340686798, 0.5580213665962219, 0.9829825162887573]
[Adaptive-IS] Step 3 — applying selection …
[Adaptive-IS] Redundant candidates: 4826, removing 2895 (beta=0.600)
[Adaptive-IS] Noise candidates: 769, removing 74 (theta=0.097)
[Adaptive-IS] Removed 2969 instances — kept 4407 / 7376 (reduction = 40.25%)
Result: 
[5.225767135620117]
Fold 1
Fold 1
[Adaptive-IS] Step 1 — computing scores via 'autoencoder' …
[AE-IS] Using GPU: NVIDIA A100-SXM4-80GB
[AE-IS] Architecture: 256 → 134 → 12 → 134 → 256
[AE-IS] Training autoencoder on 7377 instances (256 features) for up to 10 epochs …
  Epoch   1/10 — loss: 0.789804 (best: 0.789804)
  Epoch  10/10 — loss: 0.517069 (best: 0.517069)
[AE-IS] Training finished — best loss: 0.517069
[AE-IS] Reconstruction error stats — min: 0.086780, median: 0.390340, max: 1.869392
[AE-IS] Removed 0 redundant + 0 noisy = 0 total instances
[AE-IS] Kept 7377 / 7377 (reduction = 0.00%)
[Adaptive-IS] Score stats — min: 0.0868, median: 0.3903, max: 1.8694
[Adaptive-IS] Step 2 — estimating thresholds via 'gmm_boundary' …
[Adaptive-IS] Estimated params — low_percentile=66.4, high_percentile=89.5, beta=0.600, theta=0.096, imbalance_proxy=0.505
[Adaptive-IS] GMM component means: [0.30775725841522217, 0.56290203332901, 0.9884670972824097]
[Adaptive-IS] Step 3 — applying selection …
[Adaptive-IS] Redundant candidates: 4896, removing 2937 (beta=0.600)
[Adaptive-IS] Noise candidates: 777, removing 74 (theta=0.096)
[Adaptive-IS] Removed 3011 instances — kept 4366 / 7377 (reduction = 40.82%)
Result: 
[5.225767135620117, 2.6547598838806152]
Fold 2
Fold 2
[Adaptive-IS] Step 1 — computing scores via 'autoencoder' …
[AE-IS] Using GPU: NVIDIA A100-SXM4-80GB
[AE-IS] Architecture: 256 → 134 → 12 → 134 → 256
[AE-IS] Training autoencoder on 7378 instances (256 features) for up to 10 epochs …
  Epoch   1/10 — loss: 0.789510 (best: 0.789510)
  Epoch  10/10 — loss: 0.522281 (best: 0.522281)
[AE-IS] Training finished — best loss: 0.522281
[AE-IS] Reconstruction error stats — min: 0.066039, median: 0.396409, max: 1.831616
[AE-IS] Removed 0 redundant + 0 noisy = 0 total instances
[AE-IS] Kept 7378 / 7378 (reduction = 0.00%)
[Adaptive-IS] Score stats — min: 0.0660, median: 0.3964, max: 1.8316
[Adaptive-IS] Step 2 — estimating thresholds via 'gmm_boundary' …
[Adaptive-IS] Estimated params — low_percentile=66.4, high_percentile=89.6, beta=0.600, theta=0.097, imbalance_proxy=0.495
[Adaptive-IS] GMM component means: [0.31104204058647156, 0.5631024837493896, 0.9879441857337952]
[Adaptive-IS] Step 3 — applying selection …
[Adaptive-IS] Redundant candidates: 4900, removing 2940 (beta=0.600)
[Adaptive-IS] Noise candidates: 769, removing 74 (theta=0.097)
[Adaptive-IS] Removed 3014 instances — kept 4364 / 7378 (reduction = 40.85%)
Result: 
[5.225767135620117, 2.6547598838806152, 2.59562349319458]
Fold 3
Fold 3
[Adaptive-IS] Step 1 — computing scores via 'autoencoder' …
[AE-IS] Using GPU: NVIDIA A100-SXM4-80GB
[AE-IS] Architecture: 256 → 134 → 12 → 134 → 256
[AE-IS] Training autoencoder on 7378 instances (256 features) for up to 10 epochs …
  Epoch   1/10 — loss: 0.793448 (best: 0.793448)
  Epoch  10/10 — loss: 0.520767 (best: 0.520767)
[AE-IS] Training finished — best loss: 0.520767
[AE-IS] Reconstruction error stats — min: 0.075549, median: 0.395446, max: 1.915105
[AE-IS] Removed 0 redundant + 0 noisy = 0 total instances
[AE-IS] Kept 7378 / 7378 (reduction = 0.00%)
[Adaptive-IS] Score stats — min: 0.0755, median: 0.3954, max: 1.9151
[Adaptive-IS] Step 2 — estimating thresholds via 'gmm_boundary' …
[Adaptive-IS] Estimated params — low_percentile=64.3, high_percentile=89.1, beta=0.600, theta=0.099, imbalance_proxy=0.497
[Adaptive-IS] GMM component means: [0.3061978220939636, 0.5524224638938904, 0.9817041158676147]
[Adaptive-IS] Step 3 — applying selection …
[Adaptive-IS] Redundant candidates: 4741, removing 2844 (beta=0.600)
[Adaptive-IS] Noise candidates: 807, removing 80 (theta=0.099)
[Adaptive-IS] Removed 2924 instances — kept 4454 / 7378 (reduction = 39.63%)
Result: 
[5.225767135620117, 2.6547598838806152, 2.59562349319458, 2.5830750465393066]
Fold 4
Fold 4
[Adaptive-IS] Step 1 — computing scores via 'autoencoder' …
[AE-IS] Using GPU: NVIDIA A100-SXM4-80GB
[AE-IS] Architecture: 256 → 134 → 12 → 134 → 256
[AE-IS] Training autoencoder on 7378 instances (256 features) for up to 10 epochs …
  Epoch   1/10 — loss: 0.789191 (best: 0.789191)
  Epoch  10/10 — loss: 0.520258 (best: 0.520258)
[AE-IS] Training finished — best loss: 0.520258
[AE-IS] Reconstruction error stats — min: 0.077849, median: 0.394259, max: 1.846673
[AE-IS] Removed 0 redundant + 0 noisy = 0 total instances
[AE-IS] Kept 7378 / 7378 (reduction = 0.00%)
[Adaptive-IS] Score stats — min: 0.0778, median: 0.3943, max: 1.8467
[Adaptive-IS] Step 2 — estimating thresholds via 'gmm_boundary' …
[Adaptive-IS] Estimated params — low_percentile=66.2, high_percentile=89.4, beta=0.600, theta=0.099, imbalance_proxy=0.497
[Adaptive-IS] GMM component means: [0.31141629815101624, 0.5644918084144592, 0.9820676445960999]
[Adaptive-IS] Step 3 — applying selection …
[Adaptive-IS] Redundant candidates: 4883, removing 2929 (beta=0.600)
[Adaptive-IS] Noise candidates: 785, removing 77 (theta=0.099)
[Adaptive-IS] Removed 3006 instances — kept 4372 / 7378 (reduction = 40.74%)
Result: 
[5.225767135620117, 2.6547598838806152, 2.59562349319458, 2.5830750465393066, 2.610201120376587]
Fold 5
Fold 5
[Adaptive-IS] Step 1 — computing scores via 'autoencoder' …
[AE-IS] Using GPU: NVIDIA A100-SXM4-80GB
[AE-IS] Architecture: 256 → 134 → 12 → 134 → 256
[AE-IS] Training autoencoder on 7379 instances (256 features) for up to 10 epochs …
  Epoch   1/10 — loss: 0.788903 (best: 0.788903)
  Epoch  10/10 — loss: 0.521452 (best: 0.521452)
[AE-IS] Training finished — best loss: 0.521452
[AE-IS] Reconstruction error stats — min: 0.078764, median: 0.399734, max: 1.851560
[AE-IS] Removed 0 redundant + 0 noisy = 0 total instances
[AE-IS] Kept 7379 / 7379 (reduction = 0.00%)
[Adaptive-IS] Score stats — min: 0.0788, median: 0.3997, max: 1.8516
[Adaptive-IS] Step 2 — estimating thresholds via 'gmm_boundary' …
[Adaptive-IS] Estimated params — low_percentile=66.6, high_percentile=89.6, beta=0.600, theta=0.100, imbalance_proxy=0.482
[Adaptive-IS] GMM component means: [0.31577277183532715, 0.5660972595214844, 0.9715328812599182]
[Adaptive-IS] Step 3 — applying selection …
[Adaptive-IS] Redundant candidates: 4912, removing 2947 (beta=0.600)
[Adaptive-IS] Noise candidates: 771, removing 77 (theta=0.100)
[Adaptive-IS] Removed 3024 instances — kept 4355 / 7379 (reduction = 40.98%)
Result: 
[5.225767135620117, 2.6547598838806152, 2.59562349319458, 2.5830750465393066, 2.610201120376587, 2.551004648208618]
Fold 6
Fold 6
[Adaptive-IS] Step 1 — computing scores via 'autoencoder' …
[AE-IS] Using GPU: NVIDIA A100-SXM4-80GB
[AE-IS] Architecture: 256 → 134 → 12 → 134 → 256
[AE-IS] Training autoencoder on 7380 instances (256 features) for up to 10 epochs …
  Epoch   1/10 — loss: 0.782923 (best: 0.782923)
  Epoch  10/10 — loss: 0.517693 (best: 0.517693)
[AE-IS] Training finished — best loss: 0.517693
[AE-IS] Reconstruction error stats — min: 0.081175, median: 0.397266, max: 1.835938
[AE-IS] Removed 0 redundant + 0 noisy = 0 total instances
[AE-IS] Kept 7380 / 7380 (reduction = 0.00%)
[Adaptive-IS] Score stats — min: 0.0812, median: 0.3973, max: 1.8359
[Adaptive-IS] Step 2 — estimating thresholds via 'gmm_boundary' …
[Adaptive-IS] Estimated params — low_percentile=66.2, high_percentile=89.2, beta=0.600, theta=0.101, imbalance_proxy=0.487
[Adaptive-IS] GMM component means: [0.3126581907272339, 0.5596009492874146, 0.9702150821685791]
[Adaptive-IS] Step 3 — applying selection …
[Adaptive-IS] Redundant candidates: 4886, removing 2931 (beta=0.600)
[Adaptive-IS] Noise candidates: 794, removing 80 (theta=0.101)
[Adaptive-IS] Removed 3011 instances — kept 4369 / 7380 (reduction = 40.80%)
Result: 
[5.225767135620117, 2.6547598838806152, 2.59562349319458, 2.5830750465393066, 2.610201120376587, 2.551004648208618, 2.5981364250183105]
Fold 7
Fold 7
[Adaptive-IS] Step 1 — computing scores via 'autoencoder' …
[AE-IS] Using GPU: NVIDIA A100-SXM4-80GB
[AE-IS] Architecture: 256 → 134 → 12 → 134 → 256
[AE-IS] Training autoencoder on 7381 instances (256 features) for up to 10 epochs …
  Epoch   1/10 — loss: 0.789242 (best: 0.789242)
  Epoch  10/10 — loss: 0.520426 (best: 0.520426)
[AE-IS] Training finished — best loss: 0.520426
[AE-IS] Reconstruction error stats — min: 0.083425, median: 0.396638, max: 1.806242
[AE-IS] Removed 0 redundant + 0 noisy = 0 total instances
[AE-IS] Kept 7381 / 7381 (reduction = 0.00%)
[Adaptive-IS] Score stats — min: 0.0834, median: 0.3966, max: 1.8062
[Adaptive-IS] Step 2 — estimating thresholds via 'gmm_boundary' …
[Adaptive-IS] Estimated params — low_percentile=65.4, high_percentile=89.6, beta=0.600, theta=0.098, imbalance_proxy=0.490
[Adaptive-IS] GMM component means: [0.3104296028614044, 0.5608649849891663, 0.9788957238197327]
[Adaptive-IS] Step 3 — applying selection …
[Adaptive-IS] Redundant candidates: 4828, removing 2896 (beta=0.600)
[Adaptive-IS] Noise candidates: 766, removing 75 (theta=0.098)
[Adaptive-IS] Removed 2971 instances — kept 4410 / 7381 (reduction = 40.25%)
Result: 
[5.225767135620117, 2.6547598838806152, 2.59562349319458, 2.5830750465393066, 2.610201120376587, 2.551004648208618, 2.5981364250183105, 2.5539803504943848]
Fold 8
Fold 8
[Adaptive-IS] Step 1 — computing scores via 'autoencoder' …
[AE-IS] Using GPU: NVIDIA A100-SXM4-80GB
[AE-IS] Architecture: 256 → 134 → 12 → 134 → 256
[AE-IS] Training autoencoder on 7382 instances (256 features) for up to 10 epochs …
  Epoch   1/10 — loss: 0.783662 (best: 0.783662)
  Epoch  10/10 — loss: 0.520903 (best: 0.520903)
[AE-IS] Training finished — best loss: 0.520903
[AE-IS] Reconstruction error stats — min: 0.078532, median: 0.395681, max: 1.676573
[AE-IS] Removed 0 redundant + 0 noisy = 0 total instances
[AE-IS] Kept 7382 / 7382 (reduction = 0.00%)
[Adaptive-IS] Score stats — min: 0.0785, median: 0.3957, max: 1.6766
[Adaptive-IS] Step 2 — estimating thresholds via 'gmm_boundary' …
[Adaptive-IS] Estimated params — low_percentile=65.9, high_percentile=89.3, beta=0.600, theta=0.098, imbalance_proxy=0.496
[Adaptive-IS] GMM component means: [0.31088268756866455, 0.5629675388336182, 0.9935723543167114]
[Adaptive-IS] Step 3 — applying selection …
[Adaptive-IS] Redundant candidates: 4864, removing 2918 (beta=0.600)
[Adaptive-IS] Noise candidates: 791, removing 77 (theta=0.098)
[Adaptive-IS] Removed 2995 instances — kept 4387 / 7382 (reduction = 40.57%)
Result: 
[5.225767135620117, 2.6547598838806152, 2.59562349319458, 2.5830750465393066, 2.610201120376587, 2.551004648208618, 2.5981364250183105, 2.5539803504943848, 2.590303897857666]
Fold 9
Fold 9
[Adaptive-IS] Step 1 — computing scores via 'autoencoder' …
[AE-IS] Using GPU: NVIDIA A100-SXM4-80GB
[AE-IS] Architecture: 256 → 134 → 12 → 134 → 256
[AE-IS] Training autoencoder on 7382 instances (256 features) for up to 10 epochs …
  Epoch   1/10 — loss: 0.787059 (best: 0.787059)
  Epoch  10/10 — loss: 0.518738 (best: 0.518738)
[AE-IS] Training finished — best loss: 0.518738
[AE-IS] Reconstruction error stats — min: 0.079944, median: 0.397600, max: 1.885370
[AE-IS] Removed 0 redundant + 0 noisy = 0 total instances
[AE-IS] Kept 7382 / 7382 (reduction = 0.00%)
[Adaptive-IS] Score stats — min: 0.0799, median: 0.3976, max: 1.8854
[Adaptive-IS] Step 2 — estimating thresholds via 'gmm_boundary' …
[Adaptive-IS] Estimated params — low_percentile=65.4, high_percentile=89.1, beta=0.600, theta=0.103, imbalance_proxy=0.495
[Adaptive-IS] GMM component means: [0.30777186155319214, 0.5494239330291748, 0.9648327827453613]
[Adaptive-IS] Step 3 — applying selection …
[Adaptive-IS] Redundant candidates: 4826, removing 2895 (beta=0.600)
[Adaptive-IS] Noise candidates: 804, removing 82 (theta=0.103)
[Adaptive-IS] Removed 2977 instances — kept 4405 / 7382 (reduction = 40.33%)
Result: 
[5.225767135620117, 2.6547598838806152, 2.59562349319458, 2.5830750465393066, 2.610201120376587, 2.551004648208618, 2.5981364250183105, 2.5539803504943848, 2.590303897857666, 2.5857126712799072]
time: 2.8548564672470094
time std: 0.7907820903912557
reducion: 0.4052255877437614
reducion std: 0.0038865486491483432
END
