Namespace(dataset='webkb', method='autoencoder-is', folds=10, save=True, inputrep='jina-v5', out='/data/bernardolemos/results/jina-v5/instance_selection', datain='/data/bernardolemos/datasets', overwrite=1, inputdir='/data/bernardolemos/datasets/webkb/jina-v5/', splitdir='/data/bernardolemos/datasets/webkb/splits/', outputdir='/data/bernardolemos/results/jina-v5/instance_selection/selection/webkb/', filename='/data/bernardolemos/results/jina-v5/instance_selection/selection/webkb//saida_autoencoder-is', start_time='16-07-2026 22:16:32')
Namespace(dataset='webkb', method='autoencoder-is', folds=10, save=True, inputrep='jina-v5', out='/data/bernardolemos/results/jina-v5/instance_selection', datain='/data/bernardolemos/datasets', overwrite=1, inputdir='/data/bernardolemos/datasets/webkb/jina-v5/', splitdir='/data/bernardolemos/datasets/webkb/splits/', outputdir='/data/bernardolemos/results/jina-v5/instance_selection/selection/webkb/', filename='/data/bernardolemos/results/jina-v5/instance_selection/selection/webkb//saida_autoencoder-is', start_time='16-07-2026 22:16:32')
/data/bernardolemos/datasets/webkb/splits//split_10.pkl
Fold 0
Fold 0
[AE-IS] Using GPU: NVIDIA A100-SXM4-80GB
[AE-IS] Architecture: 256 → 134 → 12 → 134 → 256
[AE-IS] Training autoencoder on 7376 instances (256 features) for up to 20 epochs …
  Epoch   1/20 — loss: 0.781914 (best: 0.781914)
  Epoch  10/20 — loss: 0.520037 (best: 0.520037)
  Epoch  20/20 — loss: 0.492237 (best: 0.492237)
[AE-IS] Training finished — best loss: 0.492237
[AE-IS] Reconstruction error stats — min: 0.065061, median: 0.367344, max: 1.750749
[AE-IS] Redundant instances: 2950, removing 1475 with beta=0.5
[AE-IS] Noise instances: 2213, removing 368 with theta=0.1666666
[AE-IS] Removed 1475 redundant + 368 noisy = 1843 total instances
[AE-IS] Kept 5533 / 7376 (reduction = 24.99%)
Result: 
[6.575430393218994]
Fold 1
Fold 1
[AE-IS] Using GPU: NVIDIA A100-SXM4-80GB
[AE-IS] Architecture: 256 → 134 → 12 → 134 → 256
[AE-IS] Training autoencoder on 7377 instances (256 features) for up to 20 epochs …
  Epoch   1/20 — loss: 0.789804 (best: 0.789804)
  Epoch  10/20 — loss: 0.517069 (best: 0.517069)
  Epoch  20/20 — loss: 0.491214 (best: 0.491214)
[AE-IS] Training finished — best loss: 0.491214
[AE-IS] Reconstruction error stats — min: 0.076824, median: 0.365641, max: 1.819823
[AE-IS] Redundant instances: 2951, removing 1475 with beta=0.5
[AE-IS] Noise instances: 2213, removing 368 with theta=0.1666666
[AE-IS] Removed 1475 redundant + 368 noisy = 1843 total instances
[AE-IS] Kept 5534 / 7377 (reduction = 24.98%)
Result: 
[6.575430393218994, 4.939704895019531]
Fold 2
Fold 2
[AE-IS] Using GPU: NVIDIA A100-SXM4-80GB
[AE-IS] Architecture: 256 → 134 → 12 → 134 → 256
[AE-IS] Training autoencoder on 7378 instances (256 features) for up to 20 epochs …
  Epoch   1/20 — loss: 0.789510 (best: 0.789510)
  Epoch  10/20 — loss: 0.522281 (best: 0.522281)
  Epoch  20/20 — loss: 0.495200 (best: 0.495200)
[AE-IS] Training finished — best loss: 0.495200
[AE-IS] Reconstruction error stats — min: 0.075002, median: 0.369947, max: 1.814386
[AE-IS] Redundant instances: 2951, removing 1475 with beta=0.5
[AE-IS] Noise instances: 2214, removing 368 with theta=0.1666666
[AE-IS] Removed 1475 redundant + 368 noisy = 1843 total instances
[AE-IS] Kept 5535 / 7378 (reduction = 24.98%)
Result: 
[6.575430393218994, 4.939704895019531, 4.951559543609619]
Fold 3
Fold 3
[AE-IS] Using GPU: NVIDIA A100-SXM4-80GB
[AE-IS] Architecture: 256 → 134 → 12 → 134 → 256
[AE-IS] Training autoencoder on 7378 instances (256 features) for up to 20 epochs …
  Epoch   1/20 — loss: 0.793448 (best: 0.793448)
  Epoch  10/20 — loss: 0.520767 (best: 0.520767)
  Epoch  20/20 — loss: 0.493402 (best: 0.493402)
[AE-IS] Training finished — best loss: 0.493402
[AE-IS] Reconstruction error stats — min: 0.057646, median: 0.369968, max: 1.874336
[AE-IS] Redundant instances: 2951, removing 1475 with beta=0.5
[AE-IS] Noise instances: 2214, removing 368 with theta=0.1666666
[AE-IS] Removed 1475 redundant + 368 noisy = 1843 total instances
[AE-IS] Kept 5535 / 7378 (reduction = 24.98%)
Result: 
[6.575430393218994, 4.939704895019531, 4.951559543609619, 4.916669845581055]
Fold 4
Fold 4
[AE-IS] Using GPU: NVIDIA A100-SXM4-80GB
[AE-IS] Architecture: 256 → 134 → 12 → 134 → 256
[AE-IS] Training autoencoder on 7378 instances (256 features) for up to 20 epochs …
  Epoch   1/20 — loss: 0.789191 (best: 0.789191)
  Epoch  10/20 — loss: 0.520258 (best: 0.520258)
  Epoch  20/20 — loss: 0.493178 (best: 0.493178)
[AE-IS] Training finished — best loss: 0.493178
[AE-IS] Reconstruction error stats — min: 0.072096, median: 0.367062, max: 1.791455
[AE-IS] Redundant instances: 2951, removing 1475 with beta=0.5
[AE-IS] Noise instances: 2214, removing 368 with theta=0.1666666
[AE-IS] Removed 1475 redundant + 368 noisy = 1843 total instances
[AE-IS] Kept 5535 / 7378 (reduction = 24.98%)
Result: 
[6.575430393218994, 4.939704895019531, 4.951559543609619, 4.916669845581055, 4.903125524520874]
Fold 5
Fold 5
[AE-IS] Using GPU: NVIDIA A100-SXM4-80GB
[AE-IS] Architecture: 256 → 134 → 12 → 134 → 256
[AE-IS] Training autoencoder on 7379 instances (256 features) for up to 20 epochs …
  Epoch   1/20 — loss: 0.788903 (best: 0.788903)
  Epoch  10/20 — loss: 0.521452 (best: 0.521452)
  Epoch  20/20 — loss: 0.492493 (best: 0.492493)
[AE-IS] Training finished — best loss: 0.492493
[AE-IS] Reconstruction error stats — min: 0.057511, median: 0.369695, max: 1.836549
[AE-IS] Redundant instances: 2952, removing 1476 with beta=0.5
[AE-IS] Noise instances: 2214, removing 368 with theta=0.1666666
[AE-IS] Removed 1476 redundant + 368 noisy = 1844 total instances
[AE-IS] Kept 5535 / 7379 (reduction = 24.99%)
Result: 
[6.575430393218994, 4.939704895019531, 4.951559543609619, 4.916669845581055, 4.903125524520874, 4.925329208374023]
Fold 6
Fold 6
[AE-IS] Using GPU: NVIDIA A100-SXM4-80GB
[AE-IS] Architecture: 256 → 134 → 12 → 134 → 256
[AE-IS] Training autoencoder on 7380 instances (256 features) for up to 20 epochs …
  Epoch   1/20 — loss: 0.782923 (best: 0.782923)
  Epoch  10/20 — loss: 0.517693 (best: 0.517693)
  Epoch  20/20 — loss: 0.492657 (best: 0.492657)
[AE-IS] Training finished — best loss: 0.492657
[AE-IS] Reconstruction error stats — min: 0.075116, median: 0.369935, max: 1.827190
[AE-IS] Redundant instances: 2952, removing 1476 with beta=0.5
[AE-IS] Noise instances: 2214, removing 368 with theta=0.1666666
[AE-IS] Removed 1476 redundant + 368 noisy = 1844 total instances
[AE-IS] Kept 5536 / 7380 (reduction = 24.99%)
Result: 
[6.575430393218994, 4.939704895019531, 4.951559543609619, 4.916669845581055, 4.903125524520874, 4.925329208374023, 4.917098522186279]
Fold 7
Fold 7
[AE-IS] Using GPU: NVIDIA A100-SXM4-80GB
[AE-IS] Architecture: 256 → 134 → 12 → 134 → 256
[AE-IS] Training autoencoder on 7381 instances (256 features) for up to 20 epochs …
  Epoch   1/20 — loss: 0.789242 (best: 0.789242)
  Epoch  10/20 — loss: 0.520426 (best: 0.520426)
  Epoch  20/20 — loss: 0.493141 (best: 0.493141)
[AE-IS] Training finished — best loss: 0.493141
[AE-IS] Reconstruction error stats — min: 0.067696, median: 0.369557, max: 1.748011
[AE-IS] Redundant instances: 2952, removing 1476 with beta=0.5
[AE-IS] Noise instances: 2214, removing 368 with theta=0.1666666
[AE-IS] Removed 1476 redundant + 368 noisy = 1844 total instances
[AE-IS] Kept 5537 / 7381 (reduction = 24.98%)
Result: 
[6.575430393218994, 4.939704895019531, 4.951559543609619, 4.916669845581055, 4.903125524520874, 4.925329208374023, 4.917098522186279, 4.930755615234375]
Fold 8
Fold 8
[AE-IS] Using GPU: NVIDIA A100-SXM4-80GB
[AE-IS] Architecture: 256 → 134 → 12 → 134 → 256
[AE-IS] Training autoencoder on 7382 instances (256 features) for up to 20 epochs …
  Epoch   1/20 — loss: 0.783662 (best: 0.783662)
  Epoch  10/20 — loss: 0.520903 (best: 0.520903)
  Epoch  20/20 — loss: 0.493216 (best: 0.493216)
[AE-IS] Training finished — best loss: 0.493216
[AE-IS] Reconstruction error stats — min: 0.066687, median: 0.366850, max: 1.647116
[AE-IS] Redundant instances: 2953, removing 1476 with beta=0.5
[AE-IS] Noise instances: 2215, removing 369 with theta=0.1666666
[AE-IS] Removed 1476 redundant + 369 noisy = 1845 total instances
[AE-IS] Kept 5537 / 7382 (reduction = 24.99%)
Result: 
[6.575430393218994, 4.939704895019531, 4.951559543609619, 4.916669845581055, 4.903125524520874, 4.925329208374023, 4.917098522186279, 4.930755615234375, 4.913866996765137]
Fold 9
Fold 9
[AE-IS] Using GPU: NVIDIA A100-SXM4-80GB
[AE-IS] Architecture: 256 → 134 → 12 → 134 → 256
[AE-IS] Training autoencoder on 7382 instances (256 features) for up to 20 epochs …
  Epoch   1/20 — loss: 0.787059 (best: 0.787059)
  Epoch  10/20 — loss: 0.518738 (best: 0.518738)
  Epoch  20/20 — loss: 0.493715 (best: 0.492907)
[AE-IS] Training finished — best loss: 0.492907
[AE-IS] Reconstruction error stats — min: 0.061276, median: 0.371414, max: 1.861378
[AE-IS] Redundant instances: 2953, removing 1476 with beta=0.5
[AE-IS] Noise instances: 2215, removing 369 with theta=0.1666666
[AE-IS] Removed 1476 redundant + 369 noisy = 1845 total instances
[AE-IS] Kept 5537 / 7382 (reduction = 24.99%)
Result: 
[6.575430393218994, 4.939704895019531, 4.951559543609619, 4.916669845581055, 4.903125524520874, 4.925329208374023, 4.917098522186279, 4.930755615234375, 4.913866996765137, 4.921755075454712]
time: 5.08952956199646
time std: 0.49547153144563244
reducion: 0.24985430986672624
reducion std: 5.0383376460795766e-05
END
