Namespace(dataset='webkb', method='biois', folds=10, save=True, inputrep='jina-v5', out='/data/bernardolemos/results/jina-v5/instance_selection', datain='/data/bernardolemos/datasets', overwrite=1, inputdir='/data/bernardolemos/datasets/webkb/jina-v5/', splitdir='/data/bernardolemos/datasets/webkb/splits/', outputdir='/data/bernardolemos/results/jina-v5/instance_selection/selection/webkb/', filename='/data/bernardolemos/results/jina-v5/instance_selection/selection/webkb//saida_biois', start_time='30-06-2026 13:42:21')
Namespace(dataset='webkb', method='biois', folds=10, save=True, inputrep='jina-v5', out='/data/bernardolemos/results/jina-v5/instance_selection', datain='/data/bernardolemos/datasets', overwrite=1, inputdir='/data/bernardolemos/datasets/webkb/jina-v5/', splitdir='/data/bernardolemos/datasets/webkb/splits/', outputdir='/data/bernardolemos/results/jina-v5/instance_selection/selection/webkb/', filename='/data/bernardolemos/results/jina-v5/instance_selection/selection/webkb//saida_biois', start_time='30-06-2026 13:42:21')
/data/bernardolemos/datasets/webkb/splits//split_10.pkl
Fold 0
Fold 0
Micro: 0.7302060737527115
Macro: 0.5761637722988382
Result: 
[5.524099349975586]
Fold 1
Fold 1
Micro: 0.7315982106547377
Macro: 0.576424877880782
Result: 
[5.524099349975586, 5.3972063064575195]
Fold 2
Fold 2
Micro: 0.7313635131471944
Macro: 0.579730688830508
Result: 
[5.524099349975586, 5.3972063064575195, 5.368788957595825]
Fold 3
Fold 3
Micro: 0.7291949037679588
Macro: 0.5755117486502545
Result: 
[5.524099349975586, 5.3972063064575195, 5.368788957595825, 5.51462459564209]
Fold 4
Fold 4
Micro: 0.7294659799403632
Macro: 0.575491764048837
Result: 
[5.524099349975586, 5.3972063064575195, 5.368788957595825, 5.51462459564209, 5.706093788146973]
Fold 5
Fold 5
Micro: 0.7292316031982653
Macro: 0.572840994929936
Result: 
[5.524099349975586, 5.3972063064575195, 5.368788957595825, 5.51462459564209, 5.706093788146973, 5.508298397064209]
Fold 6
Fold 6
/app/venv/lib/python3.12/site-packages/sklearn/linear_model/_logistic.py:599: ConvergenceWarning: lbfgs failed to converge after 100 iteration(s) (status=1):
STOP: TOTAL NO. OF ITERATIONS REACHED LIMIT

Increase the number of iterations to improve the convergence (max_iter=100).
You might also want to scale the data as shown in:
    https://scikit-learn.org/stable/modules/preprocessing.html
Please also refer to the documentation for alternative solver options:
    https://scikit-learn.org/stable/modules/linear_model.html#logistic-regression
  n_iter_i = _check_optimize_result(
Micro: 0.7281842818428185
Macro: 0.5705177656131438
Result: 
[5.524099349975586, 5.3972063064575195, 5.368788957595825, 5.51462459564209, 5.706093788146973, 5.508298397064209, 5.514033794403076]
Fold 7
Fold 7
Micro: 0.7297114212166373
Macro: 0.572835512687184
Result: 
[5.524099349975586, 5.3972063064575195, 5.368788957595825, 5.51462459564209, 5.706093788146973, 5.508298397064209, 5.514033794403076, 5.376495361328125]
Fold 8
Fold 8
Micro: 0.7306962882687619
Macro: 0.5753286353902398
Result: 
[5.524099349975586, 5.3972063064575195, 5.368788957595825, 5.51462459564209, 5.706093788146973, 5.508298397064209, 5.514033794403076, 5.376495361328125, 5.453127384185791]
Fold 9
Fold 9
Micro: 0.7302898943375778
Macro: 0.5779919650360973
Result: 
[5.524099349975586, 5.3972063064575195, 5.368788957595825, 5.51462459564209, 5.706093788146973, 5.508298397064209, 5.514033794403076, 5.376495361328125, 5.453127384185791, 5.451789140701294]
time: 5.481455707550049
time std: 0.09362361660187647
reducion: 0.3849385269690523
reducion std: 0.0005037581242851478
END
