Namespace(dataset='webkb', method='adaptive-cluster-is', folds=10, save=True, inputrep='jina-v5', out='/data/bernardolemos/results/jina-v5/instance_selection', datain='/data/bernardolemos/datasets', overwrite=1, inputdir='/data/bernardolemos/datasets/webkb/jina-v5/', splitdir='/data/bernardolemos/datasets/webkb/splits/', outputdir='/data/bernardolemos/results/jina-v5/instance_selection/selection/webkb/', filename='/data/bernardolemos/results/jina-v5/instance_selection/selection/webkb//saida_adaptive-cluster-is', start_time='30-06-2026 13:40:50')
Namespace(dataset='webkb', method='adaptive-cluster-is', folds=10, save=True, inputrep='jina-v5', out='/data/bernardolemos/results/jina-v5/instance_selection', datain='/data/bernardolemos/datasets', overwrite=1, inputdir='/data/bernardolemos/datasets/webkb/jina-v5/', splitdir='/data/bernardolemos/datasets/webkb/splits/', outputdir='/data/bernardolemos/results/jina-v5/instance_selection/selection/webkb/', filename='/data/bernardolemos/results/jina-v5/instance_selection/selection/webkb//saida_adaptive-cluster-is', start_time='30-06-2026 13:40:50')
/data/bernardolemos/datasets/webkb/splits//split_10.pkl
Fold 0
Fold 0
[AdaptiveClusterIS] Step 1 — scoring via 'autoencoder' …
[AE-IS] Using GPU: NVIDIA A100-SXM4-80GB
[AE-IS] Architecture: 256 → 160 → 64 → 160 → 256
[AE-IS] Training autoencoder on 7376 instances (256 features) for up to 50 epochs …
  Epoch   1/50 — loss: 0.963702 (best: 0.963702)
  Epoch  10/50 — loss: 0.457334 (best: 0.457334)
  Epoch  20/50 — loss: 0.386941 (best: 0.386941)
  Epoch  30/50 — loss: 0.358325 (best: 0.358325)
  Epoch  40/50 — loss: 0.342220 (best: 0.342220)
  Epoch  50/50 — loss: 0.330296 (best: 0.330296)
[AE-IS] Training finished — best loss: 0.330296
[AE-IS] Reconstruction error stats — min: 0.039795, median: 0.221549, max: 1.324005
[AE-IS] Removed 0 redundant + 0 noisy = 0 total instances
[AE-IS] Kept 7376 / 7376 (reduction = 0.00%)
[AdaptiveClusterIS] Step 1.5 — Local Normalization (KNN) …
[AdaptiveClusterIS] Step 2 — clustering into 30 groups …
[AdaptiveClusterIS] Cluster sizes: min=68, median=227, max=517
[AdaptiveClusterIS] Removal rates: min=0.188, median=0.385, max=0.527
[AdaptiveClusterIS] Step 3 — applying cluster selection …
[AdaptiveClusterIS] Done — removed 3086 / 7376 (reduction = 41.84%)
Result: 
[6.423670768737793]
Fold 1
Fold 1
[AdaptiveClusterIS] Step 1 — scoring via 'autoencoder' …
[AE-IS] Using GPU: NVIDIA A100-SXM4-80GB
[AE-IS] Architecture: 256 → 160 → 64 → 160 → 256
[AE-IS] Training autoencoder on 7377 instances (256 features) for up to 50 epochs …
  Epoch   1/50 — loss: 0.966077 (best: 0.966077)
  Epoch  10/50 — loss: 0.458949 (best: 0.458949)
  Epoch  20/50 — loss: 0.386730 (best: 0.386730)
  Epoch  30/50 — loss: 0.358377 (best: 0.358377)
  Epoch  40/50 — loss: 0.342128 (best: 0.342128)
  Epoch  50/50 — loss: 0.330947 (best: 0.330947)
[AE-IS] Training finished — best loss: 0.330947
[AE-IS] Reconstruction error stats — min: 0.037317, median: 0.221865, max: 1.352498
[AE-IS] Removed 0 redundant + 0 noisy = 0 total instances
[AE-IS] Kept 7377 / 7377 (reduction = 0.00%)
[AdaptiveClusterIS] Step 1.5 — Local Normalization (KNN) …
[AdaptiveClusterIS] Step 2 — clustering into 30 groups …
[AdaptiveClusterIS] Cluster sizes: min=25, median=239, max=530
[AdaptiveClusterIS] Removal rates: min=0.089, median=0.385, max=0.523
[AdaptiveClusterIS] Step 3 — applying cluster selection …
[AdaptiveClusterIS] Done — removed 3043 / 7377 (reduction = 41.25%)
Result: 
[6.423670768737793, 4.396289587020874]
Fold 2
Fold 2
[AdaptiveClusterIS] Step 1 — scoring via 'autoencoder' …
[AE-IS] Using GPU: NVIDIA A100-SXM4-80GB
[AE-IS] Architecture: 256 → 160 → 64 → 160 → 256
[AE-IS] Training autoencoder on 7378 instances (256 features) for up to 50 epochs …
  Epoch   1/50 — loss: 0.965830 (best: 0.965830)
  Epoch  10/50 — loss: 0.456536 (best: 0.456536)
  Epoch  20/50 — loss: 0.387436 (best: 0.387436)
  Epoch  30/50 — loss: 0.358274 (best: 0.358274)
  Epoch  40/50 — loss: 0.342718 (best: 0.342718)
  Epoch  50/50 — loss: 0.332371 (best: 0.331060)
[AE-IS] Training finished — best loss: 0.331060
[AE-IS] Reconstruction error stats — min: 0.036502, median: 0.222582, max: 1.276953
[AE-IS] Removed 0 redundant + 0 noisy = 0 total instances
[AE-IS] Kept 7378 / 7378 (reduction = 0.00%)
[AdaptiveClusterIS] Step 1.5 — Local Normalization (KNN) …
[AdaptiveClusterIS] Step 2 — clustering into 30 groups …
[AdaptiveClusterIS] Cluster sizes: min=75, median=223, max=601
[AdaptiveClusterIS] Removal rates: min=0.204, median=0.385, max=0.552
[AdaptiveClusterIS] Step 3 — applying cluster selection …
[AdaptiveClusterIS] Done — removed 3100 / 7378 (reduction = 42.02%)
Result: 
[6.423670768737793, 4.396289587020874, 5.318790435791016]
Fold 3
Fold 3
[AdaptiveClusterIS] Step 1 — scoring via 'autoencoder' …
[AE-IS] Using GPU: NVIDIA A100-SXM4-80GB
[AE-IS] Architecture: 256 → 160 → 64 → 160 → 256
[AE-IS] Training autoencoder on 7378 instances (256 features) for up to 50 epochs …
  Epoch   1/50 — loss: 0.964070 (best: 0.964070)
  Epoch  10/50 — loss: 0.459164 (best: 0.459164)
  Epoch  20/50 — loss: 0.389396 (best: 0.389396)
  Epoch  30/50 — loss: 0.359212 (best: 0.359212)
  Epoch  40/50 — loss: 0.343818 (best: 0.343302)
  Epoch  50/50 — loss: 0.332194 (best: 0.332194)
[AE-IS] Training finished — best loss: 0.332194
[AE-IS] Reconstruction error stats — min: 0.034250, median: 0.222153, max: 1.344908
[AE-IS] Removed 0 redundant + 0 noisy = 0 total instances
[AE-IS] Kept 7378 / 7378 (reduction = 0.00%)
[AdaptiveClusterIS] Step 1.5 — Local Normalization (KNN) …
[AdaptiveClusterIS] Step 2 — clustering into 30 groups …
[AdaptiveClusterIS] Cluster sizes: min=37, median=224, max=800
[AdaptiveClusterIS] Removal rates: min=0.123, median=0.385, max=0.590
[AdaptiveClusterIS] Step 3 — applying cluster selection …
[AdaptiveClusterIS] Done — removed 3127 / 7378 (reduction = 42.38%)
Result: 
[6.423670768737793, 4.396289587020874, 5.318790435791016, 5.227514743804932]
Fold 4
Fold 4
[AdaptiveClusterIS] Step 1 — scoring via 'autoencoder' …
[AE-IS] Using GPU: NVIDIA A100-SXM4-80GB
[AE-IS] Architecture: 256 → 160 → 64 → 160 → 256
[AE-IS] Training autoencoder on 7378 instances (256 features) for up to 50 epochs …
  Epoch   1/50 — loss: 0.964956 (best: 0.964956)
  Epoch  10/50 — loss: 0.457511 (best: 0.457511)
  Epoch  20/50 — loss: 0.389456 (best: 0.389456)
  Epoch  30/50 — loss: 0.358150 (best: 0.358150)
  Epoch  40/50 — loss: 0.343662 (best: 0.343563)
  Epoch  50/50 — loss: 0.330734 (best: 0.330734)
[AE-IS] Training finished — best loss: 0.330734
[AE-IS] Reconstruction error stats — min: 0.039463, median: 0.220758, max: 1.320229
[AE-IS] Removed 0 redundant + 0 noisy = 0 total instances
[AE-IS] Kept 7378 / 7378 (reduction = 0.00%)
[AdaptiveClusterIS] Step 1.5 — Local Normalization (KNN) …
[AdaptiveClusterIS] Step 2 — clustering into 30 groups …
[AdaptiveClusterIS] Cluster sizes: min=76, median=203, max=581
[AdaptiveClusterIS] Removal rates: min=0.219, median=0.385, max=0.561
[AdaptiveClusterIS] Step 3 — applying cluster selection …
[AdaptiveClusterIS] Done — removed 3224 / 7378 (reduction = 43.70%)
Result: 
[6.423670768737793, 4.396289587020874, 5.318790435791016, 5.227514743804932, 5.321863651275635]
Fold 5
Fold 5
[AdaptiveClusterIS] Step 1 — scoring via 'autoencoder' …
[AE-IS] Using GPU: NVIDIA A100-SXM4-80GB
[AE-IS] Architecture: 256 → 160 → 64 → 160 → 256
[AE-IS] Training autoencoder on 7379 instances (256 features) for up to 50 epochs …
  Epoch   1/50 — loss: 0.962002 (best: 0.962002)
  Epoch  10/50 — loss: 0.458085 (best: 0.458085)
  Epoch  20/50 — loss: 0.387484 (best: 0.387484)
  Epoch  30/50 — loss: 0.359930 (best: 0.359930)
  Epoch  40/50 — loss: 0.342588 (best: 0.342588)
  Epoch  50/50 — loss: 0.331240 (best: 0.331240)
[AE-IS] Training finished — best loss: 0.331240
[AE-IS] Reconstruction error stats — min: 0.043350, median: 0.220859, max: 1.291178
[AE-IS] Removed 0 redundant + 0 noisy = 0 total instances
[AE-IS] Kept 7379 / 7379 (reduction = 0.00%)
[AdaptiveClusterIS] Step 1.5 — Local Normalization (KNN) …
[AdaptiveClusterIS] Step 2 — clustering into 30 groups …
[AdaptiveClusterIS] Cluster sizes: min=61, median=205, max=638
[AdaptiveClusterIS] Removal rates: min=0.187, median=0.385, max=0.572
[AdaptiveClusterIS] Step 3 — applying cluster selection …
[AdaptiveClusterIS] Done — removed 3259 / 7379 (reduction = 44.17%)
Result: 
[6.423670768737793, 4.396289587020874, 5.318790435791016, 5.227514743804932, 5.321863651275635, 5.693960428237915]
Fold 6
Fold 6
[AdaptiveClusterIS] Step 1 — scoring via 'autoencoder' …
[AE-IS] Using GPU: NVIDIA A100-SXM4-80GB
[AE-IS] Architecture: 256 → 160 → 64 → 160 → 256
[AE-IS] Training autoencoder on 7380 instances (256 features) for up to 50 epochs …
  Epoch   1/50 — loss: 0.963555 (best: 0.963555)
  Epoch  10/50 — loss: 0.458988 (best: 0.458988)
  Epoch  20/50 — loss: 0.388403 (best: 0.388403)
  Epoch  30/50 — loss: 0.359500 (best: 0.359500)
  Epoch  40/50 — loss: 0.341388 (best: 0.341388)
  Epoch  50/50 — loss: 0.331662 (best: 0.331662)
[AE-IS] Training finished — best loss: 0.331662
[AE-IS] Reconstruction error stats — min: 0.036171, median: 0.222182, max: 1.323965
[AE-IS] Removed 0 redundant + 0 noisy = 0 total instances
[AE-IS] Kept 7380 / 7380 (reduction = 0.00%)
[AdaptiveClusterIS] Step 1.5 — Local Normalization (KNN) …
[AdaptiveClusterIS] Step 2 — clustering into 30 groups …
[AdaptiveClusterIS] Cluster sizes: min=61, median=236, max=570
[AdaptiveClusterIS] Removal rates: min=0.170, median=0.385, max=0.536
[AdaptiveClusterIS] Step 3 — applying cluster selection …
[AdaptiveClusterIS] Done — removed 3036 / 7380 (reduction = 41.14%)
Result: 
[6.423670768737793, 4.396289587020874, 5.318790435791016, 5.227514743804932, 5.321863651275635, 5.693960428237915, 5.828642129898071]
Fold 7
Fold 7
[AdaptiveClusterIS] Step 1 — scoring via 'autoencoder' …
[AE-IS] Using GPU: NVIDIA A100-SXM4-80GB
[AE-IS] Architecture: 256 → 160 → 64 → 160 → 256
[AE-IS] Training autoencoder on 7381 instances (256 features) for up to 50 epochs …
  Epoch   1/50 — loss: 0.963771 (best: 0.963771)
  Epoch  10/50 — loss: 0.460196 (best: 0.460196)
  Epoch  20/50 — loss: 0.390199 (best: 0.390199)
  Epoch  30/50 — loss: 0.360796 (best: 0.360796)
  Epoch  40/50 — loss: 0.345999 (best: 0.345239)
  Epoch  50/50 — loss: 0.332619 (best: 0.332619)
[AE-IS] Training finished — best loss: 0.332619
[AE-IS] Reconstruction error stats — min: 0.039355, median: 0.223488, max: 1.318756
[AE-IS] Removed 0 redundant + 0 noisy = 0 total instances
[AE-IS] Kept 7381 / 7381 (reduction = 0.00%)
[AdaptiveClusterIS] Step 1.5 — Local Normalization (KNN) …
[AdaptiveClusterIS] Step 2 — clustering into 30 groups …
[AdaptiveClusterIS] Cluster sizes: min=75, median=219, max=590
[AdaptiveClusterIS] Removal rates: min=0.206, median=0.385, max=0.552
[AdaptiveClusterIS] Step 3 — applying cluster selection …
[AdaptiveClusterIS] Done — removed 3128 / 7381 (reduction = 42.38%)
Result: 
[6.423670768737793, 4.396289587020874, 5.318790435791016, 5.227514743804932, 5.321863651275635, 5.693960428237915, 5.828642129898071, 5.349172115325928]
Fold 8
Fold 8
[AdaptiveClusterIS] Step 1 — scoring via 'autoencoder' …
[AE-IS] Using GPU: NVIDIA A100-SXM4-80GB
[AE-IS] Architecture: 256 → 160 → 64 → 160 → 256
[AE-IS] Training autoencoder on 7382 instances (256 features) for up to 50 epochs …
  Epoch   1/50 — loss: 0.963029 (best: 0.963029)
  Epoch  10/50 — loss: 0.456916 (best: 0.456916)
  Epoch  20/50 — loss: 0.388903 (best: 0.388903)
  Epoch  30/50 — loss: 0.359661 (best: 0.359661)
  Epoch  40/50 — loss: 0.341617 (best: 0.341617)
  Epoch  50/50 — loss: 0.331948 (best: 0.331322)
[AE-IS] Training finished — best loss: 0.331322
[AE-IS] Reconstruction error stats — min: 0.038260, median: 0.223447, max: 1.120254
[AE-IS] Removed 0 redundant + 0 noisy = 0 total instances
[AE-IS] Kept 7382 / 7382 (reduction = 0.00%)
[AdaptiveClusterIS] Step 1.5 — Local Normalization (KNN) …
[AdaptiveClusterIS] Step 2 — clustering into 30 groups …
[AdaptiveClusterIS] Cluster sizes: min=50, median=200, max=790
[AdaptiveClusterIS] Removal rates: min=0.166, median=0.385, max=0.603
[AdaptiveClusterIS] Step 3 — applying cluster selection …
[AdaptiveClusterIS] Done — removed 3293 / 7382 (reduction = 44.61%)
Result: 
[6.423670768737793, 4.396289587020874, 5.318790435791016, 5.227514743804932, 5.321863651275635, 5.693960428237915, 5.828642129898071, 5.349172115325928, 5.4023356437683105]
Fold 9
Fold 9
[AdaptiveClusterIS] Step 1 — scoring via 'autoencoder' …
[AE-IS] Using GPU: NVIDIA A100-SXM4-80GB
[AE-IS] Architecture: 256 → 160 → 64 → 160 → 256
[AE-IS] Training autoencoder on 7382 instances (256 features) for up to 50 epochs …
  Epoch   1/50 — loss: 0.965270 (best: 0.965270)
  Epoch  10/50 — loss: 0.456614 (best: 0.456614)
  Epoch  20/50 — loss: 0.389292 (best: 0.389292)
  Epoch  30/50 — loss: 0.359317 (best: 0.359317)
  Epoch  40/50 — loss: 0.343402 (best: 0.343402)
  Epoch  50/50 — loss: 0.331490 (best: 0.331490)
[AE-IS] Training finished — best loss: 0.331490
[AE-IS] Reconstruction error stats — min: 0.036782, median: 0.222264, max: 1.335250
[AE-IS] Removed 0 redundant + 0 noisy = 0 total instances
[AE-IS] Kept 7382 / 7382 (reduction = 0.00%)
[AdaptiveClusterIS] Step 1.5 — Local Normalization (KNN) …
[AdaptiveClusterIS] Step 2 — clustering into 30 groups …
[AdaptiveClusterIS] Cluster sizes: min=100, median=224, max=658
[AdaptiveClusterIS] Removal rates: min=0.245, median=0.385, max=0.565
[AdaptiveClusterIS] Step 3 — applying cluster selection …
[AdaptiveClusterIS] Done — removed 3076 / 7382 (reduction = 41.67%)
Result: 
[6.423670768737793, 4.396289587020874, 5.318790435791016, 5.227514743804932, 5.321863651275635, 5.693960428237915, 5.828642129898071, 5.349172115325928, 5.4023356437683105, 5.469460964202881]
time: 5.443170046806335
time std: 0.4854597734032787
reducion: 0.4251458711508004
reducion std: 0.011601903401039268
END
