Namespace(dataset='wos11967', method='gmm-is', folds=10, save=True, inputrep='jina-v5', out='/data/bernardolemos/results/jina-v5/instance_selection', datain='/data/bernardolemos/datasets', overwrite=1, inputdir='/data/bernardolemos/datasets/wos11967/jina-v5/', splitdir='/data/bernardolemos/datasets/wos11967/splits/', outputdir='/data/bernardolemos/results/jina-v5/instance_selection/selection/wos11967/', filename='/data/bernardolemos/results/jina-v5/instance_selection/selection/wos11967//saida_gmm-is', start_time='30-06-2026 13:36:14')
Namespace(dataset='wos11967', method='gmm-is', folds=10, save=True, inputrep='jina-v5', out='/data/bernardolemos/results/jina-v5/instance_selection', datain='/data/bernardolemos/datasets', overwrite=1, inputdir='/data/bernardolemos/datasets/wos11967/jina-v5/', splitdir='/data/bernardolemos/datasets/wos11967/splits/', outputdir='/data/bernardolemos/results/jina-v5/instance_selection/selection/wos11967/', filename='/data/bernardolemos/results/jina-v5/instance_selection/selection/wos11967//saida_gmm-is', start_time='30-06-2026 13:36:14')
/data/bernardolemos/datasets/wos11967/splits//split_10.pkl
Fold 0
Fold 0
[GMM] Redundant instances: 4308, removing 2584 with beta=0.6
[GMM] Noise instances: 3231, removing 646 with theta=0.2
[GMM] Removed 2584 redundant + 646 noisy = 3230 total instances
[GMM] Kept 7540 / 10770 (reduction = 29.99%)
Result: 
[6.014981985092163]
Fold 1
Fold 1
[GMM] Redundant instances: 4308, removing 2584 with beta=0.6
[GMM] Noise instances: 3231, removing 646 with theta=0.2
[GMM] Removed 2584 redundant + 646 noisy = 3230 total instances
[GMM] Kept 7540 / 10770 (reduction = 29.99%)
Result: 
[6.014981985092163, 4.4616498947143555]
Fold 2
Fold 2
[GMM] Redundant instances: 4308, removing 2584 with beta=0.6
[GMM] Noise instances: 3231, removing 646 with theta=0.2
[GMM] Removed 2584 redundant + 646 noisy = 3230 total instances
[GMM] Kept 7540 / 10770 (reduction = 29.99%)
Result: 
[6.014981985092163, 4.4616498947143555, 3.2248871326446533]
Fold 3
Fold 3
[GMM] Redundant instances: 4308, removing 2584 with beta=0.6
[GMM] Noise instances: 3231, removing 646 with theta=0.2
[GMM] Removed 2584 redundant + 646 noisy = 3230 total instances
[GMM] Kept 7540 / 10770 (reduction = 29.99%)
Result: 
[6.014981985092163, 4.4616498947143555, 3.2248871326446533, 8.476985454559326]
Fold 4
Fold 4
[GMM] Redundant instances: 4308, removing 2584 with beta=0.6
[GMM] Noise instances: 3231, removing 646 with theta=0.2
[GMM] Removed 2584 redundant + 646 noisy = 3230 total instances
[GMM] Kept 7540 / 10770 (reduction = 29.99%)
Result: 
[6.014981985092163, 4.4616498947143555, 3.2248871326446533, 8.476985454559326, 6.656263828277588]
Fold 5
Fold 5
[GMM] Redundant instances: 4308, removing 2584 with beta=0.6
[GMM] Noise instances: 3231, removing 646 with theta=0.2
[GMM] Removed 2584 redundant + 646 noisy = 3230 total instances
[GMM] Kept 7540 / 10770 (reduction = 29.99%)
Result: 
[6.014981985092163, 4.4616498947143555, 3.2248871326446533, 8.476985454559326, 6.656263828277588, 7.260845899581909]
Fold 6
Fold 6
[GMM] Redundant instances: 4308, removing 2584 with beta=0.6
[GMM] Noise instances: 3231, removing 646 with theta=0.2
[GMM] Removed 2584 redundant + 646 noisy = 3230 total instances
[GMM] Kept 7540 / 10770 (reduction = 29.99%)
Result: 
[6.014981985092163, 4.4616498947143555, 3.2248871326446533, 8.476985454559326, 6.656263828277588, 7.260845899581909, 13.772910118103027]
Fold 7
Fold 7
[GMM] Redundant instances: 4308, removing 2584 with beta=0.6
[GMM] Noise instances: 3231, removing 646 with theta=0.2
[GMM] Removed 2584 redundant + 646 noisy = 3230 total instances
[GMM] Kept 7541 / 10771 (reduction = 29.99%)
Result: 
[6.014981985092163, 4.4616498947143555, 3.2248871326446533, 8.476985454559326, 6.656263828277588, 7.260845899581909, 13.772910118103027, 14.69474983215332]
Fold 8
Fold 8
[GMM] Redundant instances: 4308, removing 2584 with beta=0.6
[GMM] Noise instances: 3231, removing 646 with theta=0.2
[GMM] Removed 2584 redundant + 646 noisy = 3230 total instances
[GMM] Kept 7541 / 10771 (reduction = 29.99%)
Result: 
[6.014981985092163, 4.4616498947143555, 3.2248871326446533, 8.476985454559326, 6.656263828277588, 7.260845899581909, 13.772910118103027, 14.69474983215332, 6.201579570770264]
Fold 9
Fold 9
[GMM] Redundant instances: 4308, removing 2584 with beta=0.6
[GMM] Noise instances: 3231, removing 646 with theta=0.2
[GMM] Removed 2584 redundant + 646 noisy = 3230 total instances
[GMM] Kept 7541 / 10771 (reduction = 29.99%)
Result: 
[6.014981985092163, 4.4616498947143555, 3.2248871326446533, 8.476985454559326, 6.656263828277588, 7.260845899581909, 13.772910118103027, 14.69474983215332, 6.201579570770264, 8.203651189804077]
time: 7.896850490570069
time std: 3.5093727341438634
reducion: 0.2998987963053238
reducion std: 1.275969932218681e-05
END
