Namespace(dataset='wos11967', method='adaptive-perplexity', folds=10, save=True, inputrep='jina-v5', out='/data/bernardolemos/results/jina-v5/instance_selection', datain='/data/bernardolemos/datasets', overwrite=1, inputdir='/data/bernardolemos/datasets/wos11967/jina-v5/', splitdir='/data/bernardolemos/datasets/wos11967/splits/', outputdir='/data/bernardolemos/results/jina-v5/instance_selection/selection/wos11967/', filename='/data/bernardolemos/results/jina-v5/instance_selection/selection/wos11967//saida_adaptive-perplexity', start_time='30-06-2026 13:37:59')
Namespace(dataset='wos11967', method='adaptive-perplexity', folds=10, save=True, inputrep='jina-v5', out='/data/bernardolemos/results/jina-v5/instance_selection', datain='/data/bernardolemos/datasets', overwrite=1, inputdir='/data/bernardolemos/datasets/wos11967/jina-v5/', splitdir='/data/bernardolemos/datasets/wos11967/splits/', outputdir='/data/bernardolemos/results/jina-v5/instance_selection/selection/wos11967/', filename='/data/bernardolemos/results/jina-v5/instance_selection/selection/wos11967//saida_adaptive-perplexity', start_time='30-06-2026 13:37:59')
/data/bernardolemos/datasets/wos11967/splits//split_10.pkl
Fold 0
Fold 0
[Adaptive-IS] Step 1 — computing scores via 'autoencoder' …
[AE-IS] Using GPU: NVIDIA A100-SXM4-80GB
[AE-IS] Architecture: 256 → 134 → 12 → 134 → 256
[AE-IS] Training autoencoder on 10770 instances (256 features) for up to 10 epochs …
  Epoch   1/10 — loss: 0.656851 (best: 0.656851)
  Epoch  10/10 — loss: 0.386410 (best: 0.386410)
[AE-IS] Training finished — best loss: 0.386410
[AE-IS] Reconstruction error stats — min: 0.053427, median: 0.298222, max: 1.254267
[AE-IS] Removed 0 redundant + 0 noisy = 0 total instances
[AE-IS] Kept 10770 / 10770 (reduction = 0.00%)
[Adaptive-IS] Score stats — min: 0.0534, median: 0.2982, max: 1.2543
[Adaptive-IS] Step 2 — estimating thresholds via 'gmm_boundary' …
[Adaptive-IS] Estimated params — low_percentile=62.2, high_percentile=90.6, beta=0.600, theta=0.141, imbalance_proxy=0.416
[Adaptive-IS] GMM component means: [0.21329474449157715, 0.3619864284992218, 0.5221303701400757]
[Adaptive-IS] Step 3 — applying selection …
[Adaptive-IS] Redundant candidates: 6702, removing 4021 (beta=0.600)
[Adaptive-IS] Noise candidates: 1014, removing 142 (theta=0.141)
[Adaptive-IS] Removed 4163 instances — kept 6607 / 10770 (reduction = 38.65%)
Result: 
[6.253398895263672]
Fold 1
Fold 1
[Adaptive-IS] Step 1 — computing scores via 'autoencoder' …
[AE-IS] Using GPU: NVIDIA A100-SXM4-80GB
[AE-IS] Architecture: 256 → 134 → 12 → 134 → 256
[AE-IS] Training autoencoder on 10770 instances (256 features) for up to 10 epochs …
  Epoch   1/10 — loss: 0.651582 (best: 0.651582)
  Epoch  10/10 — loss: 0.388933 (best: 0.388933)
[AE-IS] Training finished — best loss: 0.388933
[AE-IS] Reconstruction error stats — min: 0.055063, median: 0.301744, max: 1.220819
[AE-IS] Removed 0 redundant + 0 noisy = 0 total instances
[AE-IS] Kept 10770 / 10770 (reduction = 0.00%)
[Adaptive-IS] Score stats — min: 0.0551, median: 0.3017, max: 1.2208
[Adaptive-IS] Step 2 — estimating thresholds via 'gmm_boundary' …
[Adaptive-IS] Estimated params — low_percentile=62.3, high_percentile=90.5, beta=0.600, theta=0.157, imbalance_proxy=0.413
[Adaptive-IS] GMM component means: [0.21578024327754974, 0.3593062162399292, 0.5071236491203308]
[Adaptive-IS] Step 3 — applying selection …
[Adaptive-IS] Redundant candidates: 6708, removing 4024 (beta=0.600)
[Adaptive-IS] Noise candidates: 1018, removing 159 (theta=0.157)
[Adaptive-IS] Removed 4183 instances — kept 6587 / 10770 (reduction = 38.84%)
Result: 
[6.253398895263672, 4.0280232429504395]
Fold 2
Fold 2
[Adaptive-IS] Step 1 — computing scores via 'autoencoder' …
[AE-IS] Using GPU: NVIDIA A100-SXM4-80GB
[AE-IS] Architecture: 256 → 134 → 12 → 134 → 256
[AE-IS] Training autoencoder on 10770 instances (256 features) for up to 10 epochs …
  Epoch   1/10 — loss: 0.663990 (best: 0.663990)
  Epoch  10/10 — loss: 0.387364 (best: 0.387364)
[AE-IS] Training finished — best loss: 0.387364
[AE-IS] Reconstruction error stats — min: 0.056891, median: 0.300858, max: 1.248124
[AE-IS] Removed 0 redundant + 0 noisy = 0 total instances
[AE-IS] Kept 10770 / 10770 (reduction = 0.00%)
[Adaptive-IS] Score stats — min: 0.0569, median: 0.3009, max: 1.2481
[Adaptive-IS] Step 2 — estimating thresholds via 'gmm_boundary' …
[Adaptive-IS] Estimated params — low_percentile=58.5, high_percentile=90.2, beta=0.600, theta=0.155, imbalance_proxy=0.424
[Adaptive-IS] GMM component means: [0.20858776569366455, 0.3608654737472534, 0.5172555446624756]
[Adaptive-IS] Step 3 — applying selection …
[Adaptive-IS] Redundant candidates: 6299, removing 3779 (beta=0.600)
[Adaptive-IS] Noise candidates: 1060, removing 164 (theta=0.155)
[Adaptive-IS] Removed 3943 instances — kept 6827 / 10770 (reduction = 36.61%)
Result: 
[6.253398895263672, 4.0280232429504395, 4.010008811950684]
Fold 3
Fold 3
[Adaptive-IS] Step 1 — computing scores via 'autoencoder' …
[AE-IS] Using GPU: NVIDIA A100-SXM4-80GB
[AE-IS] Architecture: 256 → 134 → 12 → 134 → 256
[AE-IS] Training autoencoder on 10770 instances (256 features) for up to 10 epochs …
  Epoch   1/10 — loss: 0.653857 (best: 0.653857)
  Epoch  10/10 — loss: 0.385563 (best: 0.385563)
[AE-IS] Training finished — best loss: 0.385563
[AE-IS] Reconstruction error stats — min: 0.053862, median: 0.300939, max: 1.336850
[AE-IS] Removed 0 redundant + 0 noisy = 0 total instances
[AE-IS] Kept 10770 / 10770 (reduction = 0.00%)
[Adaptive-IS] Score stats — min: 0.0539, median: 0.3009, max: 1.3369
[Adaptive-IS] Step 2 — estimating thresholds via 'gmm_boundary' …
[Adaptive-IS] Estimated params — low_percentile=61.5, high_percentile=91.7, beta=0.600, theta=0.129, imbalance_proxy=0.423
[Adaptive-IS] GMM component means: [0.21328416466712952, 0.36994582414627075, 0.5235266089439392]
[Adaptive-IS] Step 3 — applying selection …
[Adaptive-IS] Redundant candidates: 6624, removing 3974 (beta=0.600)
[Adaptive-IS] Noise candidates: 893, removing 115 (theta=0.129)
[Adaptive-IS] Removed 4089 instances — kept 6681 / 10770 (reduction = 37.97%)
Result: 
[6.253398895263672, 4.0280232429504395, 4.010008811950684, 4.6303935050964355]
Fold 4
Fold 4
[Adaptive-IS] Step 1 — computing scores via 'autoencoder' …
[AE-IS] Using GPU: NVIDIA A100-SXM4-80GB
[AE-IS] Architecture: 256 → 134 → 12 → 134 → 256
[AE-IS] Training autoencoder on 10770 instances (256 features) for up to 10 epochs …
  Epoch   1/10 — loss: 0.657768 (best: 0.657768)
  Epoch  10/10 — loss: 0.388283 (best: 0.388283)
[AE-IS] Training finished — best loss: 0.388283
[AE-IS] Reconstruction error stats — min: 0.053401, median: 0.306668, max: 1.248047
[AE-IS] Removed 0 redundant + 0 noisy = 0 total instances
[AE-IS] Kept 10770 / 10770 (reduction = 0.00%)
[Adaptive-IS] Score stats — min: 0.0534, median: 0.3067, max: 1.2480
[Adaptive-IS] Step 2 — estimating thresholds via 'gmm_boundary' …
[Adaptive-IS] Estimated params — low_percentile=58.5, high_percentile=90.0, beta=0.600, theta=0.146, imbalance_proxy=0.424
[Adaptive-IS] GMM component means: [0.21052907407283783, 0.36587005853652954, 0.5278482437133789]
[Adaptive-IS] Step 3 — applying selection …
[Adaptive-IS] Redundant candidates: 6305, removing 3783 (beta=0.600)
[Adaptive-IS] Noise candidates: 1081, removing 158 (theta=0.146)
[Adaptive-IS] Removed 3941 instances — kept 6829 / 10770 (reduction = 36.59%)
Result: 
[6.253398895263672, 4.0280232429504395, 4.010008811950684, 4.6303935050964355, 3.88687801361084]
Fold 5
Fold 5
[Adaptive-IS] Step 1 — computing scores via 'autoencoder' …
[AE-IS] Using GPU: NVIDIA A100-SXM4-80GB
[AE-IS] Architecture: 256 → 134 → 12 → 134 → 256
[AE-IS] Training autoencoder on 10770 instances (256 features) for up to 10 epochs …
  Epoch   1/10 — loss: 0.661135 (best: 0.661135)
  Epoch  10/10 — loss: 0.385533 (best: 0.385533)
[AE-IS] Training finished — best loss: 0.385533
[AE-IS] Reconstruction error stats — min: 0.049294, median: 0.302250, max: 1.204978
[AE-IS] Removed 0 redundant + 0 noisy = 0 total instances
[AE-IS] Kept 10770 / 10770 (reduction = 0.00%)
[Adaptive-IS] Score stats — min: 0.0493, median: 0.3022, max: 1.2050
[Adaptive-IS] Step 2 — estimating thresholds via 'gmm_boundary' …
[Adaptive-IS] Estimated params — low_percentile=60.1, high_percentile=90.3, beta=0.600, theta=0.142, imbalance_proxy=0.412
[Adaptive-IS] GMM component means: [0.21244041621685028, 0.36245298385620117, 0.5257064700126648]
[Adaptive-IS] Step 3 — applying selection …
[Adaptive-IS] Redundant candidates: 6475, removing 3885 (beta=0.600)
[Adaptive-IS] Noise candidates: 1049, removing 148 (theta=0.142)
[Adaptive-IS] Removed 4033 instances — kept 6737 / 10770 (reduction = 37.45%)
Result: 
[6.253398895263672, 4.0280232429504395, 4.010008811950684, 4.6303935050964355, 3.88687801361084, 3.864565372467041]
Fold 6
Fold 6
[Adaptive-IS] Step 1 — computing scores via 'autoencoder' …
[AE-IS] Using GPU: NVIDIA A100-SXM4-80GB
[AE-IS] Architecture: 256 → 134 → 12 → 134 → 256
[AE-IS] Training autoencoder on 10770 instances (256 features) for up to 10 epochs …
  Epoch   1/10 — loss: 0.656187 (best: 0.656187)
  Epoch  10/10 — loss: 0.387400 (best: 0.387400)
[AE-IS] Training finished — best loss: 0.387400
[AE-IS] Reconstruction error stats — min: 0.051847, median: 0.304179, max: 1.217541
[AE-IS] Removed 0 redundant + 0 noisy = 0 total instances
[AE-IS] Kept 10770 / 10770 (reduction = 0.00%)
[Adaptive-IS] Score stats — min: 0.0518, median: 0.3042, max: 1.2175
[Adaptive-IS] Step 2 — estimating thresholds via 'gmm_boundary' …
[Adaptive-IS] Estimated params — low_percentile=58.9, high_percentile=90.1, beta=0.600, theta=0.149, imbalance_proxy=0.415
[Adaptive-IS] GMM component means: [0.20949947834014893, 0.3638290762901306, 0.5249674916267395]
[Adaptive-IS] Step 3 — applying selection …
[Adaptive-IS] Redundant candidates: 6346, removing 3807 (beta=0.600)
[Adaptive-IS] Noise candidates: 1066, removing 159 (theta=0.149)
[Adaptive-IS] Removed 3966 instances — kept 6804 / 10770 (reduction = 36.82%)
Result: 
[6.253398895263672, 4.0280232429504395, 4.010008811950684, 4.6303935050964355, 3.88687801361084, 3.864565372467041, 3.877323865890503]
Fold 7
Fold 7
[Adaptive-IS] Step 1 — computing scores via 'autoencoder' …
[AE-IS] Using GPU: NVIDIA A100-SXM4-80GB
[AE-IS] Architecture: 256 → 134 → 12 → 134 → 256
[AE-IS] Training autoencoder on 10771 instances (256 features) for up to 10 epochs …
  Epoch   1/10 — loss: 0.663270 (best: 0.663270)
  Epoch  10/10 — loss: 0.387090 (best: 0.387090)
[AE-IS] Training finished — best loss: 0.387090
[AE-IS] Reconstruction error stats — min: 0.055686, median: 0.301350, max: 1.228934
[AE-IS] Removed 0 redundant + 0 noisy = 0 total instances
[AE-IS] Kept 10771 / 10771 (reduction = 0.00%)
[Adaptive-IS] Score stats — min: 0.0557, median: 0.3014, max: 1.2289
[Adaptive-IS] Step 2 — estimating thresholds via 'gmm_boundary' …
[Adaptive-IS] Estimated params — low_percentile=63.5, high_percentile=91.6, beta=0.600, theta=0.120, imbalance_proxy=0.417
[Adaptive-IS] GMM component means: [0.21747073531150818, 0.37246236205101013, 0.5430139303207397]
[Adaptive-IS] Step 3 — applying selection …
[Adaptive-IS] Redundant candidates: 6836, removing 4101 (beta=0.600)
[Adaptive-IS] Noise candidates: 905, removing 108 (theta=0.120)
[Adaptive-IS] Removed 4209 instances — kept 6562 / 10771 (reduction = 39.08%)
Result: 
[6.253398895263672, 4.0280232429504395, 4.010008811950684, 4.6303935050964355, 3.88687801361084, 3.864565372467041, 3.877323865890503, 3.8826191425323486]
Fold 8
Fold 8
[Adaptive-IS] Step 1 — computing scores via 'autoencoder' …
[AE-IS] Using GPU: NVIDIA A100-SXM4-80GB
[AE-IS] Architecture: 256 → 134 → 12 → 134 → 256
[AE-IS] Training autoencoder on 10771 instances (256 features) for up to 10 epochs …
  Epoch   1/10 — loss: 0.659085 (best: 0.659085)
  Epoch  10/10 — loss: 0.383857 (best: 0.383857)
[AE-IS] Training finished — best loss: 0.383857
[AE-IS] Reconstruction error stats — min: 0.052065, median: 0.299477, max: 1.134266
[AE-IS] Removed 0 redundant + 0 noisy = 0 total instances
[AE-IS] Kept 10771 / 10771 (reduction = 0.00%)
[Adaptive-IS] Score stats — min: 0.0521, median: 0.2995, max: 1.1343
[Adaptive-IS] Step 2 — estimating thresholds via 'gmm_boundary' …
[Adaptive-IS] Estimated params — low_percentile=60.0, high_percentile=90.0, beta=0.600, theta=0.153, imbalance_proxy=0.423
[Adaptive-IS] GMM component means: [0.21092616021633148, 0.35865962505340576, 0.5140105485916138]
[Adaptive-IS] Step 3 — applying selection …
[Adaptive-IS] Redundant candidates: 6467, removing 3880 (beta=0.600)
[Adaptive-IS] Noise candidates: 1079, removing 165 (theta=0.153)
[Adaptive-IS] Removed 4045 instances — kept 6726 / 10771 (reduction = 37.55%)
Result: 
[6.253398895263672, 4.0280232429504395, 4.010008811950684, 4.6303935050964355, 3.88687801361084, 3.864565372467041, 3.877323865890503, 3.8826191425323486, 3.8626575469970703]
Fold 9
Fold 9
[Adaptive-IS] Step 1 — computing scores via 'autoencoder' …
[AE-IS] Using GPU: NVIDIA A100-SXM4-80GB
[AE-IS] Architecture: 256 → 134 → 12 → 134 → 256
[AE-IS] Training autoencoder on 10771 instances (256 features) for up to 10 epochs …
  Epoch   1/10 — loss: 0.651542 (best: 0.651542)
  Epoch  10/10 — loss: 0.386983 (best: 0.386983)
[AE-IS] Training finished — best loss: 0.386983
[AE-IS] Reconstruction error stats — min: 0.061827, median: 0.304455, max: 1.363055
[AE-IS] Removed 0 redundant + 0 noisy = 0 total instances
[AE-IS] Kept 10771 / 10771 (reduction = 0.00%)
[Adaptive-IS] Score stats — min: 0.0618, median: 0.3045, max: 1.3631
[Adaptive-IS] Step 2 — estimating thresholds via 'gmm_boundary' …
[Adaptive-IS] Estimated params — low_percentile=62.5, high_percentile=91.2, beta=0.600, theta=0.137, imbalance_proxy=0.415
[Adaptive-IS] GMM component means: [0.21672451496124268, 0.3683511018753052, 0.5234900712966919]
[Adaptive-IS] Step 3 — applying selection …
[Adaptive-IS] Redundant candidates: 6736, removing 4041 (beta=0.600)
[Adaptive-IS] Noise candidates: 944, removing 128 (theta=0.137)
[Adaptive-IS] Removed 4169 instances — kept 6602 / 10771 (reduction = 38.71%)
Result: 
[6.253398895263672, 4.0280232429504395, 4.010008811950684, 4.6303935050964355, 3.88687801361084, 3.864565372467041, 3.877323865890503, 3.8826191425323486, 3.8626575469970703, 3.863255023956299]
time: 4.215912342071533
time std: 0.7146632490835702
reducion: 0.37827155640851706
reducion std: 0.009104851838262975
END
