Namespace(dataset='wos11967', method='adaptive-cluster-is', folds=10, save=True, inputrep='jina-v5', out='/data/bernardolemos/results/jina-v5/instance_selection', datain='/data/bernardolemos/datasets', overwrite=1, inputdir='/data/bernardolemos/datasets/wos11967/jina-v5/', splitdir='/data/bernardolemos/datasets/wos11967/splits/', outputdir='/data/bernardolemos/results/jina-v5/instance_selection/selection/wos11967/', filename='/data/bernardolemos/results/jina-v5/instance_selection/selection/wos11967//saida_adaptive-cluster-is', start_time='30-06-2026 13:30:12')
Namespace(dataset='wos11967', method='adaptive-cluster-is', folds=10, save=True, inputrep='jina-v5', out='/data/bernardolemos/results/jina-v5/instance_selection', datain='/data/bernardolemos/datasets', overwrite=1, inputdir='/data/bernardolemos/datasets/wos11967/jina-v5/', splitdir='/data/bernardolemos/datasets/wos11967/splits/', outputdir='/data/bernardolemos/results/jina-v5/instance_selection/selection/wos11967/', filename='/data/bernardolemos/results/jina-v5/instance_selection/selection/wos11967//saida_adaptive-cluster-is', start_time='30-06-2026 13:30:12')
/data/bernardolemos/datasets/wos11967/splits//split_10.pkl
Fold 0
Fold 0
[AdaptiveClusterIS] Step 1 — scoring via 'autoencoder' …
[AE-IS] Using GPU: NVIDIA A100-SXM4-80GB
[AE-IS] Architecture: 256 → 160 → 64 → 160 → 256
[AE-IS] Training autoencoder on 10770 instances (256 features) for up to 50 epochs …
  Epoch   1/50 — loss: 0.846685 (best: 0.846685)
  Epoch  10/50 — loss: 0.327141 (best: 0.327141)
  Epoch  20/50 — loss: 0.284089 (best: 0.284089)
  Epoch  30/50 — loss: 0.259093 (best: 0.259093)
  Epoch  40/50 — loss: 0.253241 (best: 0.251507)
  Epoch  50/50 — loss: 0.246804 (best: 0.246804)
[AE-IS] Training finished — best loss: 0.246804
[AE-IS] Reconstruction error stats — min: 0.031693, median: 0.169822, max: 0.848958
[AE-IS] Removed 0 redundant + 0 noisy = 0 total instances
[AE-IS] Kept 10770 / 10770 (reduction = 0.00%)
[AdaptiveClusterIS] Step 1.5 — Local Normalization (KNN) …
[AdaptiveClusterIS] Step 2 — clustering into 30 groups …
[AdaptiveClusterIS] Cluster sizes: min=153, median=355, max=616
[AdaptiveClusterIS] Removal rates: min=0.240, median=0.385, max=0.483
[AdaptiveClusterIS] Step 3 — applying cluster selection …
[AdaptiveClusterIS] Done — removed 4260 / 10770 (reduction = 39.55%)
Result: 
[8.604398965835571]
Fold 1
Fold 1
[AdaptiveClusterIS] Step 1 — scoring via 'autoencoder' …
[AE-IS] Using GPU: NVIDIA A100-SXM4-80GB
[AE-IS] Architecture: 256 → 160 → 64 → 160 → 256
[AE-IS] Training autoencoder on 10770 instances (256 features) for up to 50 epochs …
  Epoch   1/50 — loss: 0.837956 (best: 0.837956)
  Epoch  10/50 — loss: 0.329807 (best: 0.329807)
  Epoch  20/50 — loss: 0.285010 (best: 0.284398)
  Epoch  30/50 — loss: 0.262709 (best: 0.262709)
  Epoch  40/50 — loss: 0.252469 (best: 0.250675)
  Epoch  50/50 — loss: 0.241750 (best: 0.241750)
[AE-IS] Training finished — best loss: 0.241750
[AE-IS] Reconstruction error stats — min: 0.030894, median: 0.167677, max: 0.809001
[AE-IS] Removed 0 redundant + 0 noisy = 0 total instances
[AE-IS] Kept 10770 / 10770 (reduction = 0.00%)
[AdaptiveClusterIS] Step 1.5 — Local Normalization (KNN) …
[AdaptiveClusterIS] Step 2 — clustering into 30 groups …
[AdaptiveClusterIS] Cluster sizes: min=122, median=347, max=609
[AdaptiveClusterIS] Removal rates: min=0.210, median=0.385, max=0.485
[AdaptiveClusterIS] Step 3 — applying cluster selection …
[AdaptiveClusterIS] Done — removed 4287 / 10770 (reduction = 39.81%)
Result: 
[8.604398965835571, 6.658368110656738]
Fold 2
Fold 2
[AdaptiveClusterIS] Step 1 — scoring via 'autoencoder' …
[AE-IS] Using GPU: NVIDIA A100-SXM4-80GB
[AE-IS] Architecture: 256 → 160 → 64 → 160 → 256
[AE-IS] Training autoencoder on 10770 instances (256 features) for up to 50 epochs …
  Epoch   1/50 — loss: 0.840262 (best: 0.840262)
  Epoch  10/50 — loss: 0.325901 (best: 0.325901)
  Epoch  20/50 — loss: 0.280906 (best: 0.280906)
  Epoch  30/50 — loss: 0.261629 (best: 0.261629)
  Epoch  40/50 — loss: 0.251554 (best: 0.251554)
  Epoch  50/50 — loss: 0.245378 (best: 0.245009)
[AE-IS] Training finished — best loss: 0.245009
[AE-IS] Reconstruction error stats — min: 0.032700, median: 0.170993, max: 0.833073
[AE-IS] Removed 0 redundant + 0 noisy = 0 total instances
[AE-IS] Kept 10770 / 10770 (reduction = 0.00%)
[AdaptiveClusterIS] Step 1.5 — Local Normalization (KNN) …
[AdaptiveClusterIS] Step 2 — clustering into 30 groups …
[AdaptiveClusterIS] Cluster sizes: min=120, median=343, max=742
[AdaptiveClusterIS] Removal rates: min=0.209, median=0.385, max=0.519
[AdaptiveClusterIS] Step 3 — applying cluster selection …
[AdaptiveClusterIS] Done — removed 4387 / 10770 (reduction = 40.73%)
Result: 
[8.604398965835571, 6.658368110656738, 7.6462156772613525]
Fold 3
Fold 3
[AdaptiveClusterIS] Step 1 — scoring via 'autoencoder' …
[AE-IS] Using GPU: NVIDIA A100-SXM4-80GB
[AE-IS] Architecture: 256 → 160 → 64 → 160 → 256
[AE-IS] Training autoencoder on 10770 instances (256 features) for up to 50 epochs …
  Epoch   1/50 — loss: 0.840320 (best: 0.840320)
  Epoch  10/50 — loss: 0.330002 (best: 0.330002)
  Epoch  20/50 — loss: 0.281712 (best: 0.281712)
  Epoch  30/50 — loss: 0.262094 (best: 0.262094)
  Epoch  40/50 — loss: 0.252155 (best: 0.252155)
  Epoch  50/50 — loss: 0.247686 (best: 0.245195)
[AE-IS] Training finished — best loss: 0.245195
[AE-IS] Reconstruction error stats — min: 0.031658, median: 0.170094, max: 0.867259
[AE-IS] Removed 0 redundant + 0 noisy = 0 total instances
[AE-IS] Kept 10770 / 10770 (reduction = 0.00%)
[AdaptiveClusterIS] Step 1.5 — Local Normalization (KNN) …
[AdaptiveClusterIS] Step 2 — clustering into 30 groups …
[AdaptiveClusterIS] Cluster sizes: min=156, median=352, max=613
[AdaptiveClusterIS] Removal rates: min=0.244, median=0.385, max=0.484
[AdaptiveClusterIS] Step 3 — applying cluster selection …
[AdaptiveClusterIS] Done — removed 4270 / 10770 (reduction = 39.65%)
Result: 
[8.604398965835571, 6.658368110656738, 7.6462156772613525, 7.482473611831665]
Fold 4
Fold 4
[AdaptiveClusterIS] Step 1 — scoring via 'autoencoder' …
[AE-IS] Using GPU: NVIDIA A100-SXM4-80GB
[AE-IS] Architecture: 256 → 160 → 64 → 160 → 256
[AE-IS] Training autoencoder on 10770 instances (256 features) for up to 50 epochs …
  Epoch   1/50 — loss: 0.841108 (best: 0.841108)
  Epoch  10/50 — loss: 0.332233 (best: 0.332233)
  Epoch  20/50 — loss: 0.281903 (best: 0.281903)
  Epoch  30/50 — loss: 0.264156 (best: 0.264156)
  Epoch  40/50 — loss: 0.254473 (best: 0.252123)
  Epoch  50/50 — loss: 0.244862 (best: 0.244101)
[AE-IS] Training finished — best loss: 0.244101
[AE-IS] Reconstruction error stats — min: 0.032071, median: 0.168877, max: 0.794429
[AE-IS] Removed 0 redundant + 0 noisy = 0 total instances
[AE-IS] Kept 10770 / 10770 (reduction = 0.00%)
[AdaptiveClusterIS] Step 1.5 — Local Normalization (KNN) …
[AdaptiveClusterIS] Step 2 — clustering into 30 groups …
[AdaptiveClusterIS] Cluster sizes: min=136, median=360, max=719
[AdaptiveClusterIS] Removal rates: min=0.220, median=0.385, max=0.506
[AdaptiveClusterIS] Step 3 — applying cluster selection …
[AdaptiveClusterIS] Done — removed 4241 / 10770 (reduction = 39.38%)
Result: 
[8.604398965835571, 6.658368110656738, 7.6462156772613525, 7.482473611831665, 7.63470721244812]
Fold 5
Fold 5
[AdaptiveClusterIS] Step 1 — scoring via 'autoencoder' …
[AE-IS] Using GPU: NVIDIA A100-SXM4-80GB
[AE-IS] Architecture: 256 → 160 → 64 → 160 → 256
[AE-IS] Training autoencoder on 10770 instances (256 features) for up to 50 epochs …
  Epoch   1/50 — loss: 0.842790 (best: 0.842790)
  Epoch  10/50 — loss: 0.333514 (best: 0.333514)
  Epoch  20/50 — loss: 0.281576 (best: 0.281576)
  Epoch  30/50 — loss: 0.263284 (best: 0.263284)
  Epoch  40/50 — loss: 0.252243 (best: 0.252243)
  Epoch  50/50 — loss: 0.246013 (best: 0.244797)
[AE-IS] Training finished — best loss: 0.244797
[AE-IS] Reconstruction error stats — min: 0.032539, median: 0.171975, max: 0.844613
[AE-IS] Removed 0 redundant + 0 noisy = 0 total instances
[AE-IS] Kept 10770 / 10770 (reduction = 0.00%)
[AdaptiveClusterIS] Step 1.5 — Local Normalization (KNN) …
[AdaptiveClusterIS] Step 2 — clustering into 30 groups …
[AdaptiveClusterIS] Cluster sizes: min=111, median=361, max=661
[AdaptiveClusterIS] Removal rates: min=0.191, median=0.385, max=0.492
[AdaptiveClusterIS] Step 3 — applying cluster selection …
[AdaptiveClusterIS] Done — removed 4268 / 10770 (reduction = 39.63%)
Result: 
[8.604398965835571, 6.658368110656738, 7.6462156772613525, 7.482473611831665, 7.63470721244812, 7.779099464416504]
Fold 6
Fold 6
[AdaptiveClusterIS] Step 1 — scoring via 'autoencoder' …
[AE-IS] Using GPU: NVIDIA A100-SXM4-80GB
[AE-IS] Architecture: 256 → 160 → 64 → 160 → 256
[AE-IS] Training autoencoder on 10770 instances (256 features) for up to 50 epochs …
  Epoch   1/50 — loss: 0.840079 (best: 0.840079)
  Epoch  10/50 — loss: 0.329068 (best: 0.329068)
  Epoch  20/50 — loss: 0.281649 (best: 0.281649)
  Epoch  30/50 — loss: 0.263165 (best: 0.263165)
  Epoch  40/50 — loss: 0.254259 (best: 0.253933)
  Epoch  50/50 — loss: 0.245938 (best: 0.243981)
[AE-IS] Training finished — best loss: 0.243981
[AE-IS] Reconstruction error stats — min: 0.031669, median: 0.170794, max: 0.826389
[AE-IS] Removed 0 redundant + 0 noisy = 0 total instances
[AE-IS] Kept 10770 / 10770 (reduction = 0.00%)
[AdaptiveClusterIS] Step 1.5 — Local Normalization (KNN) …
[AdaptiveClusterIS] Step 2 — clustering into 30 groups …
[AdaptiveClusterIS] Cluster sizes: min=151, median=354, max=705
[AdaptiveClusterIS] Removal rates: min=0.238, median=0.385, max=0.506
[AdaptiveClusterIS] Step 3 — applying cluster selection …
[AdaptiveClusterIS] Done — removed 4260 / 10770 (reduction = 39.55%)
Result: 
[8.604398965835571, 6.658368110656738, 7.6462156772613525, 7.482473611831665, 7.63470721244812, 7.779099464416504, 7.903356075286865]
Fold 7
Fold 7
[AdaptiveClusterIS] Step 1 — scoring via 'autoencoder' …
[AE-IS] Using GPU: NVIDIA A100-SXM4-80GB
[AE-IS] Architecture: 256 → 160 → 64 → 160 → 256
[AE-IS] Training autoencoder on 10771 instances (256 features) for up to 50 epochs …
  Epoch   1/50 — loss: 0.840110 (best: 0.840110)
  Epoch  10/50 — loss: 0.329117 (best: 0.329117)
  Epoch  20/50 — loss: 0.279861 (best: 0.279861)
  Epoch  30/50 — loss: 0.262109 (best: 0.262109)
  Epoch  40/50 — loss: 0.250512 (best: 0.250481)
  Epoch  50/50 — loss: 0.242085 (best: 0.242085)
[AE-IS] Training finished — best loss: 0.242085
[AE-IS] Reconstruction error stats — min: 0.030413, median: 0.167493, max: 0.850855
[AE-IS] Removed 0 redundant + 0 noisy = 0 total instances
[AE-IS] Kept 10771 / 10771 (reduction = 0.00%)
[AdaptiveClusterIS] Step 1.5 — Local Normalization (KNN) …
[AdaptiveClusterIS] Step 2 — clustering into 30 groups …
[AdaptiveClusterIS] Cluster sizes: min=157, median=354, max=621
[AdaptiveClusterIS] Removal rates: min=0.244, median=0.385, max=0.485
[AdaptiveClusterIS] Step 3 — applying cluster selection …
[AdaptiveClusterIS] Done — removed 4258 / 10771 (reduction = 39.53%)
Result: 
[8.604398965835571, 6.658368110656738, 7.6462156772613525, 7.482473611831665, 7.63470721244812, 7.779099464416504, 7.903356075286865, 7.568856954574585]
Fold 8
Fold 8
[AdaptiveClusterIS] Step 1 — scoring via 'autoencoder' …
[AE-IS] Using GPU: NVIDIA A100-SXM4-80GB
[AE-IS] Architecture: 256 → 160 → 64 → 160 → 256
[AE-IS] Training autoencoder on 10771 instances (256 features) for up to 50 epochs …
  Epoch   1/50 — loss: 0.837675 (best: 0.837675)
  Epoch  10/50 — loss: 0.326079 (best: 0.326079)
  Epoch  20/50 — loss: 0.278241 (best: 0.278241)
  Epoch  30/50 — loss: 0.260978 (best: 0.260412)
  Epoch  40/50 — loss: 0.251016 (best: 0.250962)
  Epoch  50/50 — loss: 0.246248 (best: 0.245065)
[AE-IS] Training finished — best loss: 0.245065
[AE-IS] Reconstruction error stats — min: 0.033987, median: 0.168088, max: 0.846284
[AE-IS] Removed 0 redundant + 0 noisy = 0 total instances
[AE-IS] Kept 10771 / 10771 (reduction = 0.00%)
[AdaptiveClusterIS] Step 1.5 — Local Normalization (KNN) …
[AdaptiveClusterIS] Step 2 — clustering into 30 groups …
[AdaptiveClusterIS] Cluster sizes: min=122, median=344, max=928
[AdaptiveClusterIS] Removal rates: min=0.211, median=0.385, max=0.553
[AdaptiveClusterIS] Step 3 — applying cluster selection …
[AdaptiveClusterIS] Done — removed 4377 / 10771 (reduction = 40.64%)
Result: 
[8.604398965835571, 6.658368110656738, 7.6462156772613525, 7.482473611831665, 7.63470721244812, 7.779099464416504, 7.903356075286865, 7.568856954574585, 7.211159706115723]
Fold 9
Fold 9
[AdaptiveClusterIS] Step 1 — scoring via 'autoencoder' …
[AE-IS] Using GPU: NVIDIA A100-SXM4-80GB
[AE-IS] Architecture: 256 → 160 → 64 → 160 → 256
[AE-IS] Training autoencoder on 10771 instances (256 features) for up to 50 epochs …
  Epoch   1/50 — loss: 0.845582 (best: 0.845582)
  Epoch  10/50 — loss: 0.327519 (best: 0.327519)
  Epoch  20/50 — loss: 0.279771 (best: 0.279771)
  Epoch  30/50 — loss: 0.261456 (best: 0.261456)
  Epoch  40/50 — loss: 0.250565 (best: 0.250565)
  Epoch  50/50 — loss: 0.243167 (best: 0.243167)
[AE-IS] Training finished — best loss: 0.243167
[AE-IS] Reconstruction error stats — min: 0.030782, median: 0.168311, max: 0.841662
[AE-IS] Removed 0 redundant + 0 noisy = 0 total instances
[AE-IS] Kept 10771 / 10771 (reduction = 0.00%)
[AdaptiveClusterIS] Step 1.5 — Local Normalization (KNN) …
[AdaptiveClusterIS] Step 2 — clustering into 30 groups …
[AdaptiveClusterIS] Cluster sizes: min=115, median=339, max=642
[AdaptiveClusterIS] Removal rates: min=0.205, median=0.385, max=0.497
[AdaptiveClusterIS] Step 3 — applying cluster selection …
[AdaptiveClusterIS] Done — removed 4354 / 10771 (reduction = 40.42%)
Result: 
[8.604398965835571, 6.658368110656738, 7.6462156772613525, 7.482473611831665, 7.63470721244812, 7.779099464416504, 7.903356075286865, 7.568856954574585, 7.211159706115723, 8.040440320968628]
time: 7.652907609939575
time std: 0.4852735871001161
reducion: 0.39889316691446053
reducion std: 0.004800087927952891
END
