Namespace(dataset='wos11967', method='no-is', folds=10, save=True, inputrep='jina-v5', out='/data/bernardolemos/results/jina-v5/instance_selection', datain='/data/bernardolemos/datasets', overwrite=1, inputdir='/data/bernardolemos/datasets/wos11967/jina-v5/', splitdir='/data/bernardolemos/datasets/wos11967/splits/', outputdir='/data/bernardolemos/results/jina-v5/instance_selection/selection/wos11967/', filename='/data/bernardolemos/results/jina-v5/instance_selection/selection/wos11967//saida_no-is', start_time='30-06-2026 13:31:51')
Namespace(dataset='wos11967', method='no-is', folds=10, save=True, inputrep='jina-v5', out='/data/bernardolemos/results/jina-v5/instance_selection', datain='/data/bernardolemos/datasets', overwrite=1, inputdir='/data/bernardolemos/datasets/wos11967/jina-v5/', splitdir='/data/bernardolemos/datasets/wos11967/splits/', outputdir='/data/bernardolemos/results/jina-v5/instance_selection/selection/wos11967/', filename='/data/bernardolemos/results/jina-v5/instance_selection/selection/wos11967//saida_no-is', start_time='30-06-2026 13:31:51')
/data/bernardolemos/datasets/wos11967/splits//split_10.pkl
Fold 0
Fold 0
Result: 
[0.021436691284179688]
Fold 1
Fold 1
Result: 
[0.021436691284179688, 0.017162561416625977]
Fold 2
Fold 2
Result: 
[0.021436691284179688, 0.017162561416625977, 0.01584148406982422]
Fold 3
Fold 3
Result: 
[0.021436691284179688, 0.017162561416625977, 0.01584148406982422, 0.016788482666015625]
Fold 4
Fold 4
Result: 
[0.021436691284179688, 0.017162561416625977, 0.01584148406982422, 0.016788482666015625, 0.024908781051635742]
Fold 5
Fold 5
Result: 
[0.021436691284179688, 0.017162561416625977, 0.01584148406982422, 0.016788482666015625, 0.024908781051635742, 0.020723581314086914]
Fold 6
Fold 6
Result: 
[0.021436691284179688, 0.017162561416625977, 0.01584148406982422, 0.016788482666015625, 0.024908781051635742, 0.020723581314086914, 0.015340805053710938]
Fold 7
Fold 7
Result: 
[0.021436691284179688, 0.017162561416625977, 0.01584148406982422, 0.016788482666015625, 0.024908781051635742, 0.020723581314086914, 0.015340805053710938, 0.01741647720336914]
Fold 8
Fold 8
Result: 
[0.021436691284179688, 0.017162561416625977, 0.01584148406982422, 0.016788482666015625, 0.024908781051635742, 0.020723581314086914, 0.015340805053710938, 0.01741647720336914, 0.01659250259399414]
Fold 9
Fold 9
Result: 
[0.021436691284179688, 0.017162561416625977, 0.01584148406982422, 0.016788482666015625, 0.024908781051635742, 0.020723581314086914, 0.015340805053710938, 0.01741647720336914, 0.01659250259399414, 0.01756882667541504]
time: 0.018378019332885742
time std: 0.0028624824238566438
reducion: 0.0
reducion std: 0.0
END
