Namespace(dataset='wos11967', method='sublinear-ae-is', folds=10, save=True, inputrep='jina-v5', out='/data/bernardolemos/results/jina-v5/instance_selection', datain='/data/bernardolemos/datasets', overwrite=1, inputdir='/data/bernardolemos/datasets/wos11967/jina-v5/', splitdir='/data/bernardolemos/datasets/wos11967/splits/', outputdir='/data/bernardolemos/results/jina-v5/instance_selection/selection/wos11967/', filename='/data/bernardolemos/results/jina-v5/instance_selection/selection/wos11967//saida_sublinear-ae-is', start_time='16-07-2026 22:20:34')
Namespace(dataset='wos11967', method='sublinear-ae-is', folds=10, save=True, inputrep='jina-v5', out='/data/bernardolemos/results/jina-v5/instance_selection', datain='/data/bernardolemos/datasets', overwrite=1, inputdir='/data/bernardolemos/datasets/wos11967/jina-v5/', splitdir='/data/bernardolemos/datasets/wos11967/splits/', outputdir='/data/bernardolemos/results/jina-v5/instance_selection/selection/wos11967/', filename='/data/bernardolemos/results/jina-v5/instance_selection/selection/wos11967//saida_sublinear-ae-is', start_time='16-07-2026 22:20:34')
/data/bernardolemos/datasets/wos11967/splits//split_10.pkl
Fold 0
Fold 0
[SublinearAEIS] Target reduction: 25.00% (Keeping 8077 / 10770 instances)
[SublinearAEIS] Step 1 — Training Autoencoder for 50 epochs...
[AE-IS] Using GPU: NVIDIA A100-SXM4-80GB
[AE-IS] Architecture: 256 → 192 → 128 → 192 → 256
[AE-IS] Training autoencoder on 10770 instances (256 features) for up to 50 epochs …
  Epoch   1/50 — loss: 0.680259 (best: 0.680259)
  Epoch  10/50 — loss: 0.248625 (best: 0.248625)
  Epoch  20/50 — loss: 0.220140 (best: 0.220140)
  Epoch  30/50 — loss: 0.210705 (best: 0.209319)
  Epoch  40/50 — loss: 0.203405 (best: 0.203220)
  Epoch  50/50 — loss: 0.198212 (best: 0.198212)
[AE-IS] Training finished — best loss: 0.198212
[AE-IS] Reconstruction error stats — min: 0.025137, median: 0.122649, max: 0.617212
[AE-IS] Removed 0 redundant + 0 noisy = 0 total instances
[AE-IS] Kept 10770 / 10770 (reduction = 0.00%)
[SublinearAEIS] Autoencoder scores: min=0.0251, median=0.1226, max=0.6172
[SublinearAEIS] Step 2 — Tessellating space into 200 micro-clusters...
[SublinearAEIS] Step 3 — Sublinear sampling (gamma=0.5). lambda = 5.8277
[SublinearAEIS] Done — removed 2693 / 10770 (reduction = 25.00%)
Result: 
[9.01518702507019]
Fold 1
Fold 1
[SublinearAEIS] Target reduction: 25.00% (Keeping 8077 / 10770 instances)
[SublinearAEIS] Step 1 — Training Autoencoder for 50 epochs...
[AE-IS] Using GPU: NVIDIA A100-SXM4-80GB
[AE-IS] Architecture: 256 → 192 → 128 → 192 → 256
[AE-IS] Training autoencoder on 10770 instances (256 features) for up to 50 epochs …
  Epoch   1/50 — loss: 0.682419 (best: 0.682419)
  Epoch  10/50 — loss: 0.246962 (best: 0.246962)
  Epoch  20/50 — loss: 0.221079 (best: 0.221079)
  Epoch  30/50 — loss: 0.211447 (best: 0.211447)
  Epoch  40/50 — loss: 0.203426 (best: 0.203426)
  Epoch  50/50 — loss: 0.200607 (best: 0.200607)
[AE-IS] Training finished — best loss: 0.200607
[AE-IS] Reconstruction error stats — min: 0.021072, median: 0.122665, max: 0.581418
[AE-IS] Removed 0 redundant + 0 noisy = 0 total instances
[AE-IS] Kept 10770 / 10770 (reduction = 0.00%)
[SublinearAEIS] Autoencoder scores: min=0.0211, median=0.1227, max=0.5814
[SublinearAEIS] Step 2 — Tessellating space into 200 micro-clusters...
[SublinearAEIS] Step 3 — Sublinear sampling (gamma=0.5). lambda = 5.9308
[SublinearAEIS] Done — removed 2692 / 10770 (reduction = 25.00%)
Result: 
[9.01518702507019, 8.395514965057373]
Fold 2
Fold 2
[SublinearAEIS] Target reduction: 25.00% (Keeping 8077 / 10770 instances)
[SublinearAEIS] Step 1 — Training Autoencoder for 50 epochs...
[AE-IS] Using GPU: NVIDIA A100-SXM4-80GB
[AE-IS] Architecture: 256 → 192 → 128 → 192 → 256
[AE-IS] Training autoencoder on 10770 instances (256 features) for up to 50 epochs …
  Epoch   1/50 — loss: 0.681705 (best: 0.681705)
  Epoch  10/50 — loss: 0.245881 (best: 0.245881)
  Epoch  20/50 — loss: 0.219945 (best: 0.219945)
  Epoch  30/50 — loss: 0.209442 (best: 0.209442)
  Epoch  40/50 — loss: 0.204145 (best: 0.204145)
  Epoch  50/50 — loss: 0.201117 (best: 0.199583)
[AE-IS] Training finished — best loss: 0.199583
[AE-IS] Reconstruction error stats — min: 0.023148, median: 0.122625, max: 0.616133
[AE-IS] Removed 0 redundant + 0 noisy = 0 total instances
[AE-IS] Kept 10770 / 10770 (reduction = 0.00%)
[SublinearAEIS] Autoencoder scores: min=0.0231, median=0.1226, max=0.6161
[SublinearAEIS] Step 2 — Tessellating space into 200 micro-clusters...
[SublinearAEIS] Step 3 — Sublinear sampling (gamma=0.5). lambda = 5.8502
[SublinearAEIS] Done — removed 2692 / 10770 (reduction = 25.00%)
Result: 
[9.01518702507019, 8.395514965057373, 7.560986518859863]
Fold 3
Fold 3
[SublinearAEIS] Target reduction: 25.00% (Keeping 8077 / 10770 instances)
[SublinearAEIS] Step 1 — Training Autoencoder for 50 epochs...
[AE-IS] Using GPU: NVIDIA A100-SXM4-80GB
[AE-IS] Architecture: 256 → 192 → 128 → 192 → 256
[AE-IS] Training autoencoder on 10770 instances (256 features) for up to 50 epochs …
  Epoch   1/50 — loss: 0.683773 (best: 0.683773)
  Epoch  10/50 — loss: 0.245756 (best: 0.245756)
  Epoch  20/50 — loss: 0.219194 (best: 0.219194)
  Epoch  30/50 — loss: 0.210048 (best: 0.209139)
  Epoch  40/50 — loss: 0.201346 (best: 0.201346)
  Epoch  50/50 — loss: 0.200891 (best: 0.198797)
[AE-IS] Training finished — best loss: 0.198797
[AE-IS] Reconstruction error stats — min: 0.023773, median: 0.121857, max: 0.598452
[AE-IS] Removed 0 redundant + 0 noisy = 0 total instances
[AE-IS] Kept 10770 / 10770 (reduction = 0.00%)
[SublinearAEIS] Autoencoder scores: min=0.0238, median=0.1219, max=0.5985
[SublinearAEIS] Step 2 — Tessellating space into 200 micro-clusters...
[SublinearAEIS] Step 3 — Sublinear sampling (gamma=0.5). lambda = 5.8502
[SublinearAEIS] Done — removed 2692 / 10770 (reduction = 25.00%)
Result: 
[9.01518702507019, 8.395514965057373, 7.560986518859863, 7.508849620819092]
Fold 4
Fold 4
[SublinearAEIS] Target reduction: 25.00% (Keeping 8077 / 10770 instances)
[SublinearAEIS] Step 1 — Training Autoencoder for 50 epochs...
[AE-IS] Using GPU: NVIDIA A100-SXM4-80GB
[AE-IS] Architecture: 256 → 192 → 128 → 192 → 256
[AE-IS] Training autoencoder on 10770 instances (256 features) for up to 50 epochs …
  Epoch   1/50 — loss: 0.682410 (best: 0.682410)
  Epoch  10/50 — loss: 0.247892 (best: 0.247892)
  Epoch  20/50 — loss: 0.220064 (best: 0.220064)
  Epoch  30/50 — loss: 0.208459 (best: 0.208459)
  Epoch  40/50 — loss: 0.203198 (best: 0.203198)
  Epoch  50/50 — loss: 0.198919 (best: 0.198919)
[AE-IS] Training finished — best loss: 0.198919
[AE-IS] Reconstruction error stats — min: 0.023600, median: 0.122510, max: 0.594760
[AE-IS] Removed 0 redundant + 0 noisy = 0 total instances
[AE-IS] Kept 10770 / 10770 (reduction = 0.00%)
[SublinearAEIS] Autoencoder scores: min=0.0236, median=0.1225, max=0.5948
[SublinearAEIS] Step 2 — Tessellating space into 200 micro-clusters...
[SublinearAEIS] Step 3 — Sublinear sampling (gamma=0.5). lambda = 5.8244
[SublinearAEIS] Done — removed 2692 / 10770 (reduction = 25.00%)
Result: 
[9.01518702507019, 8.395514965057373, 7.560986518859863, 7.508849620819092, 7.560453653335571]
Fold 5
Fold 5
[SublinearAEIS] Target reduction: 25.00% (Keeping 8077 / 10770 instances)
[SublinearAEIS] Step 1 — Training Autoencoder for 50 epochs...
[AE-IS] Using GPU: NVIDIA A100-SXM4-80GB
[AE-IS] Architecture: 256 → 192 → 128 → 192 → 256
[AE-IS] Training autoencoder on 10770 instances (256 features) for up to 50 epochs …
  Epoch   1/50 — loss: 0.683382 (best: 0.683382)
  Epoch  10/50 — loss: 0.247201 (best: 0.247201)
  Epoch  20/50 — loss: 0.220176 (best: 0.220176)
  Epoch  30/50 — loss: 0.210140 (best: 0.209893)
  Epoch  40/50 — loss: 0.203032 (best: 0.203032)
  Epoch  50/50 — loss: 0.198593 (best: 0.198593)
[AE-IS] Training finished — best loss: 0.198593
[AE-IS] Reconstruction error stats — min: 0.024815, median: 0.122725, max: 0.635071
[AE-IS] Removed 0 redundant + 0 noisy = 0 total instances
[AE-IS] Kept 10770 / 10770 (reduction = 0.00%)
[SublinearAEIS] Autoencoder scores: min=0.0248, median=0.1227, max=0.6351
[SublinearAEIS] Step 2 — Tessellating space into 200 micro-clusters...
[SublinearAEIS] Step 3 — Sublinear sampling (gamma=0.5). lambda = 5.9029
[SublinearAEIS] Done — removed 2693 / 10770 (reduction = 25.00%)
Result: 
[9.01518702507019, 8.395514965057373, 7.560986518859863, 7.508849620819092, 7.560453653335571, 7.596865892410278]
Fold 6
Fold 6
[SublinearAEIS] Target reduction: 25.00% (Keeping 8077 / 10770 instances)
[SublinearAEIS] Step 1 — Training Autoencoder for 50 epochs...
[AE-IS] Using GPU: NVIDIA A100-SXM4-80GB
[AE-IS] Architecture: 256 → 192 → 128 → 192 → 256
[AE-IS] Training autoencoder on 10770 instances (256 features) for up to 50 epochs …
  Epoch   1/50 — loss: 0.683726 (best: 0.683726)
  Epoch  10/50 — loss: 0.248242 (best: 0.248242)
  Epoch  20/50 — loss: 0.220494 (best: 0.220353)
  Epoch  30/50 — loss: 0.209266 (best: 0.209266)
  Epoch  40/50 — loss: 0.203341 (best: 0.203016)
  Epoch  50/50 — loss: 0.197375 (best: 0.197375)
[AE-IS] Training finished — best loss: 0.197375
[AE-IS] Reconstruction error stats — min: 0.022751, median: 0.121475, max: 0.612655
[AE-IS] Removed 0 redundant + 0 noisy = 0 total instances
[AE-IS] Kept 10770 / 10770 (reduction = 0.00%)
[SublinearAEIS] Autoencoder scores: min=0.0228, median=0.1215, max=0.6127
[SublinearAEIS] Step 2 — Tessellating space into 200 micro-clusters...
[SublinearAEIS] Step 3 — Sublinear sampling (gamma=0.5). lambda = 5.8333
[SublinearAEIS] Done — removed 2693 / 10770 (reduction = 25.00%)
Result: 
[9.01518702507019, 8.395514965057373, 7.560986518859863, 7.508849620819092, 7.560453653335571, 7.596865892410278, 7.546896934509277]
Fold 7
Fold 7
[SublinearAEIS] Target reduction: 25.00% (Keeping 8078 / 10771 instances)
[SublinearAEIS] Step 1 — Training Autoencoder for 50 epochs...
[AE-IS] Using GPU: NVIDIA A100-SXM4-80GB
[AE-IS] Architecture: 256 → 192 → 128 → 192 → 256
[AE-IS] Training autoencoder on 10771 instances (256 features) for up to 50 epochs …
  Epoch   1/50 — loss: 0.684660 (best: 0.684660)
  Epoch  10/50 — loss: 0.247100 (best: 0.247100)
  Epoch  20/50 — loss: 0.219470 (best: 0.219470)
  Epoch  30/50 — loss: 0.208000 (best: 0.208000)
  Epoch  40/50 — loss: 0.203129 (best: 0.202750)
  Epoch  50/50 — loss: 0.199739 (best: 0.199363)
[AE-IS] Training finished — best loss: 0.199363
[AE-IS] Reconstruction error stats — min: 0.021879, median: 0.122438, max: 0.622105
[AE-IS] Removed 0 redundant + 0 noisy = 0 total instances
[AE-IS] Kept 10771 / 10771 (reduction = 0.00%)
[SublinearAEIS] Autoencoder scores: min=0.0219, median=0.1224, max=0.6221
[SublinearAEIS] Step 2 — Tessellating space into 200 micro-clusters...
[SublinearAEIS] Step 3 — Sublinear sampling (gamma=0.5). lambda = 5.9409
[SublinearAEIS] Done — removed 2693 / 10771 (reduction = 25.00%)
Result: 
[9.01518702507019, 8.395514965057373, 7.560986518859863, 7.508849620819092, 7.560453653335571, 7.596865892410278, 7.546896934509277, 7.7310707569122314]
Fold 8
Fold 8
[SublinearAEIS] Target reduction: 25.00% (Keeping 8078 / 10771 instances)
[SublinearAEIS] Step 1 — Training Autoencoder for 50 epochs...
[AE-IS] Using GPU: NVIDIA A100-SXM4-80GB
[AE-IS] Architecture: 256 → 192 → 128 → 192 → 256
[AE-IS] Training autoencoder on 10771 instances (256 features) for up to 50 epochs …
  Epoch   1/50 — loss: 0.683358 (best: 0.683358)
  Epoch  10/50 — loss: 0.248313 (best: 0.248313)
  Epoch  20/50 — loss: 0.217656 (best: 0.217656)
  Epoch  30/50 — loss: 0.208846 (best: 0.208846)
  Epoch  40/50 — loss: 0.201972 (best: 0.201972)
  Epoch  50/50 — loss: 0.199423 (best: 0.198424)
[AE-IS] Training finished — best loss: 0.198424
[AE-IS] Reconstruction error stats — min: 0.023183, median: 0.121144, max: 0.644004
[AE-IS] Removed 0 redundant + 0 noisy = 0 total instances
[AE-IS] Kept 10771 / 10771 (reduction = 0.00%)
[SublinearAEIS] Autoencoder scores: min=0.0232, median=0.1211, max=0.6440
[SublinearAEIS] Step 2 — Tessellating space into 200 micro-clusters...
[SublinearAEIS] Step 3 — Sublinear sampling (gamma=0.5). lambda = 5.8797
[SublinearAEIS] Done — removed 2693 / 10771 (reduction = 25.00%)
Result: 
[9.01518702507019, 8.395514965057373, 7.560986518859863, 7.508849620819092, 7.560453653335571, 7.596865892410278, 7.546896934509277, 7.7310707569122314, 7.490776300430298]
Fold 9
Fold 9
[SublinearAEIS] Target reduction: 25.00% (Keeping 8078 / 10771 instances)
[SublinearAEIS] Step 1 — Training Autoencoder for 50 epochs...
[AE-IS] Using GPU: NVIDIA A100-SXM4-80GB
[AE-IS] Architecture: 256 → 192 → 128 → 192 → 256
[AE-IS] Training autoencoder on 10771 instances (256 features) for up to 50 epochs …
  Epoch   1/50 — loss: 0.684823 (best: 0.684823)
  Epoch  10/50 — loss: 0.248727 (best: 0.248727)
  Epoch  20/50 — loss: 0.218504 (best: 0.218504)
  Epoch  30/50 — loss: 0.209766 (best: 0.209766)
  Epoch  40/50 — loss: 0.202712 (best: 0.202712)
  Epoch  50/50 — loss: 0.198234 (best: 0.198234)
[AE-IS] Training finished — best loss: 0.198234
[AE-IS] Reconstruction error stats — min: 0.020130, median: 0.120995, max: 0.606189
[AE-IS] Removed 0 redundant + 0 noisy = 0 total instances
[AE-IS] Kept 10771 / 10771 (reduction = 0.00%)
[SublinearAEIS] Autoencoder scores: min=0.0201, median=0.1210, max=0.6062
[SublinearAEIS] Step 2 — Tessellating space into 200 micro-clusters...
[SublinearAEIS] Step 3 — Sublinear sampling (gamma=0.5). lambda = 5.8525
[SublinearAEIS] Done — removed 2693 / 10771 (reduction = 25.00%)
Result: 
[9.01518702507019, 8.395514965057373, 7.560986518859863, 7.508849620819092, 7.560453653335571, 7.596865892410278, 7.546896934509277, 7.7310707569122314, 7.490776300430298, 7.66777491569519]
time: 7.8074376583099365
time std: 0.4746811001960971
reducion: 0.2500023206162357
reducion std: 4.0803744737387125e-05
END
