Namespace(dataset='wos11967', method='biois', folds=10, save=True, inputrep='jina-v5', out='/data/bernardolemos/results/jina-v5/instance_selection', datain='/data/bernardolemos/datasets', overwrite=1, inputdir='/data/bernardolemos/datasets/wos11967/jina-v5/', splitdir='/data/bernardolemos/datasets/wos11967/splits/', outputdir='/data/bernardolemos/results/jina-v5/instance_selection/selection/wos11967/', filename='/data/bernardolemos/results/jina-v5/instance_selection/selection/wos11967//saida_biois', start_time='30-06-2026 13:32:18')
Namespace(dataset='wos11967', method='biois', folds=10, save=True, inputrep='jina-v5', out='/data/bernardolemos/results/jina-v5/instance_selection', datain='/data/bernardolemos/datasets', overwrite=1, inputdir='/data/bernardolemos/datasets/wos11967/jina-v5/', splitdir='/data/bernardolemos/datasets/wos11967/splits/', outputdir='/data/bernardolemos/results/jina-v5/instance_selection/selection/wos11967/', filename='/data/bernardolemos/results/jina-v5/instance_selection/selection/wos11967//saida_biois', start_time='30-06-2026 13:32:18')
/data/bernardolemos/datasets/wos11967/splits//split_10.pkl
Fold 0
Fold 0
Micro: 0.7649025069637883
Macro: 0.7605276858731452
Result: 
[11.35750675201416]
Fold 1
Fold 1
Micro: 0.7632311977715878
Macro: 0.7581652043964835
Result: 
[11.35750675201416, 11.337512016296387]
Fold 2
Fold 2
Micro: 0.7636954503249768
Macro: 0.7591759044001626
Result: 
[11.35750675201416, 11.337512016296387, 10.833166360855103]
Fold 3
Fold 3
Micro: 0.7639740018570103
Macro: 0.7588533282335005
Result: 
[11.35750675201416, 11.337512016296387, 10.833166360855103, 10.72869873046875]
Fold 4
Fold 4
Micro: 0.764066852367688
Macro: 0.7592983753118115
Result: 
[11.35750675201416, 11.337512016296387, 10.833166360855103, 10.72869873046875, 11.287924766540527]
Fold 5
Fold 5
Micro: 0.7648096564531105
Macro: 0.7599711216643112
Result: 
[11.35750675201416, 11.337512016296387, 10.833166360855103, 10.72869873046875, 11.287924766540527, 11.017046213150024]
Fold 6
Fold 6
Micro: 0.7648096564531105
Macro: 0.760122902321643
Result: 
[11.35750675201416, 11.337512016296387, 10.833166360855103, 10.72869873046875, 11.287924766540527, 11.017046213150024, 11.456016540527344]
Fold 7
Fold 7
Micro: 0.7663169622133507
Macro: 0.7616304970245522
Result: 
[11.35750675201416, 11.337512016296387, 10.833166360855103, 10.72869873046875, 11.287924766540527, 11.017046213150024, 11.456016540527344, 11.424797058105469]
Fold 8
Fold 8
Micro: 0.7626032866029152
Macro: 0.7574282640826133
Result: 
[11.35750675201416, 11.337512016296387, 10.833166360855103, 10.72869873046875, 11.287924766540527, 11.017046213150024, 11.456016540527344, 11.424797058105469, 11.153699159622192]
Fold 9
Fold 9
Micro: 0.7615820258100455
Macro: 0.7566688630659257
Result: 
[11.35750675201416, 11.337512016296387, 10.833166360855103, 10.72869873046875, 11.287924766540527, 11.017046213150024, 11.456016540527344, 11.424797058105469, 11.153699159622192, 10.29795789718628]
time: 11.089432549476623
time std: 0.3537319448385058
reducion: 0.3679191787639132
reducion std: 0.0006382945216140686
END
