Namespace(dataset='wos11967', method='autoencoder-is', folds=10, save=True, inputrep='jina-v5', out='/data/bernardolemos/results/jina-v5/instance_selection', datain='/data/bernardolemos/datasets', overwrite=1, inputdir='/data/bernardolemos/datasets/wos11967/jina-v5/', splitdir='/data/bernardolemos/datasets/wos11967/splits/', outputdir='/data/bernardolemos/results/jina-v5/instance_selection/selection/wos11967/', filename='/data/bernardolemos/results/jina-v5/instance_selection/selection/wos11967//saida_autoencoder-is', start_time='16-07-2026 22:18:56')
Namespace(dataset='wos11967', method='autoencoder-is', folds=10, save=True, inputrep='jina-v5', out='/data/bernardolemos/results/jina-v5/instance_selection', datain='/data/bernardolemos/datasets', overwrite=1, inputdir='/data/bernardolemos/datasets/wos11967/jina-v5/', splitdir='/data/bernardolemos/datasets/wos11967/splits/', outputdir='/data/bernardolemos/results/jina-v5/instance_selection/selection/wos11967/', filename='/data/bernardolemos/results/jina-v5/instance_selection/selection/wos11967//saida_autoencoder-is', start_time='16-07-2026 22:18:56')
/data/bernardolemos/datasets/wos11967/splits//split_10.pkl
Fold 0
Fold 0
[AE-IS] Using GPU: NVIDIA A100-SXM4-80GB
[AE-IS] Architecture: 256 → 134 → 12 → 134 → 256
[AE-IS] Training autoencoder on 10770 instances (256 features) for up to 20 epochs …
  Epoch   1/20 — loss: 0.656851 (best: 0.656851)
  Epoch  10/20 — loss: 0.386410 (best: 0.386410)
  Epoch  20/20 — loss: 0.362064 (best: 0.362064)
[AE-IS] Training finished — best loss: 0.362064
[AE-IS] Reconstruction error stats — min: 0.045411, median: 0.274370, max: 1.209655
[AE-IS] Redundant instances: 4308, removing 2154 with beta=0.5
[AE-IS] Noise instances: 3231, removing 538 with theta=0.1666666
[AE-IS] Removed 2154 redundant + 538 noisy = 2692 total instances
[AE-IS] Kept 8078 / 10770 (reduction = 25.00%)
Result: 
[9.198478937149048]
Fold 1
Fold 1
[AE-IS] Using GPU: NVIDIA A100-SXM4-80GB
[AE-IS] Architecture: 256 → 134 → 12 → 134 → 256
[AE-IS] Training autoencoder on 10770 instances (256 features) for up to 20 epochs …
  Epoch   1/20 — loss: 0.651582 (best: 0.651582)
  Epoch  10/20 — loss: 0.388933 (best: 0.388933)
  Epoch  20/20 — loss: 0.363767 (best: 0.362662)
[AE-IS] Training finished — best loss: 0.362662
[AE-IS] Reconstruction error stats — min: 0.049928, median: 0.277139, max: 1.178168
[AE-IS] Redundant instances: 4308, removing 2154 with beta=0.5
[AE-IS] Noise instances: 3231, removing 538 with theta=0.1666666
[AE-IS] Removed 2154 redundant + 538 noisy = 2692 total instances
[AE-IS] Kept 8078 / 10770 (reduction = 25.00%)
Result: 
[9.198478937149048, 7.45556378364563]
Fold 2
Fold 2
[AE-IS] Using GPU: NVIDIA A100-SXM4-80GB
[AE-IS] Architecture: 256 → 134 → 12 → 134 → 256
[AE-IS] Training autoencoder on 10770 instances (256 features) for up to 20 epochs …
  Epoch   1/20 — loss: 0.663990 (best: 0.663990)
  Epoch  10/20 — loss: 0.387364 (best: 0.387364)
  Epoch  20/20 — loss: 0.363500 (best: 0.363500)
[AE-IS] Training finished — best loss: 0.363500
[AE-IS] Reconstruction error stats — min: 0.051534, median: 0.275521, max: 1.177237
[AE-IS] Redundant instances: 4308, removing 2154 with beta=0.5
[AE-IS] Noise instances: 3231, removing 538 with theta=0.1666666
[AE-IS] Removed 2154 redundant + 538 noisy = 2692 total instances
[AE-IS] Kept 8078 / 10770 (reduction = 25.00%)
Result: 
[9.198478937149048, 7.45556378364563, 7.35597562789917]
Fold 3
Fold 3
[AE-IS] Using GPU: NVIDIA A100-SXM4-80GB
[AE-IS] Architecture: 256 → 134 → 12 → 134 → 256
[AE-IS] Training autoencoder on 10770 instances (256 features) for up to 20 epochs …
  Epoch   1/20 — loss: 0.653857 (best: 0.653857)
  Epoch  10/20 — loss: 0.385563 (best: 0.385563)
  Epoch  20/20 — loss: 0.364476 (best: 0.364476)
[AE-IS] Training finished — best loss: 0.364476
[AE-IS] Reconstruction error stats — min: 0.048189, median: 0.274953, max: 1.287799
[AE-IS] Redundant instances: 4308, removing 2154 with beta=0.5
[AE-IS] Noise instances: 3231, removing 538 with theta=0.1666666
[AE-IS] Removed 2154 redundant + 538 noisy = 2692 total instances
[AE-IS] Kept 8078 / 10770 (reduction = 25.00%)
Result: 
[9.198478937149048, 7.45556378364563, 7.35597562789917, 7.362575054168701]
Fold 4
Fold 4
[AE-IS] Using GPU: NVIDIA A100-SXM4-80GB
[AE-IS] Architecture: 256 → 134 → 12 → 134 → 256
[AE-IS] Training autoencoder on 10770 instances (256 features) for up to 20 epochs …
  Epoch   1/20 — loss: 0.657768 (best: 0.657768)
  Epoch  10/20 — loss: 0.388283 (best: 0.388283)
  Epoch  20/20 — loss: 0.366552 (best: 0.366230)
[AE-IS] Training finished — best loss: 0.366230
[AE-IS] Reconstruction error stats — min: 0.054695, median: 0.280368, max: 1.179570
[AE-IS] Redundant instances: 4308, removing 2154 with beta=0.5
[AE-IS] Noise instances: 3231, removing 538 with theta=0.1666666
[AE-IS] Removed 2154 redundant + 538 noisy = 2692 total instances
[AE-IS] Kept 8078 / 10770 (reduction = 25.00%)
Result: 
[9.198478937149048, 7.45556378364563, 7.35597562789917, 7.362575054168701, 7.366559743881226]
Fold 5
Fold 5
[AE-IS] Using GPU: NVIDIA A100-SXM4-80GB
[AE-IS] Architecture: 256 → 134 → 12 → 134 → 256
[AE-IS] Training autoencoder on 10770 instances (256 features) for up to 20 epochs …
  Epoch   1/20 — loss: 0.661135 (best: 0.661135)
  Epoch  10/20 — loss: 0.385533 (best: 0.385533)
  Epoch  20/20 — loss: 0.363015 (best: 0.363015)
[AE-IS] Training finished — best loss: 0.363015
[AE-IS] Reconstruction error stats — min: 0.054088, median: 0.275865, max: 1.136218
[AE-IS] Redundant instances: 4308, removing 2154 with beta=0.5
[AE-IS] Noise instances: 3231, removing 538 with theta=0.1666666
[AE-IS] Removed 2154 redundant + 538 noisy = 2692 total instances
[AE-IS] Kept 8078 / 10770 (reduction = 25.00%)
Result: 
[9.198478937149048, 7.45556378364563, 7.35597562789917, 7.362575054168701, 7.366559743881226, 7.330531358718872]
Fold 6
Fold 6
[AE-IS] Using GPU: NVIDIA A100-SXM4-80GB
[AE-IS] Architecture: 256 → 134 → 12 → 134 → 256
[AE-IS] Training autoencoder on 10770 instances (256 features) for up to 20 epochs …
  Epoch   1/20 — loss: 0.656187 (best: 0.656187)
  Epoch  10/20 — loss: 0.387400 (best: 0.387400)
  Epoch  20/20 — loss: 0.362041 (best: 0.362041)
[AE-IS] Training finished — best loss: 0.362041
[AE-IS] Reconstruction error stats — min: 0.045148, median: 0.276229, max: 1.206046
[AE-IS] Redundant instances: 4308, removing 2154 with beta=0.5
[AE-IS] Noise instances: 3231, removing 538 with theta=0.1666666
[AE-IS] Removed 2154 redundant + 538 noisy = 2692 total instances
[AE-IS] Kept 8078 / 10770 (reduction = 25.00%)
Result: 
[9.198478937149048, 7.45556378364563, 7.35597562789917, 7.362575054168701, 7.366559743881226, 7.330531358718872, 7.327901363372803]
Fold 7
Fold 7
[AE-IS] Using GPU: NVIDIA A100-SXM4-80GB
[AE-IS] Architecture: 256 → 134 → 12 → 134 → 256
[AE-IS] Training autoencoder on 10771 instances (256 features) for up to 20 epochs …
  Epoch   1/20 — loss: 0.663270 (best: 0.663270)
  Epoch  10/20 — loss: 0.387090 (best: 0.387090)
  Epoch  20/20 — loss: 0.363512 (best: 0.363251)
[AE-IS] Training finished — best loss: 0.363251
[AE-IS] Reconstruction error stats — min: 0.045269, median: 0.276133, max: 1.186101
[AE-IS] Redundant instances: 4308, removing 2154 with beta=0.5
[AE-IS] Noise instances: 3231, removing 538 with theta=0.1666666
[AE-IS] Removed 2154 redundant + 538 noisy = 2692 total instances
[AE-IS] Kept 8079 / 10771 (reduction = 24.99%)
Result: 
[9.198478937149048, 7.45556378364563, 7.35597562789917, 7.362575054168701, 7.366559743881226, 7.330531358718872, 7.327901363372803, 7.390125274658203]
Fold 8
Fold 8
[AE-IS] Using GPU: NVIDIA A100-SXM4-80GB
[AE-IS] Architecture: 256 → 134 → 12 → 134 → 256
[AE-IS] Training autoencoder on 10771 instances (256 features) for up to 20 epochs …
  Epoch   1/20 — loss: 0.659085 (best: 0.659085)
  Epoch  10/20 — loss: 0.383857 (best: 0.383857)
  Epoch  20/20 — loss: 0.358895 (best: 0.358895)
[AE-IS] Training finished — best loss: 0.358895
[AE-IS] Reconstruction error stats — min: 0.046117, median: 0.270447, max: 1.080707
[AE-IS] Redundant instances: 4308, removing 2154 with beta=0.5
[AE-IS] Noise instances: 3231, removing 538 with theta=0.1666666
[AE-IS] Removed 2154 redundant + 538 noisy = 2692 total instances
[AE-IS] Kept 8079 / 10771 (reduction = 24.99%)
Result: 
[9.198478937149048, 7.45556378364563, 7.35597562789917, 7.362575054168701, 7.366559743881226, 7.330531358718872, 7.327901363372803, 7.390125274658203, 7.341230869293213]
Fold 9
Fold 9
[AE-IS] Using GPU: NVIDIA A100-SXM4-80GB
[AE-IS] Architecture: 256 → 134 → 12 → 134 → 256
[AE-IS] Training autoencoder on 10771 instances (256 features) for up to 20 epochs …
  Epoch   1/20 — loss: 0.651542 (best: 0.651542)
  Epoch  10/20 — loss: 0.386983 (best: 0.386983)
  Epoch  20/20 — loss: 0.363037 (best: 0.363037)
[AE-IS] Training finished — best loss: 0.363037
[AE-IS] Reconstruction error stats — min: 0.049698, median: 0.275666, max: 1.288383
[AE-IS] Redundant instances: 4308, removing 2154 with beta=0.5
[AE-IS] Noise instances: 3231, removing 538 with theta=0.1666666
[AE-IS] Removed 2154 redundant + 538 noisy = 2692 total instances
[AE-IS] Kept 8079 / 10771 (reduction = 24.99%)
Result: 
[9.198478937149048, 7.45556378364563, 7.35597562789917, 7.362575054168701, 7.366559743881226, 7.330531358718872, 7.327901363372803, 7.390125274658203, 7.341230869293213, 7.697200775146484]
time: 7.582614278793335
time std: 0.5486797629825206
reducion: 0.24994661289595405
reducion std: 1.0634399558930931e-05
END
