Namespace(dataset='wos5736', method='sublinear-ae-is', folds=10, save=True, inputrep='jina-v5', out='/data/bernardolemos/results/jina-v5/instance_selection', datain='/data/bernardolemos/datasets', overwrite=1, inputdir='/data/bernardolemos/datasets/wos5736/jina-v5/', splitdir='/data/bernardolemos/datasets/wos5736/splits/', outputdir='/data/bernardolemos/results/jina-v5/instance_selection/selection/wos5736/', filename='/data/bernardolemos/results/jina-v5/instance_selection/selection/wos5736//saida_sublinear-ae-is', start_time='16-07-2026 22:11:49')
Namespace(dataset='wos5736', method='sublinear-ae-is', folds=10, save=True, inputrep='jina-v5', out='/data/bernardolemos/results/jina-v5/instance_selection', datain='/data/bernardolemos/datasets', overwrite=1, inputdir='/data/bernardolemos/datasets/wos5736/jina-v5/', splitdir='/data/bernardolemos/datasets/wos5736/splits/', outputdir='/data/bernardolemos/results/jina-v5/instance_selection/selection/wos5736/', filename='/data/bernardolemos/results/jina-v5/instance_selection/selection/wos5736//saida_sublinear-ae-is', start_time='16-07-2026 22:11:49')
/data/bernardolemos/datasets/wos5736/splits//split_10.pkl
Fold 0
Fold 0
[SublinearAEIS] Target reduction: 25.00% (Keeping 3871 / 5162 instances)
[SublinearAEIS] Step 1 — Training Autoencoder for 50 epochs...
[AE-IS] Using GPU: NVIDIA A100-SXM4-80GB
[AE-IS] Architecture: 256 → 192 → 128 → 192 → 256
[AE-IS] Training autoencoder on 5162 instances (256 features) for up to 50 epochs …
  Epoch   1/50 — loss: 0.794556 (best: 0.794556)
  Epoch  10/50 — loss: 0.268453 (best: 0.268453)
  Epoch  20/50 — loss: 0.223898 (best: 0.223898)
  Epoch  30/50 — loss: 0.206219 (best: 0.206219)
  Epoch  40/50 — loss: 0.195743 (best: 0.195743)
  Epoch  50/50 — loss: 0.191987 (best: 0.191603)
[AE-IS] Training finished — best loss: 0.191603
[AE-IS] Reconstruction error stats — min: 0.017409, median: 0.113015, max: 0.696012
[AE-IS] Removed 0 redundant + 0 noisy = 0 total instances
[AE-IS] Kept 5162 / 5162 (reduction = 0.00%)
[SublinearAEIS] Autoencoder scores: min=0.0174, median=0.1130, max=0.6960
[SublinearAEIS] Step 2 — Tessellating space into 200 micro-clusters...
[SublinearAEIS] Step 3 — Sublinear sampling (gamma=0.5). lambda = 4.2167
[SublinearAEIS] Done — removed 1289 / 5162 (reduction = 24.97%)
Result: 
[7.496380567550659]
Fold 1
Fold 1
[SublinearAEIS] Target reduction: 25.00% (Keeping 3871 / 5162 instances)
[SublinearAEIS] Step 1 — Training Autoencoder for 50 epochs...
[AE-IS] Using GPU: NVIDIA A100-SXM4-80GB
[AE-IS] Architecture: 256 → 192 → 128 → 192 → 256
[AE-IS] Training autoencoder on 5162 instances (256 features) for up to 50 epochs …
  Epoch   1/50 — loss: 0.796659 (best: 0.796659)
  Epoch  10/50 — loss: 0.269291 (best: 0.269291)
  Epoch  20/50 — loss: 0.221764 (best: 0.221764)
  Epoch  30/50 — loss: 0.205181 (best: 0.205181)
  Epoch  40/50 — loss: 0.199386 (best: 0.198677)
  Epoch  50/50 — loss: 0.191433 (best: 0.191082)
[AE-IS] Training finished — best loss: 0.191082
[AE-IS] Reconstruction error stats — min: 0.018440, median: 0.112762, max: 0.670144
[AE-IS] Removed 0 redundant + 0 noisy = 0 total instances
[AE-IS] Kept 5162 / 5162 (reduction = 0.00%)
[SublinearAEIS] Autoencoder scores: min=0.0184, median=0.1128, max=0.6701
[SublinearAEIS] Step 2 — Tessellating space into 200 micro-clusters...
[SublinearAEIS] Step 3 — Sublinear sampling (gamma=0.5). lambda = 4.1160
[SublinearAEIS] Done — removed 1290 / 5162 (reduction = 24.99%)
Result: 
[7.496380567550659, 4.139310836791992]
Fold 2
Fold 2
[SublinearAEIS] Target reduction: 25.00% (Keeping 3871 / 5162 instances)
[SublinearAEIS] Step 1 — Training Autoencoder for 50 epochs...
[AE-IS] Using GPU: NVIDIA A100-SXM4-80GB
[AE-IS] Architecture: 256 → 192 → 128 → 192 → 256
[AE-IS] Training autoencoder on 5162 instances (256 features) for up to 50 epochs …
  Epoch   1/50 — loss: 0.796832 (best: 0.796832)
  Epoch  10/50 — loss: 0.269155 (best: 0.269155)
  Epoch  20/50 — loss: 0.225373 (best: 0.225373)
  Epoch  30/50 — loss: 0.205983 (best: 0.205888)
  Epoch  40/50 — loss: 0.198390 (best: 0.196653)
  Epoch  50/50 — loss: 0.193443 (best: 0.192017)
[AE-IS] Training finished — best loss: 0.192017
[AE-IS] Reconstruction error stats — min: 0.017970, median: 0.112452, max: 0.672510
[AE-IS] Removed 0 redundant + 0 noisy = 0 total instances
[AE-IS] Kept 5162 / 5162 (reduction = 0.00%)
[SublinearAEIS] Autoencoder scores: min=0.0180, median=0.1125, max=0.6725
[SublinearAEIS] Step 2 — Tessellating space into 200 micro-clusters...
[SublinearAEIS] Step 3 — Sublinear sampling (gamma=0.5). lambda = 4.2258
[SublinearAEIS] Done — removed 1291 / 5162 (reduction = 25.01%)
Result: 
[7.496380567550659, 4.139310836791992, 4.068556785583496]
Fold 3
Fold 3
[SublinearAEIS] Target reduction: 25.00% (Keeping 3871 / 5162 instances)
[SublinearAEIS] Step 1 — Training Autoencoder for 50 epochs...
[AE-IS] Using GPU: NVIDIA A100-SXM4-80GB
[AE-IS] Architecture: 256 → 192 → 128 → 192 → 256
[AE-IS] Training autoencoder on 5162 instances (256 features) for up to 50 epochs …
  Epoch   1/50 — loss: 0.794576 (best: 0.794576)
  Epoch  10/50 — loss: 0.268825 (best: 0.268825)
  Epoch  20/50 — loss: 0.222070 (best: 0.222070)
  Epoch  30/50 — loss: 0.205212 (best: 0.205212)
  Epoch  40/50 — loss: 0.196019 (best: 0.195836)
  Epoch  50/50 — loss: 0.189845 (best: 0.189845)
[AE-IS] Training finished — best loss: 0.189845
[AE-IS] Reconstruction error stats — min: 0.017173, median: 0.111593, max: 0.678249
[AE-IS] Removed 0 redundant + 0 noisy = 0 total instances
[AE-IS] Kept 5162 / 5162 (reduction = 0.00%)
[SublinearAEIS] Autoencoder scores: min=0.0172, median=0.1116, max=0.6782
[SublinearAEIS] Step 2 — Tessellating space into 200 micro-clusters...
[SublinearAEIS] Step 3 — Sublinear sampling (gamma=0.5). lambda = 4.1992
[SublinearAEIS] Done — removed 1289 / 5162 (reduction = 24.97%)
Result: 
[7.496380567550659, 4.139310836791992, 4.068556785583496, 4.063158750534058]
Fold 4
Fold 4
[SublinearAEIS] Target reduction: 25.00% (Keeping 3871 / 5162 instances)
[SublinearAEIS] Step 1 — Training Autoencoder for 50 epochs...
[AE-IS] Using GPU: NVIDIA A100-SXM4-80GB
[AE-IS] Architecture: 256 → 192 → 128 → 192 → 256
[AE-IS] Training autoencoder on 5162 instances (256 features) for up to 50 epochs …
  Epoch   1/50 — loss: 0.796199 (best: 0.796199)
  Epoch  10/50 — loss: 0.270652 (best: 0.270652)
  Epoch  20/50 — loss: 0.223865 (best: 0.223865)
  Epoch  30/50 — loss: 0.205936 (best: 0.205936)
  Epoch  40/50 — loss: 0.197484 (best: 0.197081)
  Epoch  50/50 — loss: 0.189611 (best: 0.189544)
[AE-IS] Training finished — best loss: 0.189544
[AE-IS] Reconstruction error stats — min: 0.016680, median: 0.112212, max: 0.708478
[AE-IS] Removed 0 redundant + 0 noisy = 0 total instances
[AE-IS] Kept 5162 / 5162 (reduction = 0.00%)
[SublinearAEIS] Autoencoder scores: min=0.0167, median=0.1122, max=0.7085
[SublinearAEIS] Step 2 — Tessellating space into 200 micro-clusters...
[SublinearAEIS] Step 3 — Sublinear sampling (gamma=0.5). lambda = 4.2288
[SublinearAEIS] Done — removed 1291 / 5162 (reduction = 25.01%)
Result: 
[7.496380567550659, 4.139310836791992, 4.068556785583496, 4.063158750534058, 4.251128435134888]
Fold 5
Fold 5
[SublinearAEIS] Target reduction: 25.00% (Keeping 3871 / 5162 instances)
[SublinearAEIS] Step 1 — Training Autoencoder for 50 epochs...
[AE-IS] Using GPU: NVIDIA A100-SXM4-80GB
[AE-IS] Architecture: 256 → 192 → 128 → 192 → 256
[AE-IS] Training autoencoder on 5162 instances (256 features) for up to 50 epochs …
  Epoch   1/50 — loss: 0.797236 (best: 0.797236)
  Epoch  10/50 — loss: 0.269449 (best: 0.269449)
  Epoch  20/50 — loss: 0.223235 (best: 0.223235)
  Epoch  30/50 — loss: 0.205707 (best: 0.205707)
  Epoch  40/50 — loss: 0.198188 (best: 0.196881)
  Epoch  50/50 — loss: 0.190901 (best: 0.190901)
[AE-IS] Training finished — best loss: 0.190901
[AE-IS] Reconstruction error stats — min: 0.016707, median: 0.111360, max: 0.671459
[AE-IS] Removed 0 redundant + 0 noisy = 0 total instances
[AE-IS] Kept 5162 / 5162 (reduction = 0.00%)
[SublinearAEIS] Autoencoder scores: min=0.0167, median=0.1114, max=0.6715
[SublinearAEIS] Step 2 — Tessellating space into 200 micro-clusters...
[SublinearAEIS] Step 3 — Sublinear sampling (gamma=0.5). lambda = 4.1461
[SublinearAEIS] Done — removed 1288 / 5162 (reduction = 24.95%)
Result: 
[7.496380567550659, 4.139310836791992, 4.068556785583496, 4.063158750534058, 4.251128435134888, 4.922931432723999]
Fold 6
Fold 6
[SublinearAEIS] Target reduction: 25.00% (Keeping 3872 / 5163 instances)
[SublinearAEIS] Step 1 — Training Autoencoder for 50 epochs...
[AE-IS] Using GPU: NVIDIA A100-SXM4-80GB
[AE-IS] Architecture: 256 → 192 → 128 → 192 → 256
[AE-IS] Training autoencoder on 5163 instances (256 features) for up to 50 epochs …
  Epoch   1/50 — loss: 0.796889 (best: 0.796889)
  Epoch  10/50 — loss: 0.269363 (best: 0.269363)
  Epoch  20/50 — loss: 0.221796 (best: 0.221796)
  Epoch  30/50 — loss: 0.206325 (best: 0.206325)
  Epoch  40/50 — loss: 0.197882 (best: 0.195699)
  Epoch  50/50 — loss: 0.191362 (best: 0.191362)
[AE-IS] Training finished — best loss: 0.191362
[AE-IS] Reconstruction error stats — min: 0.019844, median: 0.111578, max: 0.669694
[AE-IS] Removed 0 redundant + 0 noisy = 0 total instances
[AE-IS] Kept 5163 / 5163 (reduction = 0.00%)
[SublinearAEIS] Autoencoder scores: min=0.0198, median=0.1116, max=0.6697
[SublinearAEIS] Step 2 — Tessellating space into 200 micro-clusters...
[SublinearAEIS] Step 3 — Sublinear sampling (gamma=0.5). lambda = 4.2212
[SublinearAEIS] Done — removed 1291 / 5163 (reduction = 25.00%)
Result: 
[7.496380567550659, 4.139310836791992, 4.068556785583496, 4.063158750534058, 4.251128435134888, 4.922931432723999, 5.154357194900513]
Fold 7
Fold 7
[SublinearAEIS] Target reduction: 25.00% (Keeping 3872 / 5163 instances)
[SublinearAEIS] Step 1 — Training Autoencoder for 50 epochs...
[AE-IS] Using GPU: NVIDIA A100-SXM4-80GB
[AE-IS] Architecture: 256 → 192 → 128 → 192 → 256
[AE-IS] Training autoencoder on 5163 instances (256 features) for up to 50 epochs …
  Epoch   1/50 — loss: 0.799650 (best: 0.799650)
  Epoch  10/50 — loss: 0.269803 (best: 0.269803)
  Epoch  20/50 — loss: 0.223516 (best: 0.223516)
  Epoch  30/50 — loss: 0.205656 (best: 0.205656)
  Epoch  40/50 — loss: 0.197823 (best: 0.196066)
  Epoch  50/50 — loss: 0.192963 (best: 0.192729)
[AE-IS] Training finished — best loss: 0.192729
[AE-IS] Reconstruction error stats — min: 0.017975, median: 0.113289, max: 0.680501
[AE-IS] Removed 0 redundant + 0 noisy = 0 total instances
[AE-IS] Kept 5163 / 5163 (reduction = 0.00%)
[SublinearAEIS] Autoencoder scores: min=0.0180, median=0.1133, max=0.6805
[SublinearAEIS] Step 2 — Tessellating space into 200 micro-clusters...
[SublinearAEIS] Step 3 — Sublinear sampling (gamma=0.5). lambda = 4.1703
[SublinearAEIS] Done — removed 1287 / 5163 (reduction = 24.93%)
Result: 
[7.496380567550659, 4.139310836791992, 4.068556785583496, 4.063158750534058, 4.251128435134888, 4.922931432723999, 5.154357194900513, 4.763447523117065]
Fold 8
Fold 8
[SublinearAEIS] Target reduction: 25.00% (Keeping 3872 / 5163 instances)
[SublinearAEIS] Step 1 — Training Autoencoder for 50 epochs...
[AE-IS] Using GPU: NVIDIA A100-SXM4-80GB
[AE-IS] Architecture: 256 → 192 → 128 → 192 → 256
[AE-IS] Training autoencoder on 5163 instances (256 features) for up to 50 epochs …
  Epoch   1/50 — loss: 0.797383 (best: 0.797383)
  Epoch  10/50 — loss: 0.269761 (best: 0.269761)
  Epoch  20/50 — loss: 0.223544 (best: 0.223544)
  Epoch  30/50 — loss: 0.206446 (best: 0.206446)
  Epoch  40/50 — loss: 0.196726 (best: 0.196370)
  Epoch  50/50 — loss: 0.191327 (best: 0.191327)
[AE-IS] Training finished — best loss: 0.191327
[AE-IS] Reconstruction error stats — min: 0.020976, median: 0.111762, max: 0.677759
[AE-IS] Removed 0 redundant + 0 noisy = 0 total instances
[AE-IS] Kept 5163 / 5163 (reduction = 0.00%)
[SublinearAEIS] Autoencoder scores: min=0.0210, median=0.1118, max=0.6778
[SublinearAEIS] Step 2 — Tessellating space into 200 micro-clusters...
[SublinearAEIS] Step 3 — Sublinear sampling (gamma=0.5). lambda = 4.2426
[SublinearAEIS] Done — removed 1291 / 5163 (reduction = 25.00%)
Result: 
[7.496380567550659, 4.139310836791992, 4.068556785583496, 4.063158750534058, 4.251128435134888, 4.922931432723999, 5.154357194900513, 4.763447523117065, 4.223196506500244]
Fold 9
Fold 9
[SublinearAEIS] Target reduction: 25.00% (Keeping 3872 / 5163 instances)
[SublinearAEIS] Step 1 — Training Autoencoder for 50 epochs...
[AE-IS] Using GPU: NVIDIA A100-SXM4-80GB
[AE-IS] Architecture: 256 → 192 → 128 → 192 → 256
[AE-IS] Training autoencoder on 5163 instances (256 features) for up to 50 epochs …
  Epoch   1/50 — loss: 0.796281 (best: 0.796281)
  Epoch  10/50 — loss: 0.269128 (best: 0.269128)
  Epoch  20/50 — loss: 0.225500 (best: 0.225500)
  Epoch  30/50 — loss: 0.206719 (best: 0.206719)
  Epoch  40/50 — loss: 0.195961 (best: 0.195961)
  Epoch  50/50 — loss: 0.189958 (best: 0.189958)
[AE-IS] Training finished — best loss: 0.189958
[AE-IS] Reconstruction error stats — min: 0.021150, median: 0.112949, max: 0.739713
[AE-IS] Removed 0 redundant + 0 noisy = 0 total instances
[AE-IS] Kept 5163 / 5163 (reduction = 0.00%)
[SublinearAEIS] Autoencoder scores: min=0.0212, median=0.1129, max=0.7397
[SublinearAEIS] Step 2 — Tessellating space into 200 micro-clusters...
[SublinearAEIS] Step 3 — Sublinear sampling (gamma=0.5). lambda = 4.1184
[SublinearAEIS] Done — removed 1288 / 5163 (reduction = 24.95%)
Result: 
[7.496380567550659, 4.139310836791992, 4.068556785583496, 4.063158750534058, 4.251128435134888, 4.922931432723999, 5.154357194900513, 4.763447523117065, 4.223196506500244, 4.317183256149292]
time: 4.73996512889862
time std: 0.9878244882601064
reducion: 0.2497869268135422
reducion std: 0.00028169356784768236
END
