Namespace(dataset='wos5736', method='autoencoder-is', folds=10, save=True, inputrep='jina-v5', out='/data/bernardolemos/results/jina-v5/instance_selection', datain='/data/bernardolemos/datasets', overwrite=1, inputdir='/data/bernardolemos/datasets/wos5736/jina-v5/', splitdir='/data/bernardolemos/datasets/wos5736/splits/', outputdir='/data/bernardolemos/results/jina-v5/instance_selection/selection/wos5736/', filename='/data/bernardolemos/results/jina-v5/instance_selection/selection/wos5736//saida_autoencoder-is', start_time='16-07-2026 22:10:59')
Namespace(dataset='wos5736', method='autoencoder-is', folds=10, save=True, inputrep='jina-v5', out='/data/bernardolemos/results/jina-v5/instance_selection', datain='/data/bernardolemos/datasets', overwrite=1, inputdir='/data/bernardolemos/datasets/wos5736/jina-v5/', splitdir='/data/bernardolemos/datasets/wos5736/splits/', outputdir='/data/bernardolemos/results/jina-v5/instance_selection/selection/wos5736/', filename='/data/bernardolemos/results/jina-v5/instance_selection/selection/wos5736//saida_autoencoder-is', start_time='16-07-2026 22:10:59')
/data/bernardolemos/datasets/wos5736/splits//split_10.pkl
Fold 0
Fold 0
[AE-IS] Using GPU: NVIDIA A100-SXM4-80GB
[AE-IS] Architecture: 256 → 134 → 12 → 134 → 256
[AE-IS] Training autoencoder on 5162 instances (256 features) for up to 20 epochs …
  Epoch   1/20 — loss: 0.711050 (best: 0.711050)
  Epoch  10/20 — loss: 0.392061 (best: 0.392061)
  Epoch  20/20 — loss: 0.357929 (best: 0.357929)
[AE-IS] Training finished — best loss: 0.357929
[AE-IS] Reconstruction error stats — min: 0.034047, median: 0.262290, max: 1.331977
[AE-IS] Redundant instances: 2065, removing 1032 with beta=0.5
[AE-IS] Noise instances: 1549, removing 258 with theta=0.1666666
[AE-IS] Removed 1032 redundant + 258 noisy = 1290 total instances
[AE-IS] Kept 3872 / 5162 (reduction = 24.99%)
Result: 
[5.712398290634155]
Fold 1
Fold 1
[AE-IS] Using GPU: NVIDIA A100-SXM4-80GB
[AE-IS] Architecture: 256 → 134 → 12 → 134 → 256
[AE-IS] Training autoencoder on 5162 instances (256 features) for up to 20 epochs …
  Epoch   1/20 — loss: 0.713614 (best: 0.713614)
  Epoch  10/20 — loss: 0.384706 (best: 0.384706)
  Epoch  20/20 — loss: 0.357458 (best: 0.356690)
[AE-IS] Training finished — best loss: 0.356690
[AE-IS] Reconstruction error stats — min: 0.032477, median: 0.263032, max: 1.309403
[AE-IS] Redundant instances: 2065, removing 1032 with beta=0.5
[AE-IS] Noise instances: 1549, removing 258 with theta=0.1666666
[AE-IS] Removed 1032 redundant + 258 noisy = 1290 total instances
[AE-IS] Kept 3872 / 5162 (reduction = 24.99%)
Result: 
[5.712398290634155, 3.496628761291504]
Fold 2
Fold 2
[AE-IS] Using GPU: NVIDIA A100-SXM4-80GB
[AE-IS] Architecture: 256 → 134 → 12 → 134 → 256
[AE-IS] Training autoencoder on 5162 instances (256 features) for up to 20 epochs …
  Epoch   1/20 — loss: 0.713046 (best: 0.713046)
  Epoch  10/20 — loss: 0.389748 (best: 0.389748)
  Epoch  20/20 — loss: 0.357485 (best: 0.357485)
[AE-IS] Training finished — best loss: 0.357485
[AE-IS] Reconstruction error stats — min: 0.033682, median: 0.259304, max: 1.359168
[AE-IS] Redundant instances: 2065, removing 1032 with beta=0.5
[AE-IS] Noise instances: 1549, removing 258 with theta=0.1666666
[AE-IS] Removed 1032 redundant + 258 noisy = 1290 total instances
[AE-IS] Kept 3872 / 5162 (reduction = 24.99%)
Result: 
[5.712398290634155, 3.496628761291504, 3.492844581604004]
Fold 3
Fold 3
[AE-IS] Using GPU: NVIDIA A100-SXM4-80GB
[AE-IS] Architecture: 256 → 134 → 12 → 134 → 256
[AE-IS] Training autoencoder on 5162 instances (256 features) for up to 20 epochs …
  Epoch   1/20 — loss: 0.713786 (best: 0.713786)
  Epoch  10/20 — loss: 0.386096 (best: 0.386096)
  Epoch  20/20 — loss: 0.357408 (best: 0.357408)
[AE-IS] Training finished — best loss: 0.357408
[AE-IS] Reconstruction error stats — min: 0.039200, median: 0.262914, max: 1.407753
[AE-IS] Redundant instances: 2065, removing 1032 with beta=0.5
[AE-IS] Noise instances: 1549, removing 258 with theta=0.1666666
[AE-IS] Removed 1032 redundant + 258 noisy = 1290 total instances
[AE-IS] Kept 3872 / 5162 (reduction = 24.99%)
Result: 
[5.712398290634155, 3.496628761291504, 3.492844581604004, 3.4791555404663086]
Fold 4
Fold 4
[AE-IS] Using GPU: NVIDIA A100-SXM4-80GB
[AE-IS] Architecture: 256 → 134 → 12 → 134 → 256
[AE-IS] Training autoencoder on 5162 instances (256 features) for up to 20 epochs …
  Epoch   1/20 — loss: 0.710711 (best: 0.710711)
  Epoch  10/20 — loss: 0.386589 (best: 0.386589)
  Epoch  20/20 — loss: 0.357094 (best: 0.357094)
[AE-IS] Training finished — best loss: 0.357094
[AE-IS] Reconstruction error stats — min: 0.037697, median: 0.261885, max: 1.277826
[AE-IS] Redundant instances: 2065, removing 1032 with beta=0.5
[AE-IS] Noise instances: 1549, removing 258 with theta=0.1666666
[AE-IS] Removed 1032 redundant + 258 noisy = 1290 total instances
[AE-IS] Kept 3872 / 5162 (reduction = 24.99%)
Result: 
[5.712398290634155, 3.496628761291504, 3.492844581604004, 3.4791555404663086, 3.4792709350585938]
Fold 5
Fold 5
[AE-IS] Using GPU: NVIDIA A100-SXM4-80GB
[AE-IS] Architecture: 256 → 134 → 12 → 134 → 256
[AE-IS] Training autoencoder on 5162 instances (256 features) for up to 20 epochs …
  Epoch   1/20 — loss: 0.709076 (best: 0.709076)
  Epoch  10/20 — loss: 0.383933 (best: 0.383933)
  Epoch  20/20 — loss: 0.353243 (best: 0.353243)
[AE-IS] Training finished — best loss: 0.353243
[AE-IS] Reconstruction error stats — min: 0.037057, median: 0.258586, max: 1.271882
[AE-IS] Redundant instances: 2065, removing 1032 with beta=0.5
[AE-IS] Noise instances: 1549, removing 258 with theta=0.1666666
[AE-IS] Removed 1032 redundant + 258 noisy = 1290 total instances
[AE-IS] Kept 3872 / 5162 (reduction = 24.99%)
Result: 
[5.712398290634155, 3.496628761291504, 3.492844581604004, 3.4791555404663086, 3.4792709350585938, 3.5621180534362793]
Fold 6
Fold 6
[AE-IS] Using GPU: NVIDIA A100-SXM4-80GB
[AE-IS] Architecture: 256 → 134 → 12 → 134 → 256
[AE-IS] Training autoencoder on 5163 instances (256 features) for up to 20 epochs …
  Epoch   1/20 — loss: 0.711126 (best: 0.711126)
  Epoch  10/20 — loss: 0.388238 (best: 0.388238)
  Epoch  20/20 — loss: 0.357082 (best: 0.357082)
[AE-IS] Training finished — best loss: 0.357082
[AE-IS] Reconstruction error stats — min: 0.035415, median: 0.262139, max: 1.263542
[AE-IS] Redundant instances: 2065, removing 1032 with beta=0.5
[AE-IS] Noise instances: 1549, removing 258 with theta=0.1666666
[AE-IS] Removed 1032 redundant + 258 noisy = 1290 total instances
[AE-IS] Kept 3873 / 5163 (reduction = 24.99%)
Result: 
[5.712398290634155, 3.496628761291504, 3.492844581604004, 3.4791555404663086, 3.4792709350585938, 3.5621180534362793, 3.410367727279663]
Fold 7
Fold 7
[AE-IS] Using GPU: NVIDIA A100-SXM4-80GB
[AE-IS] Architecture: 256 → 134 → 12 → 134 → 256
[AE-IS] Training autoencoder on 5163 instances (256 features) for up to 20 epochs …
  Epoch   1/20 — loss: 0.717102 (best: 0.717102)
  Epoch  10/20 — loss: 0.393184 (best: 0.393184)
  Epoch  20/20 — loss: 0.361073 (best: 0.361073)
[AE-IS] Training finished — best loss: 0.361073
[AE-IS] Reconstruction error stats — min: 0.034114, median: 0.265721, max: 1.338280
[AE-IS] Redundant instances: 2065, removing 1032 with beta=0.5
[AE-IS] Noise instances: 1549, removing 258 with theta=0.1666666
[AE-IS] Removed 1032 redundant + 258 noisy = 1290 total instances
[AE-IS] Kept 3873 / 5163 (reduction = 24.99%)
Result: 
[5.712398290634155, 3.496628761291504, 3.492844581604004, 3.4791555404663086, 3.4792709350585938, 3.5621180534362793, 3.410367727279663, 3.5209381580352783]
Fold 8
Fold 8
[AE-IS] Using GPU: NVIDIA A100-SXM4-80GB
[AE-IS] Architecture: 256 → 134 → 12 → 134 → 256
[AE-IS] Training autoencoder on 5163 instances (256 features) for up to 20 epochs …
  Epoch   1/20 — loss: 0.714201 (best: 0.714201)
  Epoch  10/20 — loss: 0.390186 (best: 0.390186)
  Epoch  20/20 — loss: 0.358094 (best: 0.358094)
[AE-IS] Training finished — best loss: 0.358094
[AE-IS] Reconstruction error stats — min: 0.041289, median: 0.266431, max: 1.351160
[AE-IS] Redundant instances: 2065, removing 1032 with beta=0.5
[AE-IS] Noise instances: 1549, removing 258 with theta=0.1666666
[AE-IS] Removed 1032 redundant + 258 noisy = 1290 total instances
[AE-IS] Kept 3873 / 5163 (reduction = 24.99%)
Result: 
[5.712398290634155, 3.496628761291504, 3.492844581604004, 3.4791555404663086, 3.4792709350585938, 3.5621180534362793, 3.410367727279663, 3.5209381580352783, 3.496551036834717]
Fold 9
Fold 9
[AE-IS] Using GPU: NVIDIA A100-SXM4-80GB
[AE-IS] Architecture: 256 → 134 → 12 → 134 → 256
[AE-IS] Training autoencoder on 5163 instances (256 features) for up to 20 epochs …
  Epoch   1/20 — loss: 0.719578 (best: 0.719578)
  Epoch  10/20 — loss: 0.385668 (best: 0.385668)
  Epoch  20/20 — loss: 0.357421 (best: 0.357421)
[AE-IS] Training finished — best loss: 0.357421
[AE-IS] Reconstruction error stats — min: 0.036635, median: 0.263210, max: 1.445029
[AE-IS] Redundant instances: 2065, removing 1032 with beta=0.5
[AE-IS] Noise instances: 1549, removing 258 with theta=0.1666666
[AE-IS] Removed 1032 redundant + 258 noisy = 1290 total instances
[AE-IS] Kept 3873 / 5163 (reduction = 24.99%)
Result: 
[5.712398290634155, 3.496628761291504, 3.492844581604004, 3.4791555404663086, 3.4792709350585938, 3.5621180534362793, 3.410367727279663, 3.5209381580352783, 3.496551036834717, 3.5266811847686768]
time: 3.717695426940918
time std: 0.6659410441237051
reducion: 0.24988377723861924
reducion std: 2.3712383265562017e-05
END
