Namespace(dataset='yelp_reviews', method='autoencoder-is', folds=10, save=True, inputrep='jina-v5', out='/data/bernardolemos/results/jina-v5/instance_selection', datain='/data/bernardolemos/datasets', overwrite=1, inputdir='/data/bernardolemos/datasets/yelp_reviews/jina-v5/', splitdir='/data/bernardolemos/datasets/yelp_reviews/splits/', outputdir='/data/bernardolemos/results/jina-v5/instance_selection/selection/yelp_reviews/', filename='/data/bernardolemos/results/jina-v5/instance_selection/selection/yelp_reviews//saida_autoencoder-is', start_time='16-07-2026 22:09:21')
Namespace(dataset='yelp_reviews', method='autoencoder-is', folds=10, save=True, inputrep='jina-v5', out='/data/bernardolemos/results/jina-v5/instance_selection', datain='/data/bernardolemos/datasets', overwrite=1, inputdir='/data/bernardolemos/datasets/yelp_reviews/jina-v5/', splitdir='/data/bernardolemos/datasets/yelp_reviews/splits/', outputdir='/data/bernardolemos/results/jina-v5/instance_selection/selection/yelp_reviews/', filename='/data/bernardolemos/results/jina-v5/instance_selection/selection/yelp_reviews//saida_autoencoder-is', start_time='16-07-2026 22:09:21')
/data/bernardolemos/datasets/yelp_reviews/splits//split_10.pkl
Fold 0
Fold 0
[AE-IS] Using GPU: NVIDIA A100-SXM4-80GB
[AE-IS] Architecture: 256 → 134 → 12 → 134 → 256
[AE-IS] Training autoencoder on 4500 instances (256 features) for up to 20 epochs …
  Epoch   1/20 — loss: 0.842319 (best: 0.842319)
  Epoch  10/20 — loss: 0.501425 (best: 0.501425)
  Epoch  20/20 — loss: 0.459604 (best: 0.459604)
[AE-IS] Training finished — best loss: 0.459604
[AE-IS] Reconstruction error stats — min: 0.082600, median: 0.339076, max: 2.019593
[AE-IS] Redundant instances: 1800, removing 900 with beta=0.5
[AE-IS] Noise instances: 1350, removing 224 with theta=0.1666666
[AE-IS] Removed 900 redundant + 224 noisy = 1124 total instances
[AE-IS] Kept 3376 / 4500 (reduction = 24.98%)
Result: 
[5.047669410705566]
Fold 1
Fold 1
[AE-IS] Using GPU: NVIDIA A100-SXM4-80GB
[AE-IS] Architecture: 256 → 134 → 12 → 134 → 256
[AE-IS] Training autoencoder on 4500 instances (256 features) for up to 20 epochs …
  Epoch   1/20 — loss: 0.836969 (best: 0.836969)
  Epoch  10/20 — loss: 0.500981 (best: 0.500981)
  Epoch  20/20 — loss: 0.462604 (best: 0.462604)
[AE-IS] Training finished — best loss: 0.462604
[AE-IS] Reconstruction error stats — min: 0.088656, median: 0.341881, max: 1.631578
[AE-IS] Redundant instances: 1800, removing 900 with beta=0.5
[AE-IS] Noise instances: 1350, removing 224 with theta=0.1666666
[AE-IS] Removed 900 redundant + 224 noisy = 1124 total instances
[AE-IS] Kept 3376 / 4500 (reduction = 24.98%)
Result: 
[5.047669410705566, 3.1179580688476562]
Fold 2
Fold 2
[AE-IS] Using GPU: NVIDIA A100-SXM4-80GB
[AE-IS] Architecture: 256 → 134 → 12 → 134 → 256
[AE-IS] Training autoencoder on 4500 instances (256 features) for up to 20 epochs …
  Epoch   1/20 — loss: 0.845082 (best: 0.845082)
  Epoch  10/20 — loss: 0.499148 (best: 0.499148)
  Epoch  20/20 — loss: 0.459670 (best: 0.459670)
[AE-IS] Training finished — best loss: 0.459670
[AE-IS] Reconstruction error stats — min: 0.084457, median: 0.340333, max: 1.882615
[AE-IS] Redundant instances: 1800, removing 900 with beta=0.5
[AE-IS] Noise instances: 1350, removing 224 with theta=0.1666666
[AE-IS] Removed 900 redundant + 224 noisy = 1124 total instances
[AE-IS] Kept 3376 / 4500 (reduction = 24.98%)
Result: 
[5.047669410705566, 3.1179580688476562, 3.1064774990081787]
Fold 3
Fold 3
[AE-IS] Using GPU: NVIDIA A100-SXM4-80GB
[AE-IS] Architecture: 256 → 134 → 12 → 134 → 256
[AE-IS] Training autoencoder on 4500 instances (256 features) for up to 20 epochs …
  Epoch   1/20 — loss: 0.842028 (best: 0.842028)
  Epoch  10/20 — loss: 0.506163 (best: 0.506163)
  Epoch  20/20 — loss: 0.465602 (best: 0.465602)
[AE-IS] Training finished — best loss: 0.465602
[AE-IS] Reconstruction error stats — min: 0.091025, median: 0.346232, max: 1.983492
[AE-IS] Redundant instances: 1800, removing 900 with beta=0.5
[AE-IS] Noise instances: 1350, removing 224 with theta=0.1666666
[AE-IS] Removed 900 redundant + 224 noisy = 1124 total instances
[AE-IS] Kept 3376 / 4500 (reduction = 24.98%)
Result: 
[5.047669410705566, 3.1179580688476562, 3.1064774990081787, 3.098991870880127]
Fold 4
Fold 4
[AE-IS] Using GPU: NVIDIA A100-SXM4-80GB
[AE-IS] Architecture: 256 → 134 → 12 → 134 → 256
[AE-IS] Training autoencoder on 4500 instances (256 features) for up to 20 epochs …
  Epoch   1/20 — loss: 0.844337 (best: 0.844337)
  Epoch  10/20 — loss: 0.500489 (best: 0.500489)
  Epoch  20/20 — loss: 0.463030 (best: 0.463030)
[AE-IS] Training finished — best loss: 0.463030
[AE-IS] Reconstruction error stats — min: 0.076244, median: 0.344611, max: 1.874030
[AE-IS] Redundant instances: 1800, removing 900 with beta=0.5
[AE-IS] Noise instances: 1350, removing 224 with theta=0.1666666
[AE-IS] Removed 900 redundant + 224 noisy = 1124 total instances
[AE-IS] Kept 3376 / 4500 (reduction = 24.98%)
Result: 
[5.047669410705566, 3.1179580688476562, 3.1064774990081787, 3.098991870880127, 3.1828644275665283]
Fold 5
Fold 5
[AE-IS] Using GPU: NVIDIA A100-SXM4-80GB
[AE-IS] Architecture: 256 → 134 → 12 → 134 → 256
[AE-IS] Training autoencoder on 4500 instances (256 features) for up to 20 epochs …
  Epoch   1/20 — loss: 0.838635 (best: 0.838635)
  Epoch  10/20 — loss: 0.496529 (best: 0.496529)
  Epoch  20/20 — loss: 0.460650 (best: 0.460650)
[AE-IS] Training finished — best loss: 0.460650
[AE-IS] Reconstruction error stats — min: 0.079613, median: 0.341543, max: 1.968441
[AE-IS] Redundant instances: 1800, removing 900 with beta=0.5
[AE-IS] Noise instances: 1350, removing 224 with theta=0.1666666
[AE-IS] Removed 900 redundant + 224 noisy = 1124 total instances
[AE-IS] Kept 3376 / 4500 (reduction = 24.98%)
Result: 
[5.047669410705566, 3.1179580688476562, 3.1064774990081787, 3.098991870880127, 3.1828644275665283, 3.041081428527832]
Fold 6
Fold 6
[AE-IS] Using GPU: NVIDIA A100-SXM4-80GB
[AE-IS] Architecture: 256 → 134 → 12 → 134 → 256
[AE-IS] Training autoencoder on 4500 instances (256 features) for up to 20 epochs …
  Epoch   1/20 — loss: 0.836568 (best: 0.836568)
  Epoch  10/20 — loss: 0.502071 (best: 0.502071)
  Epoch  20/20 — loss: 0.465579 (best: 0.465579)
[AE-IS] Training finished — best loss: 0.465579
[AE-IS] Reconstruction error stats — min: 0.087607, median: 0.346863, max: 1.897564
[AE-IS] Redundant instances: 1800, removing 900 with beta=0.5
[AE-IS] Noise instances: 1350, removing 224 with theta=0.1666666
[AE-IS] Removed 900 redundant + 224 noisy = 1124 total instances
[AE-IS] Kept 3376 / 4500 (reduction = 24.98%)
Result: 
[5.047669410705566, 3.1179580688476562, 3.1064774990081787, 3.098991870880127, 3.1828644275665283, 3.041081428527832, 3.0630292892456055]
Fold 7
Fold 7
[AE-IS] Using GPU: NVIDIA A100-SXM4-80GB
[AE-IS] Architecture: 256 → 134 → 12 → 134 → 256
[AE-IS] Training autoencoder on 4500 instances (256 features) for up to 20 epochs …
  Epoch   1/20 — loss: 0.846618 (best: 0.846618)
  Epoch  10/20 — loss: 0.500220 (best: 0.500220)
  Epoch  20/20 — loss: 0.459843 (best: 0.459843)
[AE-IS] Training finished — best loss: 0.459843
[AE-IS] Reconstruction error stats — min: 0.080657, median: 0.339719, max: 1.698975
[AE-IS] Redundant instances: 1800, removing 900 with beta=0.5
[AE-IS] Noise instances: 1350, removing 224 with theta=0.1666666
[AE-IS] Removed 900 redundant + 224 noisy = 1124 total instances
[AE-IS] Kept 3376 / 4500 (reduction = 24.98%)
Result: 
[5.047669410705566, 3.1179580688476562, 3.1064774990081787, 3.098991870880127, 3.1828644275665283, 3.041081428527832, 3.0630292892456055, 3.053945779800415]
Fold 8
Fold 8
[AE-IS] Using GPU: NVIDIA A100-SXM4-80GB
[AE-IS] Architecture: 256 → 134 → 12 → 134 → 256
[AE-IS] Training autoencoder on 4500 instances (256 features) for up to 20 epochs …
  Epoch   1/20 — loss: 0.839572 (best: 0.839572)
  Epoch  10/20 — loss: 0.502784 (best: 0.502784)
  Epoch  20/20 — loss: 0.460109 (best: 0.460109)
[AE-IS] Training finished — best loss: 0.460109
[AE-IS] Reconstruction error stats — min: 0.078970, median: 0.341466, max: 1.999392
[AE-IS] Redundant instances: 1800, removing 900 with beta=0.5
[AE-IS] Noise instances: 1350, removing 224 with theta=0.1666666
[AE-IS] Removed 900 redundant + 224 noisy = 1124 total instances
[AE-IS] Kept 3376 / 4500 (reduction = 24.98%)
Result: 
[5.047669410705566, 3.1179580688476562, 3.1064774990081787, 3.098991870880127, 3.1828644275665283, 3.041081428527832, 3.0630292892456055, 3.053945779800415, 3.0676698684692383]
Fold 9
Fold 9
[AE-IS] Using GPU: NVIDIA A100-SXM4-80GB
[AE-IS] Architecture: 256 → 134 → 12 → 134 → 256
[AE-IS] Training autoencoder on 4500 instances (256 features) for up to 20 epochs …
  Epoch   1/20 — loss: 0.837520 (best: 0.837520)
  Epoch  10/20 — loss: 0.496379 (best: 0.496379)
  Epoch  20/20 — loss: 0.460693 (best: 0.460693)
[AE-IS] Training finished — best loss: 0.460693
[AE-IS] Reconstruction error stats — min: 0.084692, median: 0.342686, max: 1.816936
[AE-IS] Redundant instances: 1800, removing 900 with beta=0.5
[AE-IS] Noise instances: 1350, removing 224 with theta=0.1666666
[AE-IS] Removed 900 redundant + 224 noisy = 1124 total instances
[AE-IS] Kept 3376 / 4500 (reduction = 24.98%)
Result: 
[5.047669410705566, 3.1179580688476562, 3.1064774990081787, 3.098991870880127, 3.1828644275665283, 3.041081428527832, 3.0630292892456055, 3.053945779800415, 3.0676698684692383, 3.0759098529815674]
time: 3.2855597496032716
time std: 0.5886347510880269
reducion: 0.24977777777777774
reducion std: 2.7755575615628914e-17
END
