Namespace(dataset='yelp_reviews', method='entropy-sublinear-ae-is', folds=10, save=True, inputrep='jina-v5', out='/data/bernardolemos/results/jina-v5/instance_selection', datain='/data/bernardolemos/datasets', overwrite=1, inputdir='/data/bernardolemos/datasets/yelp_reviews/jina-v5/', splitdir='/data/bernardolemos/datasets/yelp_reviews/splits/', outputdir='/data/bernardolemos/results/jina-v5/instance_selection/selection/yelp_reviews/', filename='/data/bernardolemos/results/jina-v5/instance_selection/selection/yelp_reviews//saida_entropy-sublinear-ae-is', start_time='04-07-2026 20:05:17')
Namespace(dataset='yelp_reviews', method='entropy-sublinear-ae-is', folds=10, save=True, inputrep='jina-v5', out='/data/bernardolemos/results/jina-v5/instance_selection', datain='/data/bernardolemos/datasets', overwrite=1, inputdir='/data/bernardolemos/datasets/yelp_reviews/jina-v5/', splitdir='/data/bernardolemos/datasets/yelp_reviews/splits/', outputdir='/data/bernardolemos/results/jina-v5/instance_selection/selection/yelp_reviews/', filename='/data/bernardolemos/results/jina-v5/instance_selection/selection/yelp_reviews//saida_entropy-sublinear-ae-is', start_time='04-07-2026 20:05:17')
/data/bernardolemos/datasets/yelp_reviews/splits//split_10.pkl
Fold 0
Fold 0
[EntropySublinearAEIS] Step 1 — Training Autoencoder for 50 epochs...
[AE-IS] Using GPU: NVIDIA A100-SXM4-80GB
[AE-IS] Architecture: 256 → 192 → 128 → 192 → 256
[AE-IS] Training autoencoder on 4500 instances (256 features) for up to 50 epochs …
  Epoch   1/50 — loss: 0.898327 (best: 0.898327)
  Epoch  10/50 — loss: 0.352029 (best: 0.352029)
  Epoch  20/50 — loss: 0.294059 (best: 0.294059)
  Epoch  30/50 — loss: 0.270838 (best: 0.270838)
  Epoch  40/50 — loss: 0.258142 (best: 0.258142)
  Epoch  50/50 — loss: 0.253052 (best: 0.251425)
[AE-IS] Training finished — best loss: 0.251425
[AE-IS] Reconstruction error stats — min: 0.045160, median: 0.157894, max: 1.004406
[AE-IS] Removed 0 redundant + 0 noisy = 0 total instances
[AE-IS] Kept 4500 / 4500 (reduction = 0.00%)
[EntropySublinearAEIS] AE scores: min=0.0452, median=0.1579, max=1.0044
[EntropySublinearAEIS] Step 2 — Tessellating into 200 micro-clusters...
[EntropySublinearAEIS] Step 3 — Entropy H=0.9295, adaptive reduction=33.30% (Keeping 3001 / 4500)
[EntropySublinearAEIS] Step 4 — Sublinear sampling (gamma=0.5). lambda = 3.7033
[EntropySublinearAEIS] Done — removed 1499 / 4500 (reduction = 33.31%)
Result: 
[7.681885004043579]
Fold 1
Fold 1
[EntropySublinearAEIS] Step 1 — Training Autoencoder for 50 epochs...
[AE-IS] Using GPU: NVIDIA A100-SXM4-80GB
[AE-IS] Architecture: 256 → 192 → 128 → 192 → 256
[AE-IS] Training autoencoder on 4500 instances (256 features) for up to 50 epochs …
  Epoch   1/50 — loss: 0.900261 (best: 0.900261)
  Epoch  10/50 — loss: 0.352116 (best: 0.352116)
  Epoch  20/50 — loss: 0.293714 (best: 0.293714)
  Epoch  30/50 — loss: 0.272730 (best: 0.272730)
  Epoch  40/50 — loss: 0.259105 (best: 0.259105)
  Epoch  50/50 — loss: 0.252083 (best: 0.252083)
[AE-IS] Training finished — best loss: 0.252083
[AE-IS] Reconstruction error stats — min: 0.045396, median: 0.156736, max: 0.882805
[AE-IS] Removed 0 redundant + 0 noisy = 0 total instances
[AE-IS] Kept 4500 / 4500 (reduction = 0.00%)
[EntropySublinearAEIS] AE scores: min=0.0454, median=0.1567, max=0.8828
[EntropySublinearAEIS] Step 2 — Tessellating into 200 micro-clusters...
[EntropySublinearAEIS] Step 3 — Entropy H=0.9308, adaptive reduction=32.94% (Keeping 3017 / 4500)
[EntropySublinearAEIS] Step 4 — Sublinear sampling (gamma=0.5). lambda = 3.7262
[EntropySublinearAEIS] Done — removed 1480 / 4500 (reduction = 32.89%)
Result: 
[7.681885004043579, 3.6014273166656494]
Fold 2
Fold 2
[EntropySublinearAEIS] Step 1 — Training Autoencoder for 50 epochs...
[AE-IS] Using GPU: NVIDIA A100-SXM4-80GB
[AE-IS] Architecture: 256 → 192 → 128 → 192 → 256
[AE-IS] Training autoencoder on 4500 instances (256 features) for up to 50 epochs …
  Epoch   1/50 — loss: 0.899755 (best: 0.899755)
  Epoch  10/50 — loss: 0.353277 (best: 0.353277)
  Epoch  20/50 — loss: 0.294029 (best: 0.294029)
  Epoch  30/50 — loss: 0.270704 (best: 0.270689)
  Epoch  40/50 — loss: 0.258914 (best: 0.258914)
  Epoch  50/50 — loss: 0.251462 (best: 0.251036)
[AE-IS] Training finished — best loss: 0.251036
[AE-IS] Reconstruction error stats — min: 0.046906, median: 0.155312, max: 0.965957
[AE-IS] Removed 0 redundant + 0 noisy = 0 total instances
[AE-IS] Kept 4500 / 4500 (reduction = 0.00%)
[EntropySublinearAEIS] AE scores: min=0.0469, median=0.1553, max=0.9660
[EntropySublinearAEIS] Step 2 — Tessellating into 200 micro-clusters...
[EntropySublinearAEIS] Step 3 — Entropy H=0.9352, adaptive reduction=31.71% (Keeping 3073 / 4500)
[EntropySublinearAEIS] Step 4 — Sublinear sampling (gamma=0.5). lambda = 3.7500
[EntropySublinearAEIS] Done — removed 1424 / 4500 (reduction = 31.64%)
Result: 
[7.681885004043579, 3.6014273166656494, 3.5224289894104004]
Fold 3
Fold 3
[EntropySublinearAEIS] Step 1 — Training Autoencoder for 50 epochs...
[AE-IS] Using GPU: NVIDIA A100-SXM4-80GB
[AE-IS] Architecture: 256 → 192 → 128 → 192 → 256
[AE-IS] Training autoencoder on 4500 instances (256 features) for up to 50 epochs …
  Epoch   1/50 — loss: 0.900947 (best: 0.900947)
  Epoch  10/50 — loss: 0.352515 (best: 0.352515)
  Epoch  20/50 — loss: 0.295325 (best: 0.295325)
  Epoch  30/50 — loss: 0.270957 (best: 0.270957)
  Epoch  40/50 — loss: 0.258567 (best: 0.258567)
  Epoch  50/50 — loss: 0.251035 (best: 0.251035)
[AE-IS] Training finished — best loss: 0.251035
[AE-IS] Reconstruction error stats — min: 0.044243, median: 0.155110, max: 0.967004
[AE-IS] Removed 0 redundant + 0 noisy = 0 total instances
[AE-IS] Kept 4500 / 4500 (reduction = 0.00%)
[EntropySublinearAEIS] AE scores: min=0.0442, median=0.1551, max=0.9670
[EntropySublinearAEIS] Step 2 — Tessellating into 200 micro-clusters...
[EntropySublinearAEIS] Step 3 — Entropy H=0.9300, adaptive reduction=33.15% (Keeping 3008 / 4500)
[EntropySublinearAEIS] Step 4 — Sublinear sampling (gamma=0.5). lambda = 3.7123
[EntropySublinearAEIS] Done — removed 1492 / 4500 (reduction = 33.16%)
Result: 
[7.681885004043579, 3.6014273166656494, 3.5224289894104004, 3.9899795055389404]
Fold 4
Fold 4
[EntropySublinearAEIS] Step 1 — Training Autoencoder for 50 epochs...
[AE-IS] Using GPU: NVIDIA A100-SXM4-80GB
[AE-IS] Architecture: 256 → 192 → 128 → 192 → 256
[AE-IS] Training autoencoder on 4500 instances (256 features) for up to 50 epochs …
  Epoch   1/50 — loss: 0.898967 (best: 0.898967)
  Epoch  10/50 — loss: 0.351592 (best: 0.351592)
  Epoch  20/50 — loss: 0.294452 (best: 0.294452)
  Epoch  30/50 — loss: 0.271880 (best: 0.271880)
  Epoch  40/50 — loss: 0.259162 (best: 0.258802)
  Epoch  50/50 — loss: 0.250756 (best: 0.250389)
[AE-IS] Training finished — best loss: 0.250389
[AE-IS] Reconstruction error stats — min: 0.042784, median: 0.156660, max: 0.940975
[AE-IS] Removed 0 redundant + 0 noisy = 0 total instances
[AE-IS] Kept 4500 / 4500 (reduction = 0.00%)
[EntropySublinearAEIS] AE scores: min=0.0428, median=0.1567, max=0.9410
[EntropySublinearAEIS] Step 2 — Tessellating into 200 micro-clusters...
[EntropySublinearAEIS] Step 3 — Entropy H=0.9380, adaptive reduction=30.87% (Keeping 3111 / 4500)
[EntropySublinearAEIS] Step 4 — Sublinear sampling (gamma=0.5). lambda = 3.7947
[EntropySublinearAEIS] Done — removed 1389 / 4500 (reduction = 30.87%)
Result: 
[7.681885004043579, 3.6014273166656494, 3.5224289894104004, 3.9899795055389404, 3.9965662956237793]
Fold 5
Fold 5
[EntropySublinearAEIS] Step 1 — Training Autoencoder for 50 epochs...
[AE-IS] Using GPU: NVIDIA A100-SXM4-80GB
[AE-IS] Architecture: 256 → 192 → 128 → 192 → 256
[AE-IS] Training autoencoder on 4500 instances (256 features) for up to 50 epochs …
  Epoch   1/50 — loss: 0.896199 (best: 0.896199)
  Epoch  10/50 — loss: 0.351256 (best: 0.351256)
  Epoch  20/50 — loss: 0.293662 (best: 0.293662)
  Epoch  30/50 — loss: 0.270702 (best: 0.270702)
  Epoch  40/50 — loss: 0.257847 (best: 0.257847)
  Epoch  50/50 — loss: 0.249560 (best: 0.249560)
[AE-IS] Training finished — best loss: 0.249560
[AE-IS] Reconstruction error stats — min: 0.041558, median: 0.155918, max: 0.924166
[AE-IS] Removed 0 redundant + 0 noisy = 0 total instances
[AE-IS] Kept 4500 / 4500 (reduction = 0.00%)
[EntropySublinearAEIS] AE scores: min=0.0416, median=0.1559, max=0.9242
[EntropySublinearAEIS] Step 2 — Tessellating into 200 micro-clusters...
[EntropySublinearAEIS] Step 3 — Entropy H=0.9345, adaptive reduction=31.89% (Keeping 3065 / 4500)
[EntropySublinearAEIS] Step 4 — Sublinear sampling (gamma=0.5). lambda = 3.7524
[EntropySublinearAEIS] Done — removed 1435 / 4500 (reduction = 31.89%)
Result: 
[7.681885004043579, 3.6014273166656494, 3.5224289894104004, 3.9899795055389404, 3.9965662956237793, 3.7351739406585693]
Fold 6
Fold 6
[EntropySublinearAEIS] Step 1 — Training Autoencoder for 50 epochs...
[AE-IS] Using GPU: NVIDIA A100-SXM4-80GB
[AE-IS] Architecture: 256 → 192 → 128 → 192 → 256
[AE-IS] Training autoencoder on 4500 instances (256 features) for up to 50 epochs …
  Epoch   1/50 — loss: 0.900544 (best: 0.900544)
  Epoch  10/50 — loss: 0.353062 (best: 0.353062)
  Epoch  20/50 — loss: 0.294446 (best: 0.294446)
  Epoch  30/50 — loss: 0.272145 (best: 0.272145)
  Epoch  40/50 — loss: 0.259481 (best: 0.259481)
  Epoch  50/50 — loss: 0.252022 (best: 0.251029)
[AE-IS] Training finished — best loss: 0.251029
[AE-IS] Reconstruction error stats — min: 0.045041, median: 0.158060, max: 0.941308
[AE-IS] Removed 0 redundant + 0 noisy = 0 total instances
[AE-IS] Kept 4500 / 4500 (reduction = 0.00%)
[EntropySublinearAEIS] AE scores: min=0.0450, median=0.1581, max=0.9413
[EntropySublinearAEIS] Step 2 — Tessellating into 200 micro-clusters...
[EntropySublinearAEIS] Step 3 — Entropy H=0.9344, adaptive reduction=31.92% (Keeping 3063 / 4500)
[EntropySublinearAEIS] Step 4 — Sublinear sampling (gamma=0.5). lambda = 3.7320
[EntropySublinearAEIS] Done — removed 1437 / 4500 (reduction = 31.93%)
Result: 
[7.681885004043579, 3.6014273166656494, 3.5224289894104004, 3.9899795055389404, 3.9965662956237793, 3.7351739406585693, 3.8531606197357178]
Fold 7
Fold 7
[EntropySublinearAEIS] Step 1 — Training Autoencoder for 50 epochs...
[AE-IS] Using GPU: NVIDIA A100-SXM4-80GB
[AE-IS] Architecture: 256 → 192 → 128 → 192 → 256
[AE-IS] Training autoencoder on 4500 instances (256 features) for up to 50 epochs …
  Epoch   1/50 — loss: 0.900976 (best: 0.900976)
  Epoch  10/50 — loss: 0.354052 (best: 0.354052)
  Epoch  20/50 — loss: 0.294046 (best: 0.294046)
  Epoch  30/50 — loss: 0.271839 (best: 0.271839)
  Epoch  40/50 — loss: 0.259385 (best: 0.259385)
  Epoch  50/50 — loss: 0.250738 (best: 0.250738)
[AE-IS] Training finished — best loss: 0.250738
[AE-IS] Reconstruction error stats — min: 0.042231, median: 0.157049, max: 0.979239
[AE-IS] Removed 0 redundant + 0 noisy = 0 total instances
[AE-IS] Kept 4500 / 4500 (reduction = 0.00%)
[EntropySublinearAEIS] AE scores: min=0.0422, median=0.1570, max=0.9792
[EntropySublinearAEIS] Step 2 — Tessellating into 200 micro-clusters...
[EntropySublinearAEIS] Step 3 — Entropy H=0.9399, adaptive reduction=30.27% (Keeping 3137 / 4500)
[EntropySublinearAEIS] Step 4 — Sublinear sampling (gamma=0.5). lambda = 3.8013
[EntropySublinearAEIS] Done — removed 1362 / 4500 (reduction = 30.27%)
Result: 
[7.681885004043579, 3.6014273166656494, 3.5224289894104004, 3.9899795055389404, 3.9965662956237793, 3.7351739406585693, 3.8531606197357178, 3.734119415283203]
Fold 8
Fold 8
[EntropySublinearAEIS] Step 1 — Training Autoencoder for 50 epochs...
[AE-IS] Using GPU: NVIDIA A100-SXM4-80GB
[AE-IS] Architecture: 256 → 192 → 128 → 192 → 256
[AE-IS] Training autoencoder on 4500 instances (256 features) for up to 50 epochs …
  Epoch   1/50 — loss: 0.901819 (best: 0.901819)
  Epoch  10/50 — loss: 0.353050 (best: 0.353050)
  Epoch  20/50 — loss: 0.293848 (best: 0.293848)
  Epoch  30/50 — loss: 0.270286 (best: 0.270286)
  Epoch  40/50 — loss: 0.258418 (best: 0.258273)
  Epoch  50/50 — loss: 0.249513 (best: 0.249513)
[AE-IS] Training finished — best loss: 0.249513
[AE-IS] Reconstruction error stats — min: 0.042422, median: 0.154664, max: 0.965090
[AE-IS] Removed 0 redundant + 0 noisy = 0 total instances
[AE-IS] Kept 4500 / 4500 (reduction = 0.00%)
[EntropySublinearAEIS] AE scores: min=0.0424, median=0.1547, max=0.9651
[EntropySublinearAEIS] Step 2 — Tessellating into 200 micro-clusters...
[EntropySublinearAEIS] Step 3 — Entropy H=0.9315, adaptive reduction=32.75% (Keeping 3026 / 4500)
[EntropySublinearAEIS] Step 4 — Sublinear sampling (gamma=0.5). lambda = 3.7097
[EntropySublinearAEIS] Done — removed 1472 / 4500 (reduction = 32.71%)
Result: 
[7.681885004043579, 3.6014273166656494, 3.5224289894104004, 3.9899795055389404, 3.9965662956237793, 3.7351739406585693, 3.8531606197357178, 3.734119415283203, 3.8396244049072266]
Fold 9
Fold 9
[EntropySublinearAEIS] Step 1 — Training Autoencoder for 50 epochs...
[AE-IS] Using GPU: NVIDIA A100-SXM4-80GB
[AE-IS] Architecture: 256 → 192 → 128 → 192 → 256
[AE-IS] Training autoencoder on 4500 instances (256 features) for up to 50 epochs …
  Epoch   1/50 — loss: 0.899625 (best: 0.899625)
  Epoch  10/50 — loss: 0.352345 (best: 0.352345)
  Epoch  20/50 — loss: 0.294269 (best: 0.294269)
  Epoch  30/50 — loss: 0.271560 (best: 0.271560)
  Epoch  40/50 — loss: 0.259302 (best: 0.259302)
  Epoch  50/50 — loss: 0.251046 (best: 0.251046)
[AE-IS] Training finished — best loss: 0.251046
[AE-IS] Reconstruction error stats — min: 0.050260, median: 0.155975, max: 0.954509
[AE-IS] Removed 0 redundant + 0 noisy = 0 total instances
[AE-IS] Kept 4500 / 4500 (reduction = 0.00%)
[EntropySublinearAEIS] AE scores: min=0.0503, median=0.1560, max=0.9545
[EntropySublinearAEIS] Step 2 — Tessellating into 200 micro-clusters...
[EntropySublinearAEIS] Step 3 — Entropy H=0.9331, adaptive reduction=32.31% (Keeping 3046 / 4500)
[EntropySublinearAEIS] Step 4 — Sublinear sampling (gamma=0.5). lambda = 3.7210
[EntropySublinearAEIS] Done — removed 1454 / 4500 (reduction = 32.31%)
Result: 
[7.681885004043579, 3.6014273166656494, 3.5224289894104004, 3.9899795055389404, 3.9965662956237793, 3.7351739406585693, 3.8531606197357178, 3.734119415283203, 3.8396244049072266, 3.7512240409851074]
time: 4.170558953285218
time std: 1.1790851119470382
reducion: 0.3209777777777778
reducion std: 0.009371983465311616
END
