Namespace(dataset='yelp_reviews', method='sublinear-ae-is', folds=10, save=True, inputrep='jina-v5', out='/data/bernardolemos/results/jina-v5/instance_selection', datain='/data/bernardolemos/datasets', overwrite=1, inputdir='/data/bernardolemos/datasets/yelp_reviews/jina-v5/', splitdir='/data/bernardolemos/datasets/yelp_reviews/splits/', outputdir='/data/bernardolemos/results/jina-v5/instance_selection/selection/yelp_reviews/', filename='/data/bernardolemos/results/jina-v5/instance_selection/selection/yelp_reviews//saida_sublinear-ae-is', start_time='16-07-2026 22:10:06')
Namespace(dataset='yelp_reviews', method='sublinear-ae-is', folds=10, save=True, inputrep='jina-v5', out='/data/bernardolemos/results/jina-v5/instance_selection', datain='/data/bernardolemos/datasets', overwrite=1, inputdir='/data/bernardolemos/datasets/yelp_reviews/jina-v5/', splitdir='/data/bernardolemos/datasets/yelp_reviews/splits/', outputdir='/data/bernardolemos/results/jina-v5/instance_selection/selection/yelp_reviews/', filename='/data/bernardolemos/results/jina-v5/instance_selection/selection/yelp_reviews//saida_sublinear-ae-is', start_time='16-07-2026 22:10:06')
/data/bernardolemos/datasets/yelp_reviews/splits//split_10.pkl
Fold 0
Fold 0
[SublinearAEIS] Target reduction: 25.00% (Keeping 3375 / 4500 instances)
[SublinearAEIS] Step 1 — Training Autoencoder for 50 epochs...
[AE-IS] Using GPU: NVIDIA A100-SXM4-80GB
[AE-IS] Architecture: 256 → 192 → 128 → 192 → 256
[AE-IS] Training autoencoder on 4500 instances (256 features) for up to 50 epochs …
  Epoch   1/50 — loss: 0.898327 (best: 0.898327)
  Epoch  10/50 — loss: 0.352029 (best: 0.352029)
  Epoch  20/50 — loss: 0.294059 (best: 0.294059)
  Epoch  30/50 — loss: 0.270838 (best: 0.270838)
  Epoch  40/50 — loss: 0.258142 (best: 0.258142)
  Epoch  50/50 — loss: 0.253052 (best: 0.251425)
[AE-IS] Training finished — best loss: 0.251425
[AE-IS] Reconstruction error stats — min: 0.045160, median: 0.157894, max: 1.004406
[AE-IS] Removed 0 redundant + 0 noisy = 0 total instances
[AE-IS] Kept 4500 / 4500 (reduction = 0.00%)
[SublinearAEIS] Autoencoder scores: min=0.0452, median=0.1579, max=1.0044
[SublinearAEIS] Step 2 — Tessellating space into 200 micro-clusters...
[SublinearAEIS] Step 3 — Sublinear sampling (gamma=0.5). lambda = 4.3301
[SublinearAEIS] Done — removed 1124 / 4500 (reduction = 24.98%)
Result: 
[5.455510854721069]
Fold 1
Fold 1
[SublinearAEIS] Target reduction: 25.00% (Keeping 3375 / 4500 instances)
[SublinearAEIS] Step 1 — Training Autoencoder for 50 epochs...
[AE-IS] Using GPU: NVIDIA A100-SXM4-80GB
[AE-IS] Architecture: 256 → 192 → 128 → 192 → 256
[AE-IS] Training autoencoder on 4500 instances (256 features) for up to 50 epochs …
  Epoch   1/50 — loss: 0.900261 (best: 0.900261)
  Epoch  10/50 — loss: 0.352116 (best: 0.352116)
  Epoch  20/50 — loss: 0.293714 (best: 0.293714)
  Epoch  30/50 — loss: 0.272730 (best: 0.272730)
  Epoch  40/50 — loss: 0.259105 (best: 0.259105)
  Epoch  50/50 — loss: 0.252083 (best: 0.252083)
[AE-IS] Training finished — best loss: 0.252083
[AE-IS] Reconstruction error stats — min: 0.045396, median: 0.156736, max: 0.882805
[AE-IS] Removed 0 redundant + 0 noisy = 0 total instances
[AE-IS] Kept 4500 / 4500 (reduction = 0.00%)
[SublinearAEIS] Autoencoder scores: min=0.0454, median=0.1567, max=0.8828
[SublinearAEIS] Step 2 — Tessellating space into 200 micro-clusters...
[SublinearAEIS] Step 3 — Sublinear sampling (gamma=0.5). lambda = 4.3012
[SublinearAEIS] Done — removed 1124 / 4500 (reduction = 24.98%)
Result: 
[5.455510854721069, 3.5544753074645996]
Fold 2
Fold 2
[SublinearAEIS] Target reduction: 25.00% (Keeping 3375 / 4500 instances)
[SublinearAEIS] Step 1 — Training Autoencoder for 50 epochs...
[AE-IS] Using GPU: NVIDIA A100-SXM4-80GB
[AE-IS] Architecture: 256 → 192 → 128 → 192 → 256
[AE-IS] Training autoencoder on 4500 instances (256 features) for up to 50 epochs …
  Epoch   1/50 — loss: 0.899755 (best: 0.899755)
  Epoch  10/50 — loss: 0.353277 (best: 0.353277)
  Epoch  20/50 — loss: 0.294029 (best: 0.294029)
  Epoch  30/50 — loss: 0.270704 (best: 0.270689)
  Epoch  40/50 — loss: 0.258914 (best: 0.258914)
  Epoch  50/50 — loss: 0.251462 (best: 0.251036)
[AE-IS] Training finished — best loss: 0.251036
[AE-IS] Reconstruction error stats — min: 0.046906, median: 0.155312, max: 0.965957
[AE-IS] Removed 0 redundant + 0 noisy = 0 total instances
[AE-IS] Kept 4500 / 4500 (reduction = 0.00%)
[SublinearAEIS] Autoencoder scores: min=0.0469, median=0.1553, max=0.9660
[SublinearAEIS] Step 2 — Tessellating space into 200 micro-clusters...
[SublinearAEIS] Step 3 — Sublinear sampling (gamma=0.5). lambda = 4.2385
[SublinearAEIS] Done — removed 1125 / 4500 (reduction = 25.00%)
Result: 
[5.455510854721069, 3.5544753074645996, 3.608738660812378]
Fold 3
Fold 3
[SublinearAEIS] Target reduction: 25.00% (Keeping 3375 / 4500 instances)
[SublinearAEIS] Step 1 — Training Autoencoder for 50 epochs...
[AE-IS] Using GPU: NVIDIA A100-SXM4-80GB
[AE-IS] Architecture: 256 → 192 → 128 → 192 → 256
[AE-IS] Training autoencoder on 4500 instances (256 features) for up to 50 epochs …
  Epoch   1/50 — loss: 0.900947 (best: 0.900947)
  Epoch  10/50 — loss: 0.352515 (best: 0.352515)
  Epoch  20/50 — loss: 0.295325 (best: 0.295325)
  Epoch  30/50 — loss: 0.270957 (best: 0.270957)
  Epoch  40/50 — loss: 0.258567 (best: 0.258567)
  Epoch  50/50 — loss: 0.251035 (best: 0.251035)
[AE-IS] Training finished — best loss: 0.251035
[AE-IS] Reconstruction error stats — min: 0.044243, median: 0.155110, max: 0.967004
[AE-IS] Removed 0 redundant + 0 noisy = 0 total instances
[AE-IS] Kept 4500 / 4500 (reduction = 0.00%)
[SublinearAEIS] Autoencoder scores: min=0.0442, median=0.1551, max=0.9670
[SublinearAEIS] Step 2 — Tessellating space into 200 micro-clusters...
[SublinearAEIS] Step 3 — Sublinear sampling (gamma=0.5). lambda = 4.3331
[SublinearAEIS] Done — removed 1125 / 4500 (reduction = 25.00%)
Result: 
[5.455510854721069, 3.5544753074645996, 3.608738660812378, 3.588343381881714]
Fold 4
Fold 4
[SublinearAEIS] Target reduction: 25.00% (Keeping 3375 / 4500 instances)
[SublinearAEIS] Step 1 — Training Autoencoder for 50 epochs...
[AE-IS] Using GPU: NVIDIA A100-SXM4-80GB
[AE-IS] Architecture: 256 → 192 → 128 → 192 → 256
[AE-IS] Training autoencoder on 4500 instances (256 features) for up to 50 epochs …
  Epoch   1/50 — loss: 0.898967 (best: 0.898967)
  Epoch  10/50 — loss: 0.351592 (best: 0.351592)
  Epoch  20/50 — loss: 0.294452 (best: 0.294452)
  Epoch  30/50 — loss: 0.271880 (best: 0.271880)
  Epoch  40/50 — loss: 0.259162 (best: 0.258802)
  Epoch  50/50 — loss: 0.250756 (best: 0.250389)
[AE-IS] Training finished — best loss: 0.250389
[AE-IS] Reconstruction error stats — min: 0.042784, median: 0.156660, max: 0.940975
[AE-IS] Removed 0 redundant + 0 noisy = 0 total instances
[AE-IS] Kept 4500 / 4500 (reduction = 0.00%)
[SublinearAEIS] Autoencoder scores: min=0.0428, median=0.1567, max=0.9410
[SublinearAEIS] Step 2 — Tessellating space into 200 micro-clusters...
[SublinearAEIS] Step 3 — Sublinear sampling (gamma=0.5). lambda = 4.2178
[SublinearAEIS] Done — removed 1125 / 4500 (reduction = 25.00%)
Result: 
[5.455510854721069, 3.5544753074645996, 3.608738660812378, 3.588343381881714, 3.638425588607788]
Fold 5
Fold 5
[SublinearAEIS] Target reduction: 25.00% (Keeping 3375 / 4500 instances)
[SublinearAEIS] Step 1 — Training Autoencoder for 50 epochs...
[AE-IS] Using GPU: NVIDIA A100-SXM4-80GB
[AE-IS] Architecture: 256 → 192 → 128 → 192 → 256
[AE-IS] Training autoencoder on 4500 instances (256 features) for up to 50 epochs …
  Epoch   1/50 — loss: 0.896199 (best: 0.896199)
  Epoch  10/50 — loss: 0.351256 (best: 0.351256)
  Epoch  20/50 — loss: 0.293662 (best: 0.293662)
  Epoch  30/50 — loss: 0.270702 (best: 0.270702)
  Epoch  40/50 — loss: 0.257847 (best: 0.257847)
  Epoch  50/50 — loss: 0.249560 (best: 0.249560)
[AE-IS] Training finished — best loss: 0.249560
[AE-IS] Reconstruction error stats — min: 0.041558, median: 0.155918, max: 0.924166
[AE-IS] Removed 0 redundant + 0 noisy = 0 total instances
[AE-IS] Kept 4500 / 4500 (reduction = 0.00%)
[SublinearAEIS] Autoencoder scores: min=0.0416, median=0.1559, max=0.9242
[SublinearAEIS] Step 2 — Tessellating space into 200 micro-clusters...
[SublinearAEIS] Step 3 — Sublinear sampling (gamma=0.5). lambda = 4.2700
[SublinearAEIS] Done — removed 1124 / 4500 (reduction = 24.98%)
Result: 
[5.455510854721069, 3.5544753074645996, 3.608738660812378, 3.588343381881714, 3.638425588607788, 3.821427583694458]
Fold 6
Fold 6
[SublinearAEIS] Target reduction: 25.00% (Keeping 3375 / 4500 instances)
[SublinearAEIS] Step 1 — Training Autoencoder for 50 epochs...
[AE-IS] Using GPU: NVIDIA A100-SXM4-80GB
[AE-IS] Architecture: 256 → 192 → 128 → 192 → 256
[AE-IS] Training autoencoder on 4500 instances (256 features) for up to 50 epochs …
  Epoch   1/50 — loss: 0.900544 (best: 0.900544)
  Epoch  10/50 — loss: 0.353062 (best: 0.353062)
  Epoch  20/50 — loss: 0.294446 (best: 0.294446)
  Epoch  30/50 — loss: 0.272145 (best: 0.272145)
  Epoch  40/50 — loss: 0.259481 (best: 0.259481)
  Epoch  50/50 — loss: 0.252022 (best: 0.251029)
[AE-IS] Training finished — best loss: 0.251029
[AE-IS] Reconstruction error stats — min: 0.045041, median: 0.158060, max: 0.941308
[AE-IS] Removed 0 redundant + 0 noisy = 0 total instances
[AE-IS] Kept 4500 / 4500 (reduction = 0.00%)
[SublinearAEIS] Autoencoder scores: min=0.0450, median=0.1581, max=0.9413
[SublinearAEIS] Step 2 — Tessellating space into 200 micro-clusters...
[SublinearAEIS] Step 3 — Sublinear sampling (gamma=0.5). lambda = 4.2700
[SublinearAEIS] Done — removed 1123 / 4500 (reduction = 24.96%)
Result: 
[5.455510854721069, 3.5544753074645996, 3.608738660812378, 3.588343381881714, 3.638425588607788, 3.821427583694458, 3.7946598529815674]
Fold 7
Fold 7
[SublinearAEIS] Target reduction: 25.00% (Keeping 3375 / 4500 instances)
[SublinearAEIS] Step 1 — Training Autoencoder for 50 epochs...
[AE-IS] Using GPU: NVIDIA A100-SXM4-80GB
[AE-IS] Architecture: 256 → 192 → 128 → 192 → 256
[AE-IS] Training autoencoder on 4500 instances (256 features) for up to 50 epochs …
  Epoch   1/50 — loss: 0.900976 (best: 0.900976)
  Epoch  10/50 — loss: 0.354052 (best: 0.354052)
  Epoch  20/50 — loss: 0.294046 (best: 0.294046)
  Epoch  30/50 — loss: 0.271839 (best: 0.271839)
  Epoch  40/50 — loss: 0.259385 (best: 0.259385)
  Epoch  50/50 — loss: 0.250738 (best: 0.250738)
[AE-IS] Training finished — best loss: 0.250738
[AE-IS] Reconstruction error stats — min: 0.042231, median: 0.157049, max: 0.979239
[AE-IS] Removed 0 redundant + 0 noisy = 0 total instances
[AE-IS] Kept 4500 / 4500 (reduction = 0.00%)
[SublinearAEIS] Autoencoder scores: min=0.0422, median=0.1570, max=0.9792
[SublinearAEIS] Step 2 — Tessellating space into 200 micro-clusters...
[SublinearAEIS] Step 3 — Sublinear sampling (gamma=0.5). lambda = 4.2212
[SublinearAEIS] Done — removed 1125 / 4500 (reduction = 25.00%)
Result: 
[5.455510854721069, 3.5544753074645996, 3.608738660812378, 3.588343381881714, 3.638425588607788, 3.821427583694458, 3.7946598529815674, 4.2950193881988525]
Fold 8
Fold 8
[SublinearAEIS] Target reduction: 25.00% (Keeping 3375 / 4500 instances)
[SublinearAEIS] Step 1 — Training Autoencoder for 50 epochs...
[AE-IS] Using GPU: NVIDIA A100-SXM4-80GB
[AE-IS] Architecture: 256 → 192 → 128 → 192 → 256
[AE-IS] Training autoencoder on 4500 instances (256 features) for up to 50 epochs …
  Epoch   1/50 — loss: 0.901819 (best: 0.901819)
  Epoch  10/50 — loss: 0.353050 (best: 0.353050)
  Epoch  20/50 — loss: 0.293848 (best: 0.293848)
  Epoch  30/50 — loss: 0.270286 (best: 0.270286)
  Epoch  40/50 — loss: 0.258418 (best: 0.258273)
  Epoch  50/50 — loss: 0.249513 (best: 0.249513)
[AE-IS] Training finished — best loss: 0.249513
[AE-IS] Reconstruction error stats — min: 0.042422, median: 0.154664, max: 0.965090
[AE-IS] Removed 0 redundant + 0 noisy = 0 total instances
[AE-IS] Kept 4500 / 4500 (reduction = 0.00%)
[SublinearAEIS] Autoencoder scores: min=0.0424, median=0.1547, max=0.9651
[SublinearAEIS] Step 2 — Tessellating space into 200 micro-clusters...
[SublinearAEIS] Step 3 — Sublinear sampling (gamma=0.5). lambda = 4.2710
[SublinearAEIS] Done — removed 1125 / 4500 (reduction = 25.00%)
Result: 
[5.455510854721069, 3.5544753074645996, 3.608738660812378, 3.588343381881714, 3.638425588607788, 3.821427583694458, 3.7946598529815674, 4.2950193881988525, 4.014616966247559]
Fold 9
Fold 9
[SublinearAEIS] Target reduction: 25.00% (Keeping 3375 / 4500 instances)
[SublinearAEIS] Step 1 — Training Autoencoder for 50 epochs...
[AE-IS] Using GPU: NVIDIA A100-SXM4-80GB
[AE-IS] Architecture: 256 → 192 → 128 → 192 → 256
[AE-IS] Training autoencoder on 4500 instances (256 features) for up to 50 epochs …
  Epoch   1/50 — loss: 0.899625 (best: 0.899625)
  Epoch  10/50 — loss: 0.352345 (best: 0.352345)
  Epoch  20/50 — loss: 0.294269 (best: 0.294269)
  Epoch  30/50 — loss: 0.271560 (best: 0.271560)
  Epoch  40/50 — loss: 0.259302 (best: 0.259302)
  Epoch  50/50 — loss: 0.251046 (best: 0.251046)
[AE-IS] Training finished — best loss: 0.251046
[AE-IS] Reconstruction error stats — min: 0.050260, median: 0.155975, max: 0.954509
[AE-IS] Removed 0 redundant + 0 noisy = 0 total instances
[AE-IS] Kept 4500 / 4500 (reduction = 0.00%)
[SublinearAEIS] Autoencoder scores: min=0.0503, median=0.1560, max=0.9545
[SublinearAEIS] Step 2 — Tessellating space into 200 micro-clusters...
[SublinearAEIS] Step 3 — Sublinear sampling (gamma=0.5). lambda = 4.2485
[SublinearAEIS] Done — removed 1125 / 4500 (reduction = 25.00%)
Result: 
[5.455510854721069, 3.5544753074645996, 3.608738660812378, 3.588343381881714, 3.638425588607788, 3.821427583694458, 3.7946598529815674, 4.2950193881988525, 4.014616966247559, 4.353924751281738]
time: 4.012514233589172
time std: 0.5527464346091775
reducion: 0.24988888888888888
reducion std: 0.00014907119849998817
END
