/app/atcBench/main.py:45: UserWarning: 
The version_base parameter is not specified.
Please specify a compatability version level, or None.
Will assume defaults for version 1.1
  @hydra.main(config_path=CONFIG_PATH, config_name=CONFIG_NAME)
/app/venv/lib/python3.12/site-packages/hydra/_internal/hydra.py:119: UserWarning: Future Hydra versions will no longer change working directory at job runtime by default.
See https://hydra.cc/docs/1.2/upgrades/1.1_to_1.2/changes_to_job_working_dir/ for more information.
  ret = run_job(
data:
  nfolds: 10
  VALIDATION_SIZE_FOR_LOSS: 0.1
  dataset_name: wos5736
  is_method: sublinear-ae-is
  dataset: ${data.dataset_name}_${data.is_method}
  texts_path: ${oc.env:DATASETS_DIR,/app/datasets}/${data.dataset_name}/texts.txt
  scores_path: ${oc.env:DATASETS_DIR,/app/datasets}/${data.dataset_name}/score.txt
  external_splits_path: ${oc.env:RESULTS_DIR,/app/results}/instance_selection/selection/${data.dataset_name}/split_10_${data.is_method}.pkl
model:
  type: slm
  model_name: answerdotai/ModernBERT-base
  model_tag: modernbert
  training_args:
    max_len: 256
    batch_size: 32
    lr: 5.0e-05
    num_max_epochs: 10
    patience: 3
    weight_decay_rate: 0.01
    min_val_epoch_impro_delta: 0.0001
    max_grad_norm: 1.0
    warmup_ratio: 0.06
  text_representation: raw
paths:
  output_dir: ${oc.env:RESULTS_DIR,/app/results}/classificacao/output/
  output_dir_full_path: ${paths.output_dir}/${model.model_tag}/${data.dataset}/
  DATA_DIR: resources/datasets/${data.dataset_name}/
  SPLITS_DIR: resources/datasets/${data.dataset_name}/splits/
config:
  random_seed: 42

/data/bernardolemos/results/jina-v5/classificacao/output//modernbert/wos5736_sublinear-ae-is/
{'data': {'nfolds': 10, 'VALIDATION_SIZE_FOR_LOSS': 0.1, 'dataset_name': 'wos5736', 'is_method': 'sublinear-ae-is', 'dataset': '${data.dataset_name}_${data.is_method}', 'texts_path': '${oc.env:DATASETS_DIR,/app/datasets}/${data.dataset_name}/texts.txt', 'scores_path': '${oc.env:DATASETS_DIR,/app/datasets}/${data.dataset_name}/score.txt', 'external_splits_path': '${oc.env:RESULTS_DIR,/app/results}/instance_selection/selection/${data.dataset_name}/split_10_${data.is_method}.pkl'}, 'model': {'type': 'slm', 'model_name': 'answerdotai/ModernBERT-base', 'model_tag': 'modernbert', 'training_args': {'max_len': 256, 'batch_size': 32, 'lr': 5e-05, 'num_max_epochs': 10, 'patience': 3, 'weight_decay_rate': 0.01, 'min_val_epoch_impro_delta': 0.0001, 'max_grad_norm': 1.0, 'warmup_ratio': 0.06}, 'text_representation': 'raw'}, 'paths': {'output_dir': '${oc.env:RESULTS_DIR,/app/results}/classificacao/output/', 'output_dir_full_path': '${paths.output_dir}/${model.model_tag}/${data.dataset}/', 'DATA_DIR': 'resources/datasets/${data.dataset_name}/', 'SPLITS_DIR': 'resources/datasets/${data.dataset_name}/splits/'}, 'config': {'random_seed': 42}}
Random seed setted.
[unsupervised-is] fold=0 | train=3873 | test=574
[init] logging dir: logs/modernbert/wos5736_sublinear-ae-is/
Max Class =10
Classes in y_train: 11
Classes in y_val: 11
[load] loading model 'answerdotai/ModernBERT-base' (11 labels)...
[2026-07-22 21:30:35,917][httpx][INFO] - HTTP Request: HEAD https://huggingface.co/answerdotai/ModernBERT-base/resolve/main/config.json "HTTP/1.1 307 Temporary Redirect"
Warning: You are sending unauthenticated requests to the HF Hub. Please set a HF_TOKEN to enable higher rate limits and faster downloads.
[2026-07-22 21:30:35,918][huggingface_hub.utils._http][WARNING] - Warning: You are sending unauthenticated requests to the HF Hub. Please set a HF_TOKEN to enable higher rate limits and faster downloads.
[2026-07-22 21:30:35,927][httpx][INFO] - HTTP Request: HEAD https://huggingface.co/api/resolve-cache/models/answerdotai/ModernBERT-base/8949b909ec900327062f0ebf497f51aef5e6f0c8/config.json "HTTP/1.1 200 OK"
[2026-07-22 21:30:35,967][httpx][INFO] - HTTP Request: HEAD https://huggingface.co/answerdotai/ModernBERT-base/resolve/main/config.json "HTTP/1.1 307 Temporary Redirect"
[2026-07-22 21:30:35,977][httpx][INFO] - HTTP Request: HEAD https://huggingface.co/api/resolve-cache/models/answerdotai/ModernBERT-base/8949b909ec900327062f0ebf497f51aef5e6f0c8/config.json "HTTP/1.1 200 OK"
Loading weights:   0%|          | 0/136 [00:00<?, ?it/s]Loading weights: 100%|██████████| 136/136 [00:00<00:00, 1701.72it/s]
[transformers] [1mModernBertForSequenceClassification LOAD REPORT[0m from: answerdotai/ModernBERT-base
Key               | Status     | 
------------------+------------+-
decoder.bias      | UNEXPECTED | 
classifier.weight | MISSING    | 
classifier.bias   | MISSING    | 

Notes:
- UNEXPECTED:	can be ignored when loading from different task/architecture; not ok if you expect identical arch.
- MISSING:	those params were newly initialized because missing from the checkpoint. Consider training on your downstream task.
[load] loading tokenizer (max_len=256)...
[2026-07-22 21:30:37,477][httpx][INFO] - HTTP Request: HEAD https://huggingface.co/answerdotai/ModernBERT-base/resolve/main/config.json "HTTP/1.1 307 Temporary Redirect"
[2026-07-22 21:30:37,487][httpx][INFO] - HTTP Request: HEAD https://huggingface.co/api/resolve-cache/models/answerdotai/ModernBERT-base/8949b909ec900327062f0ebf497f51aef5e6f0c8/config.json "HTTP/1.1 200 OK"
[2026-07-22 21:30:37,517][httpx][INFO] - HTTP Request: HEAD https://huggingface.co/answerdotai/ModernBERT-base/resolve/main/tokenizer_config.json "HTTP/1.1 307 Temporary Redirect"
[2026-07-22 21:30:37,527][httpx][INFO] - HTTP Request: HEAD https://huggingface.co/api/resolve-cache/models/answerdotai/ModernBERT-base/8949b909ec900327062f0ebf497f51aef5e6f0c8/tokenizer_config.json "HTTP/1.1 200 OK"
[2026-07-22 21:30:37,593][httpx][INFO] - HTTP Request: HEAD https://huggingface.co/answerdotai/ModernBERT-base/resolve/main/tokenizer_config.json "HTTP/1.1 307 Temporary Redirect"
[2026-07-22 21:30:37,604][httpx][INFO] - HTTP Request: HEAD https://huggingface.co/api/resolve-cache/models/answerdotai/ModernBERT-base/8949b909ec900327062f0ebf497f51aef5e6f0c8/tokenizer_config.json "HTTP/1.1 200 OK"
[2026-07-22 21:30:37,632][httpx][INFO] - HTTP Request: GET https://huggingface.co/api/models/answerdotai/ModernBERT-base/tree/main/additional_chat_templates?recursive=false&expand=false "HTTP/1.1 404 Not Found"
[2026-07-22 21:30:37,660][httpx][INFO] - HTTP Request: GET https://huggingface.co/api/models/answerdotai/ModernBERT-base/tree/main?recursive=true&expand=false "HTTP/1.1 200 OK"
[load] model and tokenizer ready.
Loading training data
Training data loaded.

[fit] model=answerdotai/ModernBERT-base | classes=11 | epochs=10 | patience=3
[fit] lr=5.0e-05 | warmup=65 steps (6% of 1090)
----------------------------------------------------------------------

[epoch 1/10]
  train loss : 1.2613E+00
  val loss   : 5.3497E-01  |  lr: 4.79e-05
  checkpoint : val loss improved → 5.3497E-01 (saved)

[epoch 2/10]
  train loss : 3.6740E-01
  val loss   : 4.2721E-01  |  lr: 4.25e-05
  checkpoint : val loss improved → 4.2721E-01 (saved)

[epoch 3/10]
  train loss : 1.8649E-01
  val loss   : 4.6125E-01  |  lr: 3.72e-05
  patience   : 0/3

[epoch 4/10]
  train loss : 6.6714E-02
  val loss   : 4.9977E-01  |  lr: 3.19e-05
  patience   : 1/3

[epoch 5/10]
  train loss : 2.5942E-02
  val loss   : 4.8635E-01  |  lr: 2.66e-05
  patience   : 2/3

[epoch 6/10]
  train loss : 1.1314E-02
  val loss   : 5.1850E-01  |  lr: 2.13e-05
  patience   : 3/3

[fit] early stopping triggered at epoch 6.
[fit] training complete in 266.2s
0.8745644599303136 0.8746309177606107
Saving proba...
Proba Saved
[unsupervised-is] fold=1 | train=3872 | test=574
[init] logging dir: logs/modernbert/wos5736_sublinear-ae-is/
Max Class =10
Classes in y_train: 11
Classes in y_val: 11
[load] loading model 'answerdotai/ModernBERT-base' (11 labels)...
[2026-07-22 21:35:10,075][httpx][INFO] - HTTP Request: HEAD https://huggingface.co/answerdotai/ModernBERT-base/resolve/main/config.json "HTTP/1.1 307 Temporary Redirect"
[2026-07-22 21:35:10,080][httpx][INFO] - HTTP Request: HEAD https://huggingface.co/api/resolve-cache/models/answerdotai/ModernBERT-base/8949b909ec900327062f0ebf497f51aef5e6f0c8/config.json "HTTP/1.1 200 OK"
[2026-07-22 21:35:10,102][httpx][INFO] - HTTP Request: HEAD https://huggingface.co/answerdotai/ModernBERT-base/resolve/main/config.json "HTTP/1.1 307 Temporary Redirect"
[2026-07-22 21:35:10,107][httpx][INFO] - HTTP Request: HEAD https://huggingface.co/api/resolve-cache/models/answerdotai/ModernBERT-base/8949b909ec900327062f0ebf497f51aef5e6f0c8/config.json "HTTP/1.1 200 OK"
Loading weights:   0%|          | 0/136 [00:00<?, ?it/s]Loading weights: 100%|██████████| 136/136 [00:00<00:00, 1730.32it/s]
[transformers] [1mModernBertForSequenceClassification LOAD REPORT[0m from: answerdotai/ModernBERT-base
Key               | Status     | 
------------------+------------+-
decoder.bias      | UNEXPECTED | 
classifier.weight | MISSING    | 
classifier.bias   | MISSING    | 

Notes:
- UNEXPECTED:	can be ignored when loading from different task/architecture; not ok if you expect identical arch.
- MISSING:	those params were newly initialized because missing from the checkpoint. Consider training on your downstream task.
[load] loading tokenizer (max_len=256)...
[2026-07-22 21:35:10,272][httpx][INFO] - HTTP Request: HEAD https://huggingface.co/answerdotai/ModernBERT-base/resolve/main/config.json "HTTP/1.1 307 Temporary Redirect"
[2026-07-22 21:35:10,278][httpx][INFO] - HTTP Request: HEAD https://huggingface.co/api/resolve-cache/models/answerdotai/ModernBERT-base/8949b909ec900327062f0ebf497f51aef5e6f0c8/config.json "HTTP/1.1 200 OK"
[2026-07-22 21:35:10,299][httpx][INFO] - HTTP Request: HEAD https://huggingface.co/answerdotai/ModernBERT-base/resolve/main/tokenizer_config.json "HTTP/1.1 307 Temporary Redirect"
[2026-07-22 21:35:10,308][httpx][INFO] - HTTP Request: HEAD https://huggingface.co/api/resolve-cache/models/answerdotai/ModernBERT-base/8949b909ec900327062f0ebf497f51aef5e6f0c8/tokenizer_config.json "HTTP/1.1 200 OK"
[2026-07-22 21:35:10,325][httpx][INFO] - HTTP Request: HEAD https://huggingface.co/answerdotai/ModernBERT-base/resolve/main/tokenizer_config.json "HTTP/1.1 307 Temporary Redirect"
[2026-07-22 21:35:10,331][httpx][INFO] - HTTP Request: HEAD https://huggingface.co/api/resolve-cache/models/answerdotai/ModernBERT-base/8949b909ec900327062f0ebf497f51aef5e6f0c8/tokenizer_config.json "HTTP/1.1 200 OK"
[2026-07-22 21:35:10,351][httpx][INFO] - HTTP Request: GET https://huggingface.co/api/models/answerdotai/ModernBERT-base/tree/main/additional_chat_templates?recursive=false&expand=false "HTTP/1.1 404 Not Found"
[2026-07-22 21:35:10,375][httpx][INFO] - HTTP Request: GET https://huggingface.co/api/models/answerdotai/ModernBERT-base/tree/main?recursive=true&expand=false "HTTP/1.1 200 OK"
[load] model and tokenizer ready.
Loading training data
Training data loaded.

[fit] model=answerdotai/ModernBERT-base | classes=11 | epochs=10 | patience=3
[fit] lr=5.0e-05 | warmup=65 steps (6% of 1090)
----------------------------------------------------------------------

[epoch 1/10]
  train loss : 1.3614E+00
  val loss   : 5.8653E-01  |  lr: 4.79e-05
  checkpoint : val loss improved → 5.8653E-01 (saved)

[epoch 2/10]
  train loss : 3.9794E-01
  val loss   : 3.4653E-01  |  lr: 4.25e-05
  checkpoint : val loss improved → 3.4653E-01 (saved)

[epoch 3/10]
  train loss : 1.6474E-01
  val loss   : 4.2213E-01  |  lr: 3.72e-05
  patience   : 0/3

[epoch 4/10]
  train loss : 6.3563E-02
  val loss   : 5.5527E-01  |  lr: 3.19e-05
  patience   : 1/3

[epoch 5/10]
  train loss : 2.5963E-02
  val loss   : 4.9183E-01  |  lr: 2.66e-05
  patience   : 2/3

[epoch 6/10]
  train loss : 5.5773E-03
  val loss   : 5.7572E-01  |  lr: 2.13e-05
  patience   : 3/3

[fit] early stopping triggered at epoch 6.
[fit] training complete in 264.2s
0.9059233449477352 0.905957185884655
Saving proba...
Proba Saved
[unsupervised-is] fold=2 | train=3871 | test=574
[init] logging dir: logs/modernbert/wos5736_sublinear-ae-is/
Max Class =10
Classes in y_train: 11
Classes in y_val: 11
[load] loading model 'answerdotai/ModernBERT-base' (11 labels)...
[2026-07-22 21:39:42,157][httpx][INFO] - HTTP Request: HEAD https://huggingface.co/answerdotai/ModernBERT-base/resolve/main/config.json "HTTP/1.1 307 Temporary Redirect"
[2026-07-22 21:39:42,162][httpx][INFO] - HTTP Request: HEAD https://huggingface.co/api/resolve-cache/models/answerdotai/ModernBERT-base/8949b909ec900327062f0ebf497f51aef5e6f0c8/config.json "HTTP/1.1 200 OK"
[2026-07-22 21:39:42,203][httpx][INFO] - HTTP Request: HEAD https://huggingface.co/answerdotai/ModernBERT-base/resolve/main/config.json "HTTP/1.1 307 Temporary Redirect"
[2026-07-22 21:39:42,208][httpx][INFO] - HTTP Request: HEAD https://huggingface.co/api/resolve-cache/models/answerdotai/ModernBERT-base/8949b909ec900327062f0ebf497f51aef5e6f0c8/config.json "HTTP/1.1 200 OK"
Loading weights:   0%|          | 0/136 [00:00<?, ?it/s]Loading weights:  95%|█████████▍| 129/136 [00:00<00:00, 1281.68it/s]Loading weights: 100%|██████████| 136/136 [00:00<00:00, 1296.97it/s]
[transformers] [1mModernBertForSequenceClassification LOAD REPORT[0m from: answerdotai/ModernBERT-base
Key               | Status     | 
------------------+------------+-
decoder.bias      | UNEXPECTED | 
classifier.weight | MISSING    | 
classifier.bias   | MISSING    | 

Notes:
- UNEXPECTED:	can be ignored when loading from different task/architecture; not ok if you expect identical arch.
- MISSING:	those params were newly initialized because missing from the checkpoint. Consider training on your downstream task.
[load] loading tokenizer (max_len=256)...
[2026-07-22 21:39:42,400][httpx][INFO] - HTTP Request: HEAD https://huggingface.co/answerdotai/ModernBERT-base/resolve/main/config.json "HTTP/1.1 307 Temporary Redirect"
[2026-07-22 21:39:42,406][httpx][INFO] - HTTP Request: HEAD https://huggingface.co/api/resolve-cache/models/answerdotai/ModernBERT-base/8949b909ec900327062f0ebf497f51aef5e6f0c8/config.json "HTTP/1.1 200 OK"
[2026-07-22 21:39:42,425][httpx][INFO] - HTTP Request: HEAD https://huggingface.co/answerdotai/ModernBERT-base/resolve/main/tokenizer_config.json "HTTP/1.1 307 Temporary Redirect"
[2026-07-22 21:39:42,430][httpx][INFO] - HTTP Request: HEAD https://huggingface.co/api/resolve-cache/models/answerdotai/ModernBERT-base/8949b909ec900327062f0ebf497f51aef5e6f0c8/tokenizer_config.json "HTTP/1.1 200 OK"
[2026-07-22 21:39:42,448][httpx][INFO] - HTTP Request: HEAD https://huggingface.co/answerdotai/ModernBERT-base/resolve/main/tokenizer_config.json "HTTP/1.1 307 Temporary Redirect"
[2026-07-22 21:39:42,454][httpx][INFO] - HTTP Request: HEAD https://huggingface.co/api/resolve-cache/models/answerdotai/ModernBERT-base/8949b909ec900327062f0ebf497f51aef5e6f0c8/tokenizer_config.json "HTTP/1.1 200 OK"
[2026-07-22 21:39:42,472][httpx][INFO] - HTTP Request: GET https://huggingface.co/api/models/answerdotai/ModernBERT-base/tree/main/additional_chat_templates?recursive=false&expand=false "HTTP/1.1 404 Not Found"
[2026-07-22 21:39:42,492][httpx][INFO] - HTTP Request: GET https://huggingface.co/api/models/answerdotai/ModernBERT-base/tree/main?recursive=true&expand=false "HTTP/1.1 200 OK"
[load] model and tokenizer ready.
Loading training data
Training data loaded.

[fit] model=answerdotai/ModernBERT-base | classes=11 | epochs=10 | patience=3
[fit] lr=5.0e-05 | warmup=65 steps (6% of 1090)
----------------------------------------------------------------------

[epoch 1/10]
  train loss : 1.3403E+00
  val loss   : 4.9139E-01  |  lr: 4.79e-05
  checkpoint : val loss improved → 4.9139E-01 (saved)

[epoch 2/10]
  train loss : 3.5940E-01
  val loss   : 5.4345E-01  |  lr: 4.25e-05
  patience   : 0/3

[epoch 3/10]
  train loss : 1.4647E-01
  val loss   : 5.0073E-01  |  lr: 3.72e-05
  patience   : 1/3

[epoch 4/10]
  train loss : 6.9430E-02
  val loss   : 7.4208E-01  |  lr: 3.19e-05
  patience   : 2/3

[epoch 5/10]
  train loss : 2.0893E-02
  val loss   : 6.1773E-01  |  lr: 2.66e-05
  patience   : 3/3

[fit] early stopping triggered at epoch 5.
[fit] training complete in 223.2s
0.9076655052264808 0.9119797883601329
Saving proba...
Proba Saved
[unsupervised-is] fold=3 | train=3873 | test=574
[init] logging dir: logs/modernbert/wos5736_sublinear-ae-is/
Max Class =10
Classes in y_train: 11
Classes in y_val: 11
[load] loading model 'answerdotai/ModernBERT-base' (11 labels)...
[2026-07-22 21:43:35,707][httpx][INFO] - HTTP Request: HEAD https://huggingface.co/answerdotai/ModernBERT-base/resolve/main/config.json "HTTP/1.1 307 Temporary Redirect"
[2026-07-22 21:43:35,712][httpx][INFO] - HTTP Request: HEAD https://huggingface.co/api/resolve-cache/models/answerdotai/ModernBERT-base/8949b909ec900327062f0ebf497f51aef5e6f0c8/config.json "HTTP/1.1 200 OK"
[2026-07-22 21:43:35,732][httpx][INFO] - HTTP Request: HEAD https://huggingface.co/answerdotai/ModernBERT-base/resolve/main/config.json "HTTP/1.1 307 Temporary Redirect"
[2026-07-22 21:43:35,737][httpx][INFO] - HTTP Request: HEAD https://huggingface.co/api/resolve-cache/models/answerdotai/ModernBERT-base/8949b909ec900327062f0ebf497f51aef5e6f0c8/config.json "HTTP/1.1 200 OK"
Loading weights:   0%|          | 0/136 [00:00<?, ?it/s]Loading weights: 100%|██████████| 136/136 [00:00<00:00, 1573.18it/s]
[transformers] [1mModernBertForSequenceClassification LOAD REPORT[0m from: answerdotai/ModernBERT-base
Key               | Status     | 
------------------+------------+-
decoder.bias      | UNEXPECTED | 
classifier.weight | MISSING    | 
classifier.bias   | MISSING    | 

Notes:
- UNEXPECTED:	can be ignored when loading from different task/architecture; not ok if you expect identical arch.
- MISSING:	those params were newly initialized because missing from the checkpoint. Consider training on your downstream task.
[load] loading tokenizer (max_len=256)...
[2026-07-22 21:43:35,905][httpx][INFO] - HTTP Request: HEAD https://huggingface.co/answerdotai/ModernBERT-base/resolve/main/config.json "HTTP/1.1 307 Temporary Redirect"
[2026-07-22 21:43:35,911][httpx][INFO] - HTTP Request: HEAD https://huggingface.co/api/resolve-cache/models/answerdotai/ModernBERT-base/8949b909ec900327062f0ebf497f51aef5e6f0c8/config.json "HTTP/1.1 200 OK"
[2026-07-22 21:43:35,932][httpx][INFO] - HTTP Request: HEAD https://huggingface.co/answerdotai/ModernBERT-base/resolve/main/tokenizer_config.json "HTTP/1.1 307 Temporary Redirect"
[2026-07-22 21:43:35,938][httpx][INFO] - HTTP Request: HEAD https://huggingface.co/api/resolve-cache/models/answerdotai/ModernBERT-base/8949b909ec900327062f0ebf497f51aef5e6f0c8/tokenizer_config.json "HTTP/1.1 200 OK"
[2026-07-22 21:43:35,954][httpx][INFO] - HTTP Request: HEAD https://huggingface.co/answerdotai/ModernBERT-base/resolve/main/tokenizer_config.json "HTTP/1.1 307 Temporary Redirect"
[2026-07-22 21:43:35,961][httpx][INFO] - HTTP Request: HEAD https://huggingface.co/api/resolve-cache/models/answerdotai/ModernBERT-base/8949b909ec900327062f0ebf497f51aef5e6f0c8/tokenizer_config.json "HTTP/1.1 200 OK"
[2026-07-22 21:43:35,982][httpx][INFO] - HTTP Request: GET https://huggingface.co/api/models/answerdotai/ModernBERT-base/tree/main/additional_chat_templates?recursive=false&expand=false "HTTP/1.1 404 Not Found"
[2026-07-22 21:43:36,005][httpx][INFO] - HTTP Request: GET https://huggingface.co/api/models/answerdotai/ModernBERT-base/tree/main?recursive=true&expand=false "HTTP/1.1 200 OK"
[load] model and tokenizer ready.
Loading training data
Training data loaded.

[fit] model=answerdotai/ModernBERT-base | classes=11 | epochs=10 | patience=3
[fit] lr=5.0e-05 | warmup=65 steps (6% of 1090)
----------------------------------------------------------------------

[epoch 1/10]
  train loss : 1.4194E+00
  val loss   : 6.3414E-01  |  lr: 4.79e-05
  checkpoint : val loss improved → 6.3414E-01 (saved)

[epoch 2/10]
  train loss : 3.9562E-01
  val loss   : 6.7605E-01  |  lr: 4.25e-05
  patience   : 0/3

[epoch 3/10]
  train loss : 1.7610E-01
  val loss   : 5.5682E-01  |  lr: 3.72e-05
  checkpoint : val loss improved → 5.5682E-01 (saved)

[epoch 4/10]
  train loss : 5.6697E-02
  val loss   : 6.9031E-01  |  lr: 3.19e-05
  patience   : 1/3

[epoch 5/10]
  train loss : 3.2937E-02
  val loss   : 6.3781E-01  |  lr: 2.66e-05
  patience   : 2/3

[epoch 6/10]
  train loss : 5.0788E-03
  val loss   : 6.4090E-01  |  lr: 2.13e-05
  patience   : 3/3

[fit] early stopping triggered at epoch 6.
[fit] training complete in 264.4s
0.89198606271777 0.8932414507483677
Saving proba...
Proba Saved
[unsupervised-is] fold=4 | train=3871 | test=574
[init] logging dir: logs/modernbert/wos5736_sublinear-ae-is/
Max Class =10
Classes in y_train: 11
Classes in y_val: 11
[load] loading model 'answerdotai/ModernBERT-base' (11 labels)...
[2026-07-22 21:48:07,906][httpx][INFO] - HTTP Request: HEAD https://huggingface.co/answerdotai/ModernBERT-base/resolve/main/config.json "HTTP/1.1 307 Temporary Redirect"
[2026-07-22 21:48:07,911][httpx][INFO] - HTTP Request: HEAD https://huggingface.co/api/resolve-cache/models/answerdotai/ModernBERT-base/8949b909ec900327062f0ebf497f51aef5e6f0c8/config.json "HTTP/1.1 200 OK"
[2026-07-22 21:48:07,928][httpx][INFO] - HTTP Request: HEAD https://huggingface.co/answerdotai/ModernBERT-base/resolve/main/config.json "HTTP/1.1 307 Temporary Redirect"
[2026-07-22 21:48:07,933][httpx][INFO] - HTTP Request: HEAD https://huggingface.co/api/resolve-cache/models/answerdotai/ModernBERT-base/8949b909ec900327062f0ebf497f51aef5e6f0c8/config.json "HTTP/1.1 200 OK"
Loading weights:   0%|          | 0/136 [00:00<?, ?it/s]Loading weights:  94%|█████████▍| 128/136 [00:00<00:00, 1275.39it/s]Loading weights: 100%|██████████| 136/136 [00:00<00:00, 1290.84it/s]
[transformers] [1mModernBertForSequenceClassification LOAD REPORT[0m from: answerdotai/ModernBERT-base
Key               | Status     | 
------------------+------------+-
decoder.bias      | UNEXPECTED | 
classifier.weight | MISSING    | 
classifier.bias   | MISSING    | 

Notes:
- UNEXPECTED:	can be ignored when loading from different task/architecture; not ok if you expect identical arch.
- MISSING:	those params were newly initialized because missing from the checkpoint. Consider training on your downstream task.
[load] loading tokenizer (max_len=256)...
[2026-07-22 21:48:08,122][httpx][INFO] - HTTP Request: HEAD https://huggingface.co/answerdotai/ModernBERT-base/resolve/main/config.json "HTTP/1.1 307 Temporary Redirect"
[2026-07-22 21:48:08,127][httpx][INFO] - HTTP Request: HEAD https://huggingface.co/api/resolve-cache/models/answerdotai/ModernBERT-base/8949b909ec900327062f0ebf497f51aef5e6f0c8/config.json "HTTP/1.1 200 OK"
[2026-07-22 21:48:08,147][httpx][INFO] - HTTP Request: HEAD https://huggingface.co/answerdotai/ModernBERT-base/resolve/main/tokenizer_config.json "HTTP/1.1 307 Temporary Redirect"
[2026-07-22 21:48:08,152][httpx][INFO] - HTTP Request: HEAD https://huggingface.co/api/resolve-cache/models/answerdotai/ModernBERT-base/8949b909ec900327062f0ebf497f51aef5e6f0c8/tokenizer_config.json "HTTP/1.1 200 OK"
[2026-07-22 21:48:08,172][httpx][INFO] - HTTP Request: HEAD https://huggingface.co/answerdotai/ModernBERT-base/resolve/main/tokenizer_config.json "HTTP/1.1 307 Temporary Redirect"
[2026-07-22 21:48:08,177][httpx][INFO] - HTTP Request: HEAD https://huggingface.co/api/resolve-cache/models/answerdotai/ModernBERT-base/8949b909ec900327062f0ebf497f51aef5e6f0c8/tokenizer_config.json "HTTP/1.1 200 OK"
[2026-07-22 21:48:08,197][httpx][INFO] - HTTP Request: GET https://huggingface.co/api/models/answerdotai/ModernBERT-base/tree/main/additional_chat_templates?recursive=false&expand=false "HTTP/1.1 404 Not Found"
[2026-07-22 21:48:08,218][httpx][INFO] - HTTP Request: GET https://huggingface.co/api/models/answerdotai/ModernBERT-base/tree/main?recursive=true&expand=false "HTTP/1.1 200 OK"
[load] model and tokenizer ready.
Loading training data
Training data loaded.

[fit] model=answerdotai/ModernBERT-base | classes=11 | epochs=10 | patience=3
[fit] lr=5.0e-05 | warmup=65 steps (6% of 1090)
----------------------------------------------------------------------

[epoch 1/10]
  train loss : 1.3387E+00
  val loss   : 4.3444E-01  |  lr: 4.79e-05
  checkpoint : val loss improved → 4.3444E-01 (saved)

[epoch 2/10]
  train loss : 3.7301E-01
  val loss   : 3.5550E-01  |  lr: 4.25e-05
  checkpoint : val loss improved → 3.5550E-01 (saved)

[epoch 3/10]
  train loss : 1.5472E-01
  val loss   : 3.2631E-01  |  lr: 3.72e-05
  checkpoint : val loss improved → 3.2631E-01 (saved)

[epoch 4/10]
  train loss : 4.5601E-02
  val loss   : 5.3638E-01  |  lr: 3.19e-05
  patience   : 0/3

[epoch 5/10]
  train loss : 2.9273E-02
  val loss   : 4.6842E-01  |  lr: 2.66e-05
  patience   : 1/3

[epoch 6/10]
  train loss : 9.1229E-03
  val loss   : 4.8119E-01  |  lr: 2.13e-05
  patience   : 2/3

[epoch 7/10]
  train loss : 1.4005E-03
  val loss   : 4.2929E-01  |  lr: 1.60e-05
  patience   : 3/3

[fit] early stopping triggered at epoch 7.
[fit] training complete in 307.9s
0.926829268292683 0.925390289341946
Saving proba...
Proba Saved
[unsupervised-is] fold=5 | train=3874 | test=574
[init] logging dir: logs/modernbert/wos5736_sublinear-ae-is/
Max Class =10
Classes in y_train: 11
Classes in y_val: 11
[load] loading model 'answerdotai/ModernBERT-base' (11 labels)...
[2026-07-22 21:53:23,613][httpx][INFO] - HTTP Request: HEAD https://huggingface.co/answerdotai/ModernBERT-base/resolve/main/config.json "HTTP/1.1 307 Temporary Redirect"
[2026-07-22 21:53:23,617][httpx][INFO] - HTTP Request: HEAD https://huggingface.co/api/resolve-cache/models/answerdotai/ModernBERT-base/8949b909ec900327062f0ebf497f51aef5e6f0c8/config.json "HTTP/1.1 200 OK"
[2026-07-22 21:53:23,635][httpx][INFO] - HTTP Request: HEAD https://huggingface.co/answerdotai/ModernBERT-base/resolve/main/config.json "HTTP/1.1 307 Temporary Redirect"
[2026-07-22 21:53:23,640][httpx][INFO] - HTTP Request: HEAD https://huggingface.co/api/resolve-cache/models/answerdotai/ModernBERT-base/8949b909ec900327062f0ebf497f51aef5e6f0c8/config.json "HTTP/1.1 200 OK"
Loading weights:   0%|          | 0/136 [00:00<?, ?it/s]Loading weights: 100%|██████████| 136/136 [00:00<00:00, 1787.29it/s]
[transformers] [1mModernBertForSequenceClassification LOAD REPORT[0m from: answerdotai/ModernBERT-base
Key               | Status     | 
------------------+------------+-
decoder.bias      | UNEXPECTED | 
classifier.weight | MISSING    | 
classifier.bias   | MISSING    | 

Notes:
- UNEXPECTED:	can be ignored when loading from different task/architecture; not ok if you expect identical arch.
- MISSING:	those params were newly initialized because missing from the checkpoint. Consider training on your downstream task.
[load] loading tokenizer (max_len=256)...
[2026-07-22 21:53:23,797][httpx][INFO] - HTTP Request: HEAD https://huggingface.co/answerdotai/ModernBERT-base/resolve/main/config.json "HTTP/1.1 307 Temporary Redirect"
[2026-07-22 21:53:23,803][httpx][INFO] - HTTP Request: HEAD https://huggingface.co/api/resolve-cache/models/answerdotai/ModernBERT-base/8949b909ec900327062f0ebf497f51aef5e6f0c8/config.json "HTTP/1.1 200 OK"
[2026-07-22 21:53:23,823][httpx][INFO] - HTTP Request: HEAD https://huggingface.co/answerdotai/ModernBERT-base/resolve/main/tokenizer_config.json "HTTP/1.1 307 Temporary Redirect"
[2026-07-22 21:53:23,828][httpx][INFO] - HTTP Request: HEAD https://huggingface.co/api/resolve-cache/models/answerdotai/ModernBERT-base/8949b909ec900327062f0ebf497f51aef5e6f0c8/tokenizer_config.json "HTTP/1.1 200 OK"
[2026-07-22 21:53:23,848][httpx][INFO] - HTTP Request: HEAD https://huggingface.co/answerdotai/ModernBERT-base/resolve/main/tokenizer_config.json "HTTP/1.1 307 Temporary Redirect"
[2026-07-22 21:53:23,853][httpx][INFO] - HTTP Request: HEAD https://huggingface.co/api/resolve-cache/models/answerdotai/ModernBERT-base/8949b909ec900327062f0ebf497f51aef5e6f0c8/tokenizer_config.json "HTTP/1.1 200 OK"
[2026-07-22 21:53:23,871][httpx][INFO] - HTTP Request: GET https://huggingface.co/api/models/answerdotai/ModernBERT-base/tree/main/additional_chat_templates?recursive=false&expand=false "HTTP/1.1 404 Not Found"
[2026-07-22 21:53:23,891][httpx][INFO] - HTTP Request: GET https://huggingface.co/api/models/answerdotai/ModernBERT-base/tree/main?recursive=true&expand=false "HTTP/1.1 200 OK"
[load] model and tokenizer ready.
Loading training data
Training data loaded.

[fit] model=answerdotai/ModernBERT-base | classes=11 | epochs=10 | patience=3
[fit] lr=5.0e-05 | warmup=65 steps (6% of 1090)
----------------------------------------------------------------------

[epoch 1/10]
  train loss : 1.2656E+00
  val loss   : 4.7026E-01  |  lr: 4.79e-05
  checkpoint : val loss improved → 4.7026E-01 (saved)

[epoch 2/10]
  train loss : 3.7166E-01
  val loss   : 4.0435E-01  |  lr: 4.25e-05
  checkpoint : val loss improved → 4.0435E-01 (saved)

[epoch 3/10]
  train loss : 1.8590E-01
  val loss   : 5.1234E-01  |  lr: 3.72e-05
  patience   : 0/3

[epoch 4/10]
  train loss : 8.6999E-02
  val loss   : 4.9054E-01  |  lr: 3.19e-05
  patience   : 1/3

[epoch 5/10]
  train loss : 2.6145E-02
  val loss   : 6.2900E-01  |  lr: 2.66e-05
  patience   : 2/3

[epoch 6/10]
  train loss : 1.0077E-02
  val loss   : 6.1874E-01  |  lr: 2.13e-05
  patience   : 3/3

[fit] early stopping triggered at epoch 6.
[fit] training complete in 264.2s
0.8885017421602788 0.8845027615372452
Saving proba...
Proba Saved
[unsupervised-is] fold=6 | train=3872 | test=573
[init] logging dir: logs/modernbert/wos5736_sublinear-ae-is/
Max Class =10
Classes in y_train: 11
Classes in y_val: 11
[load] loading model 'answerdotai/ModernBERT-base' (11 labels)...
[2026-07-22 21:57:55,910][httpx][INFO] - HTTP Request: HEAD https://huggingface.co/answerdotai/ModernBERT-base/resolve/main/config.json "HTTP/1.1 307 Temporary Redirect"
[2026-07-22 21:57:55,915][httpx][INFO] - HTTP Request: HEAD https://huggingface.co/api/resolve-cache/models/answerdotai/ModernBERT-base/8949b909ec900327062f0ebf497f51aef5e6f0c8/config.json "HTTP/1.1 200 OK"
[2026-07-22 21:57:55,932][httpx][INFO] - HTTP Request: HEAD https://huggingface.co/answerdotai/ModernBERT-base/resolve/main/config.json "HTTP/1.1 307 Temporary Redirect"
[2026-07-22 21:57:55,937][httpx][INFO] - HTTP Request: HEAD https://huggingface.co/api/resolve-cache/models/answerdotai/ModernBERT-base/8949b909ec900327062f0ebf497f51aef5e6f0c8/config.json "HTTP/1.1 200 OK"
Loading weights:   0%|          | 0/136 [00:00<?, ?it/s]Loading weights: 100%|██████████| 136/136 [00:00<00:00, 1960.21it/s]
[transformers] [1mModernBertForSequenceClassification LOAD REPORT[0m from: answerdotai/ModernBERT-base
Key               | Status     | 
------------------+------------+-
decoder.bias      | UNEXPECTED | 
classifier.weight | MISSING    | 
classifier.bias   | MISSING    | 

Notes:
- UNEXPECTED:	can be ignored when loading from different task/architecture; not ok if you expect identical arch.
- MISSING:	those params were newly initialized because missing from the checkpoint. Consider training on your downstream task.
[load] loading tokenizer (max_len=256)...
[2026-07-22 21:57:56,090][httpx][INFO] - HTTP Request: HEAD https://huggingface.co/answerdotai/ModernBERT-base/resolve/main/config.json "HTTP/1.1 307 Temporary Redirect"
[2026-07-22 21:57:56,095][httpx][INFO] - HTTP Request: HEAD https://huggingface.co/api/resolve-cache/models/answerdotai/ModernBERT-base/8949b909ec900327062f0ebf497f51aef5e6f0c8/config.json "HTTP/1.1 200 OK"
[2026-07-22 21:57:56,114][httpx][INFO] - HTTP Request: HEAD https://huggingface.co/answerdotai/ModernBERT-base/resolve/main/tokenizer_config.json "HTTP/1.1 307 Temporary Redirect"
[2026-07-22 21:57:56,119][httpx][INFO] - HTTP Request: HEAD https://huggingface.co/api/resolve-cache/models/answerdotai/ModernBERT-base/8949b909ec900327062f0ebf497f51aef5e6f0c8/tokenizer_config.json "HTTP/1.1 200 OK"
[2026-07-22 21:57:56,136][httpx][INFO] - HTTP Request: HEAD https://huggingface.co/answerdotai/ModernBERT-base/resolve/main/tokenizer_config.json "HTTP/1.1 307 Temporary Redirect"
[2026-07-22 21:57:56,141][httpx][INFO] - HTTP Request: HEAD https://huggingface.co/api/resolve-cache/models/answerdotai/ModernBERT-base/8949b909ec900327062f0ebf497f51aef5e6f0c8/tokenizer_config.json "HTTP/1.1 200 OK"
[2026-07-22 21:57:56,163][httpx][INFO] - HTTP Request: GET https://huggingface.co/api/models/answerdotai/ModernBERT-base/tree/main/additional_chat_templates?recursive=false&expand=false "HTTP/1.1 404 Not Found"
[2026-07-22 21:57:56,186][httpx][INFO] - HTTP Request: GET https://huggingface.co/api/models/answerdotai/ModernBERT-base/tree/main?recursive=true&expand=false "HTTP/1.1 200 OK"
[load] model and tokenizer ready.
Loading training data
Training data loaded.

[fit] model=answerdotai/ModernBERT-base | classes=11 | epochs=10 | patience=3
[fit] lr=5.0e-05 | warmup=65 steps (6% of 1090)
----------------------------------------------------------------------

[epoch 1/10]
  train loss : 1.2422E+00
  val loss   : 5.7903E-01  |  lr: 4.79e-05
  checkpoint : val loss improved → 5.7903E-01 (saved)

[epoch 2/10]
  train loss : 3.7809E-01
  val loss   : 5.3425E-01  |  lr: 4.25e-05
  checkpoint : val loss improved → 5.3425E-01 (saved)

[epoch 3/10]
  train loss : 1.8216E-01
  val loss   : 5.9434E-01  |  lr: 3.72e-05
  patience   : 0/3

[epoch 4/10]
  train loss : 6.1396E-02
  val loss   : 5.9573E-01  |  lr: 3.19e-05
  patience   : 1/3

[epoch 5/10]
  train loss : 2.5544E-02
  val loss   : 6.4817E-01  |  lr: 2.66e-05
  patience   : 2/3

[epoch 6/10]
  train loss : 6.0468E-03
  val loss   : 6.3553E-01  |  lr: 2.13e-05
  patience   : 3/3

[fit] early stopping triggered at epoch 6.
[fit] training complete in 264.1s
0.8865619546247818 0.8808539562182585
Saving proba...
Proba Saved
[unsupervised-is] fold=7 | train=3876 | test=573
[init] logging dir: logs/modernbert/wos5736_sublinear-ae-is/
Max Class =10
Classes in y_train: 11
Classes in y_val: 11
[load] loading model 'answerdotai/ModernBERT-base' (11 labels)...
[2026-07-22 22:02:27,790][httpx][INFO] - HTTP Request: HEAD https://huggingface.co/answerdotai/ModernBERT-base/resolve/main/config.json "HTTP/1.1 307 Temporary Redirect"
[2026-07-22 22:02:27,797][httpx][INFO] - HTTP Request: HEAD https://huggingface.co/api/resolve-cache/models/answerdotai/ModernBERT-base/8949b909ec900327062f0ebf497f51aef5e6f0c8/config.json "HTTP/1.1 200 OK"
[2026-07-22 22:02:27,816][httpx][INFO] - HTTP Request: HEAD https://huggingface.co/answerdotai/ModernBERT-base/resolve/main/config.json "HTTP/1.1 307 Temporary Redirect"
[2026-07-22 22:02:27,821][httpx][INFO] - HTTP Request: HEAD https://huggingface.co/api/resolve-cache/models/answerdotai/ModernBERT-base/8949b909ec900327062f0ebf497f51aef5e6f0c8/config.json "HTTP/1.1 200 OK"
Loading weights:   0%|          | 0/136 [00:00<?, ?it/s]Loading weights: 100%|██████████| 136/136 [00:00<00:00, 1545.03it/s]
[transformers] [1mModernBertForSequenceClassification LOAD REPORT[0m from: answerdotai/ModernBERT-base
Key               | Status     | 
------------------+------------+-
decoder.bias      | UNEXPECTED | 
classifier.weight | MISSING    | 
classifier.bias   | MISSING    | 

Notes:
- UNEXPECTED:	can be ignored when loading from different task/architecture; not ok if you expect identical arch.
- MISSING:	those params were newly initialized because missing from the checkpoint. Consider training on your downstream task.
[load] loading tokenizer (max_len=256)...
[2026-07-22 22:02:27,997][httpx][INFO] - HTTP Request: HEAD https://huggingface.co/answerdotai/ModernBERT-base/resolve/main/config.json "HTTP/1.1 307 Temporary Redirect"
[2026-07-22 22:02:28,003][httpx][INFO] - HTTP Request: HEAD https://huggingface.co/api/resolve-cache/models/answerdotai/ModernBERT-base/8949b909ec900327062f0ebf497f51aef5e6f0c8/config.json "HTTP/1.1 200 OK"
[2026-07-22 22:02:28,049][httpx][INFO] - HTTP Request: HEAD https://huggingface.co/answerdotai/ModernBERT-base/resolve/main/tokenizer_config.json "HTTP/1.1 307 Temporary Redirect"
[2026-07-22 22:02:28,055][httpx][INFO] - HTTP Request: HEAD https://huggingface.co/api/resolve-cache/models/answerdotai/ModernBERT-base/8949b909ec900327062f0ebf497f51aef5e6f0c8/tokenizer_config.json "HTTP/1.1 200 OK"
[2026-07-22 22:02:28,070][httpx][INFO] - HTTP Request: HEAD https://huggingface.co/answerdotai/ModernBERT-base/resolve/main/tokenizer_config.json "HTTP/1.1 307 Temporary Redirect"
[2026-07-22 22:02:28,076][httpx][INFO] - HTTP Request: HEAD https://huggingface.co/api/resolve-cache/models/answerdotai/ModernBERT-base/8949b909ec900327062f0ebf497f51aef5e6f0c8/tokenizer_config.json "HTTP/1.1 200 OK"
[2026-07-22 22:02:28,094][httpx][INFO] - HTTP Request: GET https://huggingface.co/api/models/answerdotai/ModernBERT-base/tree/main/additional_chat_templates?recursive=false&expand=false "HTTP/1.1 404 Not Found"
[2026-07-22 22:02:28,116][httpx][INFO] - HTTP Request: GET https://huggingface.co/api/models/answerdotai/ModernBERT-base/tree/main?recursive=true&expand=false "HTTP/1.1 200 OK"
[load] model and tokenizer ready.
Loading training data
Training data loaded.

[fit] model=answerdotai/ModernBERT-base | classes=11 | epochs=10 | patience=3
[fit] lr=5.0e-05 | warmup=65 steps (6% of 1090)
----------------------------------------------------------------------

[epoch 1/10]
  train loss : 1.2523E+00
  val loss   : 5.7940E-01  |  lr: 4.79e-05
  checkpoint : val loss improved → 5.7940E-01 (saved)

[epoch 2/10]
  train loss : 3.4336E-01
  val loss   : 4.6431E-01  |  lr: 4.25e-05
  checkpoint : val loss improved → 4.6431E-01 (saved)

[epoch 3/10]
  train loss : 1.5661E-01
  val loss   : 5.7281E-01  |  lr: 3.72e-05
  patience   : 0/3

[epoch 4/10]
  train loss : 6.5408E-02
  val loss   : 7.0064E-01  |  lr: 3.19e-05
  patience   : 1/3

[epoch 5/10]
  train loss : 2.5631E-02
  val loss   : 6.9231E-01  |  lr: 2.66e-05
  patience   : 2/3

[epoch 6/10]
  train loss : 7.1348E-03
  val loss   : 8.0388E-01  |  lr: 2.13e-05
  patience   : 3/3

[fit] early stopping triggered at epoch 6.
[fit] training complete in 264.5s
0.8708551483420593 0.8665133786384648
Saving proba...
Proba Saved
[unsupervised-is] fold=8 | train=3872 | test=573
[init] logging dir: logs/modernbert/wos5736_sublinear-ae-is/
Max Class =10
Classes in y_train: 11
Classes in y_val: 11
[load] loading model 'answerdotai/ModernBERT-base' (11 labels)...
[2026-07-22 22:07:00,096][httpx][INFO] - HTTP Request: HEAD https://huggingface.co/answerdotai/ModernBERT-base/resolve/main/config.json "HTTP/1.1 307 Temporary Redirect"
[2026-07-22 22:07:00,101][httpx][INFO] - HTTP Request: HEAD https://huggingface.co/api/resolve-cache/models/answerdotai/ModernBERT-base/8949b909ec900327062f0ebf497f51aef5e6f0c8/config.json "HTTP/1.1 200 OK"
[2026-07-22 22:07:00,122][httpx][INFO] - HTTP Request: HEAD https://huggingface.co/answerdotai/ModernBERT-base/resolve/main/config.json "HTTP/1.1 307 Temporary Redirect"
[2026-07-22 22:07:00,127][httpx][INFO] - HTTP Request: HEAD https://huggingface.co/api/resolve-cache/models/answerdotai/ModernBERT-base/8949b909ec900327062f0ebf497f51aef5e6f0c8/config.json "HTTP/1.1 200 OK"
Loading weights:   0%|          | 0/136 [00:00<?, ?it/s]Loading weights: 100%|██████████| 136/136 [00:00<00:00, 1647.85it/s]
[transformers] [1mModernBertForSequenceClassification LOAD REPORT[0m from: answerdotai/ModernBERT-base
Key               | Status     | 
------------------+------------+-
decoder.bias      | UNEXPECTED | 
classifier.weight | MISSING    | 
classifier.bias   | MISSING    | 

Notes:
- UNEXPECTED:	can be ignored when loading from different task/architecture; not ok if you expect identical arch.
- MISSING:	those params were newly initialized because missing from the checkpoint. Consider training on your downstream task.
[load] loading tokenizer (max_len=256)...
[2026-07-22 22:07:00,671][httpx][INFO] - HTTP Request: HEAD https://huggingface.co/answerdotai/ModernBERT-base/resolve/main/config.json "HTTP/1.1 307 Temporary Redirect"
[2026-07-22 22:07:00,676][httpx][INFO] - HTTP Request: HEAD https://huggingface.co/api/resolve-cache/models/answerdotai/ModernBERT-base/8949b909ec900327062f0ebf497f51aef5e6f0c8/config.json "HTTP/1.1 200 OK"
[2026-07-22 22:07:00,697][httpx][INFO] - HTTP Request: HEAD https://huggingface.co/answerdotai/ModernBERT-base/resolve/main/tokenizer_config.json "HTTP/1.1 307 Temporary Redirect"
[2026-07-22 22:07:00,704][httpx][INFO] - HTTP Request: HEAD https://huggingface.co/api/resolve-cache/models/answerdotai/ModernBERT-base/8949b909ec900327062f0ebf497f51aef5e6f0c8/tokenizer_config.json "HTTP/1.1 200 OK"
[2026-07-22 22:07:00,722][httpx][INFO] - HTTP Request: HEAD https://huggingface.co/answerdotai/ModernBERT-base/resolve/main/tokenizer_config.json "HTTP/1.1 307 Temporary Redirect"
[2026-07-22 22:07:00,728][httpx][INFO] - HTTP Request: HEAD https://huggingface.co/api/resolve-cache/models/answerdotai/ModernBERT-base/8949b909ec900327062f0ebf497f51aef5e6f0c8/tokenizer_config.json "HTTP/1.1 200 OK"
[2026-07-22 22:07:00,772][httpx][INFO] - HTTP Request: GET https://huggingface.co/api/models/answerdotai/ModernBERT-base/tree/main/additional_chat_templates?recursive=false&expand=false "HTTP/1.1 404 Not Found"
[2026-07-22 22:07:00,803][httpx][INFO] - HTTP Request: GET https://huggingface.co/api/models/answerdotai/ModernBERT-base/tree/main?recursive=true&expand=false "HTTP/1.1 200 OK"
[load] model and tokenizer ready.
Loading training data
Training data loaded.

[fit] model=answerdotai/ModernBERT-base | classes=11 | epochs=10 | patience=3
[fit] lr=5.0e-05 | warmup=65 steps (6% of 1090)
----------------------------------------------------------------------

[epoch 1/10]
  train loss : 1.2891E+00
  val loss   : 4.4809E-01  |  lr: 4.79e-05
  checkpoint : val loss improved → 4.4809E-01 (saved)

[epoch 2/10]
  train loss : 4.0459E-01
  val loss   : 3.5211E-01  |  lr: 4.25e-05
  checkpoint : val loss improved → 3.5211E-01 (saved)

[epoch 3/10]
  train loss : 1.8480E-01
  val loss   : 3.7155E-01  |  lr: 3.72e-05
  patience   : 0/3

[epoch 4/10]
  train loss : 7.8287E-02
  val loss   : 3.4397E-01  |  lr: 3.19e-05
  checkpoint : val loss improved → 3.4397E-01 (saved)

[epoch 5/10]
  train loss : 3.0929E-02
  val loss   : 3.4372E-01  |  lr: 2.66e-05
  checkpoint : val loss improved → 3.4372E-01 (saved)

[epoch 6/10]
  train loss : 8.6102E-03
  val loss   : 4.4197E-01  |  lr: 2.13e-05
  patience   : 1/3

[epoch 7/10]
  train loss : 2.3090E-03
  val loss   : 4.2211E-01  |  lr: 1.60e-05
  patience   : 2/3

[epoch 8/10]
  train loss : 3.2485E-04
  val loss   : 4.5374E-01  |  lr: 1.06e-05
  patience   : 3/3

[fit] early stopping triggered at epoch 8.
[fit] training complete in 352.4s
0.924956369982548 0.9227263396905812
Saving proba...
Proba Saved
[unsupervised-is] fold=9 | train=3875 | test=573
[init] logging dir: logs/modernbert/wos5736_sublinear-ae-is/
Max Class =10
Classes in y_train: 11
Classes in y_val: 11
[load] loading model 'answerdotai/ModernBERT-base' (11 labels)...
[2026-07-22 22:13:00,364][httpx][INFO] - HTTP Request: HEAD https://huggingface.co/answerdotai/ModernBERT-base/resolve/main/config.json "HTTP/1.1 307 Temporary Redirect"
[2026-07-22 22:13:00,368][httpx][INFO] - HTTP Request: HEAD https://huggingface.co/api/resolve-cache/models/answerdotai/ModernBERT-base/8949b909ec900327062f0ebf497f51aef5e6f0c8/config.json "HTTP/1.1 200 OK"
[2026-07-22 22:13:00,387][httpx][INFO] - HTTP Request: HEAD https://huggingface.co/answerdotai/ModernBERT-base/resolve/main/config.json "HTTP/1.1 307 Temporary Redirect"
[2026-07-22 22:13:00,392][httpx][INFO] - HTTP Request: HEAD https://huggingface.co/api/resolve-cache/models/answerdotai/ModernBERT-base/8949b909ec900327062f0ebf497f51aef5e6f0c8/config.json "HTTP/1.1 200 OK"
Loading weights:   0%|          | 0/136 [00:00<?, ?it/s]Loading weights: 100%|██████████| 136/136 [00:00<00:00, 1543.89it/s]
[transformers] [1mModernBertForSequenceClassification LOAD REPORT[0m from: answerdotai/ModernBERT-base
Key               | Status     | 
------------------+------------+-
decoder.bias      | UNEXPECTED | 
classifier.weight | MISSING    | 
classifier.bias   | MISSING    | 

Notes:
- UNEXPECTED:	can be ignored when loading from different task/architecture; not ok if you expect identical arch.
- MISSING:	those params were newly initialized because missing from the checkpoint. Consider training on your downstream task.
[load] loading tokenizer (max_len=256)...
[2026-07-22 22:13:00,564][httpx][INFO] - HTTP Request: HEAD https://huggingface.co/answerdotai/ModernBERT-base/resolve/main/config.json "HTTP/1.1 307 Temporary Redirect"
[2026-07-22 22:13:00,569][httpx][INFO] - HTTP Request: HEAD https://huggingface.co/api/resolve-cache/models/answerdotai/ModernBERT-base/8949b909ec900327062f0ebf497f51aef5e6f0c8/config.json "HTTP/1.1 200 OK"
[2026-07-22 22:13:00,588][httpx][INFO] - HTTP Request: HEAD https://huggingface.co/answerdotai/ModernBERT-base/resolve/main/tokenizer_config.json "HTTP/1.1 307 Temporary Redirect"
[2026-07-22 22:13:00,594][httpx][INFO] - HTTP Request: HEAD https://huggingface.co/api/resolve-cache/models/answerdotai/ModernBERT-base/8949b909ec900327062f0ebf497f51aef5e6f0c8/tokenizer_config.json "HTTP/1.1 200 OK"
[2026-07-22 22:13:00,695][httpx][INFO] - HTTP Request: HEAD https://huggingface.co/answerdotai/ModernBERT-base/resolve/main/tokenizer_config.json "HTTP/1.1 307 Temporary Redirect"
[2026-07-22 22:13:00,701][httpx][INFO] - HTTP Request: HEAD https://huggingface.co/api/resolve-cache/models/answerdotai/ModernBERT-base/8949b909ec900327062f0ebf497f51aef5e6f0c8/tokenizer_config.json "HTTP/1.1 200 OK"
[2026-07-22 22:13:00,720][httpx][INFO] - HTTP Request: GET https://huggingface.co/api/models/answerdotai/ModernBERT-base/tree/main/additional_chat_templates?recursive=false&expand=false "HTTP/1.1 404 Not Found"
[2026-07-22 22:13:00,739][httpx][INFO] - HTTP Request: GET https://huggingface.co/api/models/answerdotai/ModernBERT-base/tree/main?recursive=true&expand=false "HTTP/1.1 200 OK"
[load] model and tokenizer ready.
Loading training data
Training data loaded.

[fit] model=answerdotai/ModernBERT-base | classes=11 | epochs=10 | patience=3
[fit] lr=5.0e-05 | warmup=65 steps (6% of 1090)
----------------------------------------------------------------------

[epoch 1/10]
  train loss : 1.3166E+00
  val loss   : 5.9760E-01  |  lr: 4.79e-05
  checkpoint : val loss improved → 5.9760E-01 (saved)

[epoch 2/10]
  train loss : 3.5323E-01
  val loss   : 4.8322E-01  |  lr: 4.25e-05
  checkpoint : val loss improved → 4.8322E-01 (saved)

[epoch 3/10]
  train loss : 1.6668E-01
  val loss   : 5.7249E-01  |  lr: 3.72e-05
  patience   : 0/3

[epoch 4/10]
  train loss : 8.4034E-02
  val loss   : 7.0358E-01  |  lr: 3.19e-05
  patience   : 1/3

[epoch 5/10]
  train loss : 2.4591E-02
  val loss   : 8.0340E-01  |  lr: 2.66e-05
  patience   : 2/3

[epoch 6/10]
  train loss : 5.0188E-03
  val loss   : 6.2043E-01  |  lr: 2.13e-05
  patience   : 3/3

[fit] early stopping triggered at epoch 6.
[fit] training complete in 264.4s
0.900523560209424 0.9022496670312392
Saving proba...
Proba Saved
Done.
