/app/atcBench/main.py:44: UserWarning: 
The version_base parameter is not specified.
Please specify a compatability version level, or None.
Will assume defaults for version 1.1
  @hydra.main(config_path=CONFIG_PATH, config_name=CONFIG_NAME)
/app/venv/lib/python3.12/site-packages/hydra/_internal/hydra.py:119: UserWarning: Future Hydra versions will no longer change working directory at job runtime by default.
See https://hydra.cc/docs/1.2/upgrades/1.1_to_1.2/changes_to_job_working_dir/ for more information.
  ret = run_job(
data:
  nfolds: 10
  VALIDATION_SIZE_FOR_LOSS: 0.1
  dataset_name: ohsumed
  is_method: gmm-is
  dataset: ${data.dataset_name}_${data.is_method}
  texts_path: ${oc.env:DATASETS_DIR,/app/datasets}/${data.dataset_name}/texts.txt
  scores_path: ${oc.env:DATASETS_DIR,/app/datasets}/${data.dataset_name}/score.txt
  external_splits_path: ${oc.env:RESULTS_DIR,/app/results}/instance_selection/selection/${data.dataset_name}/split_10_${data.is_method}.pkl
model:
  type: slm
  model_name: roberta-base
  model_tag: roberta
  training_args:
    max_len: 256
    batch_size: 16
    lr: 5.0e-05
    num_max_epochs: 10
    patience: 3
    weight_decay_rate: 0.01
    min_val_epoch_impro_delta: 0.0001
    max_grad_norm: 1.0
    warmup_ratio: 0.06
  text_representation: raw
paths:
  output_dir: ${oc.env:RESULTS_DIR,/app/results}/classificacao/output/
  output_dir_full_path: ${paths.output_dir}/${model.model_tag}/${data.dataset}/
  DATA_DIR: resources/datasets/${data.dataset_name}/
  SPLITS_DIR: resources/datasets/${data.dataset_name}/splits/
config:
  random_seed: 42

/data/bernardolemos/results/jina-v5/classificacao/output//roberta/ohsumed_gmm-is/
{'data': {'nfolds': 10, 'VALIDATION_SIZE_FOR_LOSS': 0.1, 'dataset_name': 'ohsumed', 'is_method': 'gmm-is', 'dataset': '${data.dataset_name}_${data.is_method}', 'texts_path': '${oc.env:DATASETS_DIR,/app/datasets}/${data.dataset_name}/texts.txt', 'scores_path': '${oc.env:DATASETS_DIR,/app/datasets}/${data.dataset_name}/score.txt', 'external_splits_path': '${oc.env:RESULTS_DIR,/app/results}/instance_selection/selection/${data.dataset_name}/split_10_${data.is_method}.pkl'}, 'model': {'type': 'slm', 'model_name': 'roberta-base', 'model_tag': 'roberta', 'training_args': {'max_len': 256, 'batch_size': 16, 'lr': 5e-05, 'num_max_epochs': 10, 'patience': 3, 'weight_decay_rate': 0.01, 'min_val_epoch_impro_delta': 0.0001, 'max_grad_norm': 1.0, 'warmup_ratio': 0.06}, 'text_representation': 'raw'}, 'paths': {'output_dir': '${oc.env:RESULTS_DIR,/app/results}/classificacao/output/', 'output_dir_full_path': '${paths.output_dir}/${model.model_tag}/${data.dataset}/', 'DATA_DIR': 'resources/datasets/${data.dataset_name}/', 'SPLITS_DIR': 'resources/datasets/${data.dataset_name}/splits/'}, 'config': {'random_seed': 42}}
Random seed setted.
[unsupervised-is] fold=0 | train=11531 | test=1831
[init] logging dir: logs/roberta/ohsumed_gmm-is/
Max Class =22
Classes in y_train: 23
Classes in y_val: 23
[load] loading model 'roberta-base' (23 labels)...
[2026-06-24 21:05:06,183][httpx][INFO] - HTTP Request: HEAD https://huggingface.co/roberta-base/resolve/main/config.json "HTTP/1.1 200 OK"
[2026-06-24 21:05:06,226][httpx][INFO] - HTTP Request: HEAD https://huggingface.co/roberta-base/resolve/main/config.json "HTTP/1.1 200 OK"
Loading weights:   0%|          | 0/197 [00:00<?, ?it/s]Loading weights: 100%|██████████| 197/197 [00:00<00:00, 4049.73it/s]
[transformers] [1mRobertaForSequenceClassification LOAD REPORT[0m from: roberta-base
Key                        | Status     | 
---------------------------+------------+-
lm_head.layer_norm.bias    | UNEXPECTED | 
lm_head.layer_norm.weight  | UNEXPECTED | 
lm_head.bias               | UNEXPECTED | 
lm_head.dense.weight       | UNEXPECTED | 
lm_head.dense.bias         | UNEXPECTED | 
classifier.dense.bias      | MISSING    | 
classifier.out_proj.bias   | MISSING    | 
classifier.dense.weight    | MISSING    | 
classifier.out_proj.weight | MISSING    | 

Notes:
- UNEXPECTED:	can be ignored when loading from different task/architecture; not ok if you expect identical arch.
- MISSING:	those params were newly initialized because missing from the checkpoint. Consider training on your downstream task.
[load] loading tokenizer (max_len=256)...
[2026-06-24 21:05:08,088][httpx][INFO] - HTTP Request: HEAD https://huggingface.co/roberta-base/resolve/main/config.json "HTTP/1.1 200 OK"
Warning: You are sending unauthenticated requests to the HF Hub. Please set a HF_TOKEN to enable higher rate limits and faster downloads.
[2026-06-24 21:05:08,089][huggingface_hub.utils._http][WARNING] - Warning: You are sending unauthenticated requests to the HF Hub. Please set a HF_TOKEN to enable higher rate limits and faster downloads.
[2026-06-24 21:05:08,111][httpx][INFO] - HTTP Request: HEAD https://huggingface.co/roberta-base/resolve/main/tokenizer_config.json "HTTP/1.1 200 OK"
[2026-06-24 21:05:08,129][httpx][INFO] - HTTP Request: GET https://huggingface.co/api/models/roberta-base/tree/main/additional_chat_templates?recursive=false&expand=false "HTTP/1.1 307 Temporary Redirect"
[2026-06-24 21:05:08,149][httpx][INFO] - HTTP Request: GET https://huggingface.co/api/models/FacebookAI/roberta-base/tree/main/additional_chat_templates?recursive=false&expand=false "HTTP/1.1 404 Not Found"
[2026-06-24 21:05:08,165][httpx][INFO] - HTTP Request: GET https://huggingface.co/api/models/roberta-base/tree/main?recursive=true&expand=false "HTTP/1.1 307 Temporary Redirect"
[2026-06-24 21:05:08,186][httpx][INFO] - HTTP Request: GET https://huggingface.co/api/models/FacebookAI/roberta-base/tree/main?recursive=true&expand=false "HTTP/1.1 200 OK"
[load] model and tokenizer ready.
Loading training data
Training data loaded.

[fit] model=roberta-base | classes=23 | epochs=10 | patience=3
[fit] lr=5.0e-05 | warmup=389 steps (6% of 6490)
----------------------------------------------------------------------

[epoch 1/10]
  train loss : 1.8567E+00
  val loss   : 1.1050E+00  |  lr: 4.79e-05
  checkpoint : val loss improved → 1.1050E+00 (saved)

[epoch 2/10]
  train loss : 9.4173E-01
  val loss   : 9.4943E-01  |  lr: 4.26e-05
  checkpoint : val loss improved → 9.4943E-01 (saved)

[epoch 3/10]
  train loss : 6.3752E-01
  val loss   : 9.4737E-01  |  lr: 3.72e-05
  checkpoint : val loss improved → 9.4737E-01 (saved)

[epoch 4/10]
  train loss : 4.5525E-01
  val loss   : 9.4885E-01  |  lr: 3.19e-05
  patience   : 0/3

[epoch 5/10]
  train loss : 3.1791E-01
  val loss   : 9.5863E-01  |  lr: 2.66e-05
  patience   : 1/3

[epoch 6/10]
  train loss : 2.2283E-01
  val loss   : 1.1145E+00  |  lr: 2.13e-05
  patience   : 2/3

[epoch 7/10]
  train loss : 1.4601E-01
  val loss   : 1.2006E+00  |  lr: 1.60e-05
  patience   : 3/3

[fit] early stopping triggered at epoch 7.
[fit] training complete in 716.4s
0.7957400327689788 0.762315086192978
Saving proba...
Proba Saved
[unsupervised-is] fold=1 | train=11531 | test=1831
[init] logging dir: logs/roberta/ohsumed_gmm-is/
Max Class =22
Classes in y_train: 23
Classes in y_val: 23
[load] loading model 'roberta-base' (23 labels)...
[2026-06-24 21:17:14,126][httpx][INFO] - HTTP Request: HEAD https://huggingface.co/roberta-base/resolve/main/config.json "HTTP/1.1 200 OK"
[2026-06-24 21:17:14,147][httpx][INFO] - HTTP Request: HEAD https://huggingface.co/roberta-base/resolve/main/config.json "HTTP/1.1 200 OK"
Loading weights:   0%|          | 0/197 [00:00<?, ?it/s]Loading weights: 100%|██████████| 197/197 [00:00<00:00, 2460.32it/s]
[transformers] [1mRobertaForSequenceClassification LOAD REPORT[0m from: roberta-base
Key                        | Status     | 
---------------------------+------------+-
lm_head.layer_norm.bias    | UNEXPECTED | 
lm_head.layer_norm.weight  | UNEXPECTED | 
lm_head.bias               | UNEXPECTED | 
lm_head.dense.weight       | UNEXPECTED | 
lm_head.dense.bias         | UNEXPECTED | 
classifier.dense.bias      | MISSING    | 
classifier.out_proj.bias   | MISSING    | 
classifier.dense.weight    | MISSING    | 
classifier.out_proj.weight | MISSING    | 

Notes:
- UNEXPECTED:	can be ignored when loading from different task/architecture; not ok if you expect identical arch.
- MISSING:	those params were newly initialized because missing from the checkpoint. Consider training on your downstream task.
[load] loading tokenizer (max_len=256)...
[2026-06-24 21:17:14,305][httpx][INFO] - HTTP Request: HEAD https://huggingface.co/roberta-base/resolve/main/config.json "HTTP/1.1 200 OK"
[2026-06-24 21:17:14,383][httpx][INFO] - HTTP Request: HEAD https://huggingface.co/roberta-base/resolve/main/tokenizer_config.json "HTTP/1.1 200 OK"
[2026-06-24 21:17:14,401][httpx][INFO] - HTTP Request: GET https://huggingface.co/api/models/roberta-base/tree/main/additional_chat_templates?recursive=false&expand=false "HTTP/1.1 307 Temporary Redirect"
[2026-06-24 21:17:14,419][httpx][INFO] - HTTP Request: GET https://huggingface.co/api/models/FacebookAI/roberta-base/tree/main/additional_chat_templates?recursive=false&expand=false "HTTP/1.1 404 Not Found"
[2026-06-24 21:17:14,436][httpx][INFO] - HTTP Request: GET https://huggingface.co/api/models/roberta-base/tree/main?recursive=true&expand=false "HTTP/1.1 307 Temporary Redirect"
[2026-06-24 21:17:14,457][httpx][INFO] - HTTP Request: GET https://huggingface.co/api/models/FacebookAI/roberta-base/tree/main?recursive=true&expand=false "HTTP/1.1 200 OK"
[load] model and tokenizer ready.
Loading training data
Training data loaded.

[fit] model=roberta-base | classes=23 | epochs=10 | patience=3
[fit] lr=5.0e-05 | warmup=389 steps (6% of 6490)
----------------------------------------------------------------------

[epoch 1/10]
  train loss : 1.7723E+00
  val loss   : 1.1119E+00  |  lr: 4.79e-05
  checkpoint : val loss improved → 1.1119E+00 (saved)

[epoch 2/10]
  train loss : 9.2913E-01
  val loss   : 9.9175E-01  |  lr: 4.26e-05
  checkpoint : val loss improved → 9.9175E-01 (saved)

[epoch 3/10]
  train loss : 6.2960E-01
  val loss   : 9.6341E-01  |  lr: 3.72e-05
  checkpoint : val loss improved → 9.6341E-01 (saved)

[epoch 4/10]
  train loss : 4.2078E-01
  val loss   : 1.0015E+00  |  lr: 3.19e-05
  patience   : 0/3

[epoch 5/10]
  train loss : 2.9956E-01
  val loss   : 1.0941E+00  |  lr: 2.66e-05
  patience   : 1/3

[epoch 6/10]
  train loss : 2.0862E-01
  val loss   : 1.2830E+00  |  lr: 2.13e-05
  patience   : 2/3

[epoch 7/10]
  train loss : 1.3677E-01
  val loss   : 1.3411E+00  |  lr: 1.60e-05
  patience   : 3/3

[fit] early stopping triggered at epoch 7.
[fit] training complete in 714.7s
0.7973784817039868 0.7333563700564317
Saving proba...
Proba Saved
[unsupervised-is] fold=2 | train=11531 | test=1830
[init] logging dir: logs/roberta/ohsumed_gmm-is/
Max Class =22
Classes in y_train: 23
Classes in y_val: 23
[load] loading model 'roberta-base' (23 labels)...
[2026-06-24 21:29:20,290][httpx][INFO] - HTTP Request: HEAD https://huggingface.co/roberta-base/resolve/main/config.json "HTTP/1.1 200 OK"
[2026-06-24 21:29:20,310][httpx][INFO] - HTTP Request: HEAD https://huggingface.co/roberta-base/resolve/main/config.json "HTTP/1.1 200 OK"
Loading weights:   0%|          | 0/197 [00:00<?, ?it/s]Loading weights: 100%|██████████| 197/197 [00:00<00:00, 3273.06it/s]
[transformers] [1mRobertaForSequenceClassification LOAD REPORT[0m from: roberta-base
Key                        | Status     | 
---------------------------+------------+-
lm_head.layer_norm.bias    | UNEXPECTED | 
lm_head.layer_norm.weight  | UNEXPECTED | 
lm_head.bias               | UNEXPECTED | 
lm_head.dense.weight       | UNEXPECTED | 
lm_head.dense.bias         | UNEXPECTED | 
classifier.dense.bias      | MISSING    | 
classifier.out_proj.bias   | MISSING    | 
classifier.dense.weight    | MISSING    | 
classifier.out_proj.weight | MISSING    | 

Notes:
- UNEXPECTED:	can be ignored when loading from different task/architecture; not ok if you expect identical arch.
- MISSING:	those params were newly initialized because missing from the checkpoint. Consider training on your downstream task.
[load] loading tokenizer (max_len=256)...
[2026-06-24 21:29:21,592][httpx][INFO] - HTTP Request: HEAD https://huggingface.co/roberta-base/resolve/main/config.json "HTTP/1.1 200 OK"
[2026-06-24 21:29:21,621][httpx][INFO] - HTTP Request: HEAD https://huggingface.co/roberta-base/resolve/main/tokenizer_config.json "HTTP/1.1 200 OK"
[2026-06-24 21:29:21,638][httpx][INFO] - HTTP Request: GET https://huggingface.co/api/models/roberta-base/tree/main/additional_chat_templates?recursive=false&expand=false "HTTP/1.1 307 Temporary Redirect"
[2026-06-24 21:29:21,655][httpx][INFO] - HTTP Request: GET https://huggingface.co/api/models/FacebookAI/roberta-base/tree/main/additional_chat_templates?recursive=false&expand=false "HTTP/1.1 404 Not Found"
[2026-06-24 21:29:21,672][httpx][INFO] - HTTP Request: GET https://huggingface.co/api/models/roberta-base/tree/main?recursive=true&expand=false "HTTP/1.1 307 Temporary Redirect"
[2026-06-24 21:29:21,693][httpx][INFO] - HTTP Request: GET https://huggingface.co/api/models/FacebookAI/roberta-base/tree/main?recursive=true&expand=false "HTTP/1.1 200 OK"
[load] model and tokenizer ready.
Loading training data
Training data loaded.

[fit] model=roberta-base | classes=23 | epochs=10 | patience=3
[fit] lr=5.0e-05 | warmup=389 steps (6% of 6490)
----------------------------------------------------------------------

[epoch 1/10]
  train loss : 1.8048E+00
  val loss   : 1.1679E+00  |  lr: 4.79e-05
  checkpoint : val loss improved → 1.1679E+00 (saved)

[epoch 2/10]
  train loss : 9.4402E-01
  val loss   : 1.0419E+00  |  lr: 4.26e-05
  checkpoint : val loss improved → 1.0419E+00 (saved)

[epoch 3/10]
  train loss : 6.5005E-01
  val loss   : 9.3033E-01  |  lr: 3.72e-05
  checkpoint : val loss improved → 9.3033E-01 (saved)

[epoch 4/10]
  train loss : 4.6391E-01
  val loss   : 9.8410E-01  |  lr: 3.19e-05
  patience   : 0/3

[epoch 5/10]
  train loss : 3.0978E-01
  val loss   : 1.0130E+00  |  lr: 2.66e-05
  patience   : 1/3

[epoch 6/10]
  train loss : 2.2247E-01
  val loss   : 1.1565E+00  |  lr: 2.13e-05
  patience   : 2/3

[epoch 7/10]
  train loss : 1.4763E-01
  val loss   : 1.2525E+00  |  lr: 1.60e-05
  patience   : 3/3

[fit] early stopping triggered at epoch 7.
[fit] training complete in 716.9s
0.8 0.7400474858830713
Saving proba...
Proba Saved
[unsupervised-is] fold=3 | train=11531 | test=1830
[init] logging dir: logs/roberta/ohsumed_gmm-is/
Max Class =22
Classes in y_train: 23
Classes in y_val: 23
[load] loading model 'roberta-base' (23 labels)...
[2026-06-24 21:41:28,651][httpx][INFO] - HTTP Request: HEAD https://huggingface.co/roberta-base/resolve/main/config.json "HTTP/1.1 200 OK"
[2026-06-24 21:41:28,674][httpx][INFO] - HTTP Request: HEAD https://huggingface.co/roberta-base/resolve/main/config.json "HTTP/1.1 200 OK"
Loading weights:   0%|          | 0/197 [00:00<?, ?it/s]Loading weights: 100%|██████████| 197/197 [00:00<00:00, 2542.88it/s]
[transformers] [1mRobertaForSequenceClassification LOAD REPORT[0m from: roberta-base
Key                        | Status     | 
---------------------------+------------+-
lm_head.layer_norm.bias    | UNEXPECTED | 
lm_head.layer_norm.weight  | UNEXPECTED | 
lm_head.bias               | UNEXPECTED | 
lm_head.dense.weight       | UNEXPECTED | 
lm_head.dense.bias         | UNEXPECTED | 
classifier.dense.bias      | MISSING    | 
classifier.out_proj.bias   | MISSING    | 
classifier.dense.weight    | MISSING    | 
classifier.out_proj.weight | MISSING    | 

Notes:
- UNEXPECTED:	can be ignored when loading from different task/architecture; not ok if you expect identical arch.
- MISSING:	those params were newly initialized because missing from the checkpoint. Consider training on your downstream task.
[load] loading tokenizer (max_len=256)...
[2026-06-24 21:41:28,824][httpx][INFO] - HTTP Request: HEAD https://huggingface.co/roberta-base/resolve/main/config.json "HTTP/1.1 200 OK"
[2026-06-24 21:41:28,843][httpx][INFO] - HTTP Request: HEAD https://huggingface.co/roberta-base/resolve/main/tokenizer_config.json "HTTP/1.1 200 OK"
[2026-06-24 21:41:28,861][httpx][INFO] - HTTP Request: GET https://huggingface.co/api/models/roberta-base/tree/main/additional_chat_templates?recursive=false&expand=false "HTTP/1.1 307 Temporary Redirect"
[2026-06-24 21:41:28,876][httpx][INFO] - HTTP Request: GET https://huggingface.co/api/models/FacebookAI/roberta-base/tree/main/additional_chat_templates?recursive=false&expand=false "HTTP/1.1 404 Not Found"
[2026-06-24 21:41:28,894][httpx][INFO] - HTTP Request: GET https://huggingface.co/api/models/roberta-base/tree/main?recursive=true&expand=false "HTTP/1.1 307 Temporary Redirect"
[2026-06-24 21:41:28,916][httpx][INFO] - HTTP Request: GET https://huggingface.co/api/models/FacebookAI/roberta-base/tree/main?recursive=true&expand=false "HTTP/1.1 200 OK"
[load] model and tokenizer ready.
Loading training data
Training data loaded.

[fit] model=roberta-base | classes=23 | epochs=10 | patience=3
[fit] lr=5.0e-05 | warmup=389 steps (6% of 6490)
----------------------------------------------------------------------

[epoch 1/10]
  train loss : 1.7813E+00
  val loss   : 1.1267E+00  |  lr: 4.79e-05
  checkpoint : val loss improved → 1.1267E+00 (saved)

[epoch 2/10]
  train loss : 9.0264E-01
  val loss   : 1.0083E+00  |  lr: 4.26e-05
  checkpoint : val loss improved → 1.0083E+00 (saved)

[epoch 3/10]
  train loss : 6.1245E-01
  val loss   : 1.0307E+00  |  lr: 3.72e-05
  patience   : 0/3

[epoch 4/10]
  train loss : 4.2337E-01
  val loss   : 1.0817E+00  |  lr: 3.19e-05
  patience   : 1/3

[epoch 5/10]
  train loss : 2.9217E-01
  val loss   : 1.1282E+00  |  lr: 2.66e-05
  patience   : 2/3

[epoch 6/10]
  train loss : 2.0093E-01
  val loss   : 1.3055E+00  |  lr: 2.13e-05
  patience   : 3/3

[fit] early stopping triggered at epoch 6.
[fit] training complete in 612.8s
0.7950819672131147 0.7333308664808315
Saving proba...
Proba Saved
[unsupervised-is] fold=4 | train=11531 | test=1830
[init] logging dir: logs/roberta/ohsumed_gmm-is/
Max Class =22
Classes in y_train: 23
Classes in y_val: 23
[load] loading model 'roberta-base' (23 labels)...
[2026-06-24 21:51:52,868][httpx][INFO] - HTTP Request: HEAD https://huggingface.co/roberta-base/resolve/main/config.json "HTTP/1.1 200 OK"
[2026-06-24 21:51:52,892][httpx][INFO] - HTTP Request: HEAD https://huggingface.co/roberta-base/resolve/main/config.json "HTTP/1.1 200 OK"
Loading weights:   0%|          | 0/197 [00:00<?, ?it/s]Loading weights: 100%|██████████| 197/197 [00:00<00:00, 1978.96it/s]
[transformers] [1mRobertaForSequenceClassification LOAD REPORT[0m from: roberta-base
Key                        | Status     | 
---------------------------+------------+-
lm_head.layer_norm.bias    | UNEXPECTED | 
lm_head.layer_norm.weight  | UNEXPECTED | 
lm_head.bias               | UNEXPECTED | 
lm_head.dense.weight       | UNEXPECTED | 
lm_head.dense.bias         | UNEXPECTED | 
classifier.dense.bias      | MISSING    | 
classifier.out_proj.bias   | MISSING    | 
classifier.dense.weight    | MISSING    | 
classifier.out_proj.weight | MISSING    | 

Notes:
- UNEXPECTED:	can be ignored when loading from different task/architecture; not ok if you expect identical arch.
- MISSING:	those params were newly initialized because missing from the checkpoint. Consider training on your downstream task.
[load] loading tokenizer (max_len=256)...
[2026-06-24 21:51:53,073][httpx][INFO] - HTTP Request: HEAD https://huggingface.co/roberta-base/resolve/main/config.json "HTTP/1.1 200 OK"
[2026-06-24 21:51:53,095][httpx][INFO] - HTTP Request: HEAD https://huggingface.co/roberta-base/resolve/main/tokenizer_config.json "HTTP/1.1 200 OK"
[2026-06-24 21:51:53,112][httpx][INFO] - HTTP Request: GET https://huggingface.co/api/models/roberta-base/tree/main/additional_chat_templates?recursive=false&expand=false "HTTP/1.1 307 Temporary Redirect"
[2026-06-24 21:51:53,129][httpx][INFO] - HTTP Request: GET https://huggingface.co/api/models/FacebookAI/roberta-base/tree/main/additional_chat_templates?recursive=false&expand=false "HTTP/1.1 404 Not Found"
[2026-06-24 21:51:53,146][httpx][INFO] - HTTP Request: GET https://huggingface.co/api/models/roberta-base/tree/main?recursive=true&expand=false "HTTP/1.1 307 Temporary Redirect"
[2026-06-24 21:51:53,166][httpx][INFO] - HTTP Request: GET https://huggingface.co/api/models/FacebookAI/roberta-base/tree/main?recursive=true&expand=false "HTTP/1.1 200 OK"
[load] model and tokenizer ready.
Loading training data
Training data loaded.

[fit] model=roberta-base | classes=23 | epochs=10 | patience=3
[fit] lr=5.0e-05 | warmup=389 steps (6% of 6490)
----------------------------------------------------------------------

[epoch 1/10]
  train loss : 1.7784E+00
  val loss   : 1.0484E+00  |  lr: 4.79e-05
  checkpoint : val loss improved → 1.0484E+00 (saved)

[epoch 2/10]
  train loss : 9.1632E-01
  val loss   : 9.1297E-01  |  lr: 4.26e-05
  checkpoint : val loss improved → 9.1297E-01 (saved)

[epoch 3/10]
  train loss : 6.3097E-01
  val loss   : 8.9982E-01  |  lr: 3.72e-05
  checkpoint : val loss improved → 8.9982E-01 (saved)

[epoch 4/10]
  train loss : 4.3325E-01
  val loss   : 1.0249E+00  |  lr: 3.19e-05
  patience   : 0/3

[epoch 5/10]
  train loss : 3.1516E-01
  val loss   : 1.1124E+00  |  lr: 2.66e-05
  patience   : 1/3

[epoch 6/10]
  train loss : 2.0550E-01
  val loss   : 1.1105E+00  |  lr: 2.13e-05
  patience   : 2/3

[epoch 7/10]
  train loss : 1.2678E-01
  val loss   : 1.3001E+00  |  lr: 1.60e-05
  patience   : 3/3

[fit] early stopping triggered at epoch 7.
[fit] training complete in 715.1s
0.7901639344262295 0.715541861587033
Saving proba...
Proba Saved
[unsupervised-is] fold=5 | train=11531 | test=1830
[init] logging dir: logs/roberta/ohsumed_gmm-is/
Max Class =22
Classes in y_train: 23
Classes in y_val: 23
[load] loading model 'roberta-base' (23 labels)...
[2026-06-24 22:03:59,470][httpx][INFO] - HTTP Request: HEAD https://huggingface.co/roberta-base/resolve/main/config.json "HTTP/1.1 200 OK"
[2026-06-24 22:03:59,492][httpx][INFO] - HTTP Request: HEAD https://huggingface.co/roberta-base/resolve/main/config.json "HTTP/1.1 200 OK"
Loading weights:   0%|          | 0/197 [00:00<?, ?it/s]Loading weights: 100%|██████████| 197/197 [00:00<00:00, 2753.73it/s]
[transformers] [1mRobertaForSequenceClassification LOAD REPORT[0m from: roberta-base
Key                        | Status     | 
---------------------------+------------+-
lm_head.layer_norm.bias    | UNEXPECTED | 
lm_head.layer_norm.weight  | UNEXPECTED | 
lm_head.bias               | UNEXPECTED | 
lm_head.dense.weight       | UNEXPECTED | 
lm_head.dense.bias         | UNEXPECTED | 
classifier.dense.bias      | MISSING    | 
classifier.out_proj.bias   | MISSING    | 
classifier.dense.weight    | MISSING    | 
classifier.out_proj.weight | MISSING    | 

Notes:
- UNEXPECTED:	can be ignored when loading from different task/architecture; not ok if you expect identical arch.
- MISSING:	those params were newly initialized because missing from the checkpoint. Consider training on your downstream task.
[load] loading tokenizer (max_len=256)...
[2026-06-24 22:03:59,941][httpx][INFO] - HTTP Request: HEAD https://huggingface.co/roberta-base/resolve/main/config.json "HTTP/1.1 200 OK"
[2026-06-24 22:03:59,962][httpx][INFO] - HTTP Request: HEAD https://huggingface.co/roberta-base/resolve/main/tokenizer_config.json "HTTP/1.1 200 OK"
[2026-06-24 22:03:59,981][httpx][INFO] - HTTP Request: GET https://huggingface.co/api/models/roberta-base/tree/main/additional_chat_templates?recursive=false&expand=false "HTTP/1.1 307 Temporary Redirect"
[2026-06-24 22:04:00,001][httpx][INFO] - HTTP Request: GET https://huggingface.co/api/models/FacebookAI/roberta-base/tree/main/additional_chat_templates?recursive=false&expand=false "HTTP/1.1 404 Not Found"
[2026-06-24 22:04:00,028][httpx][INFO] - HTTP Request: GET https://huggingface.co/api/models/roberta-base/tree/main?recursive=true&expand=false "HTTP/1.1 307 Temporary Redirect"
[2026-06-24 22:04:00,046][httpx][INFO] - HTTP Request: GET https://huggingface.co/api/models/FacebookAI/roberta-base/tree/main?recursive=true&expand=false "HTTP/1.1 200 OK"
[load] model and tokenizer ready.
Loading training data
Training data loaded.

[fit] model=roberta-base | classes=23 | epochs=10 | patience=3
[fit] lr=5.0e-05 | warmup=389 steps (6% of 6490)
----------------------------------------------------------------------

[epoch 1/10]
  train loss : 1.7767E+00
  val loss   : 1.0692E+00  |  lr: 4.79e-05
  checkpoint : val loss improved → 1.0692E+00 (saved)

[epoch 2/10]
  train loss : 9.2824E-01
  val loss   : 9.5492E-01  |  lr: 4.26e-05
  checkpoint : val loss improved → 9.5492E-01 (saved)

[epoch 3/10]
  train loss : 6.3240E-01
  val loss   : 9.4921E-01  |  lr: 3.72e-05
  checkpoint : val loss improved → 9.4921E-01 (saved)

[epoch 4/10]
  train loss : 4.4367E-01
  val loss   : 1.0098E+00  |  lr: 3.19e-05
  patience   : 0/3

[epoch 5/10]
  train loss : 3.1026E-01
  val loss   : 1.1419E+00  |  lr: 2.66e-05
  patience   : 1/3

[epoch 6/10]
  train loss : 2.3180E-01
  val loss   : 1.1806E+00  |  lr: 2.13e-05
  patience   : 2/3

[epoch 7/10]
  train loss : 1.4539E-01
  val loss   : 1.3195E+00  |  lr: 1.60e-05
  patience   : 3/3

[fit] early stopping triggered at epoch 7.
[fit] training complete in 714.8s
0.8060109289617486 0.7485178958847266
Saving proba...
Proba Saved
[unsupervised-is] fold=6 | train=11531 | test=1830
[init] logging dir: logs/roberta/ohsumed_gmm-is/
Max Class =22
Classes in y_train: 23
Classes in y_val: 23
[load] loading model 'roberta-base' (23 labels)...
[2026-06-24 22:16:05,818][httpx][INFO] - HTTP Request: HEAD https://huggingface.co/roberta-base/resolve/main/config.json "HTTP/1.1 200 OK"
[2026-06-24 22:16:05,837][httpx][INFO] - HTTP Request: HEAD https://huggingface.co/roberta-base/resolve/main/config.json "HTTP/1.1 200 OK"
Loading weights:   0%|          | 0/197 [00:00<?, ?it/s]Loading weights: 100%|██████████| 197/197 [00:00<00:00, 2800.69it/s]
[transformers] [1mRobertaForSequenceClassification LOAD REPORT[0m from: roberta-base
Key                        | Status     | 
---------------------------+------------+-
lm_head.layer_norm.bias    | UNEXPECTED | 
lm_head.layer_norm.weight  | UNEXPECTED | 
lm_head.bias               | UNEXPECTED | 
lm_head.dense.weight       | UNEXPECTED | 
lm_head.dense.bias         | UNEXPECTED | 
classifier.dense.bias      | MISSING    | 
classifier.out_proj.bias   | MISSING    | 
classifier.dense.weight    | MISSING    | 
classifier.out_proj.weight | MISSING    | 

Notes:
- UNEXPECTED:	can be ignored when loading from different task/architecture; not ok if you expect identical arch.
- MISSING:	those params were newly initialized because missing from the checkpoint. Consider training on your downstream task.
[load] loading tokenizer (max_len=256)...
[2026-06-24 22:16:05,987][httpx][INFO] - HTTP Request: HEAD https://huggingface.co/roberta-base/resolve/main/config.json "HTTP/1.1 200 OK"
[2026-06-24 22:16:06,015][httpx][INFO] - HTTP Request: HEAD https://huggingface.co/roberta-base/resolve/main/tokenizer_config.json "HTTP/1.1 200 OK"
[2026-06-24 22:16:06,037][httpx][INFO] - HTTP Request: GET https://huggingface.co/api/models/roberta-base/tree/main/additional_chat_templates?recursive=false&expand=false "HTTP/1.1 307 Temporary Redirect"
[2026-06-24 22:16:06,055][httpx][INFO] - HTTP Request: GET https://huggingface.co/api/models/FacebookAI/roberta-base/tree/main/additional_chat_templates?recursive=false&expand=false "HTTP/1.1 404 Not Found"
[2026-06-24 22:16:06,076][httpx][INFO] - HTTP Request: GET https://huggingface.co/api/models/roberta-base/tree/main?recursive=true&expand=false "HTTP/1.1 307 Temporary Redirect"
[2026-06-24 22:16:06,095][httpx][INFO] - HTTP Request: GET https://huggingface.co/api/models/FacebookAI/roberta-base/tree/main?recursive=true&expand=false "HTTP/1.1 200 OK"
[load] model and tokenizer ready.
Loading training data
Training data loaded.

[fit] model=roberta-base | classes=23 | epochs=10 | patience=3
[fit] lr=5.0e-05 | warmup=389 steps (6% of 6490)
----------------------------------------------------------------------

[epoch 1/10]
  train loss : 1.7762E+00
  val loss   : 1.1812E+00  |  lr: 4.79e-05
  checkpoint : val loss improved → 1.1812E+00 (saved)

[epoch 2/10]
  train loss : 9.0820E-01
  val loss   : 9.9282E-01  |  lr: 4.26e-05
  checkpoint : val loss improved → 9.9282E-01 (saved)

[epoch 3/10]
  train loss : 6.1307E-01
  val loss   : 1.0653E+00  |  lr: 3.72e-05
  patience   : 0/3

[epoch 4/10]
  train loss : 4.2656E-01
  val loss   : 1.0842E+00  |  lr: 3.19e-05
  patience   : 1/3

[epoch 5/10]
  train loss : 2.9774E-01
  val loss   : 1.1630E+00  |  lr: 2.66e-05
  patience   : 2/3

[epoch 6/10]
  train loss : 2.0922E-01
  val loss   : 1.2086E+00  |  lr: 2.13e-05
  patience   : 3/3

[fit] early stopping triggered at epoch 6.
[fit] training complete in 613.4s
0.7972677595628416 0.7636321916206608
Saving proba...
Proba Saved
[unsupervised-is] fold=7 | train=11531 | test=1830
[init] logging dir: logs/roberta/ohsumed_gmm-is/
Max Class =22
Classes in y_train: 23
Classes in y_val: 23
[load] loading model 'roberta-base' (23 labels)...
[2026-06-24 22:26:30,591][httpx][INFO] - HTTP Request: HEAD https://huggingface.co/roberta-base/resolve/main/config.json "HTTP/1.1 200 OK"
[2026-06-24 22:26:30,610][httpx][INFO] - HTTP Request: HEAD https://huggingface.co/roberta-base/resolve/main/config.json "HTTP/1.1 200 OK"
Loading weights:   0%|          | 0/197 [00:00<?, ?it/s]Loading weights: 100%|██████████| 197/197 [00:00<00:00, 2481.26it/s]
[transformers] [1mRobertaForSequenceClassification LOAD REPORT[0m from: roberta-base
Key                        | Status     | 
---------------------------+------------+-
lm_head.layer_norm.bias    | UNEXPECTED | 
lm_head.layer_norm.weight  | UNEXPECTED | 
lm_head.bias               | UNEXPECTED | 
lm_head.dense.weight       | UNEXPECTED | 
lm_head.dense.bias         | UNEXPECTED | 
classifier.dense.bias      | MISSING    | 
classifier.out_proj.bias   | MISSING    | 
classifier.dense.weight    | MISSING    | 
classifier.out_proj.weight | MISSING    | 

Notes:
- UNEXPECTED:	can be ignored when loading from different task/architecture; not ok if you expect identical arch.
- MISSING:	those params were newly initialized because missing from the checkpoint. Consider training on your downstream task.
[load] loading tokenizer (max_len=256)...
[2026-06-24 22:26:30,771][httpx][INFO] - HTTP Request: HEAD https://huggingface.co/roberta-base/resolve/main/config.json "HTTP/1.1 200 OK"
[2026-06-24 22:26:30,791][httpx][INFO] - HTTP Request: HEAD https://huggingface.co/roberta-base/resolve/main/tokenizer_config.json "HTTP/1.1 200 OK"
[2026-06-24 22:26:30,809][httpx][INFO] - HTTP Request: GET https://huggingface.co/api/models/roberta-base/tree/main/additional_chat_templates?recursive=false&expand=false "HTTP/1.1 307 Temporary Redirect"
[2026-06-24 22:26:30,831][httpx][INFO] - HTTP Request: GET https://huggingface.co/api/models/FacebookAI/roberta-base/tree/main/additional_chat_templates?recursive=false&expand=false "HTTP/1.1 404 Not Found"
[2026-06-24 22:26:30,848][httpx][INFO] - HTTP Request: GET https://huggingface.co/api/models/roberta-base/tree/main?recursive=true&expand=false "HTTP/1.1 307 Temporary Redirect"
[2026-06-24 22:26:30,870][httpx][INFO] - HTTP Request: GET https://huggingface.co/api/models/FacebookAI/roberta-base/tree/main?recursive=true&expand=false "HTTP/1.1 200 OK"
[load] model and tokenizer ready.
Loading training data
Training data loaded.

[fit] model=roberta-base | classes=23 | epochs=10 | patience=3
[fit] lr=5.0e-05 | warmup=389 steps (6% of 6490)
----------------------------------------------------------------------

[epoch 1/10]
  train loss : 1.7700E+00
  val loss   : 1.1628E+00  |  lr: 4.79e-05
  checkpoint : val loss improved → 1.1628E+00 (saved)

[epoch 2/10]
  train loss : 9.3417E-01
  val loss   : 1.0296E+00  |  lr: 4.26e-05
  checkpoint : val loss improved → 1.0296E+00 (saved)

[epoch 3/10]
  train loss : 6.2814E-01
  val loss   : 1.0969E+00  |  lr: 3.72e-05
  patience   : 0/3

[epoch 4/10]
  train loss : 4.3383E-01
  val loss   : 1.1362E+00  |  lr: 3.19e-05
  patience   : 1/3

[epoch 5/10]
  train loss : 2.9082E-01
  val loss   : 1.2295E+00  |  lr: 2.66e-05
  patience   : 2/3

[epoch 6/10]
  train loss : 2.0209E-01
  val loss   : 1.3134E+00  |  lr: 2.13e-05
  patience   : 3/3

[fit] early stopping triggered at epoch 6.
[fit] training complete in 613.6s
0.7901639344262295 0.7185896365073932
Saving proba...
Proba Saved
[unsupervised-is] fold=8 | train=11531 | test=1830
[init] logging dir: logs/roberta/ohsumed_gmm-is/
Max Class =22
Classes in y_train: 23
Classes in y_val: 23
[load] loading model 'roberta-base' (23 labels)...
[2026-06-24 22:36:55,758][httpx][INFO] - HTTP Request: HEAD https://huggingface.co/roberta-base/resolve/main/config.json "HTTP/1.1 200 OK"
[2026-06-24 22:36:55,777][httpx][INFO] - HTTP Request: HEAD https://huggingface.co/roberta-base/resolve/main/config.json "HTTP/1.1 200 OK"
Loading weights:   0%|          | 0/197 [00:00<?, ?it/s]Loading weights: 100%|██████████| 197/197 [00:00<00:00, 2248.64it/s]
[transformers] [1mRobertaForSequenceClassification LOAD REPORT[0m from: roberta-base
Key                        | Status     | 
---------------------------+------------+-
lm_head.layer_norm.bias    | UNEXPECTED | 
lm_head.layer_norm.weight  | UNEXPECTED | 
lm_head.bias               | UNEXPECTED | 
lm_head.dense.weight       | UNEXPECTED | 
lm_head.dense.bias         | UNEXPECTED | 
classifier.dense.bias      | MISSING    | 
classifier.out_proj.bias   | MISSING    | 
classifier.dense.weight    | MISSING    | 
classifier.out_proj.weight | MISSING    | 

Notes:
- UNEXPECTED:	can be ignored when loading from different task/architecture; not ok if you expect identical arch.
- MISSING:	those params were newly initialized because missing from the checkpoint. Consider training on your downstream task.
[load] loading tokenizer (max_len=256)...
[2026-06-24 22:36:55,949][httpx][INFO] - HTTP Request: HEAD https://huggingface.co/roberta-base/resolve/main/config.json "HTTP/1.1 200 OK"
[2026-06-24 22:36:55,970][httpx][INFO] - HTTP Request: HEAD https://huggingface.co/roberta-base/resolve/main/tokenizer_config.json "HTTP/1.1 200 OK"
[2026-06-24 22:36:55,989][httpx][INFO] - HTTP Request: GET https://huggingface.co/api/models/roberta-base/tree/main/additional_chat_templates?recursive=false&expand=false "HTTP/1.1 307 Temporary Redirect"
[2026-06-24 22:36:56,004][httpx][INFO] - HTTP Request: GET https://huggingface.co/api/models/FacebookAI/roberta-base/tree/main/additional_chat_templates?recursive=false&expand=false "HTTP/1.1 404 Not Found"
[2026-06-24 22:36:56,047][httpx][INFO] - HTTP Request: GET https://huggingface.co/api/models/roberta-base/tree/main?recursive=true&expand=false "HTTP/1.1 307 Temporary Redirect"
[2026-06-24 22:36:56,066][httpx][INFO] - HTTP Request: GET https://huggingface.co/api/models/FacebookAI/roberta-base/tree/main?recursive=true&expand=false "HTTP/1.1 200 OK"
[load] model and tokenizer ready.
Loading training data
Training data loaded.

[fit] model=roberta-base | classes=23 | epochs=10 | patience=3
[fit] lr=5.0e-05 | warmup=389 steps (6% of 6490)
----------------------------------------------------------------------

[epoch 1/10]
  train loss : 1.7640E+00
  val loss   : 1.0509E+00  |  lr: 4.79e-05
  checkpoint : val loss improved → 1.0509E+00 (saved)

[epoch 2/10]
  train loss : 9.0558E-01
  val loss   : 9.0926E-01  |  lr: 4.26e-05
  checkpoint : val loss improved → 9.0926E-01 (saved)

[epoch 3/10]
  train loss : 6.0637E-01
  val loss   : 9.0480E-01  |  lr: 3.72e-05
  checkpoint : val loss improved → 9.0480E-01 (saved)

[epoch 4/10]
  train loss : 4.2151E-01
  val loss   : 8.7514E-01  |  lr: 3.19e-05
  checkpoint : val loss improved → 8.7514E-01 (saved)

[epoch 5/10]
  train loss : 2.8341E-01
  val loss   : 9.7703E-01  |  lr: 2.66e-05
  patience   : 0/3

[epoch 6/10]
  train loss : 1.9789E-01
  val loss   : 1.1407E+00  |  lr: 2.13e-05
  patience   : 1/3

[epoch 7/10]
  train loss : 1.2982E-01
  val loss   : 1.2139E+00  |  lr: 1.60e-05
  patience   : 2/3

[epoch 8/10]
  train loss : 8.0674E-02
  val loss   : 1.2448E+00  |  lr: 1.06e-05
  patience   : 3/3

[fit] early stopping triggered at epoch 8.
[fit] training complete in 819.7s
0.8136612021857923 0.7429891310159359
Saving proba...
Proba Saved
[unsupervised-is] fold=9 | train=11531 | test=1830
[init] logging dir: logs/roberta/ohsumed_gmm-is/
Max Class =22
Classes in y_train: 23
Classes in y_val: 23
[load] loading model 'roberta-base' (23 labels)...
[2026-06-24 22:50:47,410][httpx][INFO] - HTTP Request: HEAD https://huggingface.co/roberta-base/resolve/main/config.json "HTTP/1.1 200 OK"
[2026-06-24 22:50:47,431][httpx][INFO] - HTTP Request: HEAD https://huggingface.co/roberta-base/resolve/main/config.json "HTTP/1.1 200 OK"
Loading weights:   0%|          | 0/197 [00:00<?, ?it/s]Loading weights: 100%|██████████| 197/197 [00:00<00:00, 2121.97it/s]
[transformers] [1mRobertaForSequenceClassification LOAD REPORT[0m from: roberta-base
Key                        | Status     | 
---------------------------+------------+-
lm_head.layer_norm.bias    | UNEXPECTED | 
lm_head.layer_norm.weight  | UNEXPECTED | 
lm_head.bias               | UNEXPECTED | 
lm_head.dense.weight       | UNEXPECTED | 
lm_head.dense.bias         | UNEXPECTED | 
classifier.dense.bias      | MISSING    | 
classifier.out_proj.bias   | MISSING    | 
classifier.dense.weight    | MISSING    | 
classifier.out_proj.weight | MISSING    | 

Notes:
- UNEXPECTED:	can be ignored when loading from different task/architecture; not ok if you expect identical arch.
- MISSING:	those params were newly initialized because missing from the checkpoint. Consider training on your downstream task.
[load] loading tokenizer (max_len=256)...
[2026-06-24 22:50:47,604][httpx][INFO] - HTTP Request: HEAD https://huggingface.co/roberta-base/resolve/main/config.json "HTTP/1.1 200 OK"
[2026-06-24 22:50:47,640][httpx][INFO] - HTTP Request: HEAD https://huggingface.co/roberta-base/resolve/main/tokenizer_config.json "HTTP/1.1 200 OK"
[2026-06-24 22:50:47,678][httpx][INFO] - HTTP Request: GET https://huggingface.co/api/models/roberta-base/tree/main/additional_chat_templates?recursive=false&expand=false "HTTP/1.1 307 Temporary Redirect"
[2026-06-24 22:50:47,695][httpx][INFO] - HTTP Request: GET https://huggingface.co/api/models/FacebookAI/roberta-base/tree/main/additional_chat_templates?recursive=false&expand=false "HTTP/1.1 404 Not Found"
[2026-06-24 22:50:47,713][httpx][INFO] - HTTP Request: GET https://huggingface.co/api/models/roberta-base/tree/main?recursive=true&expand=false "HTTP/1.1 307 Temporary Redirect"
[2026-06-24 22:50:47,734][httpx][INFO] - HTTP Request: GET https://huggingface.co/api/models/FacebookAI/roberta-base/tree/main?recursive=true&expand=false "HTTP/1.1 200 OK"
[load] model and tokenizer ready.
Loading training data
Training data loaded.

[fit] model=roberta-base | classes=23 | epochs=10 | patience=3
[fit] lr=5.0e-05 | warmup=389 steps (6% of 6490)
----------------------------------------------------------------------

[epoch 1/10]
  train loss : 1.7858E+00
  val loss   : 1.0413E+00  |  lr: 4.79e-05
  checkpoint : val loss improved → 1.0413E+00 (saved)

[epoch 2/10]
  train loss : 9.2126E-01
  val loss   : 8.6175E-01  |  lr: 4.26e-05
  checkpoint : val loss improved → 8.6175E-01 (saved)

[epoch 3/10]
  train loss : 6.4757E-01
  val loss   : 8.2457E-01  |  lr: 3.72e-05
  checkpoint : val loss improved → 8.2457E-01 (saved)

[epoch 4/10]
  train loss : 4.3137E-01
  val loss   : 9.2932E-01  |  lr: 3.19e-05
  patience   : 0/3

[epoch 5/10]
  train loss : 3.0240E-01
  val loss   : 1.0867E+00  |  lr: 2.66e-05
  patience   : 1/3

[epoch 6/10]
  train loss : 1.9891E-01
  val loss   : 1.0853E+00  |  lr: 2.13e-05
  patience   : 2/3

[epoch 7/10]
  train loss : 1.3106E-01
  val loss   : 1.2536E+00  |  lr: 1.60e-05
  patience   : 3/3

[fit] early stopping triggered at epoch 7.
[fit] training complete in 715.5s
0.8109289617486338 0.7702218035902678
Saving proba...
Proba Saved
Done.
